D:\Projects\auto-select-stock\src\auto_select_stock\core\torch_model.py:84: UserWarning: enable_nested_tensor is True, but self.use_nested_tensor is False because encoder_layer.self_attn.batch_first was not True(use batch_first for better inference performance)
  self.encoder = nn.TransformerEncoder(encoder_layer, num_layers=num_layers)
Collect signals:   0%|          | 0/3317 [00:00<?, ?stock/s]Collect signals 1/3317:   0%|          | 0/3317 [00:00<?, ?stock/s]D:\Projects\auto-select-stock\src\auto_select_stock\predict\data.py:76: RuntimeWarning: invalid value encountered in divide
  result["bb_position"] = np.where(bb_upper != bb_lower, (close - bb_lower) / (bb_upper - bb_lower), 0.5)
D:\Projects\auto-select-stock\src\auto_select_stock\predict\data.py:95: RuntimeWarning: invalid value encountered in divide
  stoch_k = np.where(highest_high != lowest_low, 100 * (close - lowest_low) / (highest_high - lowest_low), 50)
Collect signals 2/3317:   0%|          | 1/3317 [00:02<2:36:04,  2.82s/stock]Collect signals 2/3317:   0%|          | 2/3317 [00:02<1:18:01,  1.41s/stock]D:\Projects\auto-select-stock\src\auto_select_stock\predict\data.py:76: RuntimeWarning: invalid value encountered in divide
  result["bb_position"] = np.where(bb_upper != bb_lower, (close - bb_lower) / (bb_upper - bb_lower), 0.5)
D:\Projects\auto-select-stock\src\auto_select_stock\predict\data.py:95: RuntimeWarning: invalid value encountered in divide
  stoch_k = np.where(highest_high != lowest_low, 100 * (close - lowest_low) / (highest_high - lowest_low), 50)
Collect signals 3/3317:   0%|          | 2/3317 [00:06<1:18:01,  1.41s/stock]Collect signals 3/3317:   0%|          | 3/3317 [00:06<2:01:01,  2.19s/stock]D:\Projects\auto-select-stock\src\auto_select_stock\predict\data.py:76: RuntimeWarning: invalid value encountered in divide
  result["bb_position"] = np.where(bb_upper != bb_lower, (close - bb_lower) / (bb_upper - bb_lower), 0.5)
D:\Projects\auto-select-stock\src\auto_select_stock\predict\data.py:95: RuntimeWarning: invalid value encountered in divide
  stoch_k = np.where(highest_high != lowest_low, 100 * (close - lowest_low) / (highest_high - lowest_low), 50)
Collect signals 4/3317:   0%|          | 3/3317 [00:08<2:01:01,  2.19s/stock]Collect signals 4/3317:   0%|          | 4/3317 [00:08<2:13:10,  2.41s/stock]D:\Projects\auto-select-stock\src\auto_select_stock\predict\data.py:76: RuntimeWarning: invalid value encountered in divide
  result["bb_position"] = np.where(bb_upper != bb_lower, (close - bb_lower) / (bb_upper - bb_lower), 0.5)
Collect signals 5/3317:   0%|          | 4/3317 [00:12<2:13:10,  2.41s/stock]Collect signals 5/3317:   0%|          | 5/3317 [00:12<2:26:52,  2.66s/stock]D:\Projects\auto-select-stock\src\auto_select_stock\predict\data.py:76: RuntimeWarning: invalid value encountered in divide
  result["bb_position"] = np.where(bb_upper != bb_lower, (close - bb_lower) / (bb_upper - bb_lower), 0.5)
Collect signals 6/3317:   0%|          | 5/3317 [00:14<2:26:52,  2.66s/stock]Collect signals 6/3317:   0%|          | 6/3317 [00:14<2:29:43,  2.71s/stock]D:\Projects\auto-select-stock\src\auto_select_stock\predict\data.py:76: RuntimeWarning: invalid value encountered in divide
  result["bb_position"] = np.where(bb_upper != bb_lower, (close - bb_lower) / (bb_upper - bb_lower), 0.5)
Collect signals 7/3317:   0%|          | 6/3317 [00:17<2:29:43,  2.71s/stock]Collect signals 7/3317:   0%|          | 7/3317 [00:17<2:36:42,  2.84s/stock]D:\Projects\auto-select-stock\src\auto_select_stock\predict\data.py:76: RuntimeWarning: invalid value encountered in divide
  result["bb_position"] = np.where(bb_upper != bb_lower, (close - bb_lower) / (bb_upper - bb_lower), 0.5)
Collect signals 8/3317:   0%|          | 7/3317 [00:20<2:36:42,  2.84s/stock]Collect signals 8/3317:   0%|          | 8/3317 [00:20<2:35:19,  2.82s/stock]D:\Projects\auto-select-stock\src\auto_select_stock\predict\data.py:76: RuntimeWarning: invalid value encountered in divide
  result["bb_position"] = np.where(bb_upper != bb_lower, (close - bb_lower) / (bb_upper - bb_lower), 0.5)
Collect signals 9/3317:   0%|          | 8/3317 [00:23<2:35:19,  2.82s/stock]Collect signals 9/3317:   0%|          | 9/3317 [00:23<2:40:53,  2.92s/stock]D:\Projects\auto-select-stock\src\auto_select_stock\predict\data.py:76: RuntimeWarning: invalid value encountered in divide
  result["bb_position"] = np.where(bb_upper != bb_lower, (close - bb_lower) / (bb_upper - bb_lower), 0.5)
Collect signals 10/3317:   0%|          | 9/3317 [00:27<2:40:53,  2.92s/stock]Collect signals 10/3317:   0%|          | 10/3317 [00:27<2:45:29,  3.00s/stock]D:\Projects\auto-select-stock\src\auto_select_stock\predict\data.py:76: RuntimeWarning: invalid value encountered in divide
  result["bb_position"] = np.where(bb_upper != bb_lower, (close - bb_lower) / (bb_upper - bb_lower), 0.5)
D:\Projects\auto-select-stock\src\auto_select_stock\predict\data.py:95: RuntimeWarning: invalid value encountered in divide
  stoch_k = np.where(highest_high != lowest_low, 100 * (close - lowest_low) / (highest_high - lowest_low), 50)
Collect signals 11/3317:   0%|          | 10/3317 [00:29<2:45:29,  3.00s/stock]Collect signals 11/3317:   0%|          | 11/3317 [00:29<2:43:04,  2.96s/stock]D:\Projects\auto-select-stock\src\auto_select_stock\predict\data.py:76: RuntimeWarning: invalid value encountered in divide
  result["bb_position"] = np.where(bb_upper != bb_lower, (close - bb_lower) / (bb_upper - bb_lower), 0.5)
Collect signals 12/3317:   0%|          | 11/3317 [00:33<2:43:04,  2.96s/stock]Collect signals 12/3317:   0%|          | 12/3317 [00:33<2:46:36,  3.02s/stock]D:\Projects\auto-select-stock\src\auto_select_stock\predict\data.py:76: RuntimeWarning: invalid value encountered in divide
  result["bb_position"] = np.where(bb_upper != bb_lower, (close - bb_lower) / (bb_upper - bb_lower), 0.5)
Collect signals 13/3317:   0%|          | 12/3317 [00:35<2:46:36,  3.02s/stock]Collect signals 13/3317:   0%|          | 13/3317 [00:35<2:42:10,  2.94s/stock]D:\Projects\auto-select-stock\src\auto_select_stock\predict\data.py:76: RuntimeWarning: invalid value encountered in divide
  result["bb_position"] = np.where(bb_upper != bb_lower, (close - bb_lower) / (bb_upper - bb_lower), 0.5)
Collect signals 14/3317:   0%|          | 13/3317 [00:38<2:42:10,  2.94s/stock]Collect signals 14/3317:   0%|          | 14/3317 [00:38<2:44:51,  2.99s/stock]D:\Projects\auto-select-stock\src\auto_select_stock\predict\data.py:76: RuntimeWarning: invalid value encountered in divide
  result["bb_position"] = np.where(bb_upper != bb_lower, (close - bb_lower) / (bb_upper - bb_lower), 0.5)
Collect signals 15/3317:   0%|          | 14/3317 [00:41<2:44:51,  2.99s/stock]Collect signals 15/3317:   0%|          | 15/3317 [00:41<2:43:37,  2.97s/stock]D:\Projects\auto-select-stock\src\auto_select_stock\predict\data.py:76: RuntimeWarning: invalid value encountered in divide
  result["bb_position"] = np.where(bb_upper != bb_lower, (close - bb_lower) / (bb_upper - bb_lower), 0.5)
Collect signals 16/3317:   0%|          | 15/3317 [00:44<2:43:37,  2.97s/stock]Collect signals 16/3317:   0%|          | 16/3317 [00:44<2:45:46,  3.01s/stock]D:\Projects\auto-select-stock\src\auto_select_stock\predict\data.py:76: RuntimeWarning: invalid value encountered in divide
  result["bb_position"] = np.where(bb_upper != bb_lower, (close - bb_lower) / (bb_upper - bb_lower), 0.5)
Collect signals 17/3317:   0%|          | 16/3317 [00:47<2:45:46,  3.01s/stock]Collect signals 17/3317:   1%|          | 17/3317 [00:47<2:42:35,  2.96s/stock]D:\Projects\auto-select-stock\src\auto_select_stock\predict\data.py:76: RuntimeWarning: invalid value encountered in divide
  result["bb_position"] = np.where(bb_upper != bb_lower, (close - bb_lower) / (bb_upper - bb_lower), 0.5)
Collect signals 18/3317:   1%|          | 17/3317 [00:50<2:42:35,  2.96s/stock]Collect signals 18/3317:   1%|          | 18/3317 [00:50<2:45:35,  3.01s/stock]D:\Projects\auto-select-stock\src\auto_select_stock\predict\data.py:76: RuntimeWarning: invalid value encountered in divide
  result["bb_position"] = np.where(bb_upper != bb_lower, (close - bb_lower) / (bb_upper - bb_lower), 0.5)
Collect signals 19/3317:   1%|          | 18/3317 [00:54<2:45:35,  3.01s/stock]Collect signals 19/3317:   1%|          | 19/3317 [00:54<2:47:59,  3.06s/stock]D:\Projects\auto-select-stock\src\auto_select_stock\predict\data.py:76: RuntimeWarning: invalid value encountered in divide
  result["bb_position"] = np.where(bb_upper != bb_lower, (close - bb_lower) / (bb_upper - bb_lower), 0.5)
D:\Projects\auto-select-stock\src\auto_select_stock\predict\data.py:95: RuntimeWarning: invalid value encountered in divide
  stoch_k = np.where(highest_high != lowest_low, 100 * (close - lowest_low) / (highest_high - lowest_low), 50)
Collect signals 20/3317:   1%|          | 19/3317 [00:56<2:47:59,  3.06s/stock]Collect signals 20/3317:   1%|          | 20/3317 [00:56<2:44:23,  2.99s/stock]D:\Projects\auto-select-stock\src\auto_select_stock\predict\data.py:76: RuntimeWarning: invalid value encountered in divide
  result["bb_position"] = np.where(bb_upper != bb_lower, (close - bb_lower) / (bb_upper - bb_lower), 0.5)
Collect signals 21/3317:   1%|          | 20/3317 [01:00<2:44:23,  2.99s/stock]Collect signals 21/3317:   1%|          | 21/3317 [01:00<2:46:49,  3.04s/stock]D:\Projects\auto-select-stock\src\auto_select_stock\predict\data.py:76: RuntimeWarning: invalid value encountered in divide
  result["bb_position"] = np.where(bb_upper != bb_lower, (close - bb_lower) / (bb_upper - bb_lower), 0.5)
Collect signals 22/3317:   1%|          | 21/3317 [01:02<2:46:49,  3.04s/stock]Collect signals 22/3317:   1%|          | 22/3317 [01:02<2:41:05,  2.93s/stock]D:\Projects\auto-select-stock\src\auto_select_stock\predict\data.py:76: RuntimeWarning: invalid value encountered in divide
  result["bb_position"] = np.where(bb_upper != bb_lower, (close - bb_lower) / (bb_upper - bb_lower), 0.5)
Collect signals 23/3317:   1%|          | 22/3317 [01:06<2:41:05,  2.93s/stock]Collect signals 23/3317:   1%|          | 23/3317 [01:06<2:45:56,  3.02s/stock]D:\Projects\auto-select-stock\src\auto_select_stock\predict\data.py:76: RuntimeWarning: invalid value encountered in divide
  result["bb_position"] = np.where(bb_upper != bb_lower, (close - bb_lower) / (bb_upper - bb_lower), 0.5)
Collect signals 24/3317:   1%|          | 23/3317 [01:08<2:45:56,  3.02s/stock]Collect signals 24/3317:   1%|          | 24/3317 [01:08<2:41:14,  2.94s/stock]D:\Projects\auto-select-stock\src\auto_select_stock\predict\data.py:76: RuntimeWarning: invalid value encountered in divide
  result["bb_position"] = np.where(bb_upper != bb_lower, (close - bb_lower) / (bb_upper - bb_lower), 0.5)
Collect signals 25/3317:   1%|          | 24/3317 [01:11<2:41:14,  2.94s/stock]Collect signals 25/3317:   1%|          | 25/3317 [01:11<2:44:50,  3.00s/stock]D:\Projects\auto-select-stock\src\auto_select_stock\predict\data.py:76: RuntimeWarning: invalid value encountered in divide
  result["bb_position"] = np.where(bb_upper != bb_lower, (close - bb_lower) / (bb_upper - bb_lower), 0.5)
Collect signals 26/3317:   1%|          | 25/3317 [01:14<2:44:50,  3.00s/stock]Collect signals 26/3317:   1%|          | 26/3317 [01:14<2:40:21,  2.92s/stock]D:\Projects\auto-select-stock\src\auto_select_stock\predict\data.py:76: RuntimeWarning: invalid value encountered in divide
  result["bb_position"] = np.where(bb_upper != bb_lower, (close - bb_lower) / (bb_upper - bb_lower), 0.5)
Collect signals 27/3317:   1%|          | 26/3317 [01:17<2:40:21,  2.92s/stock]Collect signals 27/3317:   1%|          | 27/3317 [01:17<2:43:25,  2.98s/stock]D:\Projects\auto-select-stock\src\auto_select_stock\predict\data.py:76: RuntimeWarning: invalid value encountered in divide
  result["bb_position"] = np.where(bb_upper != bb_lower, (close - bb_lower) / (bb_upper - bb_lower), 0.5)
Collect signals 28/3317:   1%|          | 27/3317 [01:20<2:43:25,  2.98s/stock]Collect signals 28/3317:   1%|          | 28/3317 [01:20<2:45:52,  3.03s/stock]D:\Projects\auto-select-stock\src\auto_select_stock\predict\data.py:76: RuntimeWarning: invalid value encountered in divide
  result["bb_position"] = np.where(bb_upper != bb_lower, (close - bb_lower) / (bb_upper - bb_lower), 0.5)
Collect signals 29/3317:   1%|          | 28/3317 [01:23<2:45:52,  3.03s/stock]Collect signals 29/3317:   1%|          | 29/3317 [01:23<2:42:34,  2.97s/stock]D:\Projects\auto-select-stock\src\auto_select_stock\predict\data.py:76: RuntimeWarning: invalid value encountered in divide
  result["bb_position"] = np.where(bb_upper != bb_lower, (close - bb_lower) / (bb_upper - bb_lower), 0.5)
Collect signals 30/3317:   1%|          | 29/3317 [01:27<2:42:34,  2.97s/stock]Collect signals 30/3317:   1%|          | 30/3317 [01:27<2:48:17,  3.07s/stock]D:\Projects\auto-select-stock\src\auto_select_stock\predict\data.py:76: RuntimeWarning: invalid value encountered in divide
  result["bb_position"] = np.where(bb_upper != bb_lower, (close - bb_lower) / (bb_upper - bb_lower), 0.5)
Collect signals 31/3317:   1%|          | 30/3317 [01:29<2:48:17,  3.07s/stock]Collect signals 31/3317:   1%|          | 31/3317 [01:29<2:44:13,  3.00s/stock]D:\Projects\auto-select-stock\src\auto_select_stock\predict\data.py:76: RuntimeWarning: invalid value encountered in divide
  result["bb_position"] = np.where(bb_upper != bb_lower, (close - bb_lower) / (bb_upper - bb_lower), 0.5)
Collect signals 32/3317:   1%|          | 31/3317 [01:33<2:44:13,  3.00s/stock]Collect signals 32/3317:   1%|          | 32/3317 [01:33<2:47:59,  3.07s/stock]D:\Projects\auto-select-stock\src\auto_select_stock\predict\data.py:76: RuntimeWarning: invalid value encountered in divide
  result["bb_position"] = np.where(bb_upper != bb_lower, (close - bb_lower) / (bb_upper - bb_lower), 0.5)
Collect signals 33/3317:   1%|          | 32/3317 [01:35<2:47:59,  3.07s/stock]Collect signals 33/3317:   1%|          | 33/3317 [01:35<2:42:59,  2.98s/stock]D:\Projects\auto-select-stock\src\auto_select_stock\predict\data.py:76: RuntimeWarning: invalid value encountered in divide
  result["bb_position"] = np.where(bb_upper != bb_lower, (close - bb_lower) / (bb_upper - bb_lower), 0.5)
Collect signals 34/3317:   1%|          | 33/3317 [01:39<2:42:59,  2.98s/stock]Collect signals 34/3317:   1%|          | 34/3317 [01:39<2:47:54,  3.07s/stock]D:\Projects\auto-select-stock\src\auto_select_stock\predict\data.py:76: RuntimeWarning: invalid value encountered in divide
  result["bb_position"] = np.where(bb_upper != bb_lower, (close - bb_lower) / (bb_upper - bb_lower), 0.5)
Collect signals 35/3317:   1%|          | 34/3317 [01:42<2:47:54,  3.07s/stock]Collect signals 35/3317:   1%|          | 35/3317 [01:42<2:44:30,  3.01s/stock]D:\Projects\auto-select-stock\src\auto_select_stock\predict\data.py:76: RuntimeWarning: invalid value encountered in divide
  result["bb_position"] = np.where(bb_upper != bb_lower, (close - bb_lower) / (bb_upper - bb_lower), 0.5)
Collect signals 36/3317:   1%|          | 35/3317 [01:45<2:44:30,  3.01s/stock]Collect signals 36/3317:   1%|          | 36/3317 [01:45<2:49:12,  3.09s/stock]D:\Projects\auto-select-stock\src\auto_select_stock\predict\data.py:76: RuntimeWarning: invalid value encountered in divide
  result["bb_position"] = np.where(bb_upper != bb_lower, (close - bb_lower) / (bb_upper - bb_lower), 0.5)
Collect signals 37/3317:   1%|          | 36/3317 [01:48<2:49:12,  3.09s/stock]Collect signals 37/3317:   1%|          | 37/3317 [01:48<2:50:34,  3.12s/stock]D:\Projects\auto-select-stock\src\auto_select_stock\predict\data.py:76: RuntimeWarning: invalid value encountered in divide
  result["bb_position"] = np.where(bb_upper != bb_lower, (close - bb_lower) / (bb_upper - bb_lower), 0.5)
Collect signals 38/3317:   1%|          | 37/3317 [01:51<2:50:34,  3.12s/stock]Collect signals 38/3317:   1%|          | 38/3317 [01:51<2:44:00,  3.00s/stock]D:\Projects\auto-select-stock\src\auto_select_stock\predict\data.py:76: RuntimeWarning: invalid value encountered in divide
  result["bb_position"] = np.where(bb_upper != bb_lower, (close - bb_lower) / (bb_upper - bb_lower), 0.5)
Collect signals 39/3317:   1%|          | 38/3317 [01:54<2:44:00,  3.00s/stock]Collect signals 39/3317:   1%|          | 39/3317 [01:54<2:46:48,  3.05s/stock]D:\Projects\auto-select-stock\src\auto_select_stock\predict\data.py:76: RuntimeWarning: invalid value encountered in divide
  result["bb_position"] = np.where(bb_upper != bb_lower, (close - bb_lower) / (bb_upper - bb_lower), 0.5)
Collect signals 40/3317:   1%|          | 39/3317 [01:57<2:46:48,  3.05s/stock]Collect signals 40/3317:   1%|          | 40/3317 [01:57<2:42:22,  2.97s/stock]D:\Projects\auto-select-stock\src\auto_select_stock\predict\data.py:76: RuntimeWarning: invalid value encountered in divide
  result["bb_position"] = np.where(bb_upper != bb_lower, (close - bb_lower) / (bb_upper - bb_lower), 0.5)
Collect signals 41/3317:   1%|          | 40/3317 [02:00<2:42:22,  2.97s/stock]Collect signals 41/3317:   1%|          | 41/3317 [02:00<2:48:41,  3.09s/stock]D:\Projects\auto-select-stock\src\auto_select_stock\predict\data.py:76: RuntimeWarning: invalid value encountered in divide
  result["bb_position"] = np.where(bb_upper != bb_lower, (close - bb_lower) / (bb_upper - bb_lower), 0.5)
Collect signals 42/3317:   1%|          | 41/3317 [02:03<2:48:41,  3.09s/stock]Collect signals 42/3317:   1%|¨‡         | 42/3317 [02:03<2:45:31,  3.03s/stock]D:\Projects\auto-select-stock\src\auto_select_stock\predict\data.py:76: RuntimeWarning: invalid value encountered in divide
  result["bb_position"] = np.where(bb_upper != bb_lower, (close - bb_lower) / (bb_upper - bb_lower), 0.5)
Collect signals 43/3317:   1%|¨‡         | 42/3317 [02:06<2:45:31,  3.03s/stock]Collect signals 43/3317:   1%|¨‡         | 43/3317 [02:06<2:48:27,  3.09s/stock]D:\Projects\auto-select-stock\src\auto_select_stock\predict\data.py:76: RuntimeWarning: invalid value encountered in divide
  result["bb_position"] = np.where(bb_upper != bb_lower, (close - bb_lower) / (bb_upper - bb_lower), 0.5)
Collect signals 44/3317:   1%|¨‡         | 43/3317 [02:09<2:48:27,  3.09s/stock]Collect signals 44/3317:   1%|¨‡         | 44/3317 [02:09<2:44:01,  3.01s/stock]D:\Projects\auto-select-stock\src\auto_select_stock\predict\data.py:76: RuntimeWarning: invalid value encountered in divide
  result["bb_position"] = np.where(bb_upper != bb_lower, (close - bb_lower) / (bb_upper - bb_lower), 0.5)
Collect signals 45/3317:   1%|¨‡         | 44/3317 [02:12<2:44:01,  3.01s/stock]Collect signals 45/3317:   1%|¨‡         | 45/3317 [02:12<2:47:31,  3.07s/stock]D:\Projects\auto-select-stock\src\auto_select_stock\predict\data.py:76: RuntimeWarning: invalid value encountered in divide
  result["bb_position"] = np.where(bb_upper != bb_lower, (close - bb_lower) / (bb_upper - bb_lower), 0.5)
Collect signals 46/3317:   1%|¨‡         | 45/3317 [02:15<2:47:31,  3.07s/stock]Collect signals 46/3317:   1%|¨‡         | 46/3317 [02:15<2:49:06,  3.10s/stock]D:\Projects\auto-select-stock\src\auto_select_stock\predict\data.py:76: RuntimeWarning: invalid value encountered in divide
  result["bb_position"] = np.where(bb_upper != bb_lower, (close - bb_lower) / (bb_upper - bb_lower), 0.5)
Collect signals 47/3317:   1%|¨‡         | 46/3317 [02:18<2:49:06,  3.10s/stock]Collect signals 47/3317:   1%|¨‡         | 47/3317 [02:18<2:45:40,  3.04s/stock]D:\Projects\auto-select-stock\src\auto_select_stock\predict\data.py:76: RuntimeWarning: invalid value encountered in divide
  result["bb_position"] = np.where(bb_upper != bb_lower, (close - bb_lower) / (bb_upper - bb_lower), 0.5)
Collect signals 48/3317:   1%|¨‡         | 47/3317 [02:21<2:45:40,  3.04s/stock]Collect signals 48/3317:   1%|¨‡         | 48/3317 [02:21<2:48:12,  3.09s/stock]D:\Projects\auto-select-stock\src\auto_select_stock\predict\data.py:76: RuntimeWarning: invalid value encountered in divide
  result["bb_position"] = np.where(bb_upper != bb_lower, (close - bb_lower) / (bb_upper - bb_lower), 0.5)
Collect signals 49/3317:   1%|¨‡         | 48/3317 [02:24<2:48:12,  3.09s/stock]Collect signals 49/3317:   1%|¨‡         | 49/3317 [02:24<2:45:29,  3.04s/stock]D:\Projects\auto-select-stock\src\auto_select_stock\predict\data.py:76: RuntimeWarning: invalid value encountered in divide
  result["bb_position"] = np.where(bb_upper != bb_lower, (close - bb_lower) / (bb_upper - bb_lower), 0.5)
Collect signals 50/3317:   1%|¨‡         | 49/3317 [02:28<2:45:29,  3.04s/stock]Collect signals 50/3317:   2%|¨‡         | 50/3317 [02:28<2:48:03,  3.09s/stock]D:\Projects\auto-select-stock\src\auto_select_stock\predict\data.py:76: RuntimeWarning: invalid value encountered in divide
  result["bb_position"] = np.where(bb_upper != bb_lower, (close - bb_lower) / (bb_upper - bb_lower), 0.5)
Collect signals 51/3317:   2%|¨‡         | 50/3317 [02:30<2:48:03,  3.09s/stock]Collect signals 51/3317:   2%|¨‡         | 51/3317 [02:30<2:42:28,  2.98s/stock]D:\Projects\auto-select-stock\src\auto_select_stock\predict\data.py:76: RuntimeWarning: invalid value encountered in divide
  result["bb_position"] = np.where(bb_upper != bb_lower, (close - bb_lower) / (bb_upper - bb_lower), 0.5)
Collect signals 52/3317:   2%|¨‡         | 51/3317 [02:33<2:42:28,  2.98s/stock]Collect signals 52/3317:   2%|¨‡         | 52/3317 [02:33<2:44:33,  3.02s/stock]D:\Projects\auto-select-stock\src\auto_select_stock\predict\data.py:76: RuntimeWarning: invalid value encountered in divide
  result["bb_position"] = np.where(bb_upper != bb_lower, (close - bb_lower) / (bb_upper - bb_lower), 0.5)
Collect signals 53/3317:   2%|¨‡         | 52/3317 [02:37<2:44:33,  3.02s/stock]Collect signals 53/3317:   2%|¨‡         | 53/3317 [02:37<2:46:14,  3.06s/stock]D:\Projects\auto-select-stock\src\auto_select_stock\predict\data.py:76: RuntimeWarning: invalid value encountered in divide
  result["bb_position"] = np.where(bb_upper != bb_lower, (close - bb_lower) / (bb_upper - bb_lower), 0.5)
Collect signals 54/3317:   2%|¨‡         | 53/3317 [02:39<2:46:14,  3.06s/stock]Collect signals 54/3317:   2%|¨‡         | 54/3317 [02:39<2:43:00,  3.00s/stock]D:\Projects\auto-select-stock\src\auto_select_stock\predict\data.py:76: RuntimeWarning: invalid value encountered in divide
  result["bb_position"] = np.where(bb_upper != bb_lower, (close - bb_lower) / (bb_upper - bb_lower), 0.5)
Collect signals 55/3317:   2%|¨‡         | 54/3317 [02:43<2:43:00,  3.00s/stock]Collect signals 55/3317:   2%|¨‡         | 55/3317 [02:43<2:45:06,  3.04s/stock]D:\Projects\auto-select-stock\src\auto_select_stock\predict\data.py:76: RuntimeWarning: invalid value encountered in divide
  result["bb_position"] = np.where(bb_upper != bb_lower, (close - bb_lower) / (bb_upper - bb_lower), 0.5)
Collect signals 56/3317:   2%|¨‡         | 55/3317 [02:45<2:45:06,  3.04s/stock]Collect signals 56/3317:   2%|¨‡         | 56/3317 [02:45<2:42:37,  2.99s/stock]D:\Projects\auto-select-stock\src\auto_select_stock\predict\data.py:76: RuntimeWarning: invalid value encountered in divide
  result["bb_position"] = np.where(bb_upper != bb_lower, (close - bb_lower) / (bb_upper - bb_lower), 0.5)
Collect signals 57/3317:   2%|¨‡         | 56/3317 [02:49<2:42:37,  2.99s/stock]Collect signals 57/3317:   2%|¨‡         | 57/3317 [02:49<2:45:53,  3.05s/stock]D:\Projects\auto-select-stock\src\auto_select_stock\predict\data.py:76: RuntimeWarning: invalid value encountered in divide
  result["bb_position"] = np.where(bb_upper != bb_lower, (close - bb_lower) / (bb_upper - bb_lower), 0.5)
Collect signals 58/3317:   2%|¨‡         | 57/3317 [02:51<2:45:53,  3.05s/stock]Collect signals 58/3317:   2%|¨‡         | 58/3317 [02:51<2:41:21,  2.97s/stock]D:\Projects\auto-select-stock\src\auto_select_stock\predict\data.py:76: RuntimeWarning: invalid value encountered in divide
  result["bb_position"] = np.where(bb_upper != bb_lower, (close - bb_lower) / (bb_upper - bb_lower), 0.5)
Collect signals 59/3317:   2%|¨‡         | 58/3317 [02:55<2:41:21,  2.97s/stock]Collect signals 59/3317:   2%|¨‡         | 59/3317 [02:55<2:45:19,  3.04s/stock]D:\Projects\auto-select-stock\src\auto_select_stock\predict\data.py:76: RuntimeWarning: invalid value encountered in divide
  result["bb_position"] = np.where(bb_upper != bb_lower, (close - bb_lower) / (bb_upper - bb_lower), 0.5)
Collect signals 60/3317:   2%|¨‡         | 59/3317 [02:57<2:45:19,  3.04s/stock]Collect signals 60/3317:   2%|¨‡         | 60/3317 [02:57<2:41:32,  2.98s/stock]D:\Projects\auto-select-stock\src\auto_select_stock\predict\data.py:76: RuntimeWarning: invalid value encountered in divide
  result["bb_position"] = np.where(bb_upper != bb_lower, (close - bb_lower) / (bb_upper - bb_lower), 0.5)
Collect signals 61/3317:   2%|¨‡         | 60/3317 [03:01<2:41:32,  2.98s/stock]Collect signals 61/3317:   2%|¨‡         | 61/3317 [03:01<2:43:37,  3.02s/stock]D:\Projects\auto-select-stock\src\auto_select_stock\predict\data.py:76: RuntimeWarning: invalid value encountered in divide
  result["bb_position"] = np.where(bb_upper != bb_lower, (close - bb_lower) / (bb_upper - bb_lower), 0.5)
Collect signals 62/3317:   2%|¨‡         | 61/3317 [03:04<2:43:37,  3.02s/stock]Collect signals 62/3317:   2%|¨‡         | 62/3317 [03:04<2:45:56,  3.06s/stock]D:\Projects\auto-select-stock\src\auto_select_stock\predict\data.py:76: RuntimeWarning: invalid value encountered in divide
  result["bb_position"] = np.where(bb_upper != bb_lower, (close - bb_lower) / (bb_upper - bb_lower), 0.5)
Collect signals 63/3317:   2%|¨‡         | 62/3317 [03:07<2:45:56,  3.06s/stock]Collect signals 63/3317:   2%|¨‡         | 63/3317 [03:07<2:43:12,  3.01s/stock]D:\Projects\auto-select-stock\src\auto_select_stock\predict\data.py:76: RuntimeWarning: invalid value encountered in divide
  result["bb_position"] = np.where(bb_upper != bb_lower, (close - bb_lower) / (bb_upper - bb_lower), 0.5)
Collect signals 64/3317:   2%|¨‡         | 63/3317 [03:10<2:43:12,  3.01s/stock]Collect signals 64/3317:   2%|¨‡         | 64/3317 [03:10<2:46:23,  3.07s/stock]D:\Projects\auto-select-stock\src\auto_select_stock\predict\data.py:76: RuntimeWarning: invalid value encountered in divide
  result["bb_position"] = np.where(bb_upper != bb_lower, (close - bb_lower) / (bb_upper - bb_lower), 0.5)
Collect signals 65/3317:   2%|¨‡         | 64/3317 [03:13<2:46:23,  3.07s/stock]Collect signals 65/3317:   2%|¨‡         | 65/3317 [03:13<2:41:05,  2.97s/stock]D:\Projects\auto-select-stock\src\auto_select_stock\predict\data.py:76: RuntimeWarning: invalid value encountered in divide
  result["bb_position"] = np.where(bb_upper != bb_lower, (close - bb_lower) / (bb_upper - bb_lower), 0.5)
Collect signals 66/3317:   2%|¨‡         | 65/3317 [03:16<2:41:05,  2.97s/stock]Collect signals 66/3317:   2%|¨‡         | 66/3317 [03:16<2:42:52,  3.01s/stock]D:\Projects\auto-select-stock\src\auto_select_stock\predict\data.py:76: RuntimeWarning: invalid value encountered in divide
  result["bb_position"] = np.where(bb_upper != bb_lower, (close - bb_lower) / (bb_upper - bb_lower), 0.5)
Collect signals 67/3317:   2%|¨‡         | 66/3317 [03:18<2:42:52,  3.01s/stock]Collect signals 67/3317:   2%|¨‡         | 67/3317 [03:18<2:40:01,  2.95s/stock]D:\Projects\auto-select-stock\src\auto_select_stock\predict\data.py:76: RuntimeWarning: invalid value encountered in divide
  result["bb_position"] = np.where(bb_upper != bb_lower, (close - bb_lower) / (bb_upper - bb_lower), 0.5)
Collect signals 68/3317:   2%|¨‡         | 67/3317 [03:22<2:40:01,  2.95s/stock]Collect signals 68/3317:   2%|¨‡         | 68/3317 [03:22<2:44:59,  3.05s/stock]D:\Projects\auto-select-stock\src\auto_select_stock\predict\data.py:76: RuntimeWarning: invalid value encountered in divide
  result["bb_position"] = np.where(bb_upper != bb_lower, (close - bb_lower) / (bb_upper - bb_lower), 0.5)
Collect signals 69/3317:   2%|¨‡         | 68/3317 [03:25<2:44:59,  3.05s/stock]Collect signals 69/3317:   2%|¨‡         | 69/3317 [03:25<2:49:27,  3.13s/stock]D:\Projects\auto-select-stock\src\auto_select_stock\predict\data.py:76: RuntimeWarning: invalid value encountered in divide
  result["bb_position"] = np.where(bb_upper != bb_lower, (close - bb_lower) / (bb_upper - bb_lower), 0.5)
Collect signals 70/3317:   2%|¨‡         | 69/3317 [03:28<2:49:27,  3.13s/stock]Collect signals 70/3317:   2%|¨‡         | 70/3317 [03:28<2:45:54,  3.07s/stock]D:\Projects\auto-select-stock\src\auto_select_stock\predict\data.py:76: RuntimeWarning: invalid value encountered in divide
  result["bb_position"] = np.where(bb_upper != bb_lower, (close - bb_lower) / (bb_upper - bb_lower), 0.5)
Collect signals 71/3317:   2%|¨‡         | 70/3317 [03:31<2:45:54,  3.07s/stock]Collect signals 71/3317:   2%|¨‡         | 71/3317 [03:31<2:50:08,  3.15s/stock]D:\Projects\auto-select-stock\src\auto_select_stock\predict\data.py:76: RuntimeWarning: invalid value encountered in divide
  result["bb_position"] = np.where(bb_upper != bb_lower, (close - bb_lower) / (bb_upper - bb_lower), 0.5)
Collect signals 72/3317:   2%|¨‡         | 71/3317 [03:34<2:50:08,  3.15s/stock]Collect signals 72/3317:   2%|¨‡         | 72/3317 [03:34<2:49:16,  3.13s/stock]D:\Projects\auto-select-stock\src\auto_select_stock\predict\data.py:76: RuntimeWarning: invalid value encountered in divide
  result["bb_position"] = np.where(bb_upper != bb_lower, (close - bb_lower) / (bb_upper - bb_lower), 0.5)
Collect signals 73/3317:   2%|¨‡         | 72/3317 [03:38<2:49:16,  3.13s/stock]Collect signals 73/3317:   2%|¨‡         | 73/3317 [03:38<2:53:11,  3.20s/stock]D:\Projects\auto-select-stock\src\auto_select_stock\predict\data.py:76: RuntimeWarning: invalid value encountered in divide
  result["bb_position"] = np.where(bb_upper != bb_lower, (close - bb_lower) / (bb_upper - bb_lower), 0.5)
Collect signals 74/3317:   2%|¨‡         | 73/3317 [03:41<2:53:11,  3.20s/stock]Collect signals 74/3317:   2%|¨‡         | 74/3317 [03:41<2:50:19,  3.15s/stock]D:\Projects\auto-select-stock\src\auto_select_stock\predict\data.py:76: RuntimeWarning: invalid value encountered in divide
  result["bb_position"] = np.where(bb_upper != bb_lower, (close - bb_lower) / (bb_upper - bb_lower), 0.5)
Collect signals 75/3317:   2%|¨‡         | 74/3317 [03:45<2:50:19,  3.15s/stock]Collect signals 75/3317:   2%|¨‡         | 75/3317 [03:45<2:59:14,  3.32s/stock]D:\Projects\auto-select-stock\src\auto_select_stock\predict\data.py:76: RuntimeWarning: invalid value encountered in divide
  result["bb_position"] = np.where(bb_upper != bb_lower, (close - bb_lower) / (bb_upper - bb_lower), 0.5)
Collect signals 76/3317:   2%|¨‡         | 75/3317 [03:48<2:59:14,  3.32s/stock]Collect signals 76/3317:   2%|¨‡         | 76/3317 [03:48<2:54:07,  3.22s/stock]D:\Projects\auto-select-stock\src\auto_select_stock\predict\data.py:76: RuntimeWarning: invalid value encountered in divide
  result["bb_position"] = np.where(bb_upper != bb_lower, (close - bb_lower) / (bb_upper - bb_lower), 0.5)
Collect signals 77/3317:   2%|¨‡         | 76/3317 [03:51<2:54:07,  3.22s/stock]Collect signals 77/3317:   2%|¨‡         | 77/3317 [03:51<2:56:31,  3.27s/stock]D:\Projects\auto-select-stock\src\auto_select_stock\predict\data.py:76: RuntimeWarning: invalid value encountered in divide
  result["bb_position"] = np.where(bb_upper != bb_lower, (close - bb_lower) / (bb_upper - bb_lower), 0.5)
Collect signals 78/3317:   2%|¨‡         | 77/3317 [03:54<2:56:31,  3.27s/stock]Collect signals 78/3317:   2%|¨‡         | 78/3317 [03:54<2:52:50,  3.20s/stock]D:\Projects\auto-select-stock\src\auto_select_stock\predict\data.py:76: RuntimeWarning: invalid value encountered in divide
  result["bb_position"] = np.where(bb_upper != bb_lower, (close - bb_lower) / (bb_upper - bb_lower), 0.5)
Collect signals 79/3317:   2%|¨‡         | 78/3317 [03:57<2:52:50,  3.20s/stock]Collect signals 79/3317:   2%|¨‡         | 79/3317 [03:57<2:56:12,  3.27s/stock]D:\Projects\auto-select-stock\src\auto_select_stock\predict\data.py:76: RuntimeWarning: invalid value encountered in divide
  result["bb_position"] = np.where(bb_upper != bb_lower, (close - bb_lower) / (bb_upper - bb_lower), 0.5)
Collect signals 80/3317:   2%|¨‡         | 79/3317 [04:01<2:56:12,  3.27s/stock]Collect signals 80/3317:   2%|¨‡         | 80/3317 [04:01<2:55:58,  3.26s/stock]D:\Projects\auto-select-stock\src\auto_select_stock\predict\data.py:76: RuntimeWarning: invalid value encountered in divide
  result["bb_position"] = np.where(bb_upper != bb_lower, (close - bb_lower) / (bb_upper - bb_lower), 0.5)
Collect signals 81/3317:   2%|¨‡         | 80/3317 [04:04<2:55:58,  3.26s/stock]Collect signals 81/3317:   2%|¨‡         | 81/3317 [04:04<2:52:09,  3.19s/stock]D:\Projects\auto-select-stock\src\auto_select_stock\predict\data.py:76: RuntimeWarning: invalid value encountered in divide
  result["bb_position"] = np.where(bb_upper != bb_lower, (close - bb_lower) / (bb_upper - bb_lower), 0.5)
Collect signals 82/3317:   2%|¨‡         | 81/3317 [04:07<2:52:09,  3.19s/stock]Collect signals 82/3317:   2%|¨‡         | 82/3317 [04:07<2:55:03,  3.25s/stock]D:\Projects\auto-select-stock\src\auto_select_stock\predict\data.py:76: RuntimeWarning: invalid value encountered in divide
  result["bb_position"] = np.where(bb_upper != bb_lower, (close - bb_lower) / (bb_upper - bb_lower), 0.5)
Collect signals 83/3317:   2%|¨‡         | 82/3317 [04:10<2:55:03,  3.25s/stock]Collect signals 83/3317:   3%|¨†         | 83/3317 [04:10<2:51:03,  3.17s/stock]D:\Projects\auto-select-stock\src\auto_select_stock\predict\data.py:76: RuntimeWarning: invalid value encountered in divide
  result["bb_position"] = np.where(bb_upper != bb_lower, (close - bb_lower) / (bb_upper - bb_lower), 0.5)
Collect signals 84/3317:   3%|¨†         | 83/3317 [04:13<2:51:03,  3.17s/stock]Collect signals 84/3317:   3%|¨†         | 84/3317 [04:13<2:53:53,  3.23s/stock]D:\Projects\auto-select-stock\src\auto_select_stock\predict\data.py:76: RuntimeWarning: invalid value encountered in divide
  result["bb_position"] = np.where(bb_upper != bb_lower, (close - bb_lower) / (bb_upper - bb_lower), 0.5)
Collect signals 85/3317:   3%|¨†         | 84/3317 [04:16<2:53:53,  3.23s/stock]Collect signals 85/3317:   3%|¨†         | 85/3317 [04:16<2:50:32,  3.17s/stock]D:\Projects\auto-select-stock\src\auto_select_stock\predict\data.py:76: RuntimeWarning: invalid value encountered in divide
  result["bb_position"] = np.where(bb_upper != bb_lower, (close - bb_lower) / (bb_upper - bb_lower), 0.5)
Collect signals 86/3317:   3%|¨†         | 85/3317 [04:20<2:50:32,  3.17s/stock]Collect signals 86/3317:   3%|¨†         | 86/3317 [04:20<2:55:44,  3.26s/stock]D:\Projects\auto-select-stock\src\auto_select_stock\predict\data.py:76: RuntimeWarning: invalid value encountered in divide
  result["bb_position"] = np.where(bb_upper != bb_lower, (close - bb_lower) / (bb_upper - bb_lower), 0.5)
Collect signals 87/3317:   3%|¨†         | 86/3317 [04:23<2:55:44,  3.26s/stock]Collect signals 87/3317:   3%|¨†         | 87/3317 [04:23<2:54:54,  3.25s/stock]D:\Projects\auto-select-stock\src\auto_select_stock\predict\data.py:76: RuntimeWarning: invalid value encountered in divide
  result["bb_position"] = np.where(bb_upper != bb_lower, (close - bb_lower) / (bb_upper - bb_lower), 0.5)
Collect signals 88/3317:   3%|¨†         | 87/3317 [04:27<2:54:54,  3.25s/stock]Collect signals 88/3317:   3%|¨†         | 88/3317 [04:27<3:02:13,  3.39s/stock]D:\Projects\auto-select-stock\src\auto_select_stock\predict\data.py:76: RuntimeWarning: invalid value encountered in divide
  result["bb_position"] = np.where(bb_upper != bb_lower, (close - bb_lower) / (bb_upper - bb_lower), 0.5)
Collect signals 89/3317:   3%|¨†         | 88/3317 [04:30<3:02:13,  3.39s/stock]Collect signals 89/3317:   3%|¨†         | 89/3317 [04:30<3:00:07,  3.35s/stock]D:\Projects\auto-select-stock\src\auto_select_stock\predict\data.py:76: RuntimeWarning: invalid value encountered in divide
  result["bb_position"] = np.where(bb_upper != bb_lower, (close - bb_lower) / (bb_upper - bb_lower), 0.5)
Collect signals 90/3317:   3%|¨†         | 89/3317 [04:33<3:00:07,  3.35s/stock]Collect signals 90/3317:   3%|¨†         | 90/3317 [04:33<2:54:43,  3.25s/stock]D:\Projects\auto-select-stock\src\auto_select_stock\predict\data.py:76: RuntimeWarning: invalid value encountered in divide
  result["bb_position"] = np.where(bb_upper != bb_lower, (close - bb_lower) / (bb_upper - bb_lower), 0.5)
Collect signals 91/3317:   3%|¨†         | 90/3317 [04:36<2:54:43,  3.25s/stock]Collect signals 91/3317:   3%|¨†         | 91/3317 [04:36<2:57:10,  3.30s/stock]D:\Projects\auto-select-stock\src\auto_select_stock\predict\data.py:76: RuntimeWarning: invalid value encountered in divide
  result["bb_position"] = np.where(bb_upper != bb_lower, (close - bb_lower) / (bb_upper - bb_lower), 0.5)
Collect signals 92/3317:   3%|¨†         | 91/3317 [04:39<2:57:10,  3.30s/stock]Collect signals 92/3317:   3%|¨†         | 92/3317 [04:39<2:52:07,  3.20s/stock]D:\Projects\auto-select-stock\src\auto_select_stock\predict\data.py:76: RuntimeWarning: invalid value encountered in divide
  result["bb_position"] = np.where(bb_upper != bb_lower, (close - bb_lower) / (bb_upper - bb_lower), 0.5)
Collect signals 93/3317:   3%|¨†         | 92/3317 [04:43<2:52:07,  3.20s/stock]Collect signals 93/3317:   3%|¨†         | 93/3317 [04:43<2:54:18,  3.24s/stock]D:\Projects\auto-select-stock\src\auto_select_stock\predict\data.py:76: RuntimeWarning: invalid value encountered in divide
  result["bb_position"] = np.where(bb_upper != bb_lower, (close - bb_lower) / (bb_upper - bb_lower), 0.5)
Collect signals 94/3317:   3%|¨†         | 93/3317 [04:46<2:54:18,  3.24s/stock]Collect signals 94/3317:   3%|¨†         | 94/3317 [04:46<2:48:17,  3.13s/stock]D:\Projects\auto-select-stock\src\auto_select_stock\predict\data.py:76: RuntimeWarning: invalid value encountered in divide
  result["bb_position"] = np.where(bb_upper != bb_lower, (close - bb_lower) / (bb_upper - bb_lower), 0.5)
Collect signals 95/3317:   3%|¨†         | 94/3317 [04:49<2:48:17,  3.13s/stock]Collect signals 95/3317:   3%|¨†         | 95/3317 [04:49<2:50:50,  3.18s/stock]D:\Projects\auto-select-stock\src\auto_select_stock\predict\data.py:76: RuntimeWarning: invalid value encountered in divide
  result["bb_position"] = np.where(bb_upper != bb_lower, (close - bb_lower) / (bb_upper - bb_lower), 0.5)
Collect signals 96/3317:   3%|¨†         | 95/3317 [04:52<2:50:50,  3.18s/stock]Collect signals 96/3317:   3%|¨†         | 96/3317 [04:52<2:45:25,  3.08s/stock]D:\Projects\auto-select-stock\src\auto_select_stock\predict\data.py:76: RuntimeWarning: invalid value encountered in divide
  result["bb_position"] = np.where(bb_upper != bb_lower, (close - bb_lower) / (bb_upper - bb_lower), 0.5)
Collect signals 97/3317:   3%|¨†         | 96/3317 [04:55<2:45:25,  3.08s/stock]Collect signals 97/3317:   3%|¨†         | 97/3317 [04:55<2:49:49,  3.16s/stock]D:\Projects\auto-select-stock\src\auto_select_stock\predict\data.py:76: RuntimeWarning: invalid value encountered in divide
  result["bb_position"] = np.where(bb_upper != bb_lower, (close - bb_lower) / (bb_upper - bb_lower), 0.5)
Collect signals 98/3317:   3%|¨†         | 97/3317 [04:58<2:49:49,  3.16s/stock]Collect signals 98/3317:   3%|¨†         | 98/3317 [04:58<2:45:51,  3.09s/stock]D:\Projects\auto-select-stock\src\auto_select_stock\predict\data.py:76: RuntimeWarning: invalid value encountered in divide
  result["bb_position"] = np.where(bb_upper != bb_lower, (close - bb_lower) / (bb_upper - bb_lower), 0.5)
Collect signals 99/3317:   3%|¨†         | 98/3317 [05:02<2:45:51,  3.09s/stock]Collect signals 99/3317:   3%|¨†         | 99/3317 [05:02<2:51:50,  3.20s/stock]D:\Projects\auto-select-stock\src\auto_select_stock\predict\data.py:76: RuntimeWarning: invalid value encountered in divide
  result["bb_position"] = np.where(bb_upper != bb_lower, (close - bb_lower) / (bb_upper - bb_lower), 0.5)
Collect signals 100/3317:   3%|¨†         | 99/3317 [05:05<2:51:50,  3.20s/stock]Collect signals 100/3317:   3%|¨†         | 100/3317 [05:05<2:51:40,  3.20s/stock]D:\Projects\auto-select-stock\src\auto_select_stock\predict\data.py:76: RuntimeWarning: invalid value encountered in divide
  result["bb_position"] = np.where(bb_upper != bb_lower, (close - bb_lower) / (bb_upper - bb_lower), 0.5)
D:\Projects\auto-select-stock\src\auto_select_stock\predict\data.py:95: RuntimeWarning: invalid value encountered in divide
  stoch_k = np.where(highest_high != lowest_low, 100 * (close - lowest_low) / (highest_high - lowest_low), 50)
Collect signals 101/3317:   3%|¨†         | 100/3317 [05:08<2:51:40,  3.20s/stock]Collect signals 101/3317:   3%|¨†         | 101/3317 [05:08<2:46:25,  3.10s/stock]D:\Projects\auto-select-stock\src\auto_select_stock\predict\data.py:76: RuntimeWarning: invalid value encountered in divide
  result["bb_position"] = np.where(bb_upper != bb_lower, (close - bb_lower) / (bb_upper - bb_lower), 0.5)
Collect signals 102/3317:   3%|¨†         | 101/3317 [05:11<2:46:25,  3.10s/stock]Collect signals 102/3317:   3%|¨†         | 102/3317 [05:11<2:47:36,  3.13s/stock]D:\Projects\auto-select-stock\src\auto_select_stock\predict\data.py:76: RuntimeWarning: invalid value encountered in divide
  result["bb_position"] = np.where(bb_upper != bb_lower, (close - bb_lower) / (bb_upper - bb_lower), 0.5)
Collect signals 103/3317:   3%|¨†         | 102/3317 [05:14<2:47:36,  3.13s/stock]Collect signals 103/3317:   3%|¨†         | 103/3317 [05:14<2:43:07,  3.05s/stock]D:\Projects\auto-select-stock\src\auto_select_stock\predict\data.py:76: RuntimeWarning: invalid value encountered in divide
  result["bb_position"] = np.where(bb_upper != bb_lower, (close - bb_lower) / (bb_upper - bb_lower), 0.5)
Collect signals 104/3317:   3%|¨†         | 103/3317 [05:17<2:43:07,  3.05s/stock]Collect signals 104/3317:   3%|¨†         | 104/3317 [05:17<2:47:50,  3.13s/stock]D:\Projects\auto-select-stock\src\auto_select_stock\predict\data.py:76: RuntimeWarning: invalid value encountered in divide
  result["bb_position"] = np.where(bb_upper != bb_lower, (close - bb_lower) / (bb_upper - bb_lower), 0.5)
Collect signals 105/3317:   3%|¨†         | 104/3317 [05:20<2:47:50,  3.13s/stock]Collect signals 105/3317:   3%|¨†         | 105/3317 [05:20<2:43:42,  3.06s/stock]D:\Projects\auto-select-stock\src\auto_select_stock\predict\data.py:76: RuntimeWarning: invalid value encountered in divide
  result["bb_position"] = np.where(bb_upper != bb_lower, (close - bb_lower) / (bb_upper - bb_lower), 0.5)
Collect signals 106/3317:   3%|¨†         | 105/3317 [05:23<2:43:42,  3.06s/stock]Collect signals 106/3317:   3%|¨†         | 106/3317 [05:23<2:46:06,  3.10s/stock]D:\Projects\auto-select-stock\src\auto_select_stock\predict\data.py:76: RuntimeWarning: invalid value encountered in divide
  result["bb_position"] = np.where(bb_upper != bb_lower, (close - bb_lower) / (bb_upper - bb_lower), 0.5)
Collect signals 107/3317:   3%|¨†         | 106/3317 [05:26<2:46:06,  3.10s/stock]Collect signals 107/3317:   3%|¨†         | 107/3317 [05:26<2:48:18,  3.15s/stock]D:\Projects\auto-select-stock\src\auto_select_stock\predict\data.py:76: RuntimeWarning: invalid value encountered in divide
  result["bb_position"] = np.where(bb_upper != bb_lower, (close - bb_lower) / (bb_upper - bb_lower), 0.5)
Collect signals 108/3317:   3%|¨†         | 107/3317 [05:29<2:48:18,  3.15s/stock]Collect signals 108/3317:   3%|¨†         | 108/3317 [05:29<2:43:25,  3.06s/stock]D:\Projects\auto-select-stock\src\auto_select_stock\predict\data.py:76: RuntimeWarning: invalid value encountered in divide
  result["bb_position"] = np.where(bb_upper != bb_lower, (close - bb_lower) / (bb_upper - bb_lower), 0.5)
Collect signals 109/3317:   3%|¨†         | 108/3317 [05:32<2:43:25,  3.06s/stock]Collect signals 109/3317:   3%|¨†         | 109/3317 [05:32<2:39:35,  2.98s/stock]D:\Projects\auto-select-stock\src\auto_select_stock\predict\data.py:76: RuntimeWarning: invalid value encountered in divide
  result["bb_position"] = np.where(bb_upper != bb_lower, (close - bb_lower) / (bb_upper - bb_lower), 0.5)
Collect signals 110/3317:   3%|¨†         | 109/3317 [05:36<2:39:35,  2.98s/stock]Collect signals 110/3317:   3%|¨†         | 110/3317 [05:36<2:47:50,  3.14s/stock]D:\Projects\auto-select-stock\src\auto_select_stock\predict\data.py:76: RuntimeWarning: invalid value encountered in divide
  result["bb_position"] = np.where(bb_upper != bb_lower, (close - bb_lower) / (bb_upper - bb_lower), 0.5)
Collect signals 111/3317:   3%|¨†         | 110/3317 [05:38<2:47:50,  3.14s/stock]Collect signals 111/3317:   3%|¨†         | 111/3317 [05:38<2:43:47,  3.07s/stock]D:\Projects\auto-select-stock\src\auto_select_stock\predict\data.py:76: RuntimeWarning: invalid value encountered in divide
  result["bb_position"] = np.where(bb_upper != bb_lower, (close - bb_lower) / (bb_upper - bb_lower), 0.5)
Collect signals 112/3317:   3%|¨†         | 111/3317 [05:42<2:43:47,  3.07s/stock]Collect signals 112/3317:   3%|¨†         | 112/3317 [05:42<2:48:06,  3.15s/stock]D:\Projects\auto-select-stock\src\auto_select_stock\predict\data.py:76: RuntimeWarning: invalid value encountered in divide
  result["bb_position"] = np.where(bb_upper != bb_lower, (close - bb_lower) / (bb_upper - bb_lower), 0.5)
Collect signals 113/3317:   3%|¨†         | 112/3317 [05:45<2:48:06,  3.15s/stock]Collect signals 113/3317:   3%|¨†         | 113/3317 [05:45<2:53:11,  3.24s/stock]D:\Projects\auto-select-stock\src\auto_select_stock\predict\data.py:76: RuntimeWarning: invalid value encountered in divide
  result["bb_position"] = np.where(bb_upper != bb_lower, (close - bb_lower) / (bb_upper - bb_lower), 0.5)
Collect signals 114/3317:   3%|¨†         | 113/3317 [05:48<2:53:11,  3.24s/stock]Collect signals 114/3317:   3%|¨†         | 114/3317 [05:48<2:48:32,  3.16s/stock]D:\Projects\auto-select-stock\src\auto_select_stock\predict\data.py:76: RuntimeWarning: invalid value encountered in divide
  result["bb_position"] = np.where(bb_upper != bb_lower, (close - bb_lower) / (bb_upper - bb_lower), 0.5)
Collect signals 115/3317:   3%|¨†         | 114/3317 [05:51<2:48:32,  3.16s/stock]Collect signals 115/3317:   3%|¨†         | 115/3317 [05:51<2:50:09,  3.19s/stock]D:\Projects\auto-select-stock\src\auto_select_stock\predict\data.py:76: RuntimeWarning: invalid value encountered in divide
  result["bb_position"] = np.where(bb_upper != bb_lower, (close - bb_lower) / (bb_upper - bb_lower), 0.5)
Collect signals 116/3317:   3%|¨†         | 115/3317 [05:54<2:50:09,  3.19s/stock]Collect signals 116/3317:   3%|¨†         | 116/3317 [05:54<2:44:36,  3.09s/stock]D:\Projects\auto-select-stock\src\auto_select_stock\predict\data.py:76: RuntimeWarning: invalid value encountered in divide
  result["bb_position"] = np.where(bb_upper != bb_lower, (close - bb_lower) / (bb_upper - bb_lower), 0.5)
Collect signals 117/3317:   3%|¨†         | 116/3317 [05:57<2:44:36,  3.09s/stock]Collect signals 117/3317:   4%|¨†         | 117/3317 [05:57<2:46:13,  3.12s/stock]D:\Projects\auto-select-stock\src\auto_select_stock\predict\data.py:76: RuntimeWarning: invalid value encountered in divide
  result["bb_position"] = np.where(bb_upper != bb_lower, (close - bb_lower) / (bb_upper - bb_lower), 0.5)
Collect signals 118/3317:   4%|¨†         | 117/3317 [06:01<2:46:13,  3.12s/stock]Collect signals 118/3317:   4%|¨†         | 118/3317 [06:01<2:45:41,  3.11s/stock]D:\Projects\auto-select-stock\src\auto_select_stock\predict\data.py:76: RuntimeWarning: invalid value encountered in divide
  result["bb_position"] = np.where(bb_upper != bb_lower, (close - bb_lower) / (bb_upper - bb_lower), 0.5)
Collect signals 119/3317:   4%|¨†         | 118/3317 [06:04<2:45:41,  3.11s/stock]Collect signals 119/3317:   4%|¨†         | 119/3317 [06:04<2:50:11,  3.19s/stock]D:\Projects\auto-select-stock\src\auto_select_stock\predict\data.py:76: RuntimeWarning: invalid value encountered in divide
  result["bb_position"] = np.where(bb_upper != bb_lower, (close - bb_lower) / (bb_upper - bb_lower), 0.5)
Collect signals 120/3317:   4%|¨†         | 119/3317 [06:07<2:50:11,  3.19s/stock]Collect signals 120/3317:   4%|¨†         | 120/3317 [06:07<2:48:00,  3.15s/stock]D:\Projects\auto-select-stock\src\auto_select_stock\predict\data.py:76: RuntimeWarning: invalid value encountered in divide
  result["bb_position"] = np.where(bb_upper != bb_lower, (close - bb_lower) / (bb_upper - bb_lower), 0.5)
Collect signals 121/3317:   4%|¨†         | 120/3317 [06:10<2:48:00,  3.15s/stock]Collect signals 121/3317:   4%|¨†         | 121/3317 [06:10<2:51:52,  3.23s/stock]D:\Projects\auto-select-stock\src\auto_select_stock\predict\data.py:76: RuntimeWarning: invalid value encountered in divide
  result["bb_position"] = np.where(bb_upper != bb_lower, (close - bb_lower) / (bb_upper - bb_lower), 0.5)
Collect signals 122/3317:   4%|¨†         | 121/3317 [06:14<2:51:52,  3.23s/stock]Collect signals 122/3317:   4%|¨†         | 122/3317 [06:14<2:57:23,  3.33s/stock]D:\Projects\auto-select-stock\src\auto_select_stock\predict\data.py:76: RuntimeWarning: invalid value encountered in divide
  result["bb_position"] = np.where(bb_upper != bb_lower, (close - bb_lower) / (bb_upper - bb_lower), 0.5)
Collect signals 123/3317:   4%|¨†         | 122/3317 [06:17<2:57:23,  3.33s/stock]Collect signals 123/3317:   4%|¨†         | 123/3317 [06:17<2:54:27,  3.28s/stock]D:\Projects\auto-select-stock\src\auto_select_stock\predict\data.py:76: RuntimeWarning: invalid value encountered in divide
  result["bb_position"] = np.where(bb_upper != bb_lower, (close - bb_lower) / (bb_upper - bb_lower), 0.5)
Collect signals 124/3317:   4%|¨†         | 123/3317 [06:21<2:54:27,  3.28s/stock]Collect signals 124/3317:   4%|¨†         | 124/3317 [06:21<2:56:38,  3.32s/stock]D:\Projects\auto-select-stock\src\auto_select_stock\predict\data.py:76: RuntimeWarning: invalid value encountered in divide
  result["bb_position"] = np.where(bb_upper != bb_lower, (close - bb_lower) / (bb_upper - bb_lower), 0.5)
Collect signals 125/3317:   4%|¨†         | 124/3317 [06:24<2:56:38,  3.32s/stock]Collect signals 125/3317:   4%|¨…         | 125/3317 [06:24<2:53:26,  3.26s/stock]D:\Projects\auto-select-stock\src\auto_select_stock\predict\data.py:76: RuntimeWarning: invalid value encountered in divide
  result["bb_position"] = np.where(bb_upper != bb_lower, (close - bb_lower) / (bb_upper - bb_lower), 0.5)
Collect signals 126/3317:   4%|¨…         | 125/3317 [06:27<2:53:26,  3.26s/stock]Collect signals 126/3317:   4%|¨…         | 126/3317 [06:27<2:52:17,  3.24s/stock]D:\Projects\auto-select-stock\src\auto_select_stock\predict\data.py:76: RuntimeWarning: invalid value encountered in divide
  result["bb_position"] = np.where(bb_upper != bb_lower, (close - bb_lower) / (bb_upper - bb_lower), 0.5)
Collect signals 127/3317:   4%|¨…         | 126/3317 [06:30<2:52:17,  3.24s/stock]Collect signals 127/3317:   4%|¨…         | 127/3317 [06:30<2:53:29,  3.26s/stock]D:\Projects\auto-select-stock\src\auto_select_stock\predict\data.py:76: RuntimeWarning: invalid value encountered in divide
  result["bb_position"] = np.where(bb_upper != bb_lower, (close - bb_lower) / (bb_upper - bb_lower), 0.5)
Collect signals 128/3317:   4%|¨…         | 127/3317 [06:34<2:53:29,  3.26s/stock]Collect signals 128/3317:   4%|¨…         | 128/3317 [06:34<2:57:11,  3.33s/stock]D:\Projects\auto-select-stock\src\auto_select_stock\predict\data.py:76: RuntimeWarning: invalid value encountered in divide
  result["bb_position"] = np.where(bb_upper != bb_lower, (close - bb_lower) / (bb_upper - bb_lower), 0.5)
Collect signals 129/3317:   4%|¨…         | 128/3317 [06:37<2:57:11,  3.33s/stock]Collect signals 129/3317:   4%|¨…         | 129/3317 [06:37<2:52:53,  3.25s/stock]D:\Projects\auto-select-stock\src\auto_select_stock\predict\data.py:76: RuntimeWarning: invalid value encountered in divide
  result["bb_position"] = np.where(bb_upper != bb_lower, (close - bb_lower) / (bb_upper - bb_lower), 0.5)
Collect signals 130/3317:   4%|¨…         | 129/3317 [06:40<2:52:53,  3.25s/stock]Collect signals 130/3317:   4%|¨…         | 130/3317 [06:40<2:52:31,  3.25s/stock]D:\Projects\auto-select-stock\src\auto_select_stock\predict\data.py:76: RuntimeWarning: invalid value encountered in divide
  result["bb_position"] = np.where(bb_upper != bb_lower, (close - bb_lower) / (bb_upper - bb_lower), 0.5)
Collect signals 131/3317:   4%|¨…         | 130/3317 [06:43<2:52:31,  3.25s/stock]Collect signals 131/3317:   4%|¨…         | 131/3317 [06:43<2:52:23,  3.25s/stock]D:\Projects\auto-select-stock\src\auto_select_stock\predict\data.py:76: RuntimeWarning: invalid value encountered in divide
  result["bb_position"] = np.where(bb_upper != bb_lower, (close - bb_lower) / (bb_upper - bb_lower), 0.5)
Collect signals 132/3317:   4%|¨…         | 131/3317 [06:46<2:52:23,  3.25s/stock]Collect signals 132/3317:   4%|¨…         | 132/3317 [06:46<2:48:46,  3.18s/stock]D:\Projects\auto-select-stock\src\auto_select_stock\predict\data.py:76: RuntimeWarning: invalid value encountered in divide
  result["bb_position"] = np.where(bb_upper != bb_lower, (close - bb_lower) / (bb_upper - bb_lower), 0.5)
Collect signals 133/3317:   4%|¨…         | 132/3317 [06:50<2:48:46,  3.18s/stock]Collect signals 133/3317:   4%|¨…         | 133/3317 [06:50<2:51:53,  3.24s/stock]D:\Projects\auto-select-stock\src\auto_select_stock\predict\data.py:76: RuntimeWarning: invalid value encountered in divide
  result["bb_position"] = np.where(bb_upper != bb_lower, (close - bb_lower) / (bb_upper - bb_lower), 0.5)
Collect signals 134/3317:   4%|¨…         | 133/3317 [06:53<2:51:53,  3.24s/stock]Collect signals 134/3317:   4%|¨…         | 134/3317 [06:53<2:45:48,  3.13s/stock]D:\Projects\auto-select-stock\src\auto_select_stock\predict\data.py:76: RuntimeWarning: invalid value encountered in divide
  result["bb_position"] = np.where(bb_upper != bb_lower, (close - bb_lower) / (bb_upper - bb_lower), 0.5)
Collect signals 135/3317:   4%|¨…         | 134/3317 [06:56<2:45:48,  3.13s/stock]Collect signals 135/3317:   4%|¨…         | 135/3317 [06:56<2:53:17,  3.27s/stock]D:\Projects\auto-select-stock\src\auto_select_stock\predict\data.py:76: RuntimeWarning: invalid value encountered in divide
  result["bb_position"] = np.where(bb_upper != bb_lower, (close - bb_lower) / (bb_upper - bb_lower), 0.5)
Collect signals 136/3317:   4%|¨…         | 135/3317 [06:59<2:53:17,  3.27s/stock]Collect signals 136/3317:   4%|¨…         | 136/3317 [06:59<2:53:00,  3.26s/stock]D:\Projects\auto-select-stock\src\auto_select_stock\predict\data.py:76: RuntimeWarning: invalid value encountered in divide
  result["bb_position"] = np.where(bb_upper != bb_lower, (close - bb_lower) / (bb_upper - bb_lower), 0.5)
D:\Projects\auto-select-stock\src\auto_select_stock\predict\data.py:95: RuntimeWarning: invalid value encountered in divide
  stoch_k = np.where(highest_high != lowest_low, 100 * (close - lowest_low) / (highest_high - lowest_low), 50)
Collect signals 137/3317:   4%|¨…         | 136/3317 [07:03<2:53:00,  3.26s/stock]Collect signals 137/3317:   4%|¨…         | 137/3317 [07:03<2:55:15,  3.31s/stock]D:\Projects\auto-select-stock\src\auto_select_stock\predict\data.py:76: RuntimeWarning: invalid value encountered in divide
  result["bb_position"] = np.where(bb_upper != bb_lower, (close - bb_lower) / (bb_upper - bb_lower), 0.5)
Collect signals 138/3317:   4%|¨…         | 137/3317 [07:06<2:55:15,  3.31s/stock]Collect signals 138/3317:   4%|¨…         | 138/3317 [07:06<2:50:32,  3.22s/stock]D:\Projects\auto-select-stock\src\auto_select_stock\predict\data.py:76: RuntimeWarning: invalid value encountered in divide
  result["bb_position"] = np.where(bb_upper != bb_lower, (close - bb_lower) / (bb_upper - bb_lower), 0.5)
Collect signals 139/3317:   4%|¨…         | 138/3317 [07:09<2:50:32,  3.22s/stock]Collect signals 139/3317:   4%|¨…         | 139/3317 [07:09<2:53:40,  3.28s/stock]D:\Projects\auto-select-stock\src\auto_select_stock\predict\data.py:76: RuntimeWarning: invalid value encountered in divide
  result["bb_position"] = np.where(bb_upper != bb_lower, (close - bb_lower) / (bb_upper - bb_lower), 0.5)
Collect signals 140/3317:   4%|¨…         | 139/3317 [07:12<2:53:40,  3.28s/stock]Collect signals 140/3317:   4%|¨…         | 140/3317 [07:12<2:49:16,  3.20s/stock]D:\Projects\auto-select-stock\src\auto_select_stock\predict\data.py:76: RuntimeWarning: invalid value encountered in divide
  result["bb_position"] = np.where(bb_upper != bb_lower, (close - bb_lower) / (bb_upper - bb_lower), 0.5)
Collect signals 141/3317:   4%|¨…         | 140/3317 [07:15<2:49:16,  3.20s/stock]Collect signals 141/3317:   4%|¨…         | 141/3317 [07:15<2:49:03,  3.19s/stock]D:\Projects\auto-select-stock\src\auto_select_stock\predict\data.py:76: RuntimeWarning: invalid value encountered in divide
  result["bb_position"] = np.where(bb_upper != bb_lower, (close - bb_lower) / (bb_upper - bb_lower), 0.5)
Collect signals 142/3317:   4%|¨…         | 141/3317 [07:18<2:49:03,  3.19s/stock]Collect signals 142/3317:   4%|¨…         | 142/3317 [07:18<2:47:11,  3.16s/stock]D:\Projects\auto-select-stock\src\auto_select_stock\predict\data.py:76: RuntimeWarning: invalid value encountered in divide
  result["bb_position"] = np.where(bb_upper != bb_lower, (close - bb_lower) / (bb_upper - bb_lower), 0.5)
Collect signals 143/3317:   4%|¨…         | 142/3317 [07:22<2:47:11,  3.16s/stock]Collect signals 143/3317:   4%|¨…         | 143/3317 [07:22<2:48:29,  3.18s/stock]D:\Projects\auto-select-stock\src\auto_select_stock\predict\data.py:76: RuntimeWarning: invalid value encountered in divide
  result["bb_position"] = np.where(bb_upper != bb_lower, (close - bb_lower) / (bb_upper - bb_lower), 0.5)
Collect signals 144/3317:   4%|¨…         | 143/3317 [07:25<2:48:29,  3.18s/stock]Collect signals 144/3317:   4%|¨…         | 144/3317 [07:25<2:49:18,  3.20s/stock]D:\Projects\auto-select-stock\src\auto_select_stock\predict\data.py:76: RuntimeWarning: invalid value encountered in divide
  result["bb_position"] = np.where(bb_upper != bb_lower, (close - bb_lower) / (bb_upper - bb_lower), 0.5)
Collect signals 145/3317:   4%|¨…         | 144/3317 [07:28<2:49:18,  3.20s/stock]Collect signals 145/3317:   4%|¨…         | 145/3317 [07:28<2:48:41,  3.19s/stock]D:\Projects\auto-select-stock\src\auto_select_stock\predict\data.py:76: RuntimeWarning: invalid value encountered in divide
  result["bb_position"] = np.where(bb_upper != bb_lower, (close - bb_lower) / (bb_upper - bb_lower), 0.5)
Collect signals 146/3317:   4%|¨…         | 145/3317 [07:32<2:48:41,  3.19s/stock]Collect signals 146/3317:   4%|¨…         | 146/3317 [07:32<2:54:25,  3.30s/stock]D:\Projects\auto-select-stock\src\auto_select_stock\predict\data.py:76: RuntimeWarning: invalid value encountered in divide
  result["bb_position"] = np.where(bb_upper != bb_lower, (close - bb_lower) / (bb_upper - bb_lower), 0.5)
Collect signals 147/3317:   4%|¨…         | 146/3317 [07:35<2:54:25,  3.30s/stock]Collect signals 147/3317:   4%|¨…         | 147/3317 [07:35<2:52:34,  3.27s/stock]D:\Projects\auto-select-stock\src\auto_select_stock\predict\data.py:76: RuntimeWarning: invalid value encountered in divide
  result["bb_position"] = np.where(bb_upper != bb_lower, (close - bb_lower) / (bb_upper - bb_lower), 0.5)
Collect signals 148/3317:   4%|¨…         | 147/3317 [07:39<2:52:34,  3.27s/stock]Collect signals 148/3317:   4%|¨…         | 148/3317 [07:39<3:00:18,  3.41s/stock]D:\Projects\auto-select-stock\src\auto_select_stock\predict\data.py:76: RuntimeWarning: invalid value encountered in divide
  result["bb_position"] = np.where(bb_upper != bb_lower, (close - bb_lower) / (bb_upper - bb_lower), 0.5)
Collect signals 149/3317:   4%|¨…         | 148/3317 [07:42<3:00:18,  3.41s/stock]Collect signals 149/3317:   4%|¨…         | 149/3317 [07:42<2:55:34,  3.33s/stock]D:\Projects\auto-select-stock\src\auto_select_stock\predict\data.py:76: RuntimeWarning: invalid value encountered in divide
  result["bb_position"] = np.where(bb_upper != bb_lower, (close - bb_lower) / (bb_upper - bb_lower), 0.5)
Collect signals 150/3317:   4%|¨…         | 149/3317 [07:45<2:55:34,  3.33s/stock]Collect signals 150/3317:   5%|¨…         | 150/3317 [07:45<2:57:19,  3.36s/stock]D:\Projects\auto-select-stock\src\auto_select_stock\predict\data.py:76: RuntimeWarning: invalid value encountered in divide
  result["bb_position"] = np.where(bb_upper != bb_lower, (close - bb_lower) / (bb_upper - bb_lower), 0.5)
Collect signals 151/3317:   5%|¨…         | 150/3317 [07:49<2:57:19,  3.36s/stock]Collect signals 151/3317:   5%|¨…         | 151/3317 [07:49<2:58:28,  3.38s/stock]D:\Projects\auto-select-stock\src\auto_select_stock\predict\data.py:76: RuntimeWarning: invalid value encountered in divide
  result["bb_position"] = np.where(bb_upper != bb_lower, (close - bb_lower) / (bb_upper - bb_lower), 0.5)
Collect signals 152/3317:   5%|¨…         | 151/3317 [07:52<2:58:28,  3.38s/stock]Collect signals 152/3317:   5%|¨…         | 152/3317 [07:52<2:51:11,  3.25s/stock]D:\Projects\auto-select-stock\src\auto_select_stock\predict\data.py:76: RuntimeWarning: invalid value encountered in divide
  result["bb_position"] = np.where(bb_upper != bb_lower, (close - bb_lower) / (bb_upper - bb_lower), 0.5)
Collect signals 153/3317:   5%|¨…         | 152/3317 [07:55<2:51:11,  3.25s/stock]Collect signals 153/3317:   5%|¨…         | 153/3317 [07:55<2:52:43,  3.28s/stock]D:\Projects\auto-select-stock\src\auto_select_stock\predict\data.py:76: RuntimeWarning: invalid value encountered in divide
  result["bb_position"] = np.where(bb_upper != bb_lower, (close - bb_lower) / (bb_upper - bb_lower), 0.5)
Collect signals 154/3317:   5%|¨…         | 153/3317 [07:58<2:52:43,  3.28s/stock]Collect signals 154/3317:   5%|¨…         | 154/3317 [07:58<2:45:01,  3.13s/stock]D:\Projects\auto-select-stock\src\auto_select_stock\predict\data.py:76: RuntimeWarning: invalid value encountered in divide
  result["bb_position"] = np.where(bb_upper != bb_lower, (close - bb_lower) / (bb_upper - bb_lower), 0.5)
Collect signals 155/3317:   5%|¨…         | 154/3317 [08:01<2:45:01,  3.13s/stock]Collect signals 155/3317:   5%|¨…         | 155/3317 [08:01<2:45:34,  3.14s/stock]D:\Projects\auto-select-stock\src\auto_select_stock\predict\data.py:76: RuntimeWarning: invalid value encountered in divide
  result["bb_position"] = np.where(bb_upper != bb_lower, (close - bb_lower) / (bb_upper - bb_lower), 0.5)
Collect signals 156/3317:   5%|¨…         | 155/3317 [08:04<2:45:34,  3.14s/stock]Collect signals 156/3317:   5%|¨…         | 156/3317 [08:04<2:42:20,  3.08s/stock]D:\Projects\auto-select-stock\src\auto_select_stock\predict\data.py:76: RuntimeWarning: invalid value encountered in divide
  result["bb_position"] = np.where(bb_upper != bb_lower, (close - bb_lower) / (bb_upper - bb_lower), 0.5)
Collect signals 157/3317:   5%|¨…         | 156/3317 [08:07<2:42:20,  3.08s/stock]Collect signals 157/3317:   5%|¨…         | 157/3317 [08:07<2:46:23,  3.16s/stock]D:\Projects\auto-select-stock\src\auto_select_stock\predict\data.py:76: RuntimeWarning: invalid value encountered in divide
  result["bb_position"] = np.where(bb_upper != bb_lower, (close - bb_lower) / (bb_upper - bb_lower), 0.5)
Collect signals 158/3317:   5%|¨…         | 157/3317 [08:10<2:46:23,  3.16s/stock]Collect signals 158/3317:   5%|¨…         | 158/3317 [08:10<2:47:44,  3.19s/stock]D:\Projects\auto-select-stock\src\auto_select_stock\predict\data.py:76: RuntimeWarning: invalid value encountered in divide
  result["bb_position"] = np.where(bb_upper != bb_lower, (close - bb_lower) / (bb_upper - bb_lower), 0.5)
Collect signals 159/3317:   5%|¨…         | 158/3317 [08:14<2:47:44,  3.19s/stock]Collect signals 159/3317:   5%|¨…         | 159/3317 [08:14<2:48:20,  3.20s/stock]D:\Projects\auto-select-stock\src\auto_select_stock\predict\data.py:76: RuntimeWarning: invalid value encountered in divide
  result["bb_position"] = np.where(bb_upper != bb_lower, (close - bb_lower) / (bb_upper - bb_lower), 0.5)
Collect signals 160/3317:   5%|¨…         | 159/3317 [08:17<2:48:20,  3.20s/stock]Collect signals 160/3317:   5%|¨…         | 160/3317 [08:17<2:51:35,  3.26s/stock]D:\Projects\auto-select-stock\src\auto_select_stock\predict\data.py:76: RuntimeWarning: invalid value encountered in divide
  result["bb_position"] = np.where(bb_upper != bb_lower, (close - bb_lower) / (bb_upper - bb_lower), 0.5)
Collect signals 161/3317:   5%|¨…         | 160/3317 [08:20<2:51:35,  3.26s/stock]Collect signals 161/3317:   5%|¨…         | 161/3317 [08:20<2:47:55,  3.19s/stock]D:\Projects\auto-select-stock\src\auto_select_stock\predict\data.py:76: RuntimeWarning: invalid value encountered in divide
  result["bb_position"] = np.where(bb_upper != bb_lower, (close - bb_lower) / (bb_upper - bb_lower), 0.5)
Collect signals 162/3317:   5%|¨…         | 161/3317 [08:23<2:47:55,  3.19s/stock]Collect signals 162/3317:   5%|¨…         | 162/3317 [08:23<2:49:55,  3.23s/stock]D:\Projects\auto-select-stock\src\auto_select_stock\predict\data.py:76: RuntimeWarning: invalid value encountered in divide
  result["bb_position"] = np.where(bb_upper != bb_lower, (close - bb_lower) / (bb_upper - bb_lower), 0.5)
Collect signals 163/3317:   5%|¨…         | 162/3317 [08:27<2:49:55,  3.23s/stock]Collect signals 163/3317:   5%|¨…         | 163/3317 [08:27<2:49:10,  3.22s/stock]D:\Projects\auto-select-stock\src\auto_select_stock\predict\data.py:76: RuntimeWarning: invalid value encountered in divide
  result["bb_position"] = np.where(bb_upper != bb_lower, (close - bb_lower) / (bb_upper - bb_lower), 0.5)
Collect signals 164/3317:   5%|¨…         | 163/3317 [08:30<2:49:10,  3.22s/stock]Collect signals 164/3317:   5%|¨…         | 164/3317 [08:30<2:51:59,  3.27s/stock]D:\Projects\auto-select-stock\src\auto_select_stock\predict\data.py:76: RuntimeWarning: invalid value encountered in divide
  result["bb_position"] = np.where(bb_upper != bb_lower, (close - bb_lower) / (bb_upper - bb_lower), 0.5)
Collect signals 165/3317:   5%|¨…         | 164/3317 [08:33<2:51:59,  3.27s/stock]Collect signals 165/3317:   5%|¨…         | 165/3317 [08:33<2:46:35,  3.17s/stock]D:\Projects\auto-select-stock\src\auto_select_stock\predict\data.py:76: RuntimeWarning: invalid value encountered in divide
  result["bb_position"] = np.where(bb_upper != bb_lower, (close - bb_lower) / (bb_upper - bb_lower), 0.5)
Collect signals 166/3317:   5%|¨…         | 165/3317 [08:36<2:46:35,  3.17s/stock]Collect signals 166/3317:   5%|¨„         | 166/3317 [08:36<2:49:42,  3.23s/stock]D:\Projects\auto-select-stock\src\auto_select_stock\predict\data.py:76: RuntimeWarning: invalid value encountered in divide
  result["bb_position"] = np.where(bb_upper != bb_lower, (close - bb_lower) / (bb_upper - bb_lower), 0.5)
Collect signals 167/3317:   5%|¨„         | 166/3317 [08:39<2:49:42,  3.23s/stock]Collect signals 167/3317:   5%|¨„         | 167/3317 [08:39<2:43:17,  3.11s/stock]D:\Projects\auto-select-stock\src\auto_select_stock\predict\data.py:76: RuntimeWarning: invalid value encountered in divide
  result["bb_position"] = np.where(bb_upper != bb_lower, (close - bb_lower) / (bb_upper - bb_lower), 0.5)
Collect signals 168/3317:   5%|¨„         | 167/3317 [08:43<2:43:17,  3.11s/stock]Collect signals 168/3317:   5%|¨„         | 168/3317 [08:43<2:51:11,  3.26s/stock]D:\Projects\auto-select-stock\src\auto_select_stock\predict\data.py:76: RuntimeWarning: invalid value encountered in divide
  result["bb_position"] = np.where(bb_upper != bb_lower, (close - bb_lower) / (bb_upper - bb_lower), 0.5)
Collect signals 169/3317:   5%|¨„         | 168/3317 [08:45<2:51:11,  3.26s/stock]Collect signals 169/3317:   5%|¨„         | 169/3317 [08:45<2:43:32,  3.12s/stock]D:\Projects\auto-select-stock\src\auto_select_stock\predict\data.py:76: RuntimeWarning: invalid value encountered in divide
  result["bb_position"] = np.where(bb_upper != bb_lower, (close - bb_lower) / (bb_upper - bb_lower), 0.5)
Collect signals 170/3317:   5%|¨„         | 169/3317 [08:49<2:43:32,  3.12s/stock]Collect signals 170/3317:   5%|¨„         | 170/3317 [08:49<2:47:55,  3.20s/stock]D:\Projects\auto-select-stock\src\auto_select_stock\predict\data.py:76: RuntimeWarning: invalid value encountered in divide
  result["bb_position"] = np.where(bb_upper != bb_lower, (close - bb_lower) / (bb_upper - bb_lower), 0.5)
Collect signals 171/3317:   5%|¨„         | 170/3317 [08:52<2:47:55,  3.20s/stock]Collect signals 171/3317:   5%|¨„         | 171/3317 [08:52<2:43:30,  3.12s/stock]D:\Projects\auto-select-stock\src\auto_select_stock\predict\data.py:76: RuntimeWarning: invalid value encountered in divide
  result["bb_position"] = np.where(bb_upper != bb_lower, (close - bb_lower) / (bb_upper - bb_lower), 0.5)
Collect signals 172/3317:   5%|¨„         | 171/3317 [08:55<2:43:30,  3.12s/stock]Collect signals 172/3317:   5%|¨„         | 172/3317 [08:55<2:46:26,  3.18s/stock]D:\Projects\auto-select-stock\src\auto_select_stock\predict\data.py:76: RuntimeWarning: invalid value encountered in divide
  result["bb_position"] = np.where(bb_upper != bb_lower, (close - bb_lower) / (bb_upper - bb_lower), 0.5)
Collect signals 173/3317:   5%|¨„         | 172/3317 [08:58<2:46:26,  3.18s/stock]Collect signals 173/3317:   5%|¨„         | 173/3317 [08:58<2:46:36,  3.18s/stock]D:\Projects\auto-select-stock\src\auto_select_stock\predict\data.py:76: RuntimeWarning: invalid value encountered in divide
  result["bb_position"] = np.where(bb_upper != bb_lower, (close - bb_lower) / (bb_upper - bb_lower), 0.5)
Collect signals 174/3317:   5%|¨„         | 173/3317 [09:01<2:46:36,  3.18s/stock]Collect signals 174/3317:   5%|¨„         | 174/3317 [09:01<2:43:12,  3.12s/stock]D:\Projects\auto-select-stock\src\auto_select_stock\predict\data.py:76: RuntimeWarning: invalid value encountered in divide
  result["bb_position"] = np.where(bb_upper != bb_lower, (close - bb_lower) / (bb_upper - bb_lower), 0.5)
Collect signals 175/3317:   5%|¨„         | 174/3317 [09:05<2:43:12,  3.12s/stock]Collect signals 175/3317:   5%|¨„         | 175/3317 [09:05<2:45:32,  3.16s/stock]D:\Projects\auto-select-stock\src\auto_select_stock\predict\data.py:76: RuntimeWarning: invalid value encountered in divide
  result["bb_position"] = np.where(bb_upper != bb_lower, (close - bb_lower) / (bb_upper - bb_lower), 0.5)
Collect signals 176/3317:   5%|¨„         | 175/3317 [09:08<2:45:32,  3.16s/stock]Collect signals 176/3317:   5%|¨„         | 176/3317 [09:08<2:43:31,  3.12s/stock]D:\Projects\auto-select-stock\src\auto_select_stock\predict\data.py:76: RuntimeWarning: invalid value encountered in divide
  result["bb_position"] = np.where(bb_upper != bb_lower, (close - bb_lower) / (bb_upper - bb_lower), 0.5)
Collect signals 177/3317:   5%|¨„         | 176/3317 [09:11<2:43:31,  3.12s/stock]Collect signals 177/3317:   5%|¨„         | 177/3317 [09:11<2:51:15,  3.27s/stock]D:\Projects\auto-select-stock\src\auto_select_stock\predict\data.py:76: RuntimeWarning: invalid value encountered in divide
  result["bb_position"] = np.where(bb_upper != bb_lower, (close - bb_lower) / (bb_upper - bb_lower), 0.5)
Collect signals 178/3317:   5%|¨„         | 177/3317 [09:14<2:51:15,  3.27s/stock]Collect signals 178/3317:   5%|¨„         | 178/3317 [09:14<2:48:55,  3.23s/stock]D:\Projects\auto-select-stock\src\auto_select_stock\predict\data.py:76: RuntimeWarning: invalid value encountered in divide
  result["bb_position"] = np.where(bb_upper != bb_lower, (close - bb_lower) / (bb_upper - bb_lower), 0.5)
Collect signals 179/3317:   5%|¨„         | 178/3317 [09:18<2:48:55,  3.23s/stock]Collect signals 179/3317:   5%|¨„         | 179/3317 [09:18<2:55:00,  3.35s/stock]D:\Projects\auto-select-stock\src\auto_select_stock\predict\data.py:76: RuntimeWarning: invalid value encountered in divide
  result["bb_position"] = np.where(bb_upper != bb_lower, (close - bb_lower) / (bb_upper - bb_lower), 0.5)
Collect signals 180/3317:   5%|¨„         | 179/3317 [09:21<2:55:00,  3.35s/stock]Collect signals 180/3317:   5%|¨„         | 180/3317 [09:21<2:47:42,  3.21s/stock]D:\Projects\auto-select-stock\src\auto_select_stock\predict\data.py:76: RuntimeWarning: invalid value encountered in divide
  result["bb_position"] = np.where(bb_upper != bb_lower, (close - bb_lower) / (bb_upper - bb_lower), 0.5)
Collect signals 181/3317:   5%|¨„         | 180/3317 [09:24<2:47:42,  3.21s/stock]Collect signals 181/3317:   5%|¨„         | 181/3317 [09:24<2:52:06,  3.29s/stock]D:\Projects\auto-select-stock\src\auto_select_stock\predict\data.py:76: RuntimeWarning: invalid value encountered in divide
  result["bb_position"] = np.where(bb_upper != bb_lower, (close - bb_lower) / (bb_upper - bb_lower), 0.5)
Collect signals 182/3317:   5%|¨„         | 181/3317 [09:28<2:52:06,  3.29s/stock]Collect signals 182/3317:   5%|¨„         | 182/3317 [09:28<2:51:24,  3.28s/stock]D:\Projects\auto-select-stock\src\auto_select_stock\predict\data.py:76: RuntimeWarning: invalid value encountered in divide
  result["bb_position"] = np.where(bb_upper != bb_lower, (close - bb_lower) / (bb_upper - bb_lower), 0.5)
Collect signals 183/3317:   5%|¨„         | 182/3317 [09:31<2:51:24,  3.28s/stock]Collect signals 183/3317:   6%|¨„         | 183/3317 [09:31<2:54:39,  3.34s/stock]D:\Projects\auto-select-stock\src\auto_select_stock\predict\data.py:76: RuntimeWarning: invalid value encountered in divide
  result["bb_position"] = np.where(bb_upper != bb_lower, (close - bb_lower) / (bb_upper - bb_lower), 0.5)
Collect signals 184/3317:   6%|¨„         | 183/3317 [09:35<2:54:39,  3.34s/stock]Collect signals 184/3317:   6%|¨„         | 184/3317 [09:35<2:56:37,  3.38s/stock]D:\Projects\auto-select-stock\src\auto_select_stock\predict\data.py:76: RuntimeWarning: invalid value encountered in divide
  result["bb_position"] = np.where(bb_upper != bb_lower, (close - bb_lower) / (bb_upper - bb_lower), 0.5)
Collect signals 185/3317:   6%|¨„         | 184/3317 [09:38<2:56:37,  3.38s/stock]Collect signals 185/3317:   6%|¨„         | 185/3317 [09:38<2:52:37,  3.31s/stock]D:\Projects\auto-select-stock\src\auto_select_stock\predict\data.py:76: RuntimeWarning: invalid value encountered in divide
  result["bb_position"] = np.where(bb_upper != bb_lower, (close - bb_lower) / (bb_upper - bb_lower), 0.5)
Collect signals 186/3317:   6%|¨„         | 185/3317 [09:41<2:52:37,  3.31s/stock]Collect signals 186/3317:   6%|¨„         | 186/3317 [09:41<2:58:03,  3.41s/stock]D:\Projects\auto-select-stock\src\auto_select_stock\predict\data.py:76: RuntimeWarning: invalid value encountered in divide
  result["bb_position"] = np.where(bb_upper != bb_lower, (close - bb_lower) / (bb_upper - bb_lower), 0.5)
Collect signals 187/3317:   6%|¨„         | 186/3317 [09:45<2:58:03,  3.41s/stock]Collect signals 187/3317:   6%|¨„         | 187/3317 [09:45<2:55:09,  3.36s/stock]D:\Projects\auto-select-stock\src\auto_select_stock\predict\data.py:76: RuntimeWarning: invalid value encountered in divide
  result["bb_position"] = np.where(bb_upper != bb_lower, (close - bb_lower) / (bb_upper - bb_lower), 0.5)
Collect signals 188/3317:   6%|¨„         | 187/3317 [09:48<2:55:09,  3.36s/stock]Collect signals 188/3317:   6%|¨„         | 188/3317 [09:48<2:56:55,  3.39s/stock]D:\Projects\auto-select-stock\src\auto_select_stock\predict\data.py:76: RuntimeWarning: invalid value encountered in divide
  result["bb_position"] = np.where(bb_upper != bb_lower, (close - bb_lower) / (bb_upper - bb_lower), 0.5)
Collect signals 189/3317:   6%|¨„         | 188/3317 [09:51<2:56:55,  3.39s/stock]Collect signals 189/3317:   6%|¨„         | 189/3317 [09:51<2:49:55,  3.26s/stock]D:\Projects\auto-select-stock\src\auto_select_stock\predict\data.py:76: RuntimeWarning: invalid value encountered in divide
  result["bb_position"] = np.where(bb_upper != bb_lower, (close - bb_lower) / (bb_upper - bb_lower), 0.5)
Collect signals 190/3317:   6%|¨„         | 189/3317 [09:54<2:49:55,  3.26s/stock]Collect signals 190/3317:   6%|¨„         | 190/3317 [09:54<2:50:26,  3.27s/stock]D:\Projects\auto-select-stock\src\auto_select_stock\predict\data.py:76: RuntimeWarning: invalid value encountered in divide
  result["bb_position"] = np.where(bb_upper != bb_lower, (close - bb_lower) / (bb_upper - bb_lower), 0.5)
Collect signals 191/3317:   6%|¨„         | 190/3317 [09:57<2:50:26,  3.27s/stock]Collect signals 191/3317:   6%|¨„         | 191/3317 [09:57<2:46:46,  3.20s/stock]D:\Projects\auto-select-stock\src\auto_select_stock\predict\data.py:76: RuntimeWarning: invalid value encountered in divide
  result["bb_position"] = np.where(bb_upper != bb_lower, (close - bb_lower) / (bb_upper - bb_lower), 0.5)
Collect signals 192/3317:   6%|¨„         | 191/3317 [10:01<2:46:46,  3.20s/stock]Collect signals 192/3317:   6%|¨„         | 192/3317 [10:01<2:55:21,  3.37s/stock]D:\Projects\auto-select-stock\src\auto_select_stock\predict\data.py:76: RuntimeWarning: invalid value encountered in divide
  result["bb_position"] = np.where(bb_upper != bb_lower, (close - bb_lower) / (bb_upper - bb_lower), 0.5)
Collect signals 193/3317:   6%|¨„         | 192/3317 [10:05<2:55:21,  3.37s/stock]Collect signals 193/3317:   6%|¨„         | 193/3317 [10:05<2:59:26,  3.45s/stock]D:\Projects\auto-select-stock\src\auto_select_stock\predict\data.py:76: RuntimeWarning: invalid value encountered in divide
  result["bb_position"] = np.where(bb_upper != bb_lower, (close - bb_lower) / (bb_upper - bb_lower), 0.5)
Collect signals 194/3317:   6%|¨„         | 193/3317 [10:08<2:59:26,  3.45s/stock]Collect signals 194/3317:   6%|¨„         | 194/3317 [10:08<2:53:21,  3.33s/stock]D:\Projects\auto-select-stock\src\auto_select_stock\predict\data.py:76: RuntimeWarning: invalid value encountered in divide
  result["bb_position"] = np.where(bb_upper != bb_lower, (close - bb_lower) / (bb_upper - bb_lower), 0.5)
Collect signals 195/3317:   6%|¨„         | 194/3317 [10:11<2:53:21,  3.33s/stock]Collect signals 195/3317:   6%|¨„         | 195/3317 [10:11<2:47:43,  3.22s/stock]D:\Projects\auto-select-stock\src\auto_select_stock\predict\data.py:76: RuntimeWarning: invalid value encountered in divide
  result["bb_position"] = np.where(bb_upper != bb_lower, (close - bb_lower) / (bb_upper - bb_lower), 0.5)
Collect signals 196/3317:   6%|¨„         | 195/3317 [10:14<2:47:43,  3.22s/stock]Collect signals 196/3317:   6%|¨„         | 196/3317 [10:14<2:50:13,  3.27s/stock]D:\Projects\auto-select-stock\src\auto_select_stock\predict\data.py:76: RuntimeWarning: invalid value encountered in divide
  result["bb_position"] = np.where(bb_upper != bb_lower, (close - bb_lower) / (bb_upper - bb_lower), 0.5)
Collect signals 197/3317:   6%|¨„         | 196/3317 [10:17<2:50:13,  3.27s/stock]Collect signals 197/3317:   6%|¨„         | 197/3317 [10:17<2:46:49,  3.21s/stock]D:\Projects\auto-select-stock\src\auto_select_stock\predict\data.py:76: RuntimeWarning: invalid value encountered in divide
  result["bb_position"] = np.where(bb_upper != bb_lower, (close - bb_lower) / (bb_upper - bb_lower), 0.5)
Collect signals 198/3317:   6%|¨„         | 197/3317 [10:21<2:46:49,  3.21s/stock]Collect signals 198/3317:   6%|¨„         | 198/3317 [10:21<2:52:31,  3.32s/stock]D:\Projects\auto-select-stock\src\auto_select_stock\predict\data.py:76: RuntimeWarning: invalid value encountered in divide
  result["bb_position"] = np.where(bb_upper != bb_lower, (close - bb_lower) / (bb_upper - bb_lower), 0.5)
Collect signals 199/3317:   6%|¨„         | 198/3317 [10:24<2:52:31,  3.32s/stock]Collect signals 199/3317:   6%|¨„         | 199/3317 [10:24<2:56:13,  3.39s/stock]D:\Projects\auto-select-stock\src\auto_select_stock\predict\data.py:76: RuntimeWarning: invalid value encountered in divide
  result["bb_position"] = np.where(bb_upper != bb_lower, (close - bb_lower) / (bb_upper - bb_lower), 0.5)
Collect signals 200/3317:   6%|¨„         | 199/3317 [10:27<2:56:13,  3.39s/stock]Collect signals 200/3317:   6%|¨„         | 200/3317 [10:27<2:49:20,  3.26s/stock]D:\Projects\auto-select-stock\src\auto_select_stock\predict\data.py:76: RuntimeWarning: invalid value encountered in divide
  result["bb_position"] = np.where(bb_upper != bb_lower, (close - bb_lower) / (bb_upper - bb_lower), 0.5)
Collect signals 201/3317:   6%|¨„         | 200/3317 [10:31<2:49:20,  3.26s/stock]Collect signals 201/3317:   6%|¨„         | 201/3317 [10:31<2:51:01,  3.29s/stock]D:\Projects\auto-select-stock\src\auto_select_stock\predict\data.py:76: RuntimeWarning: invalid value encountered in divide
  result["bb_position"] = np.where(bb_upper != bb_lower, (close - bb_lower) / (bb_upper - bb_lower), 0.5)
Collect signals 202/3317:   6%|¨„         | 201/3317 [10:34<2:51:01,  3.29s/stock]Collect signals 202/3317:   6%|¨„         | 202/3317 [10:34<2:45:21,  3.19s/stock]D:\Projects\auto-select-stock\src\auto_select_stock\predict\data.py:76: RuntimeWarning: invalid value encountered in divide
  result["bb_position"] = np.where(bb_upper != bb_lower, (close - bb_lower) / (bb_upper - bb_lower), 0.5)
Collect signals 203/3317:   6%|¨„         | 202/3317 [10:37<2:45:21,  3.19s/stock]Collect signals 203/3317:   6%|¨„         | 203/3317 [10:37<2:45:34,  3.19s/stock]D:\Projects\auto-select-stock\src\auto_select_stock\predict\data.py:76: RuntimeWarning: invalid value encountered in divide
  result["bb_position"] = np.where(bb_upper != bb_lower, (close - bb_lower) / (bb_upper - bb_lower), 0.5)
Collect signals 204/3317:   6%|¨„         | 203/3317 [10:40<2:45:34,  3.19s/stock]Collect signals 204/3317:   6%|¨„         | 204/3317 [10:40<2:44:30,  3.17s/stock]D:\Projects\auto-select-stock\src\auto_select_stock\predict\data.py:76: RuntimeWarning: invalid value encountered in divide
  result["bb_position"] = np.where(bb_upper != bb_lower, (close - bb_lower) / (bb_upper - bb_lower), 0.5)
Collect signals 205/3317:   6%|¨„         | 204/3317 [10:43<2:44:30,  3.17s/stock]Collect signals 205/3317:   6%|¨„         | 205/3317 [10:43<2:46:15,  3.21s/stock]D:\Projects\auto-select-stock\src\auto_select_stock\predict\data.py:76: RuntimeWarning: invalid value encountered in divide
  result["bb_position"] = np.where(bb_upper != bb_lower, (close - bb_lower) / (bb_upper - bb_lower), 0.5)
Collect signals 206/3317:   6%|¨„         | 205/3317 [10:46<2:46:15,  3.21s/stock]Collect signals 206/3317:   6%|¨„         | 206/3317 [10:46<2:45:29,  3.19s/stock]D:\Projects\auto-select-stock\src\auto_select_stock\predict\data.py:76: RuntimeWarning: invalid value encountered in divide
  result["bb_position"] = np.where(bb_upper != bb_lower, (close - bb_lower) / (bb_upper - bb_lower), 0.5)
Collect signals 207/3317:   6%|¨„         | 206/3317 [10:50<2:45:29,  3.19s/stock]Collect signals 207/3317:   6%|¨„         | 207/3317 [10:50<2:46:14,  3.21s/stock]D:\Projects\auto-select-stock\src\auto_select_stock\predict\data.py:76: RuntimeWarning: invalid value encountered in divide
  result["bb_position"] = np.where(bb_upper != bb_lower, (close - bb_lower) / (bb_upper - bb_lower), 0.5)
Collect signals 208/3317:   6%|¨„         | 207/3317 [10:53<2:46:14,  3.21s/stock]Collect signals 208/3317:   6%|¨ƒ         | 208/3317 [10:53<2:44:56,  3.18s/stock]D:\Projects\auto-select-stock\src\auto_select_stock\predict\data.py:76: RuntimeWarning: invalid value encountered in divide
  result["bb_position"] = np.where(bb_upper != bb_lower, (close - bb_lower) / (bb_upper - bb_lower), 0.5)
Collect signals 209/3317:   6%|¨ƒ         | 208/3317 [10:56<2:44:56,  3.18s/stock]Collect signals 209/3317:   6%|¨ƒ         | 209/3317 [10:56<2:50:25,  3.29s/stock]D:\Projects\auto-select-stock\src\auto_select_stock\predict\data.py:76: RuntimeWarning: invalid value encountered in divide
  result["bb_position"] = np.where(bb_upper != bb_lower, (close - bb_lower) / (bb_upper - bb_lower), 0.5)
Collect signals 210/3317:   6%|¨ƒ         | 209/3317 [11:00<2:50:25,  3.29s/stock]Collect signals 210/3317:   6%|¨ƒ         | 210/3317 [11:00<2:50:06,  3.28s/stock]D:\Projects\auto-select-stock\src\auto_select_stock\predict\data.py:76: RuntimeWarning: invalid value encountered in divide
  result["bb_position"] = np.where(bb_upper != bb_lower, (close - bb_lower) / (bb_upper - bb_lower), 0.5)
Collect signals 211/3317:   6%|¨ƒ         | 210/3317 [11:03<2:50:06,  3.28s/stock]Collect signals 211/3317:   6%|¨ƒ         | 211/3317 [11:03<2:45:17,  3.19s/stock]D:\Projects\auto-select-stock\src\auto_select_stock\predict\data.py:76: RuntimeWarning: invalid value encountered in divide
  result["bb_position"] = np.where(bb_upper != bb_lower, (close - bb_lower) / (bb_upper - bb_lower), 0.5)
Collect signals 212/3317:   6%|¨ƒ         | 211/3317 [11:06<2:45:17,  3.19s/stock]Collect signals 212/3317:   6%|¨ƒ         | 212/3317 [11:06<2:53:32,  3.35s/stock]D:\Projects\auto-select-stock\src\auto_select_stock\predict\data.py:76: RuntimeWarning: invalid value encountered in divide
  result["bb_position"] = np.where(bb_upper != bb_lower, (close - bb_lower) / (bb_upper - bb_lower), 0.5)
Collect signals 213/3317:   6%|¨ƒ         | 212/3317 [11:09<2:53:32,  3.35s/stock]Collect signals 213/3317:   6%|¨ƒ         | 213/3317 [11:09<2:49:11,  3.27s/stock]D:\Projects\auto-select-stock\src\auto_select_stock\predict\data.py:76: RuntimeWarning: invalid value encountered in divide
  result["bb_position"] = np.where(bb_upper != bb_lower, (close - bb_lower) / (bb_upper - bb_lower), 0.5)
Collect signals 214/3317:   6%|¨ƒ         | 213/3317 [11:13<2:49:11,  3.27s/stock]Collect signals 214/3317:   6%|¨ƒ         | 214/3317 [11:13<2:50:26,  3.30s/stock]D:\Projects\auto-select-stock\src\auto_select_stock\predict\data.py:76: RuntimeWarning: invalid value encountered in divide
  result["bb_position"] = np.where(bb_upper != bb_lower, (close - bb_lower) / (bb_upper - bb_lower), 0.5)
Collect signals 215/3317:   6%|¨ƒ         | 214/3317 [11:16<2:50:26,  3.30s/stock]Collect signals 215/3317:   6%|¨ƒ         | 215/3317 [11:16<2:47:19,  3.24s/stock]D:\Projects\auto-select-stock\src\auto_select_stock\predict\data.py:76: RuntimeWarning: invalid value encountered in divide
  result["bb_position"] = np.where(bb_upper != bb_lower, (close - bb_lower) / (bb_upper - bb_lower), 0.5)
Collect signals 216/3317:   6%|¨ƒ         | 215/3317 [11:19<2:47:19,  3.24s/stock]Collect signals 216/3317:   7%|¨ƒ         | 216/3317 [11:19<2:47:43,  3.25s/stock]D:\Projects\auto-select-stock\src\auto_select_stock\predict\data.py:76: RuntimeWarning: invalid value encountered in divide
  result["bb_position"] = np.where(bb_upper != bb_lower, (close - bb_lower) / (bb_upper - bb_lower), 0.5)
Collect signals 217/3317:   7%|¨ƒ         | 216/3317 [11:22<2:47:43,  3.25s/stock]Collect signals 217/3317:   7%|¨ƒ         | 217/3317 [11:22<2:47:13,  3.24s/stock]D:\Projects\auto-select-stock\src\auto_select_stock\predict\data.py:76: RuntimeWarning: invalid value encountered in divide
  result["bb_position"] = np.where(bb_upper != bb_lower, (close - bb_lower) / (bb_upper - bb_lower), 0.5)
Collect signals 218/3317:   7%|¨ƒ         | 217/3317 [11:26<2:47:13,  3.24s/stock]Collect signals 218/3317:   7%|¨ƒ         | 218/3317 [11:26<2:48:10,  3.26s/stock]D:\Projects\auto-select-stock\src\auto_select_stock\predict\data.py:76: RuntimeWarning: invalid value encountered in divide
  result["bb_position"] = np.where(bb_upper != bb_lower, (close - bb_lower) / (bb_upper - bb_lower), 0.5)
Collect signals 219/3317:   7%|¨ƒ         | 218/3317 [11:29<2:48:10,  3.26s/stock]Collect signals 219/3317:   7%|¨ƒ         | 219/3317 [11:29<2:47:33,  3.25s/stock]D:\Projects\auto-select-stock\src\auto_select_stock\predict\data.py:76: RuntimeWarning: invalid value encountered in divide
  result["bb_position"] = np.where(bb_upper != bb_lower, (close - bb_lower) / (bb_upper - bb_lower), 0.5)
Collect signals 220/3317:   7%|¨ƒ         | 219/3317 [11:32<2:47:33,  3.25s/stock]Collect signals 220/3317:   7%|¨ƒ         | 220/3317 [11:32<2:40:53,  3.12s/stock]D:\Projects\auto-select-stock\src\auto_select_stock\predict\data.py:76: RuntimeWarning: invalid value encountered in divide
  result["bb_position"] = np.where(bb_upper != bb_lower, (close - bb_lower) / (bb_upper - bb_lower), 0.5)
Collect signals 221/3317:   7%|¨ƒ         | 220/3317 [11:35<2:40:53,  3.12s/stock]Collect signals 221/3317:   7%|¨ƒ         | 221/3317 [11:35<2:42:09,  3.14s/stock]D:\Projects\auto-select-stock\src\auto_select_stock\predict\data.py:76: RuntimeWarning: invalid value encountered in divide
  result["bb_position"] = np.where(bb_upper != bb_lower, (close - bb_lower) / (bb_upper - bb_lower), 0.5)
Collect signals 222/3317:   7%|¨ƒ         | 221/3317 [11:38<2:42:09,  3.14s/stock]Collect signals 222/3317:   7%|¨ƒ         | 222/3317 [11:38<2:40:00,  3.10s/stock]D:\Projects\auto-select-stock\src\auto_select_stock\predict\data.py:76: RuntimeWarning: invalid value encountered in divide
  result["bb_position"] = np.where(bb_upper != bb_lower, (close - bb_lower) / (bb_upper - bb_lower), 0.5)
Collect signals 223/3317:   7%|¨ƒ         | 222/3317 [11:41<2:40:00,  3.10s/stock]Collect signals 223/3317:   7%|¨ƒ         | 223/3317 [11:41<2:46:22,  3.23s/stock]D:\Projects\auto-select-stock\src\auto_select_stock\predict\data.py:76: RuntimeWarning: invalid value encountered in divide
  result["bb_position"] = np.where(bb_upper != bb_lower, (close - bb_lower) / (bb_upper - bb_lower), 0.5)
Collect signals 224/3317:   7%|¨ƒ         | 223/3317 [11:45<2:46:22,  3.23s/stock]Collect signals 224/3317:   7%|¨ƒ         | 224/3317 [11:45<2:50:40,  3.31s/stock]D:\Projects\auto-select-stock\src\auto_select_stock\predict\data.py:76: RuntimeWarning: invalid value encountered in divide
  result["bb_position"] = np.where(bb_upper != bb_lower, (close - bb_lower) / (bb_upper - bb_lower), 0.5)
Collect signals 225/3317:   7%|¨ƒ         | 224/3317 [11:49<2:50:40,  3.31s/stock]Collect signals 225/3317:   7%|¨ƒ         | 225/3317 [11:49<2:56:32,  3.43s/stock]D:\Projects\auto-select-stock\src\auto_select_stock\predict\data.py:76: RuntimeWarning: invalid value encountered in divide
  result["bb_position"] = np.where(bb_upper != bb_lower, (close - bb_lower) / (bb_upper - bb_lower), 0.5)
Collect signals 226/3317:   7%|¨ƒ         | 225/3317 [11:52<2:56:32,  3.43s/stock]Collect signals 226/3317:   7%|¨ƒ         | 226/3317 [11:52<2:54:33,  3.39s/stock]D:\Projects\auto-select-stock\src\auto_select_stock\predict\data.py:76: RuntimeWarning: invalid value encountered in divide
  result["bb_position"] = np.where(bb_upper != bb_lower, (close - bb_lower) / (bb_upper - bb_lower), 0.5)
Collect signals 227/3317:   7%|¨ƒ         | 226/3317 [11:55<2:54:33,  3.39s/stock]Collect signals 227/3317:   7%|¨ƒ         | 227/3317 [11:55<2:56:49,  3.43s/stock]D:\Projects\auto-select-stock\src\auto_select_stock\predict\data.py:76: RuntimeWarning: invalid value encountered in divide
  result["bb_position"] = np.where(bb_upper != bb_lower, (close - bb_lower) / (bb_upper - bb_lower), 0.5)
Collect signals 228/3317:   7%|¨ƒ         | 227/3317 [11:59<2:56:49,  3.43s/stock]Collect signals 228/3317:   7%|¨ƒ         | 228/3317 [11:59<3:02:02,  3.54s/stock]D:\Projects\auto-select-stock\src\auto_select_stock\predict\data.py:76: RuntimeWarning: invalid value encountered in divide
  result["bb_position"] = np.where(bb_upper != bb_lower, (close - bb_lower) / (bb_upper - bb_lower), 0.5)
Collect signals 229/3317:   7%|¨ƒ         | 228/3317 [12:02<3:02:02,  3.54s/stock]Collect signals 229/3317:   7%|¨ƒ         | 229/3317 [12:02<2:54:55,  3.40s/stock]D:\Projects\auto-select-stock\src\auto_select_stock\predict\data.py:76: RuntimeWarning: invalid value encountered in divide
  result["bb_position"] = np.where(bb_upper != bb_lower, (close - bb_lower) / (bb_upper - bb_lower), 0.5)
Collect signals 230/3317:   7%|¨ƒ         | 229/3317 [12:06<2:54:55,  3.40s/stock]Collect signals 230/3317:   7%|¨ƒ         | 230/3317 [12:06<2:56:15,  3.43s/stock]D:\Projects\auto-select-stock\src\auto_select_stock\predict\data.py:76: RuntimeWarning: invalid value encountered in divide
  result["bb_position"] = np.where(bb_upper != bb_lower, (close - bb_lower) / (bb_upper - bb_lower), 0.5)
Collect signals 231/3317:   7%|¨ƒ         | 230/3317 [12:09<2:56:15,  3.43s/stock]Collect signals 231/3317:   7%|¨ƒ         | 231/3317 [12:09<2:53:05,  3.37s/stock]D:\Projects\auto-select-stock\src\auto_select_stock\predict\data.py:76: RuntimeWarning: invalid value encountered in divide
  result["bb_position"] = np.where(bb_upper != bb_lower, (close - bb_lower) / (bb_upper - bb_lower), 0.5)
Collect signals 232/3317:   7%|¨ƒ         | 231/3317 [12:12<2:53:05,  3.37s/stock]Collect signals 232/3317:   7%|¨ƒ         | 232/3317 [12:12<2:55:06,  3.41s/stock]D:\Projects\auto-select-stock\src\auto_select_stock\predict\data.py:76: RuntimeWarning: invalid value encountered in divide
  result["bb_position"] = np.where(bb_upper != bb_lower, (close - bb_lower) / (bb_upper - bb_lower), 0.5)
Collect signals 233/3317:   7%|¨ƒ         | 232/3317 [12:15<2:55:06,  3.41s/stock]Collect signals 233/3317:   7%|¨ƒ         | 233/3317 [12:15<2:49:19,  3.29s/stock]D:\Projects\auto-select-stock\src\auto_select_stock\predict\data.py:76: RuntimeWarning: invalid value encountered in divide
  result["bb_position"] = np.where(bb_upper != bb_lower, (close - bb_lower) / (bb_upper - bb_lower), 0.5)
Collect signals 234/3317:   7%|¨ƒ         | 233/3317 [12:19<2:49:19,  3.29s/stock]Collect signals 234/3317:   7%|¨ƒ         | 234/3317 [12:19<2:51:01,  3.33s/stock]D:\Projects\auto-select-stock\src\auto_select_stock\predict\data.py:76: RuntimeWarning: invalid value encountered in divide
  result["bb_position"] = np.where(bb_upper != bb_lower, (close - bb_lower) / (bb_upper - bb_lower), 0.5)
Collect signals 235/3317:   7%|¨ƒ         | 234/3317 [12:22<2:51:01,  3.33s/stock]Collect signals 235/3317:   7%|¨ƒ         | 235/3317 [12:22<2:45:41,  3.23s/stock]D:\Projects\auto-select-stock\src\auto_select_stock\predict\data.py:76: RuntimeWarning: invalid value encountered in divide
  result["bb_position"] = np.where(bb_upper != bb_lower, (close - bb_lower) / (bb_upper - bb_lower), 0.5)
Collect signals 236/3317:   7%|¨ƒ         | 235/3317 [12:25<2:45:41,  3.23s/stock]Collect signals 236/3317:   7%|¨ƒ         | 236/3317 [12:25<2:50:17,  3.32s/stock]D:\Projects\auto-select-stock\src\auto_select_stock\predict\data.py:76: RuntimeWarning: invalid value encountered in divide
  result["bb_position"] = np.where(bb_upper != bb_lower, (close - bb_lower) / (bb_upper - bb_lower), 0.5)
Collect signals 237/3317:   7%|¨ƒ         | 236/3317 [12:29<2:50:17,  3.32s/stock]Collect signals 237/3317:   7%|¨ƒ         | 237/3317 [12:29<2:52:51,  3.37s/stock]D:\Projects\auto-select-stock\src\auto_select_stock\predict\data.py:76: RuntimeWarning: invalid value encountered in divide
  result["bb_position"] = np.where(bb_upper != bb_lower, (close - bb_lower) / (bb_upper - bb_lower), 0.5)
Collect signals 238/3317:   7%|¨ƒ         | 237/3317 [12:32<2:52:51,  3.37s/stock]Collect signals 238/3317:   7%|¨ƒ         | 238/3317 [12:32<2:46:38,  3.25s/stock]D:\Projects\auto-select-stock\src\auto_select_stock\predict\data.py:76: RuntimeWarning: invalid value encountered in divide
  result["bb_position"] = np.where(bb_upper != bb_lower, (close - bb_lower) / (bb_upper - bb_lower), 0.5)
Collect signals 239/3317:   7%|¨ƒ         | 238/3317 [12:35<2:46:38,  3.25s/stock]Collect signals 239/3317:   7%|¨ƒ         | 239/3317 [12:35<2:52:08,  3.36s/stock]D:\Projects\auto-select-stock\src\auto_select_stock\predict\data.py:76: RuntimeWarning: invalid value encountered in divide
  result["bb_position"] = np.where(bb_upper != bb_lower, (close - bb_lower) / (bb_upper - bb_lower), 0.5)
Collect signals 240/3317:   7%|¨ƒ         | 239/3317 [12:39<2:52:08,  3.36s/stock]Collect signals 240/3317:   7%|¨ƒ         | 240/3317 [12:39<2:48:09,  3.28s/stock]D:\Projects\auto-select-stock\src\auto_select_stock\predict\data.py:76: RuntimeWarning: invalid value encountered in divide
  result["bb_position"] = np.where(bb_upper != bb_lower, (close - bb_lower) / (bb_upper - bb_lower), 0.5)
Collect signals 241/3317:   7%|¨ƒ         | 240/3317 [12:42<2:48:09,  3.28s/stock]Collect signals 241/3317:   7%|¨ƒ         | 241/3317 [12:42<2:50:32,  3.33s/stock]D:\Projects\auto-select-stock\src\auto_select_stock\predict\data.py:76: RuntimeWarning: invalid value encountered in divide
  result["bb_position"] = np.where(bb_upper != bb_lower, (close - bb_lower) / (bb_upper - bb_lower), 0.5)
Collect signals 242/3317:   7%|¨ƒ         | 241/3317 [12:45<2:50:32,  3.33s/stock]Collect signals 242/3317:   7%|¨ƒ         | 242/3317 [12:45<2:46:31,  3.25s/stock]D:\Projects\auto-select-stock\src\auto_select_stock\predict\data.py:76: RuntimeWarning: invalid value encountered in divide
  result["bb_position"] = np.where(bb_upper != bb_lower, (close - bb_lower) / (bb_upper - bb_lower), 0.5)
Collect signals 243/3317:   7%|¨ƒ         | 242/3317 [12:49<2:46:31,  3.25s/stock]Collect signals 243/3317:   7%|¨ƒ         | 243/3317 [12:49<2:50:22,  3.33s/stock]D:\Projects\auto-select-stock\src\auto_select_stock\predict\data.py:76: RuntimeWarning: invalid value encountered in divide
  result["bb_position"] = np.where(bb_upper != bb_lower, (close - bb_lower) / (bb_upper - bb_lower), 0.5)
Collect signals 244/3317:   7%|¨ƒ         | 243/3317 [12:52<2:50:22,  3.33s/stock]Collect signals 244/3317:   7%|¨ƒ         | 244/3317 [12:52<2:48:58,  3.30s/stock]D:\Projects\auto-select-stock\src\auto_select_stock\predict\data.py:76: RuntimeWarning: invalid value encountered in divide
  result["bb_position"] = np.where(bb_upper != bb_lower, (close - bb_lower) / (bb_upper - bb_lower), 0.5)
Collect signals 245/3317:   7%|¨ƒ         | 244/3317 [12:55<2:48:58,  3.30s/stock]Collect signals 245/3317:   7%|¨ƒ         | 245/3317 [12:55<2:53:00,  3.38s/stock]D:\Projects\auto-select-stock\src\auto_select_stock\predict\data.py:76: RuntimeWarning: invalid value encountered in divide
  result["bb_position"] = np.where(bb_upper != bb_lower, (close - bb_lower) / (bb_upper - bb_lower), 0.5)
Collect signals 246/3317:   7%|¨ƒ         | 245/3317 [12:59<2:53:00,  3.38s/stock]Collect signals 246/3317:   7%|¨ƒ         | 246/3317 [12:59<2:53:48,  3.40s/stock]D:\Projects\auto-select-stock\src\auto_select_stock\predict\data.py:76: RuntimeWarning: invalid value encountered in divide
  result["bb_position"] = np.where(bb_upper != bb_lower, (close - bb_lower) / (bb_upper - bb_lower), 0.5)
Collect signals 247/3317:   7%|¨ƒ         | 246/3317 [13:02<2:53:48,  3.40s/stock]Collect signals 247/3317:   7%|¨ƒ         | 247/3317 [13:02<2:50:55,  3.34s/stock]D:\Projects\auto-select-stock\src\auto_select_stock\predict\data.py:76: RuntimeWarning: invalid value encountered in divide
  result["bb_position"] = np.where(bb_upper != bb_lower, (close - bb_lower) / (bb_upper - bb_lower), 0.5)
Collect signals 248/3317:   7%|¨ƒ         | 247/3317 [13:06<2:50:55,  3.34s/stock]Collect signals 248/3317:   7%|¨ƒ         | 248/3317 [13:06<2:55:30,  3.43s/stock]D:\Projects\auto-select-stock\src\auto_select_stock\predict\data.py:76: RuntimeWarning: invalid value encountered in divide
  result["bb_position"] = np.where(bb_upper != bb_lower, (close - bb_lower) / (bb_upper - bb_lower), 0.5)
Collect signals 249/3317:   7%|¨ƒ         | 248/3317 [13:09<2:55:30,  3.43s/stock]Collect signals 249/3317:   8%|¨‚         | 249/3317 [13:09<2:51:01,  3.34s/stock]D:\Projects\auto-select-stock\src\auto_select_stock\predict\data.py:76: RuntimeWarning: invalid value encountered in divide
  result["bb_position"] = np.where(bb_upper != bb_lower, (close - bb_lower) / (bb_upper - bb_lower), 0.5)
Collect signals 250/3317:   8%|¨‚         | 249/3317 [13:12<2:51:01,  3.34s/stock]Collect signals 250/3317:   8%|¨‚         | 250/3317 [13:12<2:52:46,  3.38s/stock]D:\Projects\auto-select-stock\src\auto_select_stock\predict\data.py:76: RuntimeWarning: invalid value encountered in divide
  result["bb_position"] = np.where(bb_upper != bb_lower, (close - bb_lower) / (bb_upper - bb_lower), 0.5)
Collect signals 251/3317:   8%|¨‚         | 250/3317 [13:15<2:52:46,  3.38s/stock]Collect signals 251/3317:   8%|¨‚         | 251/3317 [13:15<2:46:53,  3.27s/stock]D:\Projects\auto-select-stock\src\auto_select_stock\predict\data.py:76: RuntimeWarning: invalid value encountered in divide
  result["bb_position"] = np.where(bb_upper != bb_lower, (close - bb_lower) / (bb_upper - bb_lower), 0.5)
Collect signals 252/3317:   8%|¨‚         | 251/3317 [13:19<2:46:53,  3.27s/stock]Collect signals 252/3317:   8%|¨‚         | 252/3317 [13:19<2:51:09,  3.35s/stock]D:\Projects\auto-select-stock\src\auto_select_stock\predict\data.py:76: RuntimeWarning: invalid value encountered in divide
  result["bb_position"] = np.where(bb_upper != bb_lower, (close - bb_lower) / (bb_upper - bb_lower), 0.5)
Collect signals 253/3317:   8%|¨‚         | 252/3317 [13:22<2:51:09,  3.35s/stock]Collect signals 253/3317:   8%|¨‚         | 253/3317 [13:22<2:55:02,  3.43s/stock]D:\Projects\auto-select-stock\src\auto_select_stock\predict\data.py:76: RuntimeWarning: invalid value encountered in divide
  result["bb_position"] = np.where(bb_upper != bb_lower, (close - bb_lower) / (bb_upper - bb_lower), 0.5)
Collect signals 254/3317:   8%|¨‚         | 253/3317 [13:26<2:55:02,  3.43s/stock]Collect signals 254/3317:   8%|¨‚         | 254/3317 [13:26<2:52:00,  3.37s/stock]D:\Projects\auto-select-stock\src\auto_select_stock\predict\data.py:76: RuntimeWarning: invalid value encountered in divide
  result["bb_position"] = np.where(bb_upper != bb_lower, (close - bb_lower) / (bb_upper - bb_lower), 0.5)
Collect signals 255/3317:   8%|¨‚         | 254/3317 [13:29<2:52:00,  3.37s/stock]Collect signals 255/3317:   8%|¨‚         | 255/3317 [13:29<2:54:05,  3.41s/stock]D:\Projects\auto-select-stock\src\auto_select_stock\predict\data.py:76: RuntimeWarning: invalid value encountered in divide
  result["bb_position"] = np.where(bb_upper != bb_lower, (close - bb_lower) / (bb_upper - bb_lower), 0.5)
Collect signals 256/3317:   8%|¨‚         | 255/3317 [13:32<2:54:05,  3.41s/stock]Collect signals 256/3317:   8%|¨‚         | 256/3317 [13:32<2:48:30,  3.30s/stock]D:\Projects\auto-select-stock\src\auto_select_stock\predict\data.py:76: RuntimeWarning: invalid value encountered in divide
  result["bb_position"] = np.where(bb_upper != bb_lower, (close - bb_lower) / (bb_upper - bb_lower), 0.5)
Collect signals 257/3317:   8%|¨‚         | 256/3317 [13:36<2:48:30,  3.30s/stock]Collect signals 257/3317:   8%|¨‚         | 257/3317 [13:36<2:51:02,  3.35s/stock]D:\Projects\auto-select-stock\src\auto_select_stock\predict\data.py:76: RuntimeWarning: invalid value encountered in divide
  result["bb_position"] = np.where(bb_upper != bb_lower, (close - bb_lower) / (bb_upper - bb_lower), 0.5)
Collect signals 258/3317:   8%|¨‚         | 257/3317 [13:39<2:51:02,  3.35s/stock]Collect signals 258/3317:   8%|¨‚         | 258/3317 [13:39<2:47:46,  3.29s/stock]D:\Projects\auto-select-stock\src\auto_select_stock\predict\data.py:76: RuntimeWarning: invalid value encountered in divide
  result["bb_position"] = np.where(bb_upper != bb_lower, (close - bb_lower) / (bb_upper - bb_lower), 0.5)
Collect signals 259/3317:   8%|¨‚         | 258/3317 [13:42<2:47:46,  3.29s/stock]Collect signals 259/3317:   8%|¨‚         | 259/3317 [13:42<2:50:19,  3.34s/stock]D:\Projects\auto-select-stock\src\auto_select_stock\predict\data.py:76: RuntimeWarning: invalid value encountered in divide
  result["bb_position"] = np.where(bb_upper != bb_lower, (close - bb_lower) / (bb_upper - bb_lower), 0.5)
Collect signals 260/3317:   8%|¨‚         | 259/3317 [13:45<2:50:19,  3.34s/stock]Collect signals 260/3317:   8%|¨‚         | 260/3317 [13:45<2:46:45,  3.27s/stock]D:\Projects\auto-select-stock\src\auto_select_stock\predict\data.py:76: RuntimeWarning: invalid value encountered in divide
  result["bb_position"] = np.where(bb_upper != bb_lower, (close - bb_lower) / (bb_upper - bb_lower), 0.5)
Collect signals 261/3317:   8%|¨‚         | 260/3317 [13:49<2:46:45,  3.27s/stock]Collect signals 261/3317:   8%|¨‚         | 261/3317 [13:49<2:51:34,  3.37s/stock]D:\Projects\auto-select-stock\src\auto_select_stock\predict\data.py:76: RuntimeWarning: invalid value encountered in divide
  result["bb_position"] = np.where(bb_upper != bb_lower, (close - bb_lower) / (bb_upper - bb_lower), 0.5)
Collect signals 262/3317:   8%|¨‚         | 261/3317 [13:53<2:51:34,  3.37s/stock]Collect signals 262/3317:   8%|¨‚         | 262/3317 [13:53<2:56:37,  3.47s/stock]D:\Projects\auto-select-stock\src\auto_select_stock\predict\data.py:76: RuntimeWarning: invalid value encountered in divide
  result["bb_position"] = np.where(bb_upper != bb_lower, (close - bb_lower) / (bb_upper - bb_lower), 0.5)
Collect signals 263/3317:   8%|¨‚         | 262/3317 [13:56<2:56:37,  3.47s/stock]Collect signals 263/3317:   8%|¨‚         | 263/3317 [13:56<2:50:24,  3.35s/stock]D:\Projects\auto-select-stock\src\auto_select_stock\predict\data.py:76: RuntimeWarning: invalid value encountered in divide
  result["bb_position"] = np.where(bb_upper != bb_lower, (close - bb_lower) / (bb_upper - bb_lower), 0.5)
Collect signals 264/3317:   8%|¨‚         | 263/3317 [13:59<2:50:24,  3.35s/stock]Collect signals 264/3317:   8%|¨‚         | 264/3317 [13:59<2:52:14,  3.39s/stock]D:\Projects\auto-select-stock\src\auto_select_stock\predict\data.py:76: RuntimeWarning: invalid value encountered in divide
  result["bb_position"] = np.where(bb_upper != bb_lower, (close - bb_lower) / (bb_upper - bb_lower), 0.5)
Collect signals 265/3317:   8%|¨‚         | 264/3317 [14:02<2:52:14,  3.39s/stock]Collect signals 265/3317:   8%|¨‚         | 265/3317 [14:02<2:46:46,  3.28s/stock]D:\Projects\auto-select-stock\src\auto_select_stock\predict\data.py:76: RuntimeWarning: invalid value encountered in divide
  result["bb_position"] = np.where(bb_upper != bb_lower, (close - bb_lower) / (bb_upper - bb_lower), 0.5)
Collect signals 266/3317:   8%|¨‚         | 265/3317 [14:06<2:46:46,  3.28s/stock]Collect signals 266/3317:   8%|¨‚         | 266/3317 [14:06<2:50:20,  3.35s/stock]D:\Projects\auto-select-stock\src\auto_select_stock\predict\data.py:76: RuntimeWarning: invalid value encountered in divide
  result["bb_position"] = np.where(bb_upper != bb_lower, (close - bb_lower) / (bb_upper - bb_lower), 0.5)
Collect signals 267/3317:   8%|¨‚         | 266/3317 [14:09<2:50:20,  3.35s/stock]Collect signals 267/3317:   8%|¨‚         | 267/3317 [14:09<2:47:25,  3.29s/stock]D:\Projects\auto-select-stock\src\auto_select_stock\predict\data.py:76: RuntimeWarning: invalid value encountered in divide
  result["bb_position"] = np.where(bb_upper != bb_lower, (close - bb_lower) / (bb_upper - bb_lower), 0.5)
Collect signals 268/3317:   8%|¨‚         | 267/3317 [14:12<2:47:25,  3.29s/stock]Collect signals 268/3317:   8%|¨‚         | 268/3317 [14:12<2:51:01,  3.37s/stock]D:\Projects\auto-select-stock\src\auto_select_stock\predict\data.py:76: RuntimeWarning: invalid value encountered in divide
  result["bb_position"] = np.where(bb_upper != bb_lower, (close - bb_lower) / (bb_upper - bb_lower), 0.5)
Collect signals 269/3317:   8%|¨‚         | 268/3317 [14:16<2:51:01,  3.37s/stock]Collect signals 269/3317:   8%|¨‚         | 269/3317 [14:16<2:55:52,  3.46s/stock]D:\Projects\auto-select-stock\src\auto_select_stock\predict\data.py:76: RuntimeWarning: invalid value encountered in divide
  result["bb_position"] = np.where(bb_upper != bb_lower, (close - bb_lower) / (bb_upper - bb_lower), 0.5)
Collect signals 270/3317:   8%|¨‚         | 269/3317 [14:20<2:55:52,  3.46s/stock]Collect signals 270/3317:   8%|¨‚         | 270/3317 [14:20<2:57:46,  3.50s/stock]D:\Projects\auto-select-stock\src\auto_select_stock\predict\data.py:76: RuntimeWarning: invalid value encountered in divide
  result["bb_position"] = np.where(bb_upper != bb_lower, (close - bb_lower) / (bb_upper - bb_lower), 0.5)
Collect signals 271/3317:   8%|¨‚         | 270/3317 [14:24<2:57:46,  3.50s/stock]Collect signals 271/3317:   8%|¨‚         | 271/3317 [14:24<3:05:34,  3.66s/stock]D:\Projects\auto-select-stock\src\auto_select_stock\predict\data.py:76: RuntimeWarning: invalid value encountered in divide
  result["bb_position"] = np.where(bb_upper != bb_lower, (close - bb_lower) / (bb_upper - bb_lower), 0.5)
Collect signals 272/3317:   8%|¨‚         | 271/3317 [14:27<3:05:34,  3.66s/stock]Collect signals 272/3317:   8%|¨‚         | 272/3317 [14:27<3:00:07,  3.55s/stock]D:\Projects\auto-select-stock\src\auto_select_stock\predict\data.py:76: RuntimeWarning: invalid value encountered in divide
  result["bb_position"] = np.where(bb_upper != bb_lower, (close - bb_lower) / (bb_upper - bb_lower), 0.5)
Collect signals 273/3317:   8%|¨‚         | 272/3317 [14:31<3:00:07,  3.55s/stock]Collect signals 273/3317:   8%|¨‚         | 273/3317 [14:31<3:00:55,  3.57s/stock]D:\Projects\auto-select-stock\src\auto_select_stock\predict\data.py:76: RuntimeWarning: invalid value encountered in divide
  result["bb_position"] = np.where(bb_upper != bb_lower, (close - bb_lower) / (bb_upper - bb_lower), 0.5)
Collect signals 274/3317:   8%|¨‚         | 273/3317 [14:34<3:00:55,  3.57s/stock]Collect signals 274/3317:   8%|¨‚         | 274/3317 [14:34<2:54:19,  3.44s/stock]D:\Projects\auto-select-stock\src\auto_select_stock\predict\data.py:76: RuntimeWarning: invalid value encountered in divide
  result["bb_position"] = np.where(bb_upper != bb_lower, (close - bb_lower) / (bb_upper - bb_lower), 0.5)
Collect signals 275/3317:   8%|¨‚         | 274/3317 [14:37<2:54:19,  3.44s/stock]Collect signals 275/3317:   8%|¨‚         | 275/3317 [14:37<2:58:09,  3.51s/stock]D:\Projects\auto-select-stock\src\auto_select_stock\predict\data.py:76: RuntimeWarning: invalid value encountered in divide
  result["bb_position"] = np.where(bb_upper != bb_lower, (close - bb_lower) / (bb_upper - bb_lower), 0.5)
Collect signals 276/3317:   8%|¨‚         | 275/3317 [14:41<2:58:09,  3.51s/stock]Collect signals 276/3317:   8%|¨‚         | 276/3317 [14:41<2:52:17,  3.40s/stock]D:\Projects\auto-select-stock\src\auto_select_stock\predict\data.py:76: RuntimeWarning: invalid value encountered in divide
  result["bb_position"] = np.where(bb_upper != bb_lower, (close - bb_lower) / (bb_upper - bb_lower), 0.5)
Collect signals 277/3317:   8%|¨‚         | 276/3317 [14:44<2:52:17,  3.40s/stock]Collect signals 277/3317:   8%|¨‚         | 277/3317 [14:44<2:55:44,  3.47s/stock]D:\Projects\auto-select-stock\src\auto_select_stock\predict\data.py:76: RuntimeWarning: invalid value encountered in divide
  result["bb_position"] = np.where(bb_upper != bb_lower, (close - bb_lower) / (bb_upper - bb_lower), 0.5)
Collect signals 278/3317:   8%|¨‚         | 277/3317 [14:48<2:55:44,  3.47s/stock]Collect signals 278/3317:   8%|¨‚         | 278/3317 [14:48<3:00:27,  3.56s/stock]D:\Projects\auto-select-stock\src\auto_select_stock\predict\data.py:76: RuntimeWarning: invalid value encountered in divide
  result["bb_position"] = np.where(bb_upper != bb_lower, (close - bb_lower) / (bb_upper - bb_lower), 0.5)
Collect signals 279/3317:   8%|¨‚         | 278/3317 [14:51<3:00:27,  3.56s/stock]Collect signals 279/3317:   8%|¨‚         | 279/3317 [14:51<2:54:11,  3.44s/stock]D:\Projects\auto-select-stock\src\auto_select_stock\predict\data.py:76: RuntimeWarning: invalid value encountered in divide
  result["bb_position"] = np.where(bb_upper != bb_lower, (close - bb_lower) / (bb_upper - bb_lower), 0.5)
Collect signals 280/3317:   8%|¨‚         | 279/3317 [14:55<2:54:11,  3.44s/stock]Collect signals 280/3317:   8%|¨‚         | 280/3317 [14:55<2:52:40,  3.41s/stock]D:\Projects\auto-select-stock\src\auto_select_stock\predict\data.py:76: RuntimeWarning: invalid value encountered in divide
  result["bb_position"] = np.where(bb_upper != bb_lower, (close - bb_lower) / (bb_upper - bb_lower), 0.5)
Collect signals 281/3317:   8%|¨‚         | 280/3317 [14:58<2:52:40,  3.41s/stock]Collect signals 281/3317:   8%|¨‚         | 281/3317 [14:58<2:56:30,  3.49s/stock]D:\Projects\auto-select-stock\src\auto_select_stock\predict\data.py:76: RuntimeWarning: invalid value encountered in divide
  result["bb_position"] = np.where(bb_upper != bb_lower, (close - bb_lower) / (bb_upper - bb_lower), 0.5)
Collect signals 282/3317:   8%|¨‚         | 281/3317 [15:01<2:56:30,  3.49s/stock]Collect signals 282/3317:   9%|¨‚         | 282/3317 [15:01<2:51:26,  3.39s/stock]D:\Projects\auto-select-stock\src\auto_select_stock\predict\data.py:76: RuntimeWarning: invalid value encountered in divide
  result["bb_position"] = np.where(bb_upper != bb_lower, (close - bb_lower) / (bb_upper - bb_lower), 0.5)
Collect signals 283/3317:   9%|¨‚         | 282/3317 [15:05<2:51:26,  3.39s/stock]Collect signals 283/3317:   9%|¨‚         | 283/3317 [15:05<2:56:45,  3.50s/stock]D:\Projects\auto-select-stock\src\auto_select_stock\predict\data.py:76: RuntimeWarning: invalid value encountered in divide
  result["bb_position"] = np.where(bb_upper != bb_lower, (close - bb_lower) / (bb_upper - bb_lower), 0.5)
Collect signals 284/3317:   9%|¨‚         | 283/3317 [15:09<2:56:45,  3.50s/stock]Collect signals 284/3317:   9%|¨‚         | 284/3317 [15:09<3:00:02,  3.56s/stock]D:\Projects\auto-select-stock\src\auto_select_stock\predict\data.py:76: RuntimeWarning: invalid value encountered in divide
  result["bb_position"] = np.where(bb_upper != bb_lower, (close - bb_lower) / (bb_upper - bb_lower), 0.5)
Collect signals 285/3317:   9%|¨‚         | 284/3317 [15:12<3:00:02,  3.56s/stock]Collect signals 285/3317:   9%|¨‚         | 285/3317 [15:12<2:54:20,  3.45s/stock]D:\Projects\auto-select-stock\src\auto_select_stock\predict\data.py:76: RuntimeWarning: invalid value encountered in divide
  result["bb_position"] = np.where(bb_upper != bb_lower, (close - bb_lower) / (bb_upper - bb_lower), 0.5)
Collect signals 286/3317:   9%|¨‚         | 285/3317 [15:16<2:54:20,  3.45s/stock]Collect signals 286/3317:   9%|¨‚         | 286/3317 [15:16<2:58:26,  3.53s/stock]D:\Projects\auto-select-stock\src\auto_select_stock\predict\data.py:76: RuntimeWarning: invalid value encountered in divide
  result["bb_position"] = np.where(bb_upper != bb_lower, (close - bb_lower) / (bb_upper - bb_lower), 0.5)
Collect signals 287/3317:   9%|¨‚         | 286/3317 [15:19<2:58:26,  3.53s/stock]Collect signals 287/3317:   9%|¨‚         | 287/3317 [15:19<2:52:38,  3.42s/stock]D:\Projects\auto-select-stock\src\auto_select_stock\predict\data.py:76: RuntimeWarning: invalid value encountered in divide
  result["bb_position"] = np.where(bb_upper != bb_lower, (close - bb_lower) / (bb_upper - bb_lower), 0.5)
Collect signals 288/3317:   9%|¨‚         | 287/3317 [15:23<2:52:38,  3.42s/stock]Collect signals 288/3317:   9%|¨‚         | 288/3317 [15:23<3:00:14,  3.57s/stock]D:\Projects\auto-select-stock\src\auto_select_stock\predict\data.py:76: RuntimeWarning: invalid value encountered in divide
  result["bb_position"] = np.where(bb_upper != bb_lower, (close - bb_lower) / (bb_upper - bb_lower), 0.5)
Collect signals 289/3317:   9%|¨‚         | 288/3317 [15:26<3:00:14,  3.57s/stock]Collect signals 289/3317:   9%|¨‚         | 289/3317 [15:26<2:57:40,  3.52s/stock]D:\Projects\auto-select-stock\src\auto_select_stock\predict\data.py:76: RuntimeWarning: invalid value encountered in divide
  result["bb_position"] = np.where(bb_upper != bb_lower, (close - bb_lower) / (bb_upper - bb_lower), 0.5)
Collect signals 290/3317:   9%|¨‚         | 289/3317 [15:30<2:57:40,  3.52s/stock]Collect signals 290/3317:   9%|¨‚         | 290/3317 [15:30<3:03:28,  3.64s/stock]D:\Projects\auto-select-stock\src\auto_select_stock\predict\data.py:76: RuntimeWarning: invalid value encountered in divide
  result["bb_position"] = np.where(bb_upper != bb_lower, (close - bb_lower) / (bb_upper - bb_lower), 0.5)
Collect signals 291/3317:   9%|¨‚         | 290/3317 [15:34<3:03:28,  3.64s/stock]Collect signals 291/3317:   9%|¨         | 291/3317 [15:34<3:02:15,  3.61s/stock]D:\Projects\auto-select-stock\src\auto_select_stock\predict\data.py:76: RuntimeWarning: invalid value encountered in divide
  result["bb_position"] = np.where(bb_upper != bb_lower, (close - bb_lower) / (bb_upper - bb_lower), 0.5)
Collect signals 292/3317:   9%|¨         | 291/3317 [15:38<3:02:15,  3.61s/stock]Collect signals 292/3317:   9%|¨         | 292/3317 [15:38<3:08:34,  3.74s/stock]D:\Projects\auto-select-stock\src\auto_select_stock\predict\data.py:76: RuntimeWarning: invalid value encountered in divide
  result["bb_position"] = np.where(bb_upper != bb_lower, (close - bb_lower) / (bb_upper - bb_lower), 0.5)
Collect signals 293/3317:   9%|¨         | 292/3317 [15:41<3:08:34,  3.74s/stock]Collect signals 293/3317:   9%|¨         | 293/3317 [15:41<3:03:18,  3.64s/stock]D:\Projects\auto-select-stock\src\auto_select_stock\predict\data.py:76: RuntimeWarning: invalid value encountered in divide
  result["bb_position"] = np.where(bb_upper != bb_lower, (close - bb_lower) / (bb_upper - bb_lower), 0.5)
Collect signals 294/3317:   9%|¨         | 293/3317 [15:45<3:03:18,  3.64s/stock]Collect signals 294/3317:   9%|¨         | 294/3317 [15:45<3:04:19,  3.66s/stock]D:\Projects\auto-select-stock\src\auto_select_stock\predict\data.py:76: RuntimeWarning: invalid value encountered in divide
  result["bb_position"] = np.where(bb_upper != bb_lower, (close - bb_lower) / (bb_upper - bb_lower), 0.5)
Collect signals 295/3317:   9%|¨         | 294/3317 [15:48<3:04:19,  3.66s/stock]Collect signals 295/3317:   9%|¨         | 295/3317 [15:48<2:58:42,  3.55s/stock]D:\Projects\auto-select-stock\src\auto_select_stock\predict\data.py:76: RuntimeWarning: invalid value encountered in divide
  result["bb_position"] = np.where(bb_upper != bb_lower, (close - bb_lower) / (bb_upper - bb_lower), 0.5)
Collect signals 296/3317:   9%|¨         | 295/3317 [15:52<2:58:42,  3.55s/stock]Collect signals 296/3317:   9%|¨         | 296/3317 [15:52<2:58:14,  3.54s/stock]D:\Projects\auto-select-stock\src\auto_select_stock\predict\data.py:76: RuntimeWarning: invalid value encountered in divide
  result["bb_position"] = np.where(bb_upper != bb_lower, (close - bb_lower) / (bb_upper - bb_lower), 0.5)
Collect signals 297/3317:   9%|¨         | 296/3317 [15:55<2:58:14,  3.54s/stock]Collect signals 297/3317:   9%|¨         | 297/3317 [15:55<3:00:00,  3.58s/stock]D:\Projects\auto-select-stock\src\auto_select_stock\predict\data.py:76: RuntimeWarning: invalid value encountered in divide
  result["bb_position"] = np.where(bb_upper != bb_lower, (close - bb_lower) / (bb_upper - bb_lower), 0.5)
Collect signals 298/3317:   9%|¨         | 297/3317 [15:59<3:00:00,  3.58s/stock]Collect signals 298/3317:   9%|¨         | 298/3317 [15:59<2:55:46,  3.49s/stock]D:\Projects\auto-select-stock\src\auto_select_stock\predict\data.py:76: RuntimeWarning: invalid value encountered in divide
  result["bb_position"] = np.where(bb_upper != bb_lower, (close - bb_lower) / (bb_upper - bb_lower), 0.5)
Collect signals 299/3317:   9%|¨         | 298/3317 [16:02<2:55:46,  3.49s/stock]Collect signals 299/3317:   9%|¨         | 299/3317 [16:02<3:00:34,  3.59s/stock]D:\Projects\auto-select-stock\src\auto_select_stock\predict\data.py:76: RuntimeWarning: invalid value encountered in divide
  result["bb_position"] = np.where(bb_upper != bb_lower, (close - bb_lower) / (bb_upper - bb_lower), 0.5)
Collect signals 300/3317:   9%|¨         | 299/3317 [16:06<3:00:34,  3.59s/stock]Collect signals 300/3317:   9%|¨         | 300/3317 [16:06<2:56:47,  3.52s/stock]D:\Projects\auto-select-stock\src\auto_select_stock\predict\data.py:76: RuntimeWarning: invalid value encountered in divide
  result["bb_position"] = np.where(bb_upper != bb_lower, (close - bb_lower) / (bb_upper - bb_lower), 0.5)
Collect signals 301/3317:   9%|¨         | 300/3317 [16:10<2:56:47,  3.52s/stock]Collect signals 301/3317:   9%|¨         | 301/3317 [16:10<3:01:42,  3.61s/stock]D:\Projects\auto-select-stock\src\auto_select_stock\predict\data.py:76: RuntimeWarning: invalid value encountered in divide
  result["bb_position"] = np.where(bb_upper != bb_lower, (close - bb_lower) / (bb_upper - bb_lower), 0.5)
Collect signals 302/3317:   9%|¨         | 301/3317 [16:13<3:01:42,  3.61s/stock]Collect signals 302/3317:   9%|¨         | 302/3317 [16:13<2:54:26,  3.47s/stock]D:\Projects\auto-select-stock\src\auto_select_stock\predict\data.py:76: RuntimeWarning: invalid value encountered in divide
  result["bb_position"] = np.where(bb_upper != bb_lower, (close - bb_lower) / (bb_upper - bb_lower), 0.5)
Collect signals 303/3317:   9%|¨         | 302/3317 [16:16<2:54:26,  3.47s/stock]Collect signals 303/3317:   9%|¨         | 303/3317 [16:16<2:56:31,  3.51s/stock]D:\Projects\auto-select-stock\src\auto_select_stock\predict\data.py:76: RuntimeWarning: invalid value encountered in divide
  result["bb_position"] = np.where(bb_upper != bb_lower, (close - bb_lower) / (bb_upper - bb_lower), 0.5)
Collect signals 304/3317:   9%|¨         | 303/3317 [16:20<2:56:31,  3.51s/stock]Collect signals 304/3317:   9%|¨         | 304/3317 [16:20<3:01:39,  3.62s/stock]D:\Projects\auto-select-stock\src\auto_select_stock\predict\data.py:76: RuntimeWarning: invalid value encountered in divide
  result["bb_position"] = np.where(bb_upper != bb_lower, (close - bb_lower) / (bb_upper - bb_lower), 0.5)
Collect signals 305/3317:   9%|¨         | 304/3317 [16:24<3:01:39,  3.62s/stock]Collect signals 305/3317:   9%|¨         | 305/3317 [16:24<2:58:05,  3.55s/stock]D:\Projects\auto-select-stock\src\auto_select_stock\predict\data.py:76: RuntimeWarning: invalid value encountered in divide
  result["bb_position"] = np.where(bb_upper != bb_lower, (close - bb_lower) / (bb_upper - bb_lower), 0.5)
Collect signals 306/3317:   9%|¨         | 305/3317 [16:28<2:58:05,  3.55s/stock]Collect signals 306/3317:   9%|¨         | 306/3317 [16:28<3:03:39,  3.66s/stock]D:\Projects\auto-select-stock\src\auto_select_stock\predict\data.py:76: RuntimeWarning: invalid value encountered in divide
  result["bb_position"] = np.where(bb_upper != bb_lower, (close - bb_lower) / (bb_upper - bb_lower), 0.5)
Collect signals 307/3317:   9%|¨         | 306/3317 [16:31<3:03:39,  3.66s/stock]Collect signals 307/3317:   9%|¨         | 307/3317 [16:31<2:58:42,  3.56s/stock]D:\Projects\auto-select-stock\src\auto_select_stock\predict\data.py:76: RuntimeWarning: invalid value encountered in divide
  result["bb_position"] = np.where(bb_upper != bb_lower, (close - bb_lower) / (bb_upper - bb_lower), 0.5)
Collect signals 308/3317:   9%|¨         | 307/3317 [16:35<2:58:42,  3.56s/stock]Collect signals 308/3317:   9%|¨         | 308/3317 [16:35<3:00:26,  3.60s/stock]D:\Projects\auto-select-stock\src\auto_select_stock\predict\data.py:76: RuntimeWarning: invalid value encountered in divide
  result["bb_position"] = np.where(bb_upper != bb_lower, (close - bb_lower) / (bb_upper - bb_lower), 0.5)
Collect signals 309/3317:   9%|¨         | 308/3317 [16:38<3:00:26,  3.60s/stock]Collect signals 309/3317:   9%|¨         | 309/3317 [16:38<2:54:46,  3.49s/stock]D:\Projects\auto-select-stock\src\auto_select_stock\predict\data.py:76: RuntimeWarning: invalid value encountered in divide
  result["bb_position"] = np.where(bb_upper != bb_lower, (close - bb_lower) / (bb_upper - bb_lower), 0.5)
Collect signals 310/3317:   9%|¨         | 309/3317 [16:41<2:54:46,  3.49s/stock]Collect signals 310/3317:   9%|¨         | 310/3317 [16:41<2:58:32,  3.56s/stock]D:\Projects\auto-select-stock\src\auto_select_stock\predict\data.py:76: RuntimeWarning: invalid value encountered in divide
  result["bb_position"] = np.where(bb_upper != bb_lower, (close - bb_lower) / (bb_upper - bb_lower), 0.5)
Collect signals 311/3317:   9%|¨         | 310/3317 [16:45<2:58:32,  3.56s/stock]Collect signals 311/3317:   9%|¨         | 311/3317 [16:45<2:52:41,  3.45s/stock]D:\Projects\auto-select-stock\src\auto_select_stock\predict\data.py:76: RuntimeWarning: invalid value encountered in divide
  result["bb_position"] = np.where(bb_upper != bb_lower, (close - bb_lower) / (bb_upper - bb_lower), 0.5)
Collect signals 312/3317:   9%|¨         | 311/3317 [16:48<2:52:41,  3.45s/stock]Collect signals 312/3317:   9%|¨         | 312/3317 [16:48<2:55:32,  3.50s/stock]D:\Projects\auto-select-stock\src\auto_select_stock\predict\data.py:76: RuntimeWarning: invalid value encountered in divide
  result["bb_position"] = np.where(bb_upper != bb_lower, (close - bb_lower) / (bb_upper - bb_lower), 0.5)
Collect signals 313/3317:   9%|¨         | 312/3317 [16:52<2:55:32,  3.50s/stock]Collect signals 313/3317:   9%|¨         | 313/3317 [16:52<2:58:03,  3.56s/stock]D:\Projects\auto-select-stock\src\auto_select_stock\predict\data.py:76: RuntimeWarning: invalid value encountered in divide
  result["bb_position"] = np.where(bb_upper != bb_lower, (close - bb_lower) / (bb_upper - bb_lower), 0.5)
Collect signals 314/3317:   9%|¨         | 313/3317 [16:55<2:58:03,  3.56s/stock]Collect signals 314/3317:   9%|¨         | 314/3317 [16:55<2:54:10,  3.48s/stock]D:\Projects\auto-select-stock\src\auto_select_stock\predict\data.py:76: RuntimeWarning: invalid value encountered in divide
  result["bb_position"] = np.where(bb_upper != bb_lower, (close - bb_lower) / (bb_upper - bb_lower), 0.5)
Collect signals 315/3317:   9%|¨         | 314/3317 [16:59<2:54:10,  3.48s/stock]Collect signals 315/3317:   9%|¨         | 315/3317 [16:59<2:58:45,  3.57s/stock]D:\Projects\auto-select-stock\src\auto_select_stock\predict\data.py:76: RuntimeWarning: invalid value encountered in divide
  result["bb_position"] = np.where(bb_upper != bb_lower, (close - bb_lower) / (bb_upper - bb_lower), 0.5)
Collect signals 316/3317:   9%|¨         | 315/3317 [17:02<2:58:45,  3.57s/stock]Collect signals 316/3317:  10%|¨         | 316/3317 [17:02<2:56:08,  3.52s/stock]D:\Projects\auto-select-stock\src\auto_select_stock\predict\data.py:76: RuntimeWarning: invalid value encountered in divide
  result["bb_position"] = np.where(bb_upper != bb_lower, (close - bb_lower) / (bb_upper - bb_lower), 0.5)
Collect signals 317/3317:  10%|¨         | 316/3317 [17:06<2:56:08,  3.52s/stock]Collect signals 317/3317:  10%|¨         | 317/3317 [17:06<3:03:02,  3.66s/stock]D:\Projects\auto-select-stock\src\auto_select_stock\predict\data.py:76: RuntimeWarning: invalid value encountered in divide
  result["bb_position"] = np.where(bb_upper != bb_lower, (close - bb_lower) / (bb_upper - bb_lower), 0.5)
Collect signals 318/3317:  10%|¨         | 317/3317 [17:10<3:03:02,  3.66s/stock]Collect signals 318/3317:  10%|¨         | 318/3317 [17:10<3:01:18,  3.63s/stock]D:\Projects\auto-select-stock\src\auto_select_stock\predict\data.py:76: RuntimeWarning: invalid value encountered in divide
  result["bb_position"] = np.where(bb_upper != bb_lower, (close - bb_lower) / (bb_upper - bb_lower), 0.5)
Collect signals 319/3317:  10%|¨         | 318/3317 [17:14<3:01:18,  3.63s/stock]Collect signals 319/3317:  10%|¨         | 319/3317 [17:14<3:06:40,  3.74s/stock]D:\Projects\auto-select-stock\src\auto_select_stock\predict\data.py:76: RuntimeWarning: invalid value encountered in divide
  result["bb_position"] = np.where(bb_upper != bb_lower, (close - bb_lower) / (bb_upper - bb_lower), 0.5)
Collect signals 320/3317:  10%|¨         | 319/3317 [17:18<3:06:40,  3.74s/stock]Collect signals 320/3317:  10%|¨         | 320/3317 [17:18<3:11:30,  3.83s/stock]D:\Projects\auto-select-stock\src\auto_select_stock\predict\data.py:76: RuntimeWarning: invalid value encountered in divide
  result["bb_position"] = np.where(bb_upper != bb_lower, (close - bb_lower) / (bb_upper - bb_lower), 0.5)
Collect signals 321/3317:  10%|¨         | 320/3317 [17:21<3:11:30,  3.83s/stock]Collect signals 321/3317:  10%|¨         | 321/3317 [17:21<3:05:11,  3.71s/stock]D:\Projects\auto-select-stock\src\auto_select_stock\predict\data.py:76: RuntimeWarning: invalid value encountered in divide
  result["bb_position"] = np.where(bb_upper != bb_lower, (close - bb_lower) / (bb_upper - bb_lower), 0.5)
Collect signals 322/3317:  10%|¨         | 321/3317 [17:26<3:05:11,  3.71s/stock]Collect signals 322/3317:  10%|¨         | 322/3317 [17:26<3:10:18,  3.81s/stock]D:\Projects\auto-select-stock\src\auto_select_stock\predict\data.py:76: RuntimeWarning: invalid value encountered in divide
  result["bb_position"] = np.where(bb_upper != bb_lower, (close - bb_lower) / (bb_upper - bb_lower), 0.5)
Collect signals 323/3317:  10%|¨         | 322/3317 [17:29<3:10:18,  3.81s/stock]Collect signals 323/3317:  10%|¨         | 323/3317 [17:29<3:02:35,  3.66s/stock]D:\Projects\auto-select-stock\src\auto_select_stock\predict\data.py:76: RuntimeWarning: invalid value encountered in divide
  result["bb_position"] = np.where(bb_upper != bb_lower, (close - bb_lower) / (bb_upper - bb_lower), 0.5)
Collect signals 324/3317:  10%|¨         | 323/3317 [17:33<3:02:35,  3.66s/stock]Collect signals 324/3317:  10%|¨         | 324/3317 [17:33<3:05:44,  3.72s/stock]D:\Projects\auto-select-stock\src\auto_select_stock\predict\data.py:76: RuntimeWarning: invalid value encountered in divide
  result["bb_position"] = np.where(bb_upper != bb_lower, (close - bb_lower) / (bb_upper - bb_lower), 0.5)
Collect signals 325/3317:  10%|¨         | 324/3317 [17:36<3:05:44,  3.72s/stock]Collect signals 325/3317:  10%|¨         | 325/3317 [17:36<3:06:17,  3.74s/stock]D:\Projects\auto-select-stock\src\auto_select_stock\predict\data.py:76: RuntimeWarning: invalid value encountered in divide
  result["bb_position"] = np.where(bb_upper != bb_lower, (close - bb_lower) / (bb_upper - bb_lower), 0.5)
Collect signals 326/3317:  10%|¨         | 325/3317 [17:41<3:06:17,  3.74s/stock]Collect signals 326/3317:  10%|¨         | 326/3317 [17:41<3:16:57,  3.95s/stock]D:\Projects\auto-select-stock\src\auto_select_stock\predict\data.py:76: RuntimeWarning: invalid value encountered in divide
  result["bb_position"] = np.where(bb_upper != bb_lower, (close - bb_lower) / (bb_upper - bb_lower), 0.5)
Collect signals 327/3317:  10%|¨         | 326/3317 [17:45<3:16:57,  3.95s/stock]Collect signals 327/3317:  10%|¨         | 327/3317 [17:45<3:18:50,  3.99s/stock]D:\Projects\auto-select-stock\src\auto_select_stock\predict\data.py:76: RuntimeWarning: invalid value encountered in divide
  result["bb_position"] = np.where(bb_upper != bb_lower, (close - bb_lower) / (bb_upper - bb_lower), 0.5)
Collect signals 328/3317:  10%|¨         | 327/3317 [17:49<3:18:50,  3.99s/stock]Collect signals 328/3317:  10%|¨         | 328/3317 [17:49<3:19:20,  4.00s/stock]D:\Projects\auto-select-stock\src\auto_select_stock\predict\data.py:76: RuntimeWarning: invalid value encountered in divide
  result["bb_position"] = np.where(bb_upper != bb_lower, (close - bb_lower) / (bb_upper - bb_lower), 0.5)
Collect signals 329/3317:  10%|¨         | 328/3317 [17:53<3:19:20,  4.00s/stock]Collect signals 329/3317:  10%|¨         | 329/3317 [17:53<3:13:51,  3.89s/stock]D:\Projects\auto-select-stock\src\auto_select_stock\predict\data.py:76: RuntimeWarning: invalid value encountered in divide
  result["bb_position"] = np.where(bb_upper != bb_lower, (close - bb_lower) / (bb_upper - bb_lower), 0.5)
Collect signals 330/3317:  10%|¨         | 329/3317 [17:57<3:13:51,  3.89s/stock]Collect signals 330/3317:  10%|¨         | 330/3317 [17:57<3:16:42,  3.95s/stock]D:\Projects\auto-select-stock\src\auto_select_stock\predict\data.py:76: RuntimeWarning: invalid value encountered in divide
  result["bb_position"] = np.where(bb_upper != bb_lower, (close - bb_lower) / (bb_upper - bb_lower), 0.5)
Collect signals 331/3317:  10%|¨         | 330/3317 [18:00<3:16:42,  3.95s/stock]Collect signals 331/3317:  10%|¨         | 331/3317 [18:00<3:10:48,  3.83s/stock]D:\Projects\auto-select-stock\src\auto_select_stock\predict\data.py:76: RuntimeWarning: invalid value encountered in divide
  result["bb_position"] = np.where(bb_upper != bb_lower, (close - bb_lower) / (bb_upper - bb_lower), 0.5)
Collect signals 332/3317:  10%|¨         | 331/3317 [18:04<3:10:48,  3.83s/stock]Collect signals 332/3317:  10%|¨€         | 332/3317 [18:04<3:14:28,  3.91s/stock]D:\Projects\auto-select-stock\src\auto_select_stock\predict\data.py:76: RuntimeWarning: invalid value encountered in divide
  result["bb_position"] = np.where(bb_upper != bb_lower, (close - bb_lower) / (bb_upper - bb_lower), 0.5)
Collect signals 333/3317:  10%|¨€         | 332/3317 [18:09<3:14:28,  3.91s/stock]Collect signals 333/3317:  10%|¨€         | 333/3317 [18:09<3:18:17,  3.99s/stock]D:\Projects\auto-select-stock\src\auto_select_stock\predict\data.py:76: RuntimeWarning: invalid value encountered in divide
  result["bb_position"] = np.where(bb_upper != bb_lower, (close - bb_lower) / (bb_upper - bb_lower), 0.5)
Collect signals 334/3317:  10%|¨€         | 333/3317 [18:12<3:18:17,  3.99s/stock]Collect signals 334/3317:  10%|¨€         | 334/3317 [18:12<3:17:11,  3.97s/stock]D:\Projects\auto-select-stock\src\auto_select_stock\predict\data.py:76: RuntimeWarning: invalid value encountered in divide
  result["bb_position"] = np.where(bb_upper != bb_lower, (close - bb_lower) / (bb_upper - bb_lower), 0.5)
Collect signals 335/3317:  10%|¨€         | 334/3317 [18:17<3:17:11,  3.97s/stock]Collect signals 335/3317:  10%|¨€         | 335/3317 [18:17<3:21:12,  4.05s/stock]D:\Projects\auto-select-stock\src\auto_select_stock\predict\data.py:76: RuntimeWarning: invalid value encountered in divide
  result["bb_position"] = np.where(bb_upper != bb_lower, (close - bb_lower) / (bb_upper - bb_lower), 0.5)
Collect signals 336/3317:  10%|¨€         | 335/3317 [18:21<3:21:12,  4.05s/stock]Collect signals 336/3317:  10%|¨€         | 336/3317 [18:21<3:17:11,  3.97s/stock]D:\Projects\auto-select-stock\src\auto_select_stock\predict\data.py:76: RuntimeWarning: invalid value encountered in divide
  result["bb_position"] = np.where(bb_upper != bb_lower, (close - bb_lower) / (bb_upper - bb_lower), 0.5)
Collect signals 337/3317:  10%|¨€         | 336/3317 [18:25<3:17:11,  3.97s/stock]Collect signals 337/3317:  10%|¨€         | 337/3317 [18:25<3:18:21,  3.99s/stock]D:\Projects\auto-select-stock\src\auto_select_stock\predict\data.py:76: RuntimeWarning: invalid value encountered in divide
  result["bb_position"] = np.where(bb_upper != bb_lower, (close - bb_lower) / (bb_upper - bb_lower), 0.5)
Collect signals 338/3317:  10%|¨€         | 337/3317 [18:28<3:18:21,  3.99s/stock]Collect signals 338/3317:  10%|¨€         | 338/3317 [18:28<3:08:10,  3.79s/stock]D:\Projects\auto-select-stock\src\auto_select_stock\predict\data.py:76: RuntimeWarning: invalid value encountered in divide
  result["bb_position"] = np.where(bb_upper != bb_lower, (close - bb_lower) / (bb_upper - bb_lower), 0.5)
Collect signals 339/3317:  10%|¨€         | 338/3317 [18:32<3:08:10,  3.79s/stock]Collect signals 339/3317:  10%|¨€         | 339/3317 [18:32<3:08:03,  3.79s/stock]D:\Projects\auto-select-stock\src\auto_select_stock\predict\data.py:76: RuntimeWarning: invalid value encountered in divide
  result["bb_position"] = np.where(bb_upper != bb_lower, (close - bb_lower) / (bb_upper - bb_lower), 0.5)
Collect signals 340/3317:  10%|¨€         | 339/3317 [18:35<3:08:03,  3.79s/stock]Collect signals 340/3317:  10%|¨€         | 340/3317 [18:35<3:00:42,  3.64s/stock]D:\Projects\auto-select-stock\src\auto_select_stock\predict\data.py:76: RuntimeWarning: invalid value encountered in divide
  result["bb_position"] = np.where(bb_upper != bb_lower, (close - bb_lower) / (bb_upper - bb_lower), 0.5)
Collect signals 341/3317:  10%|¨€         | 340/3317 [18:39<3:00:42,  3.64s/stock]Collect signals 341/3317:  10%|¨€         | 341/3317 [18:39<3:00:50,  3.65s/stock]D:\Projects\auto-select-stock\src\auto_select_stock\predict\data.py:76: RuntimeWarning: invalid value encountered in divide
  result["bb_position"] = np.where(bb_upper != bb_lower, (close - bb_lower) / (bb_upper - bb_lower), 0.5)
Collect signals 342/3317:  10%|¨€         | 341/3317 [18:42<3:00:50,  3.65s/stock]Collect signals 342/3317:  10%|¨€         | 342/3317 [18:42<3:02:25,  3.68s/stock]D:\Projects\auto-select-stock\src\auto_select_stock\predict\data.py:76: RuntimeWarning: invalid value encountered in divide
  result["bb_position"] = np.where(bb_upper != bb_lower, (close - bb_lower) / (bb_upper - bb_lower), 0.5)
Collect signals 343/3317:  10%|¨€         | 342/3317 [18:46<3:02:25,  3.68s/stock]Collect signals 343/3317:  10%|¨€         | 343/3317 [18:46<2:56:40,  3.56s/stock]D:\Projects\auto-select-stock\src\auto_select_stock\predict\data.py:76: RuntimeWarning: invalid value encountered in divide
  result["bb_position"] = np.where(bb_upper != bb_lower, (close - bb_lower) / (bb_upper - bb_lower), 0.5)
Collect signals 344/3317:  10%|¨€         | 343/3317 [18:49<2:56:40,  3.56s/stock]Collect signals 344/3317:  10%|¨€         | 344/3317 [18:49<2:59:52,  3.63s/stock]D:\Projects\auto-select-stock\src\auto_select_stock\predict\data.py:76: RuntimeWarning: invalid value encountered in divide
  result["bb_position"] = np.where(bb_upper != bb_lower, (close - bb_lower) / (bb_upper - bb_lower), 0.5)
Collect signals 345/3317:  10%|¨€         | 344/3317 [18:53<2:59:52,  3.63s/stock]Collect signals 345/3317:  10%|¨€         | 345/3317 [18:53<2:55:10,  3.54s/stock]D:\Projects\auto-select-stock\src\auto_select_stock\predict\data.py:76: RuntimeWarning: invalid value encountered in divide
  result["bb_position"] = np.where(bb_upper != bb_lower, (close - bb_lower) / (bb_upper - bb_lower), 0.5)
Collect signals 346/3317:  10%|¨€         | 345/3317 [18:57<2:55:10,  3.54s/stock]Collect signals 346/3317:  10%|¨€         | 346/3317 [18:57<2:58:56,  3.61s/stock]D:\Projects\auto-select-stock\src\auto_select_stock\predict\data.py:76: RuntimeWarning: invalid value encountered in divide
  result["bb_position"] = np.where(bb_upper != bb_lower, (close - bb_lower) / (bb_upper - bb_lower), 0.5)
Collect signals 347/3317:  10%|¨€         | 346/3317 [19:00<2:58:56,  3.61s/stock]Collect signals 347/3317:  10%|¨€         | 347/3317 [19:00<2:54:08,  3.52s/stock]D:\Projects\auto-select-stock\src\auto_select_stock\predict\data.py:76: RuntimeWarning: invalid value encountered in divide
  result["bb_position"] = np.where(bb_upper != bb_lower, (close - bb_lower) / (bb_upper - bb_lower), 0.5)
Collect signals 348/3317:  10%|¨€         | 347/3317 [19:04<2:54:08,  3.52s/stock]Collect signals 348/3317:  10%|¨€         | 348/3317 [19:04<2:58:59,  3.62s/stock]D:\Projects\auto-select-stock\src\auto_select_stock\predict\data.py:76: RuntimeWarning: invalid value encountered in divide
  result["bb_position"] = np.where(bb_upper != bb_lower, (close - bb_lower) / (bb_upper - bb_lower), 0.5)
Collect signals 349/3317:  10%|¨€         | 348/3317 [19:07<2:58:59,  3.62s/stock]Collect signals 349/3317:  11%|¨€         | 349/3317 [19:07<3:01:15,  3.66s/stock]D:\Projects\auto-select-stock\src\auto_select_stock\predict\data.py:76: RuntimeWarning: invalid value encountered in divide
  result["bb_position"] = np.where(bb_upper != bb_lower, (close - bb_lower) / (bb_upper - bb_lower), 0.5)
Collect signals 350/3317:  11%|¨€         | 349/3317 [19:11<3:01:15,  3.66s/stock]Collect signals 350/3317:  11%|¨€         | 350/3317 [19:11<2:55:42,  3.55s/stock]D:\Projects\auto-select-stock\src\auto_select_stock\predict\data.py:76: RuntimeWarning: invalid value encountered in divide
  result["bb_position"] = np.where(bb_upper != bb_lower, (close - bb_lower) / (bb_upper - bb_lower), 0.5)
Collect signals 351/3317:  11%|¨€         | 350/3317 [19:15<2:55:42,  3.55s/stock]Collect signals 351/3317:  11%|¨€         | 351/3317 [19:15<2:59:36,  3.63s/stock]D:\Projects\auto-select-stock\src\auto_select_stock\predict\data.py:76: RuntimeWarning: invalid value encountered in divide
  result["bb_position"] = np.where(bb_upper != bb_lower, (close - bb_lower) / (bb_upper - bb_lower), 0.5)
Collect signals 352/3317:  11%|¨€         | 351/3317 [19:18<2:59:36,  3.63s/stock]Collect signals 352/3317:  11%|¨€         | 352/3317 [19:18<2:59:17,  3.63s/stock]D:\Projects\auto-select-stock\src\auto_select_stock\predict\data.py:76: RuntimeWarning: invalid value encountered in divide
  result["bb_position"] = np.where(bb_upper != bb_lower, (close - bb_lower) / (bb_upper - bb_lower), 0.5)
Collect signals 353/3317:  11%|¨€         | 352/3317 [19:22<2:59:17,  3.63s/stock]Collect signals 353/3317:  11%|¨€         | 353/3317 [19:22<3:06:15,  3.77s/stock]D:\Projects\auto-select-stock\src\auto_select_stock\predict\data.py:76: RuntimeWarning: invalid value encountered in divide
  result["bb_position"] = np.where(bb_upper != bb_lower, (close - bb_lower) / (bb_upper - bb_lower), 0.5)
Collect signals 354/3317:  11%|¨€         | 353/3317 [19:26<3:06:15,  3.77s/stock]Collect signals 354/3317:  11%|¨€         | 354/3317 [19:26<3:01:24,  3.67s/stock]D:\Projects\auto-select-stock\src\auto_select_stock\predict\data.py:76: RuntimeWarning: invalid value encountered in divide
  result["bb_position"] = np.where(bb_upper != bb_lower, (close - bb_lower) / (bb_upper - bb_lower), 0.5)
Collect signals 355/3317:  11%|¨€         | 354/3317 [19:30<3:01:24,  3.67s/stock]Collect signals 355/3317:  11%|¨€         | 355/3317 [19:30<3:03:17,  3.71s/stock]D:\Projects\auto-select-stock\src\auto_select_stock\predict\data.py:76: RuntimeWarning: invalid value encountered in divide
  result["bb_position"] = np.where(bb_upper != bb_lower, (close - bb_lower) / (bb_upper - bb_lower), 0.5)
Collect signals 356/3317:  11%|¨€         | 355/3317 [19:33<3:03:17,  3.71s/stock]Collect signals 356/3317:  11%|¨€         | 356/3317 [19:33<2:57:58,  3.61s/stock]D:\Projects\auto-select-stock\src\auto_select_stock\predict\data.py:76: RuntimeWarning: invalid value encountered in divide
  result["bb_position"] = np.where(bb_upper != bb_lower, (close - bb_lower) / (bb_upper - bb_lower), 0.5)
Collect signals 357/3317:  11%|¨€         | 356/3317 [19:37<2:57:58,  3.61s/stock]Collect signals 357/3317:  11%|¨€         | 357/3317 [19:37<3:00:33,  3.66s/stock]D:\Projects\auto-select-stock\src\auto_select_stock\predict\data.py:76: RuntimeWarning: invalid value encountered in divide
  result["bb_position"] = np.where(bb_upper != bb_lower, (close - bb_lower) / (bb_upper - bb_lower), 0.5)
Collect signals 358/3317:  11%|¨€         | 357/3317 [19:41<3:00:33,  3.66s/stock]Collect signals 358/3317:  11%|¨€         | 358/3317 [19:41<3:08:54,  3.83s/stock]D:\Projects\auto-select-stock\src\auto_select_stock\predict\data.py:76: RuntimeWarning: invalid value encountered in divide
  result["bb_position"] = np.where(bb_upper != bb_lower, (close - bb_lower) / (bb_upper - bb_lower), 0.5)
Collect signals 359/3317:  11%|¨€         | 358/3317 [19:45<3:08:54,  3.83s/stock]Collect signals 359/3317:  11%|¨€         | 359/3317 [19:45<3:07:47,  3.81s/stock]D:\Projects\auto-select-stock\src\auto_select_stock\predict\data.py:76: RuntimeWarning: invalid value encountered in divide
  result["bb_position"] = np.where(bb_upper != bb_lower, (close - bb_lower) / (bb_upper - bb_lower), 0.5)
Collect signals 360/3317:  11%|¨€         | 359/3317 [19:49<3:07:47,  3.81s/stock]Collect signals 360/3317:  11%|¨€         | 360/3317 [19:49<3:11:21,  3.88s/stock]D:\Projects\auto-select-stock\src\auto_select_stock\predict\data.py:76: RuntimeWarning: invalid value encountered in divide
  result["bb_position"] = np.where(bb_upper != bb_lower, (close - bb_lower) / (bb_upper - bb_lower), 0.5)
Collect signals 361/3317:  11%|¨€         | 360/3317 [19:52<3:11:21,  3.88s/stock]Collect signals 361/3317:  11%|¨€         | 361/3317 [19:52<3:08:57,  3.84s/stock]D:\Projects\auto-select-stock\src\auto_select_stock\predict\data.py:76: RuntimeWarning: invalid value encountered in divide
  result["bb_position"] = np.where(bb_upper != bb_lower, (close - bb_lower) / (bb_upper - bb_lower), 0.5)
Collect signals 362/3317:  11%|¨€         | 361/3317 [19:56<3:08:57,  3.84s/stock]Collect signals 362/3317:  11%|¨€         | 362/3317 [19:56<3:10:07,  3.86s/stock]D:\Projects\auto-select-stock\src\auto_select_stock\predict\data.py:76: RuntimeWarning: invalid value encountered in divide
  result["bb_position"] = np.where(bb_upper != bb_lower, (close - bb_lower) / (bb_upper - bb_lower), 0.5)
Collect signals 363/3317:  11%|¨€         | 362/3317 [20:00<3:10:07,  3.86s/stock]Collect signals 363/3317:  11%|¨€         | 363/3317 [20:00<3:06:35,  3.79s/stock]D:\Projects\auto-select-stock\src\auto_select_stock\predict\data.py:76: RuntimeWarning: invalid value encountered in divide
  result["bb_position"] = np.where(bb_upper != bb_lower, (close - bb_lower) / (bb_upper - bb_lower), 0.5)
Collect signals 364/3317:  11%|¨€         | 363/3317 [20:04<3:06:35,  3.79s/stock]Collect signals 364/3317:  11%|¨€         | 364/3317 [20:04<3:10:45,  3.88s/stock]D:\Projects\auto-select-stock\src\auto_select_stock\predict\data.py:76: RuntimeWarning: invalid value encountered in divide
  result["bb_position"] = np.where(bb_upper != bb_lower, (close - bb_lower) / (bb_upper - bb_lower), 0.5)
Collect signals 365/3317:  11%|¨€         | 364/3317 [20:08<3:10:45,  3.88s/stock]Collect signals 365/3317:  11%|¨€         | 365/3317 [20:08<3:07:30,  3.81s/stock]D:\Projects\auto-select-stock\src\auto_select_stock\predict\data.py:76: RuntimeWarning: invalid value encountered in divide
  result["bb_position"] = np.where(bb_upper != bb_lower, (close - bb_lower) / (bb_upper - bb_lower), 0.5)
Collect signals 366/3317:  11%|¨€         | 365/3317 [20:12<3:07:30,  3.81s/stock]Collect signals 366/3317:  11%|¨€         | 366/3317 [20:12<3:10:37,  3.88s/stock]D:\Projects\auto-select-stock\src\auto_select_stock\predict\data.py:76: RuntimeWarning: invalid value encountered in divide
  result["bb_position"] = np.where(bb_upper != bb_lower, (close - bb_lower) / (bb_upper - bb_lower), 0.5)
Collect signals 367/3317:  11%|¨€         | 366/3317 [20:16<3:10:37,  3.88s/stock]Collect signals 367/3317:  11%|¨€         | 367/3317 [20:16<3:13:40,  3.94s/stock]D:\Projects\auto-select-stock\src\auto_select_stock\predict\data.py:76: RuntimeWarning: invalid value encountered in divide
  result["bb_position"] = np.where(bb_upper != bb_lower, (close - bb_lower) / (bb_upper - bb_lower), 0.5)
Collect signals 368/3317:  11%|¨€         | 367/3317 [20:19<3:13:40,  3.94s/stock]Collect signals 368/3317:  11%|¨€         | 368/3317 [20:19<3:07:35,  3.82s/stock]D:\Projects\auto-select-stock\src\auto_select_stock\predict\data.py:76: RuntimeWarning: invalid value encountered in divide
  result["bb_position"] = np.where(bb_upper != bb_lower, (close - bb_lower) / (bb_upper - bb_lower), 0.5)
Collect signals 369/3317:  11%|¨€         | 368/3317 [20:24<3:07:35,  3.82s/stock]Collect signals 369/3317:  11%|¨€         | 369/3317 [20:24<3:14:57,  3.97s/stock]D:\Projects\auto-select-stock\src\auto_select_stock\predict\data.py:76: RuntimeWarning: invalid value encountered in divide
  result["bb_position"] = np.where(bb_upper != bb_lower, (close - bb_lower) / (bb_upper - bb_lower), 0.5)
Collect signals 370/3317:  11%|¨€         | 369/3317 [20:27<3:14:57,  3.97s/stock]Collect signals 370/3317:  11%|¨€         | 370/3317 [20:27<3:07:23,  3.82s/stock]D:\Projects\auto-select-stock\src\auto_select_stock\predict\data.py:76: RuntimeWarning: invalid value encountered in divide
  result["bb_position"] = np.where(bb_upper != bb_lower, (close - bb_lower) / (bb_upper - bb_lower), 0.5)
Collect signals 371/3317:  11%|¨€         | 370/3317 [20:31<3:07:23,  3.82s/stock]Collect signals 371/3317:  11%|¨€         | 371/3317 [20:31<3:12:14,  3.92s/stock]D:\Projects\auto-select-stock\src\auto_select_stock\predict\data.py:76: RuntimeWarning: invalid value encountered in divide
  result["bb_position"] = np.where(bb_upper != bb_lower, (close - bb_lower) / (bb_upper - bb_lower), 0.5)
Collect signals 372/3317:  11%|¨€         | 371/3317 [20:35<3:12:14,  3.92s/stock]Collect signals 372/3317:  11%|¨€         | 372/3317 [20:35<3:09:49,  3.87s/stock]D:\Projects\auto-select-stock\src\auto_select_stock\predict\data.py:76: RuntimeWarning: invalid value encountered in divide
  result["bb_position"] = np.where(bb_upper != bb_lower, (close - bb_lower) / (bb_upper - bb_lower), 0.5)
Collect signals 373/3317:  11%|¨€         | 372/3317 [20:39<3:09:49,  3.87s/stock]Collect signals 373/3317:  11%|¨€         | 373/3317 [20:39<3:12:31,  3.92s/stock]D:\Projects\auto-select-stock\src\auto_select_stock\predict\data.py:76: RuntimeWarning: invalid value encountered in divide
  result["bb_position"] = np.where(bb_upper != bb_lower, (close - bb_lower) / (bb_upper - bb_lower), 0.5)
Collect signals 374/3317:  11%|¨€         | 373/3317 [20:43<3:12:31,  3.92s/stock]Collect signals 374/3317:  11%|¨€¨‡        | 374/3317 [20:43<3:09:06,  3.86s/stock]D:\Projects\auto-select-stock\src\auto_select_stock\predict\data.py:76: RuntimeWarning: invalid value encountered in divide
  result["bb_position"] = np.where(bb_upper != bb_lower, (close - bb_lower) / (bb_upper - bb_lower), 0.5)
Collect signals 375/3317:  11%|¨€¨‡        | 374/3317 [20:47<3:09:06,  3.86s/stock]Collect signals 375/3317:  11%|¨€¨‡        | 375/3317 [20:47<3:17:19,  4.02s/stock]D:\Projects\auto-select-stock\src\auto_select_stock\predict\data.py:76: RuntimeWarning: invalid value encountered in divide
  result["bb_position"] = np.where(bb_upper != bb_lower, (close - bb_lower) / (bb_upper - bb_lower), 0.5)
Collect signals 376/3317:  11%|¨€¨‡        | 375/3317 [20:52<3:17:19,  4.02s/stock]Collect signals 376/3317:  11%|¨€¨‡        | 376/3317 [20:52<3:21:32,  4.11s/stock]D:\Projects\auto-select-stock\src\auto_select_stock\predict\data.py:76: RuntimeWarning: invalid value encountered in divide
  result["bb_position"] = np.where(bb_upper != bb_lower, (close - bb_lower) / (bb_upper - bb_lower), 0.5)
Collect signals 377/3317:  11%|¨€¨‡        | 376/3317 [20:56<3:21:32,  4.11s/stock]Collect signals 377/3317:  11%|¨€¨‡        | 377/3317 [20:56<3:21:55,  4.12s/stock]D:\Projects\auto-select-stock\src\auto_select_stock\predict\data.py:76: RuntimeWarning: invalid value encountered in divide
  result["bb_position"] = np.where(bb_upper != bb_lower, (close - bb_lower) / (bb_upper - bb_lower), 0.5)
Collect signals 378/3317:  11%|¨€¨‡        | 377/3317 [21:00<3:21:55,  4.12s/stock]Collect signals 378/3317:  11%|¨€¨‡        | 378/3317 [21:00<3:21:56,  4.12s/stock]D:\Projects\auto-select-stock\src\auto_select_stock\predict\data.py:76: RuntimeWarning: invalid value encountered in divide
  result["bb_position"] = np.where(bb_upper != bb_lower, (close - bb_lower) / (bb_upper - bb_lower), 0.5)
Collect signals 379/3317:  11%|¨€¨‡        | 378/3317 [21:03<3:21:56,  4.12s/stock]Collect signals 379/3317:  11%|¨€¨‡        | 379/3317 [21:03<3:04:31,  3.77s/stock]D:\Projects\auto-select-stock\src\auto_select_stock\predict\data.py:76: RuntimeWarning: invalid value encountered in divide
  result["bb_position"] = np.where(bb_upper != bb_lower, (close - bb_lower) / (bb_upper - bb_lower), 0.5)
Collect signals 380/3317:  11%|¨€¨‡        | 379/3317 [21:07<3:04:31,  3.77s/stock]Collect signals 380/3317:  11%|¨€¨‡        | 380/3317 [21:07<3:04:12,  3.76s/stock]D:\Projects\auto-select-stock\src\auto_select_stock\predict\data.py:76: RuntimeWarning: invalid value encountered in divide
  result["bb_position"] = np.where(bb_upper != bb_lower, (close - bb_lower) / (bb_upper - bb_lower), 0.5)
Collect signals 381/3317:  11%|¨€¨‡        | 380/3317 [21:10<3:04:12,  3.76s/stock]Collect signals 381/3317:  11%|¨€¨‡        | 381/3317 [21:10<2:55:26,  3.59s/stock]D:\Projects\auto-select-stock\src\auto_select_stock\predict\data.py:76: RuntimeWarning: invalid value encountered in divide
  result["bb_position"] = np.where(bb_upper != bb_lower, (close - bb_lower) / (bb_upper - bb_lower), 0.5)
Collect signals 382/3317:  11%|¨€¨‡        | 381/3317 [21:13<2:55:26,  3.59s/stock]Collect signals 382/3317:  12%|¨€¨‡        | 382/3317 [21:13<2:56:42,  3.61s/stock]D:\Projects\auto-select-stock\src\auto_select_stock\predict\data.py:76: RuntimeWarning: invalid value encountered in divide
  result["bb_position"] = np.where(bb_upper != bb_lower, (close - bb_lower) / (bb_upper - bb_lower), 0.5)
Collect signals 383/3317:  12%|¨€¨‡        | 382/3317 [21:17<2:56:42,  3.61s/stock]Collect signals 383/3317:  12%|¨€¨‡        | 383/3317 [21:17<3:01:06,  3.70s/stock]D:\Projects\auto-select-stock\src\auto_select_stock\predict\data.py:76: RuntimeWarning: invalid value encountered in divide
  result["bb_position"] = np.where(bb_upper != bb_lower, (close - bb_lower) / (bb_upper - bb_lower), 0.5)
Collect signals 384/3317:  12%|¨€¨‡        | 383/3317 [21:20<3:01:06,  3.70s/stock]Collect signals 384/3317:  12%|¨€¨‡        | 384/3317 [21:20<2:52:54,  3.54s/stock]D:\Projects\auto-select-stock\src\auto_select_stock\predict\data.py:76: RuntimeWarning: invalid value encountered in divide
  result["bb_position"] = np.where(bb_upper != bb_lower, (close - bb_lower) / (bb_upper - bb_lower), 0.5)
Collect signals 385/3317:  12%|¨€¨‡        | 384/3317 [21:24<2:52:54,  3.54s/stock]Collect signals 385/3317:  12%|¨€¨‡        | 385/3317 [21:24<2:52:46,  3.54s/stock]D:\Projects\auto-select-stock\src\auto_select_stock\predict\data.py:76: RuntimeWarning: invalid value encountered in divide
  result["bb_position"] = np.where(bb_upper != bb_lower, (close - bb_lower) / (bb_upper - bb_lower), 0.5)
Collect signals 386/3317:  12%|¨€¨‡        | 385/3317 [21:27<2:52:46,  3.54s/stock]Collect signals 386/3317:  12%|¨€¨‡        | 386/3317 [21:27<2:48:30,  3.45s/stock]D:\Projects\auto-select-stock\src\auto_select_stock\predict\data.py:76: RuntimeWarning: invalid value encountered in divide
  result["bb_position"] = np.where(bb_upper != bb_lower, (close - bb_lower) / (bb_upper - bb_lower), 0.5)
Collect signals 387/3317:  12%|¨€¨‡        | 386/3317 [21:31<2:48:30,  3.45s/stock]Collect signals 387/3317:  12%|¨€¨‡        | 387/3317 [21:31<2:48:43,  3.46s/stock]D:\Projects\auto-select-stock\src\auto_select_stock\predict\data.py:76: RuntimeWarning: invalid value encountered in divide
  result["bb_position"] = np.where(bb_upper != bb_lower, (close - bb_lower) / (bb_upper - bb_lower), 0.5)
Collect signals 388/3317:  12%|¨€¨‡        | 387/3317 [21:34<2:48:43,  3.46s/stock]Collect signals 388/3317:  12%|¨€¨‡        | 388/3317 [21:34<2:42:19,  3.33s/stock]D:\Projects\auto-select-stock\src\auto_select_stock\predict\data.py:76: RuntimeWarning: invalid value encountered in divide
  result["bb_position"] = np.where(bb_upper != bb_lower, (close - bb_lower) / (bb_upper - bb_lower), 0.5)
Collect signals 389/3317:  12%|¨€¨‡        | 388/3317 [21:37<2:42:19,  3.33s/stock]Collect signals 389/3317:  12%|¨€¨‡        | 389/3317 [21:37<2:46:25,  3.41s/stock]D:\Projects\auto-select-stock\src\auto_select_stock\predict\data.py:76: RuntimeWarning: invalid value encountered in divide
  result["bb_position"] = np.where(bb_upper != bb_lower, (close - bb_lower) / (bb_upper - bb_lower), 0.5)
Collect signals 390/3317:  12%|¨€¨‡        | 389/3317 [21:40<2:46:25,  3.41s/stock]Collect signals 390/3317:  12%|¨€¨‡        | 390/3317 [21:40<2:41:38,  3.31s/stock]D:\Projects\auto-select-stock\src\auto_select_stock\predict\data.py:76: RuntimeWarning: invalid value encountered in divide
  result["bb_position"] = np.where(bb_upper != bb_lower, (close - bb_lower) / (bb_upper - bb_lower), 0.5)
Collect signals 391/3317:  12%|¨€¨‡        | 390/3317 [21:44<2:41:38,  3.31s/stock]Collect signals 391/3317:  12%|¨€¨‡        | 391/3317 [21:44<2:45:07,  3.39s/stock]D:\Projects\auto-select-stock\src\auto_select_stock\predict\data.py:76: RuntimeWarning: invalid value encountered in divide
  result["bb_position"] = np.where(bb_upper != bb_lower, (close - bb_lower) / (bb_upper - bb_lower), 0.5)
Collect signals 392/3317:  12%|¨€¨‡        | 391/3317 [21:47<2:45:07,  3.39s/stock]Collect signals 392/3317:  12%|¨€¨‡        | 392/3317 [21:47<2:41:03,  3.30s/stock]D:\Projects\auto-select-stock\src\auto_select_stock\predict\data.py:76: RuntimeWarning: invalid value encountered in divide
  result["bb_position"] = np.where(bb_upper != bb_lower, (close - bb_lower) / (bb_upper - bb_lower), 0.5)
Collect signals 393/3317:  12%|¨€¨‡        | 392/3317 [21:51<2:41:03,  3.30s/stock]Collect signals 393/3317:  12%|¨€¨‡        | 393/3317 [21:51<2:43:01,  3.35s/stock]D:\Projects\auto-select-stock\src\auto_select_stock\predict\data.py:76: RuntimeWarning: invalid value encountered in divide
  result["bb_position"] = np.where(bb_upper != bb_lower, (close - bb_lower) / (bb_upper - bb_lower), 0.5)
Collect signals 394/3317:  12%|¨€¨‡        | 393/3317 [21:54<2:43:01,  3.35s/stock]Collect signals 394/3317:  12%|¨€¨‡        | 394/3317 [21:54<2:44:23,  3.37s/stock]D:\Projects\auto-select-stock\src\auto_select_stock\predict\data.py:76: RuntimeWarning: invalid value encountered in divide
  result["bb_position"] = np.where(bb_upper != bb_lower, (close - bb_lower) / (bb_upper - bb_lower), 0.5)
Collect signals 395/3317:  12%|¨€¨‡        | 394/3317 [21:57<2:44:23,  3.37s/stock]Collect signals 395/3317:  12%|¨€¨‡        | 395/3317 [21:57<2:40:27,  3.29s/stock]D:\Projects\auto-select-stock\src\auto_select_stock\predict\data.py:76: RuntimeWarning: invalid value encountered in divide
  result["bb_position"] = np.where(bb_upper != bb_lower, (close - bb_lower) / (bb_upper - bb_lower), 0.5)
Collect signals 396/3317:  12%|¨€¨‡        | 395/3317 [22:01<2:40:27,  3.29s/stock]Collect signals 396/3317:  12%|¨€¨‡        | 396/3317 [22:01<2:43:45,  3.36s/stock]D:\Projects\auto-select-stock\src\auto_select_stock\predict\data.py:76: RuntimeWarning: invalid value encountered in divide
  result["bb_position"] = np.where(bb_upper != bb_lower, (close - bb_lower) / (bb_upper - bb_lower), 0.5)
Collect signals 397/3317:  12%|¨€¨‡        | 396/3317 [22:04<2:43:45,  3.36s/stock]Collect signals 397/3317:  12%|¨€¨‡        | 397/3317 [22:04<2:40:51,  3.31s/stock]D:\Projects\auto-select-stock\src\auto_select_stock\predict\data.py:76: RuntimeWarning: invalid value encountered in divide
  result["bb_position"] = np.where(bb_upper != bb_lower, (close - bb_lower) / (bb_upper - bb_lower), 0.5)
Collect signals 398/3317:  12%|¨€¨‡        | 397/3317 [22:07<2:40:51,  3.31s/stock]Collect signals 398/3317:  12%|¨€¨‡        | 398/3317 [22:07<2:42:46,  3.35s/stock]D:\Projects\auto-select-stock\src\auto_select_stock\predict\data.py:76: RuntimeWarning: invalid value encountered in divide
  result["bb_position"] = np.where(bb_upper != bb_lower, (close - bb_lower) / (bb_upper - bb_lower), 0.5)
Collect signals 399/3317:  12%|¨€¨‡        | 398/3317 [22:10<2:42:46,  3.35s/stock]Collect signals 399/3317:  12%|¨€¨‡        | 399/3317 [22:10<2:38:57,  3.27s/stock]D:\Projects\auto-select-stock\src\auto_select_stock\predict\data.py:76: RuntimeWarning: invalid value encountered in divide
  result["bb_position"] = np.where(bb_upper != bb_lower, (close - bb_lower) / (bb_upper - bb_lower), 0.5)
Collect signals 400/3317:  12%|¨€¨‡        | 399/3317 [22:14<2:38:57,  3.27s/stock]Collect signals 400/3317:  12%|¨€¨‡        | 400/3317 [22:14<2:40:55,  3.31s/stock]D:\Projects\auto-select-stock\src\auto_select_stock\predict\data.py:76: RuntimeWarning: invalid value encountered in divide
  result["bb_position"] = np.where(bb_upper != bb_lower, (close - bb_lower) / (bb_upper - bb_lower), 0.5)
Collect signals 401/3317:  12%|¨€¨‡        | 400/3317 [22:17<2:40:55,  3.31s/stock]Collect signals 401/3317:  12%|¨€¨‡        | 401/3317 [22:17<2:37:56,  3.25s/stock]D:\Projects\auto-select-stock\src\auto_select_stock\predict\data.py:76: RuntimeWarning: invalid value encountered in divide
  result["bb_position"] = np.where(bb_upper != bb_lower, (close - bb_lower) / (bb_upper - bb_lower), 0.5)
Collect signals 402/3317:  12%|¨€¨‡        | 401/3317 [22:20<2:37:56,  3.25s/stock]Collect signals 402/3317:  12%|¨€¨‡        | 402/3317 [22:20<2:41:33,  3.33s/stock]D:\Projects\auto-select-stock\src\auto_select_stock\predict\data.py:76: RuntimeWarning: invalid value encountered in divide
  result["bb_position"] = np.where(bb_upper != bb_lower, (close - bb_lower) / (bb_upper - bb_lower), 0.5)
Collect signals 403/3317:  12%|¨€¨‡        | 402/3317 [22:23<2:41:33,  3.33s/stock]Collect signals 403/3317:  12%|¨€¨‡        | 403/3317 [22:23<2:37:39,  3.25s/stock]D:\Projects\auto-select-stock\src\auto_select_stock\predict\data.py:76: RuntimeWarning: invalid value encountered in divide
  result["bb_position"] = np.where(bb_upper != bb_lower, (close - bb_lower) / (bb_upper - bb_lower), 0.5)
Collect signals 404/3317:  12%|¨€¨‡        | 403/3317 [22:27<2:37:39,  3.25s/stock]Collect signals 404/3317:  12%|¨€¨‡        | 404/3317 [22:27<2:39:25,  3.28s/stock]D:\Projects\auto-select-stock\src\auto_select_stock\predict\data.py:76: RuntimeWarning: invalid value encountered in divide
  result["bb_position"] = np.where(bb_upper != bb_lower, (close - bb_lower) / (bb_upper - bb_lower), 0.5)
Collect signals 405/3317:  12%|¨€¨‡        | 404/3317 [22:30<2:39:25,  3.28s/stock]Collect signals 405/3317:  12%|¨€¨‡        | 405/3317 [22:30<2:42:00,  3.34s/stock]D:\Projects\auto-select-stock\src\auto_select_stock\predict\data.py:76: RuntimeWarning: invalid value encountered in divide
  result["bb_position"] = np.where(bb_upper != bb_lower, (close - bb_lower) / (bb_upper - bb_lower), 0.5)
Collect signals 406/3317:  12%|¨€¨‡        | 405/3317 [22:33<2:42:00,  3.34s/stock]Collect signals 406/3317:  12%|¨€¨‡        | 406/3317 [22:33<2:37:37,  3.25s/stock]D:\Projects\auto-select-stock\src\auto_select_stock\predict\data.py:76: RuntimeWarning: invalid value encountered in divide
  result["bb_position"] = np.where(bb_upper != bb_lower, (close - bb_lower) / (bb_upper - bb_lower), 0.5)
Collect signals 407/3317:  12%|¨€¨‡        | 406/3317 [22:37<2:37:37,  3.25s/stock]Collect signals 407/3317:  12%|¨€¨‡        | 407/3317 [22:37<2:40:32,  3.31s/stock]D:\Projects\auto-select-stock\src\auto_select_stock\predict\data.py:76: RuntimeWarning: invalid value encountered in divide
  result["bb_position"] = np.where(bb_upper != bb_lower, (close - bb_lower) / (bb_upper - bb_lower), 0.5)
Collect signals 408/3317:  12%|¨€¨‡        | 407/3317 [22:40<2:40:32,  3.31s/stock]Collect signals 408/3317:  12%|¨€¨‡        | 408/3317 [22:40<2:37:51,  3.26s/stock]D:\Projects\auto-select-stock\src\auto_select_stock\predict\data.py:76: RuntimeWarning: invalid value encountered in divide
  result["bb_position"] = np.where(bb_upper != bb_lower, (close - bb_lower) / (bb_upper - bb_lower), 0.5)
Collect signals 409/3317:  12%|¨€¨‡        | 408/3317 [22:43<2:37:51,  3.26s/stock]Collect signals 409/3317:  12%|¨€¨‡        | 409/3317 [22:43<2:41:55,  3.34s/stock]D:\Projects\auto-select-stock\src\auto_select_stock\predict\data.py:76: RuntimeWarning: invalid value encountered in divide
  result["bb_position"] = np.where(bb_upper != bb_lower, (close - bb_lower) / (bb_upper - bb_lower), 0.5)
Collect signals 410/3317:  12%|¨€¨‡        | 409/3317 [22:46<2:41:55,  3.34s/stock]Collect signals 410/3317:  12%|¨€¨‡        | 410/3317 [22:46<2:38:30,  3.27s/stock]D:\Projects\auto-select-stock\src\auto_select_stock\predict\data.py:76: RuntimeWarning: invalid value encountered in divide
  result["bb_position"] = np.where(bb_upper != bb_lower, (close - bb_lower) / (bb_upper - bb_lower), 0.5)
Collect signals 411/3317:  12%|¨€¨‡        | 410/3317 [22:50<2:38:30,  3.27s/stock]Collect signals 411/3317:  12%|¨€¨‡        | 411/3317 [22:50<2:42:54,  3.36s/stock]D:\Projects\auto-select-stock\src\auto_select_stock\predict\data.py:76: RuntimeWarning: invalid value encountered in divide
  result["bb_position"] = np.where(bb_upper != bb_lower, (close - bb_lower) / (bb_upper - bb_lower), 0.5)
Collect signals 412/3317:  12%|¨€¨‡        | 411/3317 [22:53<2:42:54,  3.36s/stock]Collect signals 412/3317:  12%|¨€¨‡        | 412/3317 [22:53<2:38:57,  3.28s/stock]D:\Projects\auto-select-stock\src\auto_select_stock\predict\data.py:76: RuntimeWarning: invalid value encountered in divide
  result["bb_position"] = np.where(bb_upper != bb_lower, (close - bb_lower) / (bb_upper - bb_lower), 0.5)
Collect signals 413/3317:  12%|¨€¨‡        | 412/3317 [22:57<2:38:57,  3.28s/stock]Collect signals 413/3317:  12%|¨€¨‡        | 413/3317 [22:57<2:42:07,  3.35s/stock]D:\Projects\auto-select-stock\src\auto_select_stock\predict\data.py:76: RuntimeWarning: invalid value encountered in divide
  result["bb_position"] = np.where(bb_upper != bb_lower, (close - bb_lower) / (bb_upper - bb_lower), 0.5)
Collect signals 414/3317:  12%|¨€¨‡        | 413/3317 [23:00<2:42:07,  3.35s/stock]Collect signals 414/3317:  12%|¨€¨‡        | 414/3317 [23:00<2:43:34,  3.38s/stock]D:\Projects\auto-select-stock\src\auto_select_stock\predict\data.py:76: RuntimeWarning: invalid value encountered in divide
  result["bb_position"] = np.where(bb_upper != bb_lower, (close - bb_lower) / (bb_upper - bb_lower), 0.5)
Collect signals 415/3317:  12%|¨€¨‡        | 414/3317 [23:03<2:43:34,  3.38s/stock]Collect signals 415/3317:  13%|¨€¨†        | 415/3317 [23:03<2:39:05,  3.29s/stock]D:\Projects\auto-select-stock\src\auto_select_stock\predict\data.py:76: RuntimeWarning: invalid value encountered in divide
  result["bb_position"] = np.where(bb_upper != bb_lower, (close - bb_lower) / (bb_upper - bb_lower), 0.5)
Collect signals 416/3317:  13%|¨€¨†        | 415/3317 [23:07<2:39:05,  3.29s/stock]Collect signals 416/3317:  13%|¨€¨†        | 416/3317 [23:07<2:39:27,  3.30s/stock]D:\Projects\auto-select-stock\src\auto_select_stock\predict\data.py:76: RuntimeWarning: invalid value encountered in divide
  result["bb_position"] = np.where(bb_upper != bb_lower, (close - bb_lower) / (bb_upper - bb_lower), 0.5)
Collect signals 417/3317:  13%|¨€¨†        | 416/3317 [23:09<2:39:27,  3.30s/stock]Collect signals 417/3317:  13%|¨€¨†        | 417/3317 [23:09<2:33:53,  3.18s/stock]D:\Projects\auto-select-stock\src\auto_select_stock\predict\data.py:76: RuntimeWarning: invalid value encountered in divide
  result["bb_position"] = np.where(bb_upper != bb_lower, (close - bb_lower) / (bb_upper - bb_lower), 0.5)
Collect signals 418/3317:  13%|¨€¨†        | 417/3317 [23:13<2:33:53,  3.18s/stock]Collect signals 418/3317:  13%|¨€¨†        | 418/3317 [23:13<2:36:04,  3.23s/stock]D:\Projects\auto-select-stock\src\auto_select_stock\predict\data.py:76: RuntimeWarning: invalid value encountered in divide
  result["bb_position"] = np.where(bb_upper != bb_lower, (close - bb_lower) / (bb_upper - bb_lower), 0.5)
Collect signals 419/3317:  13%|¨€¨†        | 418/3317 [23:16<2:36:04,  3.23s/stock]Collect signals 419/3317:  13%|¨€¨†        | 419/3317 [23:16<2:30:28,  3.12s/stock]D:\Projects\auto-select-stock\src\auto_select_stock\predict\data.py:76: RuntimeWarning: invalid value encountered in divide
  result["bb_position"] = np.where(bb_upper != bb_lower, (close - bb_lower) / (bb_upper - bb_lower), 0.5)
Collect signals 420/3317:  13%|¨€¨†        | 419/3317 [23:19<2:30:28,  3.12s/stock]Collect signals 420/3317:  13%|¨€¨†        | 420/3317 [23:19<2:30:00,  3.11s/stock]D:\Projects\auto-select-stock\src\auto_select_stock\predict\data.py:76: RuntimeWarning: invalid value encountered in divide
  result["bb_position"] = np.where(bb_upper != bb_lower, (close - bb_lower) / (bb_upper - bb_lower), 0.5)
Collect signals 421/3317:  13%|¨€¨†        | 420/3317 [23:22<2:30:00,  3.11s/stock]Collect signals 421/3317:  13%|¨€¨†        | 421/3317 [23:22<2:29:19,  3.09s/stock]D:\Projects\auto-select-stock\src\auto_select_stock\predict\data.py:76: RuntimeWarning: invalid value encountered in divide
  result["bb_position"] = np.where(bb_upper != bb_lower, (close - bb_lower) / (bb_upper - bb_lower), 0.5)
Collect signals 422/3317:  13%|¨€¨†        | 421/3317 [23:24<2:29:19,  3.09s/stock]Collect signals 422/3317:  13%|¨€¨†        | 422/3317 [23:24<2:23:36,  2.98s/stock]D:\Projects\auto-select-stock\src\auto_select_stock\predict\data.py:76: RuntimeWarning: invalid value encountered in divide
  result["bb_position"] = np.where(bb_upper != bb_lower, (close - bb_lower) / (bb_upper - bb_lower), 0.5)
Collect signals 423/3317:  13%|¨€¨†        | 422/3317 [23:28<2:23:36,  2.98s/stock]Collect signals 423/3317:  13%|¨€¨†        | 423/3317 [23:28<2:24:18,  2.99s/stock]D:\Projects\auto-select-stock\src\auto_select_stock\predict\data.py:76: RuntimeWarning: invalid value encountered in divide
  result["bb_position"] = np.where(bb_upper != bb_lower, (close - bb_lower) / (bb_upper - bb_lower), 0.5)
Collect signals 424/3317:  13%|¨€¨†        | 423/3317 [23:30<2:24:18,  2.99s/stock]Collect signals 424/3317:  13%|¨€¨†        | 424/3317 [23:30<2:20:04,  2.91s/stock]D:\Projects\auto-select-stock\src\auto_select_stock\predict\data.py:76: RuntimeWarning: invalid value encountered in divide
  result["bb_position"] = np.where(bb_upper != bb_lower, (close - bb_lower) / (bb_upper - bb_lower), 0.5)
Collect signals 425/3317:  13%|¨€¨†        | 424/3317 [23:33<2:20:04,  2.91s/stock]Collect signals 425/3317:  13%|¨€¨†        | 425/3317 [23:33<2:24:47,  3.00s/stock]D:\Projects\auto-select-stock\src\auto_select_stock\predict\data.py:76: RuntimeWarning: invalid value encountered in divide
  result["bb_position"] = np.where(bb_upper != bb_lower, (close - bb_lower) / (bb_upper - bb_lower), 0.5)
Collect signals 426/3317:  13%|¨€¨†        | 425/3317 [23:36<2:24:47,  3.00s/stock]Collect signals 426/3317:  13%|¨€¨†        | 426/3317 [23:36<2:19:02,  2.89s/stock]D:\Projects\auto-select-stock\src\auto_select_stock\predict\data.py:76: RuntimeWarning: invalid value encountered in divide
  result["bb_position"] = np.where(bb_upper != bb_lower, (close - bb_lower) / (bb_upper - bb_lower), 0.5)
Collect signals 427/3317:  13%|¨€¨†        | 426/3317 [23:39<2:19:02,  2.89s/stock]Collect signals 427/3317:  13%|¨€¨†        | 427/3317 [23:39<2:21:48,  2.94s/stock]D:\Projects\auto-select-stock\src\auto_select_stock\predict\data.py:76: RuntimeWarning: invalid value encountered in divide
  result["bb_position"] = np.where(bb_upper != bb_lower, (close - bb_lower) / (bb_upper - bb_lower), 0.5)
Collect signals 428/3317:  13%|¨€¨†        | 427/3317 [23:42<2:21:48,  2.94s/stock]Collect signals 428/3317:  13%|¨€¨†        | 428/3317 [23:42<2:18:44,  2.88s/stock]D:\Projects\auto-select-stock\src\auto_select_stock\predict\data.py:76: RuntimeWarning: invalid value encountered in divide
  result["bb_position"] = np.where(bb_upper != bb_lower, (close - bb_lower) / (bb_upper - bb_lower), 0.5)
Collect signals 429/3317:  13%|¨€¨†        | 428/3317 [23:45<2:18:44,  2.88s/stock]Collect signals 429/3317:  13%|¨€¨†        | 429/3317 [23:45<2:22:27,  2.96s/stock]D:\Projects\auto-select-stock\src\auto_select_stock\predict\data.py:76: RuntimeWarning: invalid value encountered in divide
  result["bb_position"] = np.where(bb_upper != bb_lower, (close - bb_lower) / (bb_upper - bb_lower), 0.5)
Collect signals 430/3317:  13%|¨€¨†        | 429/3317 [23:48<2:22:27,  2.96s/stock]Collect signals 430/3317:  13%|¨€¨†        | 430/3317 [23:48<2:24:44,  3.01s/stock]D:\Projects\auto-select-stock\src\auto_select_stock\predict\data.py:76: RuntimeWarning: invalid value encountered in divide
  result["bb_position"] = np.where(bb_upper != bb_lower, (close - bb_lower) / (bb_upper - bb_lower), 0.5)
Collect signals 431/3317:  13%|¨€¨†        | 430/3317 [23:51<2:24:44,  3.01s/stock]Collect signals 431/3317:  13%|¨€¨†        | 431/3317 [23:51<2:19:33,  2.90s/stock]D:\Projects\auto-select-stock\src\auto_select_stock\predict\data.py:76: RuntimeWarning: invalid value encountered in divide
  result["bb_position"] = np.where(bb_upper != bb_lower, (close - bb_lower) / (bb_upper - bb_lower), 0.5)
Collect signals 432/3317:  13%|¨€¨†        | 431/3317 [23:54<2:19:33,  2.90s/stock]Collect signals 432/3317:  13%|¨€¨†        | 432/3317 [23:54<2:21:12,  2.94s/stock]D:\Projects\auto-select-stock\src\auto_select_stock\predict\data.py:76: RuntimeWarning: invalid value encountered in divide
  result["bb_position"] = np.where(bb_upper != bb_lower, (close - bb_lower) / (bb_upper - bb_lower), 0.5)
Collect signals 433/3317:  13%|¨€¨†        | 432/3317 [23:54<2:21:12,  2.94s/stock]D:\Projects\auto-select-stock\src\auto_select_stock\predict\data.py:76: RuntimeWarning: invalid value encountered in divide
  result["bb_position"] = np.where(bb_upper != bb_lower, (close - bb_lower) / (bb_upper - bb_lower), 0.5)
Collect signals 434/3317:  13%|¨€¨†        | 433/3317 [23:54<2:21:09,  2.94s/stock]D:\Projects\auto-select-stock\src\auto_select_stock\predict\data.py:76: RuntimeWarning: invalid value encountered in divide
  result["bb_position"] = np.where(bb_upper != bb_lower, (close - bb_lower) / (bb_upper - bb_lower), 0.5)
Collect signals 435/3317:  13%|¨€¨†        | 434/3317 [23:56<2:21:07,  2.94s/stock]Collect signals 435/3317:  13%|¨€¨†        | 435/3317 [23:56<1:19:05,  1.65s/stock]D:\Projects\auto-select-stock\src\auto_select_stock\predict\data.py:76: RuntimeWarning: invalid value encountered in divide
  result["bb_position"] = np.where(bb_upper != bb_lower, (close - bb_lower) / (bb_upper - bb_lower), 0.5)
Collect signals 436/3317:  13%|¨€¨†        | 435/3317 [23:57<1:19:05,  1.65s/stock]Collect signals 436/3317:  13%|¨€¨†        | 436/3317 [23:57<1:18:07,  1.63s/stock]D:\Projects\auto-select-stock\src\auto_select_stock\predict\data.py:76: RuntimeWarning: invalid value encountered in divide
  result["bb_position"] = np.where(bb_upper != bb_lower, (close - bb_lower) / (bb_upper - bb_lower), 0.5)
Collect signals 437/3317:  13%|¨€¨†        | 436/3317 [23:58<1:18:07,  1.63s/stock]Collect signals 437/3317:  13%|¨€¨†        | 437/3317 [23:58<1:13:04,  1.52s/stock]D:\Projects\auto-select-stock\src\auto_select_stock\predict\data.py:76: RuntimeWarning: invalid value encountered in divide
  result["bb_position"] = np.where(bb_upper != bb_lower, (close - bb_lower) / (bb_upper - bb_lower), 0.5)
Collect signals 438/3317:  13%|¨€¨†        | 437/3317 [24:00<1:13:04,  1.52s/stock]Collect signals 438/3317:  13%|¨€¨†        | 438/3317 [24:00<1:18:52,  1.64s/stock]D:\Projects\auto-select-stock\src\auto_select_stock\predict\data.py:76: RuntimeWarning: invalid value encountered in divide
  result["bb_position"] = np.where(bb_upper != bb_lower, (close - bb_lower) / (bb_upper - bb_lower), 0.5)
Collect signals 439/3317:  13%|¨€¨†        | 438/3317 [24:03<1:18:52,  1.64s/stock]Collect signals 439/3317:  13%|¨€¨†        | 439/3317 [24:03<1:36:11,  2.01s/stock]D:\Projects\auto-select-stock\src\auto_select_stock\predict\data.py:76: RuntimeWarning: invalid value encountered in divide
  result["bb_position"] = np.where(bb_upper != bb_lower, (close - bb_lower) / (bb_upper - bb_lower), 0.5)
Collect signals 440/3317:  13%|¨€¨†        | 439/3317 [24:06<1:36:11,  2.01s/stock]Collect signals 440/3317:  13%|¨€¨†        | 440/3317 [24:06<1:39:10,  2.07s/stock]D:\Projects\auto-select-stock\src\auto_select_stock\predict\data.py:76: RuntimeWarning: invalid value encountered in divide
  result["bb_position"] = np.where(bb_upper != bb_lower, (close - bb_lower) / (bb_upper - bb_lower), 0.5)
Collect signals 441/3317:  13%|¨€¨†        | 440/3317 [24:08<1:39:10,  2.07s/stock]Collect signals 441/3317:  13%|¨€¨†        | 441/3317 [24:08<1:36:55,  2.02s/stock]D:\Projects\auto-select-stock\src\auto_select_stock\predict\data.py:76: RuntimeWarning: invalid value encountered in divide
  result["bb_position"] = np.where(bb_upper != bb_lower, (close - bb_lower) / (bb_upper - bb_lower), 0.5)
Collect signals 442/3317:  13%|¨€¨†        | 441/3317 [24:10<1:36:55,  2.02s/stock]Collect signals 442/3317:  13%|¨€¨†        | 442/3317 [24:10<1:35:47,  2.00s/stock]D:\Projects\auto-select-stock\src\auto_select_stock\predict\data.py:76: RuntimeWarning: invalid value encountered in divide
  result["bb_position"] = np.where(bb_upper != bb_lower, (close - bb_lower) / (bb_upper - bb_lower), 0.5)
Collect signals 443/3317:  13%|¨€¨†        | 442/3317 [24:11<1:35:47,  2.00s/stock]Collect signals 443/3317:  13%|¨€¨†        | 443/3317 [24:11<1:34:01,  1.96s/stock]D:\Projects\auto-select-stock\src\auto_select_stock\predict\data.py:76: RuntimeWarning: invalid value encountered in divide
  result["bb_position"] = np.where(bb_upper != bb_lower, (close - bb_lower) / (bb_upper - bb_lower), 0.5)
Collect signals 444/3317:  13%|¨€¨†        | 443/3317 [24:11<1:34:01,  1.96s/stock]D:\Projects\auto-select-stock\src\auto_select_stock\predict\data.py:76: RuntimeWarning: invalid value encountered in divide
  result["bb_position"] = np.where(bb_upper != bb_lower, (close - bb_lower) / (bb_upper - bb_lower), 0.5)
Collect signals 445/3317:  13%|¨€¨†        | 444/3317 [24:14<1:33:59,  1.96s/stock]Collect signals 445/3317:  13%|¨€¨†        | 445/3317 [24:14<1:24:24,  1.76s/stock]D:\Projects\auto-select-stock\src\auto_select_stock\predict\data.py:76: RuntimeWarning: invalid value encountered in divide
  result["bb_position"] = np.where(bb_upper != bb_lower, (close - bb_lower) / (bb_upper - bb_lower), 0.5)
Collect signals 446/3317:  13%|¨€¨†        | 445/3317 [24:16<1:24:24,  1.76s/stock]Collect signals 446/3317:  13%|¨€¨†        | 446/3317 [24:16<1:26:33,  1.81s/stock]D:\Projects\auto-select-stock\src\auto_select_stock\predict\data.py:76: RuntimeWarning: invalid value encountered in divide
  result["bb_position"] = np.where(bb_upper != bb_lower, (close - bb_lower) / (bb_upper - bb_lower), 0.5)
Collect signals 447/3317:  13%|¨€¨†        | 446/3317 [24:18<1:26:33,  1.81s/stock]Collect signals 447/3317:  13%|¨€¨†        | 447/3317 [24:18<1:27:14,  1.82s/stock]D:\Projects\auto-select-stock\src\auto_select_stock\predict\data.py:76: RuntimeWarning: invalid value encountered in divide
  result["bb_position"] = np.where(bb_upper != bb_lower, (close - bb_lower) / (bb_upper - bb_lower), 0.5)
Collect signals 448/3317:  13%|¨€¨†        | 447/3317 [24:18<1:27:14,  1.82s/stock]D:\Projects\auto-select-stock\src\auto_select_stock\predict\data.py:76: RuntimeWarning: invalid value encountered in divide
  result["bb_position"] = np.where(bb_upper != bb_lower, (close - bb_lower) / (bb_upper - bb_lower), 0.5)
Collect signals 449/3317:  14%|¨€¨†        | 448/3317 [24:20<1:27:12,  1.82s/stock]Collect signals 449/3317:  14%|¨€¨†        | 449/3317 [24:20<1:06:06,  1.38s/stock]D:\Projects\auto-select-stock\src\auto_select_stock\predict\data.py:76: RuntimeWarning: invalid value encountered in divide
  result["bb_position"] = np.where(bb_upper != bb_lower, (close - bb_lower) / (bb_upper - bb_lower), 0.5)
Collect signals 450/3317:  14%|¨€¨†        | 449/3317 [24:21<1:06:06,  1.38s/stock]Collect signals 450/3317:  14%|¨€¨†        | 450/3317 [24:21<1:07:30,  1.41s/stock]D:\Projects\auto-select-stock\src\auto_select_stock\predict\data.py:76: RuntimeWarning: invalid value encountered in divide
  result["bb_position"] = np.where(bb_upper != bb_lower, (close - bb_lower) / (bb_upper - bb_lower), 0.5)
Collect signals 451/3317:  14%|¨€¨†        | 450/3317 [24:23<1:07:30,  1.41s/stock]Collect signals 451/3317:  14%|¨€¨†        | 451/3317 [24:23<1:13:06,  1.53s/stock]D:\Projects\auto-select-stock\src\auto_select_stock\predict\data.py:76: RuntimeWarning: invalid value encountered in divide
  result["bb_position"] = np.where(bb_upper != bb_lower, (close - bb_lower) / (bb_upper - bb_lower), 0.5)
Collect signals 452/3317:  14%|¨€¨†        | 451/3317 [24:25<1:13:06,  1.53s/stock]Collect signals 452/3317:  14%|¨€¨†        | 452/3317 [24:25<1:17:17,  1.62s/stock]D:\Projects\auto-select-stock\src\auto_select_stock\predict\data.py:76: RuntimeWarning: invalid value encountered in divide
  result["bb_position"] = np.where(bb_upper != bb_lower, (close - bb_lower) / (bb_upper - bb_lower), 0.5)
Collect signals 453/3317:  14%|¨€¨†        | 452/3317 [24:26<1:17:17,  1.62s/stock]Collect signals 453/3317:  14%|¨€¨†        | 453/3317 [24:26<1:11:00,  1.49s/stock]D:\Projects\auto-select-stock\src\auto_select_stock\predict\data.py:76: RuntimeWarning: invalid value encountered in divide
  result["bb_position"] = np.where(bb_upper != bb_lower, (close - bb_lower) / (bb_upper - bb_lower), 0.5)
Collect signals 454/3317:  14%|¨€¨†        | 453/3317 [24:29<1:11:00,  1.49s/stock]Collect signals 454/3317:  14%|¨€¨†        | 454/3317 [24:29<1:27:27,  1.83s/stock]D:\Projects\auto-select-stock\src\auto_select_stock\predict\data.py:76: RuntimeWarning: invalid value encountered in divide
  result["bb_position"] = np.where(bb_upper != bb_lower, (close - bb_lower) / (bb_upper - bb_lower), 0.5)
Collect signals 455/3317:  14%|¨€¨†        | 454/3317 [24:32<1:27:27,  1.83s/stock]Collect signals 455/3317:  14%|¨€¨†        | 455/3317 [24:32<1:43:48,  2.18s/stock]D:\Projects\auto-select-stock\src\auto_select_stock\predict\data.py:76: RuntimeWarning: invalid value encountered in divide
  result["bb_position"] = np.where(bb_upper != bb_lower, (close - bb_lower) / (bb_upper - bb_lower), 0.5)
Collect signals 456/3317:  14%|¨€¨†        | 455/3317 [24:34<1:43:48,  2.18s/stock]Collect signals 456/3317:  14%|¨€¨†        | 456/3317 [24:34<1:40:20,  2.10s/stock]D:\Projects\auto-select-stock\src\auto_select_stock\predict\data.py:76: RuntimeWarning: invalid value encountered in divide
  result["bb_position"] = np.where(bb_upper != bb_lower, (close - bb_lower) / (bb_upper - bb_lower), 0.5)
Collect signals 457/3317:  14%|¨€¨†        | 456/3317 [24:36<1:40:20,  2.10s/stock]Collect signals 457/3317:  14%|¨€¨…        | 457/3317 [24:36<1:37:18,  2.04s/stock]D:\Projects\auto-select-stock\src\auto_select_stock\predict\data.py:76: RuntimeWarning: invalid value encountered in divide
  result["bb_position"] = np.where(bb_upper != bb_lower, (close - bb_lower) / (bb_upper - bb_lower), 0.5)
Collect signals 458/3317:  14%|¨€¨…        | 457/3317 [24:38<1:37:18,  2.04s/stock]Collect signals 458/3317:  14%|¨€¨…        | 458/3317 [24:38<1:39:57,  2.10s/stock]D:\Projects\auto-select-stock\src\auto_select_stock\predict\data.py:76: RuntimeWarning: invalid value encountered in divide
  result["bb_position"] = np.where(bb_upper != bb_lower, (close - bb_lower) / (bb_upper - bb_lower), 0.5)
Collect signals 459/3317:  14%|¨€¨…        | 458/3317 [24:38<1:39:57,  2.10s/stock]D:\Projects\auto-select-stock\src\auto_select_stock\predict\data.py:76: RuntimeWarning: invalid value encountered in divide
  result["bb_position"] = np.where(bb_upper != bb_lower, (close - bb_lower) / (bb_upper - bb_lower), 0.5)
Collect signals 460/3317:  14%|¨€¨…        | 459/3317 [24:39<1:39:55,  2.10s/stock]Collect signals 460/3317:  14%|¨€¨…        | 460/3317 [24:39<1:07:10,  1.41s/stock]D:\Projects\auto-select-stock\src\auto_select_stock\predict\data.py:76: RuntimeWarning: invalid value encountered in divide
  result["bb_position"] = np.where(bb_upper != bb_lower, (close - bb_lower) / (bb_upper - bb_lower), 0.5)
Collect signals 461/3317:  14%|¨€¨…        | 460/3317 [24:39<1:07:10,  1.41s/stock]D:\Projects\auto-select-stock\src\auto_select_stock\predict\data.py:76: RuntimeWarning: invalid value encountered in divide
  result["bb_position"] = np.where(bb_upper != bb_lower, (close - bb_lower) / (bb_upper - bb_lower), 0.5)
Collect signals 462/3317:  14%|¨€¨…        | 461/3317 [24:39<1:07:09,  1.41s/stock]D:\Projects\auto-select-stock\src\auto_select_stock\predict\data.py:76: RuntimeWarning: invalid value encountered in divide
  result["bb_position"] = np.where(bb_upper != bb_lower, (close - bb_lower) / (bb_upper - bb_lower), 0.5)
Collect signals 463/3317:  14%|¨€¨…        | 462/3317 [24:40<1:07:07,  1.41s/stock]Collect signals 463/3317:  14%|¨€¨…        | 463/3317 [24:40<40:14,  1.18stock/s]  D:\Projects\auto-select-stock\src\auto_select_stock\predict\data.py:76: RuntimeWarning: invalid value encountered in divide
  result["bb_position"] = np.where(bb_upper != bb_lower, (close - bb_lower) / (bb_upper - bb_lower), 0.5)
Collect signals 464/3317:  14%|¨€¨…        | 463/3317 [24:42<40:14,  1.18stock/s]Collect signals 464/3317:  14%|¨€¨…        | 464/3317 [24:42<49:35,  1.04s/stock]D:\Projects\auto-select-stock\src\auto_select_stock\predict\data.py:76: RuntimeWarning: invalid value encountered in divide
  result["bb_position"] = np.where(bb_upper != bb_lower, (close - bb_lower) / (bb_upper - bb_lower), 0.5)
Collect signals 465/3317:  14%|¨€¨…        | 464/3317 [24:42<49:35,  1.04s/stock]D:\Projects\auto-select-stock\src\auto_select_stock\predict\data.py:76: RuntimeWarning: invalid value encountered in divide
  result["bb_position"] = np.where(bb_upper != bb_lower, (close - bb_lower) / (bb_upper - bb_lower), 0.5)
Collect signals 466/3317:  14%|¨€¨…        | 465/3317 [24:43<49:34,  1.04s/stock]Collect signals 466/3317:  14%|¨€¨…        | 466/3317 [24:43<41:55,  1.13stock/s]D:\Projects\auto-select-stock\src\auto_select_stock\predict\data.py:76: RuntimeWarning: invalid value encountered in divide
  result["bb_position"] = np.where(bb_upper != bb_lower, (close - bb_lower) / (bb_upper - bb_lower), 0.5)
Collect signals 467/3317:  14%|¨€¨…        | 466/3317 [24:44<41:55,  1.13stock/s]Collect signals 467/3317:  14%|¨€¨…        | 467/3317 [24:44<40:44,  1.17stock/s]D:\Projects\auto-select-stock\src\auto_select_stock\predict\data.py:76: RuntimeWarning: invalid value encountered in divide
  result["bb_position"] = np.where(bb_upper != bb_lower, (close - bb_lower) / (bb_upper - bb_lower), 0.5)
Collect signals 468/3317:  14%|¨€¨…        | 467/3317 [24:47<40:44,  1.17stock/s]Collect signals 468/3317:  14%|¨€¨…        | 468/3317 [24:47<1:03:55,  1.35s/stock]D:\Projects\auto-select-stock\src\auto_select_stock\predict\data.py:76: RuntimeWarning: invalid value encountered in divide
  result["bb_position"] = np.where(bb_upper != bb_lower, (close - bb_lower) / (bb_upper - bb_lower), 0.5)
Collect signals 469/3317:  14%|¨€¨…        | 468/3317 [24:50<1:03:55,  1.35s/stock]Collect signals 469/3317:  14%|¨€¨…        | 469/3317 [24:50<1:18:45,  1.66s/stock]D:\Projects\auto-select-stock\src\auto_select_stock\predict\data.py:76: RuntimeWarning: invalid value encountered in divide
  result["bb_position"] = np.where(bb_upper != bb_lower, (close - bb_lower) / (bb_upper - bb_lower), 0.5)
Collect signals 470/3317:  14%|¨€¨…        | 469/3317 [24:52<1:18:45,  1.66s/stock]Collect signals 470/3317:  14%|¨€¨…        | 470/3317 [24:52<1:30:19,  1.90s/stock]D:\Projects\auto-select-stock\src\auto_select_stock\predict\data.py:76: RuntimeWarning: invalid value encountered in divide
  result["bb_position"] = np.where(bb_upper != bb_lower, (close - bb_lower) / (bb_upper - bb_lower), 0.5)
Collect signals 471/3317:  14%|¨€¨…        | 470/3317 [24:54<1:30:19,  1.90s/stock]Collect signals 471/3317:  14%|¨€¨…        | 471/3317 [24:54<1:29:48,  1.89s/stock]D:\Projects\auto-select-stock\src\auto_select_stock\predict\data.py:76: RuntimeWarning: invalid value encountered in divide
  result["bb_position"] = np.where(bb_upper != bb_lower, (close - bb_lower) / (bb_upper - bb_lower), 0.5)
Collect signals 472/3317:  14%|¨€¨…        | 471/3317 [24:56<1:29:48,  1.89s/stock]Collect signals 472/3317:  14%|¨€¨…        | 472/3317 [24:56<1:24:50,  1.79s/stock]D:\Projects\auto-select-stock\src\auto_select_stock\predict\data.py:76: RuntimeWarning: invalid value encountered in divide
  result["bb_position"] = np.where(bb_upper != bb_lower, (close - bb_lower) / (bb_upper - bb_lower), 0.5)
Collect signals 473/3317:  14%|¨€¨…        | 472/3317 [24:57<1:24:50,  1.79s/stock]Collect signals 473/3317:  14%|¨€¨…        | 473/3317 [24:57<1:20:58,  1.71s/stock]D:\Projects\auto-select-stock\src\auto_select_stock\predict\data.py:76: RuntimeWarning: invalid value encountered in divide
  result["bb_position"] = np.where(bb_upper != bb_lower, (close - bb_lower) / (bb_upper - bb_lower), 0.5)
Collect signals 474/3317:  14%|¨€¨…        | 473/3317 [24:59<1:20:58,  1.71s/stock]Collect signals 474/3317:  14%|¨€¨…        | 474/3317 [24:59<1:18:07,  1.65s/stock]D:\Projects\auto-select-stock\src\auto_select_stock\predict\data.py:76: RuntimeWarning: invalid value encountered in divide
  result["bb_position"] = np.where(bb_upper != bb_lower, (close - bb_lower) / (bb_upper - bb_lower), 0.5)
Collect signals 475/3317:  14%|¨€¨…        | 474/3317 [24:59<1:18:07,  1.65s/stock]D:\Projects\auto-select-stock\src\auto_select_stock\predict\data.py:76: RuntimeWarning: invalid value encountered in divide
  result["bb_position"] = np.where(bb_upper != bb_lower, (close - bb_lower) / (bb_upper - bb_lower), 0.5)
Collect signals 476/3317:  14%|¨€¨…        | 475/3317 [25:01<1:18:06,  1.65s/stock]Collect signals 476/3317:  14%|¨€¨…        | 476/3317 [25:01<1:11:48,  1.52s/stock]D:\Projects\auto-select-stock\src\auto_select_stock\predict\data.py:76: RuntimeWarning: invalid value encountered in divide
  result["bb_position"] = np.where(bb_upper != bb_lower, (close - bb_lower) / (bb_upper - bb_lower), 0.5)
Collect signals 477/3317:  14%|¨€¨…        | 476/3317 [25:04<1:11:48,  1.52s/stock]Collect signals 477/3317:  14%|¨€¨…        | 477/3317 [25:04<1:19:51,  1.69s/stock]D:\Projects\auto-select-stock\src\auto_select_stock\predict\data.py:76: RuntimeWarning: invalid value encountered in divide
  result["bb_position"] = np.where(bb_upper != bb_lower, (close - bb_lower) / (bb_upper - bb_lower), 0.5)
Collect signals 478/3317:  14%|¨€¨…        | 477/3317 [25:05<1:19:51,  1.69s/stock]Collect signals 478/3317:  14%|¨€¨…        | 478/3317 [25:05<1:13:00,  1.54s/stock]D:\Projects\auto-select-stock\src\auto_select_stock\predict\data.py:76: RuntimeWarning: invalid value encountered in divide
  result["bb_position"] = np.where(bb_upper != bb_lower, (close - bb_lower) / (bb_upper - bb_lower), 0.5)
Collect signals 479/3317:  14%|¨€¨…        | 478/3317 [25:07<1:13:00,  1.54s/stock]Collect signals 479/3317:  14%|¨€¨…        | 479/3317 [25:07<1:27:13,  1.84s/stock]D:\Projects\auto-select-stock\src\auto_select_stock\predict\data.py:76: RuntimeWarning: invalid value encountered in divide
  result["bb_position"] = np.where(bb_upper != bb_lower, (close - bb_lower) / (bb_upper - bb_lower), 0.5)
Collect signals 480/3317:  14%|¨€¨…        | 479/3317 [25:08<1:27:13,  1.84s/stock]Collect signals 480/3317:  14%|¨€¨…        | 480/3317 [25:08<1:17:39,  1.64s/stock]D:\Projects\auto-select-stock\src\auto_select_stock\predict\data.py:76: RuntimeWarning: invalid value encountered in divide
  result["bb_position"] = np.where(bb_upper != bb_lower, (close - bb_lower) / (bb_upper - bb_lower), 0.5)
Collect signals 481/3317:  14%|¨€¨…        | 480/3317 [25:11<1:17:39,  1.64s/stock]Collect signals 481/3317:  15%|¨€¨…        | 481/3317 [25:11<1:25:37,  1.81s/stock]D:\Projects\auto-select-stock\src\auto_select_stock\predict\data.py:76: RuntimeWarning: invalid value encountered in divide
  result["bb_position"] = np.where(bb_upper != bb_lower, (close - bb_lower) / (bb_upper - bb_lower), 0.5)
Collect signals 482/3317:  15%|¨€¨…        | 481/3317 [25:13<1:25:37,  1.81s/stock]Collect signals 482/3317:  15%|¨€¨…        | 482/3317 [25:13<1:36:28,  2.04s/stock]D:\Projects\auto-select-stock\src\auto_select_stock\predict\data.py:76: RuntimeWarning: invalid value encountered in divide
  result["bb_position"] = np.where(bb_upper != bb_lower, (close - bb_lower) / (bb_upper - bb_lower), 0.5)
Collect signals 483/3317:  15%|¨€¨…        | 482/3317 [25:16<1:36:28,  2.04s/stock]Collect signals 483/3317:  15%|¨€¨…        | 483/3317 [25:16<1:39:10,  2.10s/stock]D:\Projects\auto-select-stock\src\auto_select_stock\predict\data.py:76: RuntimeWarning: invalid value encountered in divide
  result["bb_position"] = np.where(bb_upper != bb_lower, (close - bb_lower) / (bb_upper - bb_lower), 0.5)
Collect signals 484/3317:  15%|¨€¨…        | 483/3317 [25:18<1:39:10,  2.10s/stock]Collect signals 484/3317:  15%|¨€¨…        | 484/3317 [25:18<1:41:17,  2.15s/stock]D:\Projects\auto-select-stock\src\auto_select_stock\predict\data.py:76: RuntimeWarning: invalid value encountered in divide
  result["bb_position"] = np.where(bb_upper != bb_lower, (close - bb_lower) / (bb_upper - bb_lower), 0.5)
Collect signals 485/3317:  15%|¨€¨…        | 484/3317 [25:20<1:41:17,  2.15s/stock]Collect signals 485/3317:  15%|¨€¨…        | 485/3317 [25:20<1:37:18,  2.06s/stock]D:\Projects\auto-select-stock\src\auto_select_stock\predict\data.py:76: RuntimeWarning: invalid value encountered in divide
  result["bb_position"] = np.where(bb_upper != bb_lower, (close - bb_lower) / (bb_upper - bb_lower), 0.5)
Collect signals 486/3317:  15%|¨€¨…        | 485/3317 [25:22<1:37:18,  2.06s/stock]Collect signals 486/3317:  15%|¨€¨…        | 486/3317 [25:22<1:34:43,  2.01s/stock]D:\Projects\auto-select-stock\src\auto_select_stock\predict\data.py:76: RuntimeWarning: invalid value encountered in divide
  result["bb_position"] = np.where(bb_upper != bb_lower, (close - bb_lower) / (bb_upper - bb_lower), 0.5)
Collect signals 487/3317:  15%|¨€¨…        | 486/3317 [25:22<1:34:43,  2.01s/stock]Collect signals 487/3317:  15%|¨€¨…        | 487/3317 [25:22<1:17:04,  1.63s/stock]D:\Projects\auto-select-stock\src\auto_select_stock\predict\data.py:76: RuntimeWarning: invalid value encountered in divide
  result["bb_position"] = np.where(bb_upper != bb_lower, (close - bb_lower) / (bb_upper - bb_lower), 0.5)
Collect signals 488/3317:  15%|¨€¨…        | 487/3317 [25:22<1:17:04,  1.63s/stock]D:\Projects\auto-select-stock\src\auto_select_stock\predict\data.py:76: RuntimeWarning: invalid value encountered in divide
  result["bb_position"] = np.where(bb_upper != bb_lower, (close - bb_lower) / (bb_upper - bb_lower), 0.5)
Collect signals 489/3317:  15%|¨€¨…        | 488/3317 [25:23<1:17:03,  1.63s/stock]Collect signals 489/3317:  15%|¨€¨…        | 489/3317 [25:23<45:56,  1.03stock/s]  D:\Projects\auto-select-stock\src\auto_select_stock\predict\data.py:76: RuntimeWarning: invalid value encountered in divide
  result["bb_position"] = np.where(bb_upper != bb_lower, (close - bb_lower) / (bb_upper - bb_lower), 0.5)
Collect signals 490/3317:  15%|¨€¨…        | 489/3317 [25:23<45:56,  1.03stock/s]Collect signals 490/3317:  15%|¨€¨…        | 490/3317 [25:23<44:09,  1.07stock/s]D:\Projects\auto-select-stock\src\auto_select_stock\predict\data.py:76: RuntimeWarning: invalid value encountered in divide
  result["bb_position"] = np.where(bb_upper != bb_lower, (close - bb_lower) / (bb_upper - bb_lower), 0.5)
Collect signals 491/3317:  15%|¨€¨…        | 490/3317 [25:26<44:09,  1.07stock/s]Collect signals 491/3317:  15%|¨€¨…        | 491/3317 [25:26<59:43,  1.27s/stock]D:\Projects\auto-select-stock\src\auto_select_stock\predict\data.py:76: RuntimeWarning: invalid value encountered in divide
  result["bb_position"] = np.where(bb_upper != bb_lower, (close - bb_lower) / (bb_upper - bb_lower), 0.5)
Collect signals 492/3317:  15%|¨€¨…        | 491/3317 [25:27<59:43,  1.27s/stock]Collect signals 492/3317:  15%|¨€¨…        | 492/3317 [25:27<1:03:12,  1.34s/stock]D:\Projects\auto-select-stock\src\auto_select_stock\predict\data.py:76: RuntimeWarning: invalid value encountered in divide
  result["bb_position"] = np.where(bb_upper != bb_lower, (close - bb_lower) / (bb_upper - bb_lower), 0.5)
Collect signals 493/3317:  15%|¨€¨…        | 492/3317 [25:29<1:03:12,  1.34s/stock]Collect signals 493/3317:  15%|¨€¨…        | 493/3317 [25:29<1:10:26,  1.50s/stock]D:\Projects\auto-select-stock\src\auto_select_stock\predict\data.py:76: RuntimeWarning: invalid value encountered in divide
  result["bb_position"] = np.where(bb_upper != bb_lower, (close - bb_lower) / (bb_upper - bb_lower), 0.5)
Collect signals 494/3317:  15%|¨€¨…        | 493/3317 [25:31<1:10:26,  1.50s/stock]Collect signals 494/3317:  15%|¨€¨…        | 494/3317 [25:31<1:11:05,  1.51s/stock]D:\Projects\auto-select-stock\src\auto_select_stock\predict\data.py:76: RuntimeWarning: invalid value encountered in divide
  result["bb_position"] = np.where(bb_upper != bb_lower, (close - bb_lower) / (bb_upper - bb_lower), 0.5)
Collect signals 495/3317:  15%|¨€¨…        | 494/3317 [25:31<1:11:05,  1.51s/stock]D:\Projects\auto-select-stock\src\auto_select_stock\predict\data.py:76: RuntimeWarning: invalid value encountered in divide
  result["bb_position"] = np.where(bb_upper != bb_lower, (close - bb_lower) / (bb_upper - bb_lower), 0.5)
Collect signals 496/3317:  15%|¨€¨…        | 495/3317 [25:33<1:11:03,  1.51s/stock]Collect signals 496/3317:  15%|¨€¨…        | 496/3317 [25:33<58:51,  1.25s/stock]  D:\Projects\auto-select-stock\src\auto_select_stock\predict\data.py:76: RuntimeWarning: invalid value encountered in divide
  result["bb_position"] = np.where(bb_upper != bb_lower, (close - bb_lower) / (bb_upper - bb_lower), 0.5)
Collect signals 497/3317:  15%|¨€¨…        | 496/3317 [25:34<58:51,  1.25s/stock]Collect signals 497/3317:  15%|¨€¨…        | 497/3317 [25:34<57:19,  1.22s/stock]D:\Projects\auto-select-stock\src\auto_select_stock\predict\data.py:76: RuntimeWarning: invalid value encountered in divide
  result["bb_position"] = np.where(bb_upper != bb_lower, (close - bb_lower) / (bb_upper - bb_lower), 0.5)
Collect signals 498/3317:  15%|¨€¨…        | 497/3317 [25:35<57:19,  1.22s/stock]Collect signals 498/3317:  15%|¨€¨„        | 498/3317 [25:35<1:00:28,  1.29s/stock]D:\Projects\auto-select-stock\src\auto_select_stock\predict\data.py:76: RuntimeWarning: invalid value encountered in divide
  result["bb_position"] = np.where(bb_upper != bb_lower, (close - bb_lower) / (bb_upper - bb_lower), 0.5)
Collect signals 499/3317:  15%|¨€¨„        | 498/3317 [25:37<1:00:28,  1.29s/stock]Collect signals 499/3317:  15%|¨€¨„        | 499/3317 [25:37<1:07:33,  1.44s/stock]D:\Projects\auto-select-stock\src\auto_select_stock\predict\data.py:76: RuntimeWarning: invalid value encountered in divide
  result["bb_position"] = np.where(bb_upper != bb_lower, (close - bb_lower) / (bb_upper - bb_lower), 0.5)
Collect signals 500/3317:  15%|¨€¨„        | 499/3317 [25:37<1:07:33,  1.44s/stock]D:\Projects\auto-select-stock\src\auto_select_stock\predict\data.py:76: RuntimeWarning: invalid value encountered in divide
  result["bb_position"] = np.where(bb_upper != bb_lower, (close - bb_lower) / (bb_upper - bb_lower), 0.5)
Collect signals 501/3317:  15%|¨€¨„        | 500/3317 [25:37<1:07:31,  1.44s/stock]D:\Projects\auto-select-stock\src\auto_select_stock\predict\data.py:76: RuntimeWarning: invalid value encountered in divide
  result["bb_position"] = np.where(bb_upper != bb_lower, (close - bb_lower) / (bb_upper - bb_lower), 0.5)
Collect signals 502/3317:  15%|¨€¨„        | 501/3317 [25:37<1:07:30,  1.44s/stock]D:\Projects\auto-select-stock\src\auto_select_stock\predict\data.py:76: RuntimeWarning: invalid value encountered in divide
  result["bb_position"] = np.where(bb_upper != bb_lower, (close - bb_lower) / (bb_upper - bb_lower), 0.5)
Collect signals 503/3317:  15%|¨€¨„        | 502/3317 [25:38<1:07:28,  1.44s/stock]Collect signals 503/3317:  15%|¨€¨„        | 503/3317 [25:38<34:47,  1.35stock/s]  D:\Projects\auto-select-stock\src\auto_select_stock\predict\data.py:76: RuntimeWarning: invalid value encountered in divide
  result["bb_position"] = np.where(bb_upper != bb_lower, (close - bb_lower) / (bb_upper - bb_lower), 0.5)
Collect signals 504/3317:  15%|¨€¨„        | 503/3317 [25:39<34:47,  1.35stock/s]Collect signals 504/3317:  15%|¨€¨„        | 504/3317 [25:39<38:07,  1.23stock/s]D:\Projects\auto-select-stock\src\auto_select_stock\predict\data.py:76: RuntimeWarning: invalid value encountered in divide
  result["bb_position"] = np.where(bb_upper != bb_lower, (close - bb_lower) / (bb_upper - bb_lower), 0.5)
Collect signals 505/3317:  15%|¨€¨„        | 504/3317 [25:40<38:07,  1.23stock/s]Collect signals 505/3317:  15%|¨€¨„        | 505/3317 [25:40<41:10,  1.14stock/s]D:\Projects\auto-select-stock\src\auto_select_stock\predict\data.py:76: RuntimeWarning: invalid value encountered in divide
  result["bb_position"] = np.where(bb_upper != bb_lower, (close - bb_lower) / (bb_upper - bb_lower), 0.5)
Collect signals 506/3317:  15%|¨€¨„        | 505/3317 [25:42<41:10,  1.14stock/s]Collect signals 506/3317:  15%|¨€¨„        | 506/3317 [25:42<43:47,  1.07stock/s]D:\Projects\auto-select-stock\src\auto_select_stock\predict\data.py:76: RuntimeWarning: invalid value encountered in divide
  result["bb_position"] = np.where(bb_upper != bb_lower, (close - bb_lower) / (bb_upper - bb_lower), 0.5)
Collect signals 507/3317:  15%|¨€¨„        | 506/3317 [25:42<43:47,  1.07stock/s]D:\Projects\auto-select-stock\src\auto_select_stock\predict\data.py:76: RuntimeWarning: invalid value encountered in divide
  result["bb_position"] = np.where(bb_upper != bb_lower, (close - bb_lower) / (bb_upper - bb_lower), 0.5)
Collect signals 508/3317:  15%|¨€¨„        | 507/3317 [25:42<43:46,  1.07stock/s]Collect signals 508/3317:  15%|¨€¨„        | 508/3317 [25:42<33:31,  1.40stock/s]D:\Projects\auto-select-stock\src\auto_select_stock\predict\data.py:76: RuntimeWarning: invalid value encountered in divide
  result["bb_position"] = np.where(bb_upper != bb_lower, (close - bb_lower) / (bb_upper - bb_lower), 0.5)
Collect signals 509/3317:  15%|¨€¨„        | 508/3317 [25:42<33:31,  1.40stock/s]D:\Projects\auto-select-stock\src\auto_select_stock\predict\data.py:76: RuntimeWarning: invalid value encountered in divide
  result["bb_position"] = np.where(bb_upper != bb_lower, (close - bb_lower) / (bb_upper - bb_lower), 0.5)
Collect signals 510/3317:  15%|¨€¨„        | 509/3317 [25:43<33:30,  1.40stock/s]Collect signals 510/3317:  15%|¨€¨„        | 510/3317 [25:43<24:51,  1.88stock/s]D:\Projects\auto-select-stock\src\auto_select_stock\predict\data.py:76: RuntimeWarning: invalid value encountered in divide
  result["bb_position"] = np.where(bb_upper != bb_lower, (close - bb_lower) / (bb_upper - bb_lower), 0.5)
Collect signals 511/3317:  15%|¨€¨„        | 510/3317 [25:43<24:51,  1.88stock/s]D:\Projects\auto-select-stock\src\auto_select_stock\predict\data.py:76: RuntimeWarning: invalid value encountered in divide
  result["bb_position"] = np.where(bb_upper != bb_lower, (close - bb_lower) / (bb_upper - bb_lower), 0.5)
Collect signals 512/3317:  15%|¨€¨„        | 511/3317 [25:43<24:51,  1.88stock/s]Collect signals 512/3317:  15%|¨€¨„        | 512/3317 [25:43<22:38,  2.06stock/s]D:\Projects\auto-select-stock\src\auto_select_stock\predict\data.py:76: RuntimeWarning: invalid value encountered in divide
  result["bb_position"] = np.where(bb_upper != bb_lower, (close - bb_lower) / (bb_upper - bb_lower), 0.5)
Collect signals 513/3317:  15%|¨€¨„        | 512/3317 [25:44<22:38,  2.06stock/s]D:\Projects\auto-select-stock\src\auto_select_stock\predict\data.py:76: RuntimeWarning: invalid value encountered in divide
  result["bb_position"] = np.where(bb_upper != bb_lower, (close - bb_lower) / (bb_upper - bb_lower), 0.5)
Collect signals 514/3317:  15%|¨€¨„        | 513/3317 [25:44<22:38,  2.06stock/s]D:\Projects\auto-select-stock\src\auto_select_stock\predict\data.py:76: RuntimeWarning: invalid value encountered in divide
  result["bb_position"] = np.where(bb_upper != bb_lower, (close - bb_lower) / (bb_upper - bb_lower), 0.5)
Collect signals 515/3317:  15%|¨€¨„        | 514/3317 [25:44<22:37,  2.06stock/s]D:\Projects\auto-select-stock\src\auto_select_stock\predict\data.py:76: RuntimeWarning: invalid value encountered in divide
  result["bb_position"] = np.where(bb_upper != bb_lower, (close - bb_lower) / (bb_upper - bb_lower), 0.5)
Collect signals 516/3317:  16%|¨€¨„        | 515/3317 [25:44<22:37,  2.06stock/s]D:\Projects\auto-select-stock\src\auto_select_stock\predict\data.py:76: RuntimeWarning: invalid value encountered in divide
  result["bb_position"] = np.where(bb_upper != bb_lower, (close - bb_lower) / (bb_upper - bb_lower), 0.5)
Collect signals 517/3317:  16%|¨€¨„        | 516/3317 [25:44<22:36,  2.06stock/s]D:\Projects\auto-select-stock\src\auto_select_stock\predict\data.py:76: RuntimeWarning: invalid value encountered in divide
  result["bb_position"] = np.where(bb_upper != bb_lower, (close - bb_lower) / (bb_upper - bb_lower), 0.5)
Collect signals 518/3317:  16%|¨€¨„        | 517/3317 [25:44<22:36,  2.06stock/s]D:\Projects\auto-select-stock\src\auto_select_stock\predict\data.py:76: RuntimeWarning: invalid value encountered in divide
  result["bb_position"] = np.where(bb_upper != bb_lower, (close - bb_lower) / (bb_upper - bb_lower), 0.5)
Collect signals 519/3317:  16%|¨€¨„        | 518/3317 [25:44<22:35,  2.06stock/s]D:\Projects\auto-select-stock\src\auto_select_stock\predict\data.py:76: RuntimeWarning: invalid value encountered in divide
  result["bb_position"] = np.where(bb_upper != bb_lower, (close - bb_lower) / (bb_upper - bb_lower), 0.5)
Collect signals 520/3317:  16%|¨€¨„        | 519/3317 [25:44<22:35,  2.06stock/s]Collect signals 520/3317:  16%|¨€¨„        | 520/3317 [25:44<08:07,  5.74stock/s]D:\Projects\auto-select-stock\src\auto_select_stock\predict\data.py:76: RuntimeWarning: invalid value encountered in divide
  result["bb_position"] = np.where(bb_upper != bb_lower, (close - bb_lower) / (bb_upper - bb_lower), 0.5)
Collect signals 521/3317:  16%|¨€¨„        | 520/3317 [25:44<08:07,  5.74stock/s]D:\Projects\auto-select-stock\src\auto_select_stock\predict\data.py:76: RuntimeWarning: invalid value encountered in divide
  result["bb_position"] = np.where(bb_upper != bb_lower, (close - bb_lower) / (bb_upper - bb_lower), 0.5)
Collect signals 522/3317:  16%|¨€¨„        | 521/3317 [25:44<08:06,  5.74stock/s]D:\Projects\auto-select-stock\src\auto_select_stock\predict\data.py:76: RuntimeWarning: invalid value encountered in divide
  result["bb_position"] = np.where(bb_upper != bb_lower, (close - bb_lower) / (bb_upper - bb_lower), 0.5)
Collect signals 523/3317:  16%|¨€¨„        | 522/3317 [25:46<08:06,  5.74stock/s]Collect signals 523/3317:  16%|¨€¨„        | 523/3317 [25:46<17:18,  2.69stock/s]D:\Projects\auto-select-stock\src\auto_select_stock\predict\data.py:76: RuntimeWarning: invalid value encountered in divide
  result["bb_position"] = np.where(bb_upper != bb_lower, (close - bb_lower) / (bb_upper - bb_lower), 0.5)
Collect signals 524/3317:  16%|¨€¨„        | 523/3317 [25:49<17:18,  2.69stock/s]D:\Projects\auto-select-stock\src\auto_select_stock\predict\data.py:76: RuntimeWarning: invalid value encountered in divide
  result["bb_position"] = np.where(bb_upper != bb_lower, (close - bb_lower) / (bb_upper - bb_lower), 0.5)
Collect signals 525/3317:  16%|¨€¨„        | 524/3317 [25:53<17:18,  2.69stock/s]Collect signals 525/3317:  16%|¨€¨„        | 525/3317 [25:53<42:33,  1.09stock/s]D:\Projects\auto-select-stock\src\auto_select_stock\predict\data.py:76: RuntimeWarning: invalid value encountered in divide
  result["bb_position"] = np.where(bb_upper != bb_lower, (close - bb_lower) / (bb_upper - bb_lower), 0.5)
Collect signals 526/3317:  16%|¨€¨„        | 525/3317 [25:55<42:33,  1.09stock/s]D:\Projects\auto-select-stock\src\auto_select_stock\predict\data.py:76: RuntimeWarning: invalid value encountered in divide
  result["bb_position"] = np.where(bb_upper != bb_lower, (close - bb_lower) / (bb_upper - bb_lower), 0.5)
Collect signals 527/3317:  16%|¨€¨„        | 526/3317 [25:58<42:32,  1.09stock/s]Collect signals 527/3317:  16%|¨€¨„        | 527/3317 [25:58<1:02:48,  1.35s/stock]D:\Projects\auto-select-stock\src\auto_select_stock\predict\data.py:76: RuntimeWarning: invalid value encountered in divide
  result["bb_position"] = np.where(bb_upper != bb_lower, (close - bb_lower) / (bb_upper - bb_lower), 0.5)
Collect signals 528/3317:  16%|¨€¨„        | 527/3317 [26:01<1:02:48,  1.35s/stock]Collect signals 528/3317:  16%|¨€¨„        | 528/3317 [26:01<1:11:00,  1.53s/stock]D:\Projects\auto-select-stock\src\auto_select_stock\predict\data.py:76: RuntimeWarning: invalid value encountered in divide
  result["bb_position"] = np.where(bb_upper != bb_lower, (close - bb_lower) / (bb_upper - bb_lower), 0.5)
Collect signals 529/3317:  16%|¨€¨„        | 528/3317 [26:04<1:11:00,  1.53s/stock]Collect signals 529/3317:  16%|¨€¨„        | 529/3317 [26:04<1:23:14,  1.79s/stock]D:\Projects\auto-select-stock\src\auto_select_stock\predict\data.py:76: RuntimeWarning: invalid value encountered in divide
  result["bb_position"] = np.where(bb_upper != bb_lower, (close - bb_lower) / (bb_upper - bb_lower), 0.5)
Collect signals 530/3317:  16%|¨€¨„        | 529/3317 [26:07<1:23:14,  1.79s/stock]Collect signals 530/3317:  16%|¨€¨„        | 530/3317 [26:07<1:31:40,  1.97s/stock]D:\Projects\auto-select-stock\src\auto_select_stock\predict\data.py:76: RuntimeWarning: invalid value encountered in divide
  result["bb_position"] = np.where(bb_upper != bb_lower, (close - bb_lower) / (bb_upper - bb_lower), 0.5)
Collect signals 531/3317:  16%|¨€¨„        | 530/3317 [26:10<1:31:40,  1.97s/stock]Collect signals 531/3317:  16%|¨€¨„        | 531/3317 [26:10<1:42:14,  2.20s/stock]D:\Projects\auto-select-stock\src\auto_select_stock\predict\data.py:76: RuntimeWarning: invalid value encountered in divide
  result["bb_position"] = np.where(bb_upper != bb_lower, (close - bb_lower) / (bb_upper - bb_lower), 0.5)
Collect signals 532/3317:  16%|¨€¨„        | 531/3317 [26:13<1:42:14,  2.20s/stock]Collect signals 532/3317:  16%|¨€¨„        | 532/3317 [26:13<1:51:25,  2.40s/stock]D:\Projects\auto-select-stock\src\auto_select_stock\predict\data.py:76: RuntimeWarning: invalid value encountered in divide
  result["bb_position"] = np.where(bb_upper != bb_lower, (close - bb_lower) / (bb_upper - bb_lower), 0.5)
Collect signals 533/3317:  16%|¨€¨„        | 532/3317 [26:16<1:51:25,  2.40s/stock]Collect signals 533/3317:  16%|¨€¨„        | 533/3317 [26:16<1:56:16,  2.51s/stock]D:\Projects\auto-select-stock\src\auto_select_stock\predict\data.py:76: RuntimeWarning: invalid value encountered in divide
  result["bb_position"] = np.where(bb_upper != bb_lower, (close - bb_lower) / (bb_upper - bb_lower), 0.5)
Collect signals 534/3317:  16%|¨€¨„        | 533/3317 [26:19<1:56:16,  2.51s/stock]Collect signals 534/3317:  16%|¨€¨„        | 534/3317 [26:19<2:05:23,  2.70s/stock]D:\Projects\auto-select-stock\src\auto_select_stock\predict\data.py:76: RuntimeWarning: invalid value encountered in divide
  result["bb_position"] = np.where(bb_upper != bb_lower, (close - bb_lower) / (bb_upper - bb_lower), 0.5)
Collect signals 535/3317:  16%|¨€¨„        | 534/3317 [26:22<2:05:23,  2.70s/stock]Collect signals 535/3317:  16%|¨€¨„        | 535/3317 [26:22<2:06:38,  2.73s/stock]D:\Projects\auto-select-stock\src\auto_select_stock\predict\data.py:76: RuntimeWarning: invalid value encountered in divide
  result["bb_position"] = np.where(bb_upper != bb_lower, (close - bb_lower) / (bb_upper - bb_lower), 0.5)
Collect signals 536/3317:  16%|¨€¨„        | 535/3317 [26:25<2:06:38,  2.73s/stock]Collect signals 536/3317:  16%|¨€¨„        | 536/3317 [26:25<2:12:19,  2.86s/stock]D:\Projects\auto-select-stock\src\auto_select_stock\predict\data.py:76: RuntimeWarning: invalid value encountered in divide
  result["bb_position"] = np.where(bb_upper != bb_lower, (close - bb_lower) / (bb_upper - bb_lower), 0.5)
Collect signals 537/3317:  16%|¨€¨„        | 536/3317 [26:28<2:12:19,  2.86s/stock]Collect signals 537/3317:  16%|¨€¨„        | 537/3317 [26:28<2:09:56,  2.80s/stock]D:\Projects\auto-select-stock\src\auto_select_stock\predict\data.py:76: RuntimeWarning: invalid value encountered in divide
  result["bb_position"] = np.where(bb_upper != bb_lower, (close - bb_lower) / (bb_upper - bb_lower), 0.5)
Collect signals 538/3317:  16%|¨€¨„        | 537/3317 [26:31<2:09:56,  2.80s/stock]Collect signals 538/3317:  16%|¨€¨„        | 538/3317 [26:31<2:14:35,  2.91s/stock]D:\Projects\auto-select-stock\src\auto_select_stock\predict\data.py:76: RuntimeWarning: invalid value encountered in divide
  result["bb_position"] = np.where(bb_upper != bb_lower, (close - bb_lower) / (bb_upper - bb_lower), 0.5)
Collect signals 539/3317:  16%|¨€¨„        | 538/3317 [26:34<2:14:35,  2.91s/stock]Collect signals 539/3317:  16%|¨€¨„        | 539/3317 [26:34<2:12:08,  2.85s/stock]D:\Projects\auto-select-stock\src\auto_select_stock\predict\data.py:76: RuntimeWarning: invalid value encountered in divide
  result["bb_position"] = np.where(bb_upper != bb_lower, (close - bb_lower) / (bb_upper - bb_lower), 0.5)
Collect signals 540/3317:  16%|¨€¨„        | 539/3317 [26:37<2:12:08,  2.85s/stock]Collect signals 540/3317:  16%|¨€¨ƒ        | 540/3317 [26:37<2:15:24,  2.93s/stock]D:\Projects\auto-select-stock\src\auto_select_stock\predict\data.py:76: RuntimeWarning: invalid value encountered in divide
  result["bb_position"] = np.where(bb_upper != bb_lower, (close - bb_lower) / (bb_upper - bb_lower), 0.5)
Collect signals 541/3317:  16%|¨€¨ƒ        | 540/3317 [26:40<2:15:24,  2.93s/stock]Collect signals 541/3317:  16%|¨€¨ƒ        | 541/3317 [26:40<2:16:38,  2.95s/stock]D:\Projects\auto-select-stock\src\auto_select_stock\predict\data.py:76: RuntimeWarning: invalid value encountered in divide
  result["bb_position"] = np.where(bb_upper != bb_lower, (close - bb_lower) / (bb_upper - bb_lower), 0.5)
Collect signals 542/3317:  16%|¨€¨ƒ        | 541/3317 [26:42<2:16:38,  2.95s/stock]Collect signals 542/3317:  16%|¨€¨ƒ        | 542/3317 [26:42<2:13:40,  2.89s/stock]D:\Projects\auto-select-stock\src\auto_select_stock\predict\data.py:76: RuntimeWarning: invalid value encountered in divide
  result["bb_position"] = np.where(bb_upper != bb_lower, (close - bb_lower) / (bb_upper - bb_lower), 0.5)
Collect signals 543/3317:  16%|¨€¨ƒ        | 542/3317 [26:46<2:13:40,  2.89s/stock]Collect signals 543/3317:  16%|¨€¨ƒ        | 543/3317 [26:46<2:17:09,  2.97s/stock]D:\Projects\auto-select-stock\src\auto_select_stock\predict\data.py:76: RuntimeWarning: invalid value encountered in divide
  result["bb_position"] = np.where(bb_upper != bb_lower, (close - bb_lower) / (bb_upper - bb_lower), 0.5)
Collect signals 544/3317:  16%|¨€¨ƒ        | 543/3317 [26:48<2:17:09,  2.97s/stock]Collect signals 544/3317:  16%|¨€¨ƒ        | 544/3317 [26:48<2:14:30,  2.91s/stock]D:\Projects\auto-select-stock\src\auto_select_stock\predict\data.py:76: RuntimeWarning: invalid value encountered in divide
  result["bb_position"] = np.where(bb_upper != bb_lower, (close - bb_lower) / (bb_upper - bb_lower), 0.5)
Collect signals 545/3317:  16%|¨€¨ƒ        | 544/3317 [26:52<2:14:30,  2.91s/stock]Collect signals 545/3317:  16%|¨€¨ƒ        | 545/3317 [26:52<2:19:00,  3.01s/stock]D:\Projects\auto-select-stock\src\auto_select_stock\predict\data.py:76: RuntimeWarning: invalid value encountered in divide
  result["bb_position"] = np.where(bb_upper != bb_lower, (close - bb_lower) / (bb_upper - bb_lower), 0.5)
Collect signals 546/3317:  16%|¨€¨ƒ        | 545/3317 [26:55<2:19:00,  3.01s/stock]Collect signals 546/3317:  16%|¨€¨ƒ        | 546/3317 [26:55<2:17:03,  2.97s/stock]D:\Projects\auto-select-stock\src\auto_select_stock\predict\data.py:76: RuntimeWarning: invalid value encountered in divide
  result["bb_position"] = np.where(bb_upper != bb_lower, (close - bb_lower) / (bb_upper - bb_lower), 0.5)
Collect signals 547/3317:  16%|¨€¨ƒ        | 546/3317 [26:58<2:17:03,  2.97s/stock]Collect signals 547/3317:  16%|¨€¨ƒ        | 547/3317 [26:58<2:20:20,  3.04s/stock]D:\Projects\auto-select-stock\src\auto_select_stock\predict\data.py:76: RuntimeWarning: invalid value encountered in divide
  result["bb_position"] = np.where(bb_upper != bb_lower, (close - bb_lower) / (bb_upper - bb_lower), 0.5)
Collect signals 548/3317:  16%|¨€¨ƒ        | 547/3317 [27:01<2:20:20,  3.04s/stock]Collect signals 548/3317:  17%|¨€¨ƒ        | 548/3317 [27:01<2:17:09,  2.97s/stock]D:\Projects\auto-select-stock\src\auto_select_stock\predict\data.py:76: RuntimeWarning: invalid value encountered in divide
  result["bb_position"] = np.where(bb_upper != bb_lower, (close - bb_lower) / (bb_upper - bb_lower), 0.5)
Collect signals 549/3317:  17%|¨€¨ƒ        | 548/3317 [27:04<2:17:09,  2.97s/stock]Collect signals 549/3317:  17%|¨€¨ƒ        | 549/3317 [27:04<2:19:27,  3.02s/stock]D:\Projects\auto-select-stock\src\auto_select_stock\predict\data.py:76: RuntimeWarning: invalid value encountered in divide
  result["bb_position"] = np.where(bb_upper != bb_lower, (close - bb_lower) / (bb_upper - bb_lower), 0.5)
Collect signals 550/3317:  17%|¨€¨ƒ        | 549/3317 [27:07<2:19:27,  3.02s/stock]Collect signals 550/3317:  17%|¨€¨ƒ        | 550/3317 [27:07<2:21:36,  3.07s/stock]D:\Projects\auto-select-stock\src\auto_select_stock\predict\data.py:76: RuntimeWarning: invalid value encountered in divide
  result["bb_position"] = np.where(bb_upper != bb_lower, (close - bb_lower) / (bb_upper - bb_lower), 0.5)
Collect signals 551/3317:  17%|¨€¨ƒ        | 550/3317 [27:10<2:21:36,  3.07s/stock]Collect signals 551/3317:  17%|¨€¨ƒ        | 551/3317 [27:10<2:17:09,  2.98s/stock]D:\Projects\auto-select-stock\src\auto_select_stock\predict\data.py:76: RuntimeWarning: invalid value encountered in divide
  result["bb_position"] = np.where(bb_upper != bb_lower, (close - bb_lower) / (bb_upper - bb_lower), 0.5)
Collect signals 552/3317:  17%|¨€¨ƒ        | 551/3317 [27:13<2:17:09,  2.98s/stock]Collect signals 552/3317:  17%|¨€¨ƒ        | 552/3317 [27:13<2:18:46,  3.01s/stock]D:\Projects\auto-select-stock\src\auto_select_stock\predict\data.py:76: RuntimeWarning: invalid value encountered in divide
  result["bb_position"] = np.where(bb_upper != bb_lower, (close - bb_lower) / (bb_upper - bb_lower), 0.5)
Collect signals 553/3317:  17%|¨€¨ƒ        | 552/3317 [27:15<2:18:46,  3.01s/stock]Collect signals 553/3317:  17%|¨€¨ƒ        | 553/3317 [27:15<2:14:25,  2.92s/stock]D:\Projects\auto-select-stock\src\auto_select_stock\predict\data.py:76: RuntimeWarning: invalid value encountered in divide
  result["bb_position"] = np.where(bb_upper != bb_lower, (close - bb_lower) / (bb_upper - bb_lower), 0.5)
Collect signals 554/3317:  17%|¨€¨ƒ        | 553/3317 [27:18<2:14:25,  2.92s/stock]Collect signals 554/3317:  17%|¨€¨ƒ        | 554/3317 [27:18<2:16:22,  2.96s/stock]D:\Projects\auto-select-stock\src\auto_select_stock\predict\data.py:76: RuntimeWarning: invalid value encountered in divide
  result["bb_position"] = np.where(bb_upper != bb_lower, (close - bb_lower) / (bb_upper - bb_lower), 0.5)
Collect signals 555/3317:  17%|¨€¨ƒ        | 554/3317 [27:21<2:16:22,  2.96s/stock]Collect signals 555/3317:  17%|¨€¨ƒ        | 555/3317 [27:21<2:14:16,  2.92s/stock]D:\Projects\auto-select-stock\src\auto_select_stock\predict\data.py:76: RuntimeWarning: invalid value encountered in divide
  result["bb_position"] = np.where(bb_upper != bb_lower, (close - bb_lower) / (bb_upper - bb_lower), 0.5)
Collect signals 556/3317:  17%|¨€¨ƒ        | 555/3317 [27:24<2:14:16,  2.92s/stock]Collect signals 556/3317:  17%|¨€¨ƒ        | 556/3317 [27:24<2:16:11,  2.96s/stock]D:\Projects\auto-select-stock\src\auto_select_stock\predict\data.py:76: RuntimeWarning: invalid value encountered in divide
  result["bb_position"] = np.where(bb_upper != bb_lower, (close - bb_lower) / (bb_upper - bb_lower), 0.5)
Collect signals 557/3317:  17%|¨€¨ƒ        | 556/3317 [27:27<2:16:11,  2.96s/stock]Collect signals 557/3317:  17%|¨€¨ƒ        | 557/3317 [27:27<2:14:20,  2.92s/stock]D:\Projects\auto-select-stock\src\auto_select_stock\predict\data.py:76: RuntimeWarning: invalid value encountered in divide
  result["bb_position"] = np.where(bb_upper != bb_lower, (close - bb_lower) / (bb_upper - bb_lower), 0.5)
Collect signals 558/3317:  17%|¨€¨ƒ        | 557/3317 [27:30<2:14:20,  2.92s/stock]Collect signals 558/3317:  17%|¨€¨ƒ        | 558/3317 [27:30<2:17:16,  2.99s/stock]D:\Projects\auto-select-stock\src\auto_select_stock\predict\data.py:76: RuntimeWarning: invalid value encountered in divide
  result["bb_position"] = np.where(bb_upper != bb_lower, (close - bb_lower) / (bb_upper - bb_lower), 0.5)
Collect signals 559/3317:  17%|¨€¨ƒ        | 558/3317 [27:34<2:17:16,  2.99s/stock]Collect signals 559/3317:  17%|¨€¨ƒ        | 559/3317 [27:34<2:20:01,  3.05s/stock]D:\Projects\auto-select-stock\src\auto_select_stock\predict\data.py:76: RuntimeWarning: invalid value encountered in divide
  result["bb_position"] = np.where(bb_upper != bb_lower, (close - bb_lower) / (bb_upper - bb_lower), 0.5)
Collect signals 560/3317:  17%|¨€¨ƒ        | 559/3317 [27:36<2:20:01,  3.05s/stock]Collect signals 560/3317:  17%|¨€¨ƒ        | 560/3317 [27:36<2:15:59,  2.96s/stock]D:\Projects\auto-select-stock\src\auto_select_stock\predict\data.py:76: RuntimeWarning: invalid value encountered in divide
  result["bb_position"] = np.where(bb_upper != bb_lower, (close - bb_lower) / (bb_upper - bb_lower), 0.5)
Collect signals 561/3317:  17%|¨€¨ƒ        | 560/3317 [27:39<2:15:59,  2.96s/stock]Collect signals 561/3317:  17%|¨€¨ƒ        | 561/3317 [27:39<2:16:58,  2.98s/stock]D:\Projects\auto-select-stock\src\auto_select_stock\predict\data.py:76: RuntimeWarning: invalid value encountered in divide
  result["bb_position"] = np.where(bb_upper != bb_lower, (close - bb_lower) / (bb_upper - bb_lower), 0.5)
Collect signals 562/3317:  17%|¨€¨ƒ        | 561/3317 [27:42<2:16:58,  2.98s/stock]Collect signals 562/3317:  17%|¨€¨ƒ        | 562/3317 [27:42<2:15:54,  2.96s/stock]D:\Projects\auto-select-stock\src\auto_select_stock\predict\data.py:76: RuntimeWarning: invalid value encountered in divide
  result["bb_position"] = np.where(bb_upper != bb_lower, (close - bb_lower) / (bb_upper - bb_lower), 0.5)
Collect signals 563/3317:  17%|¨€¨ƒ        | 562/3317 [27:45<2:15:54,  2.96s/stock]Collect signals 563/3317:  17%|¨€¨ƒ        | 563/3317 [27:45<2:17:24,  2.99s/stock]D:\Projects\auto-select-stock\src\auto_select_stock\predict\data.py:76: RuntimeWarning: invalid value encountered in divide
  result["bb_position"] = np.where(bb_upper != bb_lower, (close - bb_lower) / (bb_upper - bb_lower), 0.5)
Collect signals 564/3317:  17%|¨€¨ƒ        | 563/3317 [27:48<2:17:24,  2.99s/stock]Collect signals 564/3317:  17%|¨€¨ƒ        | 564/3317 [27:48<2:13:25,  2.91s/stock]D:\Projects\auto-select-stock\src\auto_select_stock\predict\data.py:76: RuntimeWarning: invalid value encountered in divide
  result["bb_position"] = np.where(bb_upper != bb_lower, (close - bb_lower) / (bb_upper - bb_lower), 0.5)
Collect signals 565/3317:  17%|¨€¨ƒ        | 564/3317 [27:51<2:13:25,  2.91s/stock]Collect signals 565/3317:  17%|¨€¨ƒ        | 565/3317 [27:51<2:15:08,  2.95s/stock]D:\Projects\auto-select-stock\src\auto_select_stock\predict\data.py:76: RuntimeWarning: invalid value encountered in divide
  result["bb_position"] = np.where(bb_upper != bb_lower, (close - bb_lower) / (bb_upper - bb_lower), 0.5)
Collect signals 566/3317:  17%|¨€¨ƒ        | 565/3317 [27:54<2:15:08,  2.95s/stock]Collect signals 566/3317:  17%|¨€¨ƒ        | 566/3317 [27:54<2:16:42,  2.98s/stock]D:\Projects\auto-select-stock\src\auto_select_stock\predict\data.py:76: RuntimeWarning: invalid value encountered in divide
  result["bb_position"] = np.where(bb_upper != bb_lower, (close - bb_lower) / (bb_upper - bb_lower), 0.5)
Collect signals 567/3317:  17%|¨€¨ƒ        | 566/3317 [27:57<2:16:42,  2.98s/stock]Collect signals 567/3317:  17%|¨€¨ƒ        | 567/3317 [27:57<2:12:16,  2.89s/stock]D:\Projects\auto-select-stock\src\auto_select_stock\predict\data.py:76: RuntimeWarning: invalid value encountered in divide
  result["bb_position"] = np.where(bb_upper != bb_lower, (close - bb_lower) / (bb_upper - bb_lower), 0.5)
Collect signals 568/3317:  17%|¨€¨ƒ        | 567/3317 [28:00<2:12:16,  2.89s/stock]Collect signals 568/3317:  17%|¨€¨ƒ        | 568/3317 [28:00<2:15:05,  2.95s/stock]D:\Projects\auto-select-stock\src\auto_select_stock\predict\data.py:76: RuntimeWarning: invalid value encountered in divide
  result["bb_position"] = np.where(bb_upper != bb_lower, (close - bb_lower) / (bb_upper - bb_lower), 0.5)
Collect signals 569/3317:  17%|¨€¨ƒ        | 568/3317 [28:03<2:15:05,  2.95s/stock]Collect signals 569/3317:  17%|¨€¨ƒ        | 569/3317 [28:03<2:11:53,  2.88s/stock]D:\Projects\auto-select-stock\src\auto_select_stock\predict\data.py:76: RuntimeWarning: invalid value encountered in divide
  result["bb_position"] = np.where(bb_upper != bb_lower, (close - bb_lower) / (bb_upper - bb_lower), 0.5)
Collect signals 570/3317:  17%|¨€¨ƒ        | 569/3317 [28:06<2:11:53,  2.88s/stock]Collect signals 570/3317:  17%|¨€¨ƒ        | 570/3317 [28:06<2:15:35,  2.96s/stock]D:\Projects\auto-select-stock\src\auto_select_stock\predict\data.py:76: RuntimeWarning: invalid value encountered in divide
  result["bb_position"] = np.where(bb_upper != bb_lower, (close - bb_lower) / (bb_upper - bb_lower), 0.5)
Collect signals 571/3317:  17%|¨€¨ƒ        | 570/3317 [28:09<2:15:35,  2.96s/stock]Collect signals 571/3317:  17%|¨€¨ƒ        | 571/3317 [28:09<2:13:18,  2.91s/stock]D:\Projects\auto-select-stock\src\auto_select_stock\predict\data.py:76: RuntimeWarning: invalid value encountered in divide
  result["bb_position"] = np.where(bb_upper != bb_lower, (close - bb_lower) / (bb_upper - bb_lower), 0.5)
Collect signals 572/3317:  17%|¨€¨ƒ        | 571/3317 [28:12<2:13:18,  2.91s/stock]Collect signals 572/3317:  17%|¨€¨ƒ        | 572/3317 [28:12<2:15:48,  2.97s/stock]D:\Projects\auto-select-stock\src\auto_select_stock\predict\data.py:76: RuntimeWarning: invalid value encountered in divide
  result["bb_position"] = np.where(bb_upper != bb_lower, (close - bb_lower) / (bb_upper - bb_lower), 0.5)
Collect signals 573/3317:  17%|¨€¨ƒ        | 572/3317 [28:14<2:15:48,  2.97s/stock]Collect signals 573/3317:  17%|¨€¨ƒ        | 573/3317 [28:14<2:13:18,  2.91s/stock]D:\Projects\auto-select-stock\src\auto_select_stock\predict\data.py:76: RuntimeWarning: invalid value encountered in divide
  result["bb_position"] = np.where(bb_upper != bb_lower, (close - bb_lower) / (bb_upper - bb_lower), 0.5)
Collect signals 574/3317:  17%|¨€¨ƒ        | 573/3317 [28:17<2:13:18,  2.91s/stock]Collect signals 574/3317:  17%|¨€¨ƒ        | 574/3317 [28:17<2:15:42,  2.97s/stock]D:\Projects\auto-select-stock\src\auto_select_stock\predict\data.py:76: RuntimeWarning: invalid value encountered in divide
  result["bb_position"] = np.where(bb_upper != bb_lower, (close - bb_lower) / (bb_upper - bb_lower), 0.5)
Collect signals 575/3317:  17%|¨€¨ƒ        | 574/3317 [28:21<2:15:42,  2.97s/stock]Collect signals 575/3317:  17%|¨€¨ƒ        | 575/3317 [28:21<2:20:10,  3.07s/stock]D:\Projects\auto-select-stock\src\auto_select_stock\predict\data.py:76: RuntimeWarning: invalid value encountered in divide
  result["bb_position"] = np.where(bb_upper != bb_lower, (close - bb_lower) / (bb_upper - bb_lower), 0.5)
Collect signals 576/3317:  17%|¨€¨ƒ        | 575/3317 [28:24<2:20:10,  3.07s/stock]Collect signals 576/3317:  17%|¨€¨ƒ        | 576/3317 [28:24<2:16:06,  2.98s/stock]D:\Projects\auto-select-stock\src\auto_select_stock\predict\data.py:76: RuntimeWarning: invalid value encountered in divide
  result["bb_position"] = np.where(bb_upper != bb_lower, (close - bb_lower) / (bb_upper - bb_lower), 0.5)
Collect signals 577/3317:  17%|¨€¨ƒ        | 576/3317 [28:26<2:16:06,  2.98s/stock]Collect signals 577/3317:  17%|¨€¨ƒ        | 577/3317 [28:26<2:13:45,  2.93s/stock]D:\Projects\auto-select-stock\src\auto_select_stock\predict\data.py:76: RuntimeWarning: invalid value encountered in divide
  result["bb_position"] = np.where(bb_upper != bb_lower, (close - bb_lower) / (bb_upper - bb_lower), 0.5)
Collect signals 578/3317:  17%|¨€¨ƒ        | 577/3317 [28:29<2:13:45,  2.93s/stock]Collect signals 578/3317:  17%|¨€¨ƒ        | 578/3317 [28:29<2:15:57,  2.98s/stock]D:\Projects\auto-select-stock\src\auto_select_stock\predict\data.py:76: RuntimeWarning: invalid value encountered in divide
  result["bb_position"] = np.where(bb_upper != bb_lower, (close - bb_lower) / (bb_upper - bb_lower), 0.5)
Collect signals 579/3317:  17%|¨€¨ƒ        | 578/3317 [28:33<2:15:57,  2.98s/stock]Collect signals 579/3317:  17%|¨€¨ƒ        | 579/3317 [28:33<2:17:29,  3.01s/stock]D:\Projects\auto-select-stock\src\auto_select_stock\predict\data.py:76: RuntimeWarning: invalid value encountered in divide
  result["bb_position"] = np.where(bb_upper != bb_lower, (close - bb_lower) / (bb_upper - bb_lower), 0.5)
Collect signals 580/3317:  17%|¨€¨ƒ        | 579/3317 [28:35<2:17:29,  3.01s/stock]Collect signals 580/3317:  17%|¨€¨ƒ        | 580/3317 [28:35<2:13:34,  2.93s/stock]D:\Projects\auto-select-stock\src\auto_select_stock\predict\data.py:76: RuntimeWarning: invalid value encountered in divide
  result["bb_position"] = np.where(bb_upper != bb_lower, (close - bb_lower) / (bb_upper - bb_lower), 0.5)
Collect signals 581/3317:  17%|¨€¨ƒ        | 580/3317 [28:38<2:13:34,  2.93s/stock]Collect signals 581/3317:  18%|¨€¨‚        | 581/3317 [28:38<2:16:19,  2.99s/stock]D:\Projects\auto-select-stock\src\auto_select_stock\predict\data.py:76: RuntimeWarning: invalid value encountered in divide
  result["bb_position"] = np.where(bb_upper != bb_lower, (close - bb_lower) / (bb_upper - bb_lower), 0.5)
Collect signals 582/3317:  18%|¨€¨‚        | 581/3317 [28:41<2:16:19,  2.99s/stock]Collect signals 582/3317:  18%|¨€¨‚        | 582/3317 [28:41<2:13:22,  2.93s/stock]D:\Projects\auto-select-stock\src\auto_select_stock\predict\data.py:76: RuntimeWarning: invalid value encountered in divide
  result["bb_position"] = np.where(bb_upper != bb_lower, (close - bb_lower) / (bb_upper - bb_lower), 0.5)
Collect signals 583/3317:  18%|¨€¨‚        | 582/3317 [28:44<2:13:22,  2.93s/stock]Collect signals 583/3317:  18%|¨€¨‚        | 583/3317 [28:44<2:17:41,  3.02s/stock]D:\Projects\auto-select-stock\src\auto_select_stock\predict\data.py:76: RuntimeWarning: invalid value encountered in divide
  result["bb_position"] = np.where(bb_upper != bb_lower, (close - bb_lower) / (bb_upper - bb_lower), 0.5)
Collect signals 584/3317:  18%|¨€¨‚        | 583/3317 [28:47<2:17:41,  3.02s/stock]Collect signals 584/3317:  18%|¨€¨‚        | 584/3317 [28:47<2:16:46,  3.00s/stock]D:\Projects\auto-select-stock\src\auto_select_stock\predict\data.py:76: RuntimeWarning: invalid value encountered in divide
  result["bb_position"] = np.where(bb_upper != bb_lower, (close - bb_lower) / (bb_upper - bb_lower), 0.5)
Collect signals 585/3317:  18%|¨€¨‚        | 584/3317 [28:51<2:16:46,  3.00s/stock]Collect signals 585/3317:  18%|¨€¨‚        | 585/3317 [28:51<2:18:56,  3.05s/stock]D:\Projects\auto-select-stock\src\auto_select_stock\predict\data.py:76: RuntimeWarning: invalid value encountered in divide
  result["bb_position"] = np.where(bb_upper != bb_lower, (close - bb_lower) / (bb_upper - bb_lower), 0.5)
Collect signals 586/3317:  18%|¨€¨‚        | 585/3317 [28:54<2:18:56,  3.05s/stock]Collect signals 586/3317:  18%|¨€¨‚        | 586/3317 [28:54<2:19:25,  3.06s/stock]D:\Projects\auto-select-stock\src\auto_select_stock\predict\data.py:76: RuntimeWarning: invalid value encountered in divide
  result["bb_position"] = np.where(bb_upper != bb_lower, (close - bb_lower) / (bb_upper - bb_lower), 0.5)
Collect signals 587/3317:  18%|¨€¨‚        | 586/3317 [28:56<2:19:25,  3.06s/stock]Collect signals 587/3317:  18%|¨€¨‚        | 587/3317 [28:56<2:15:25,  2.98s/stock]D:\Projects\auto-select-stock\src\auto_select_stock\predict\data.py:76: RuntimeWarning: invalid value encountered in divide
  result["bb_position"] = np.where(bb_upper != bb_lower, (close - bb_lower) / (bb_upper - bb_lower), 0.5)
Collect signals 588/3317:  18%|¨€¨‚        | 587/3317 [29:00<2:15:25,  2.98s/stock]Collect signals 588/3317:  18%|¨€¨‚        | 588/3317 [29:00<2:17:30,  3.02s/stock]D:\Projects\auto-select-stock\src\auto_select_stock\predict\data.py:76: RuntimeWarning: invalid value encountered in divide
  result["bb_position"] = np.where(bb_upper != bb_lower, (close - bb_lower) / (bb_upper - bb_lower), 0.5)
Collect signals 589/3317:  18%|¨€¨‚        | 588/3317 [29:02<2:17:30,  3.02s/stock]Collect signals 589/3317:  18%|¨€¨‚        | 589/3317 [29:02<2:13:04,  2.93s/stock]D:\Projects\auto-select-stock\src\auto_select_stock\predict\data.py:76: RuntimeWarning: invalid value encountered in divide
  result["bb_position"] = np.where(bb_upper != bb_lower, (close - bb_lower) / (bb_upper - bb_lower), 0.5)
Collect signals 590/3317:  18%|¨€¨‚        | 589/3317 [29:05<2:13:04,  2.93s/stock]Collect signals 590/3317:  18%|¨€¨‚        | 590/3317 [29:05<2:14:54,  2.97s/stock]D:\Projects\auto-select-stock\src\auto_select_stock\predict\data.py:76: RuntimeWarning: invalid value encountered in divide
  result["bb_position"] = np.where(bb_upper != bb_lower, (close - bb_lower) / (bb_upper - bb_lower), 0.5)
Collect signals 591/3317:  18%|¨€¨‚        | 590/3317 [29:08<2:14:54,  2.97s/stock]Collect signals 591/3317:  18%|¨€¨‚        | 591/3317 [29:08<2:11:40,  2.90s/stock]D:\Projects\auto-select-stock\src\auto_select_stock\predict\data.py:76: RuntimeWarning: invalid value encountered in divide
  result["bb_position"] = np.where(bb_upper != bb_lower, (close - bb_lower) / (bb_upper - bb_lower), 0.5)
Collect signals 592/3317:  18%|¨€¨‚        | 591/3317 [29:11<2:11:40,  2.90s/stock]Collect signals 592/3317:  18%|¨€¨‚        | 592/3317 [29:11<2:13:34,  2.94s/stock]D:\Projects\auto-select-stock\src\auto_select_stock\predict\data.py:76: RuntimeWarning: invalid value encountered in divide
  result["bb_position"] = np.where(bb_upper != bb_lower, (close - bb_lower) / (bb_upper - bb_lower), 0.5)
Collect signals 593/3317:  18%|¨€¨‚        | 592/3317 [29:14<2:13:34,  2.94s/stock]Collect signals 593/3317:  18%|¨€¨‚        | 593/3317 [29:14<2:10:32,  2.88s/stock]D:\Projects\auto-select-stock\src\auto_select_stock\predict\data.py:76: RuntimeWarning: invalid value encountered in divide
  result["bb_position"] = np.where(bb_upper != bb_lower, (close - bb_lower) / (bb_upper - bb_lower), 0.5)
Collect signals 594/3317:  18%|¨€¨‚        | 593/3317 [29:17<2:10:32,  2.88s/stock]Collect signals 594/3317:  18%|¨€¨‚        | 594/3317 [29:17<2:14:07,  2.96s/stock]D:\Projects\auto-select-stock\src\auto_select_stock\predict\data.py:76: RuntimeWarning: invalid value encountered in divide
  result["bb_position"] = np.where(bb_upper != bb_lower, (close - bb_lower) / (bb_upper - bb_lower), 0.5)
Collect signals 595/3317:  18%|¨€¨‚        | 594/3317 [29:20<2:14:07,  2.96s/stock]Collect signals 595/3317:  18%|¨€¨‚        | 595/3317 [29:20<2:15:38,  2.99s/stock]D:\Projects\auto-select-stock\src\auto_select_stock\predict\data.py:76: RuntimeWarning: invalid value encountered in divide
  result["bb_position"] = np.where(bb_upper != bb_lower, (close - bb_lower) / (bb_upper - bb_lower), 0.5)
Collect signals 596/3317:  18%|¨€¨‚        | 595/3317 [29:23<2:15:38,  2.99s/stock]Collect signals 596/3317:  18%|¨€¨‚        | 596/3317 [29:23<2:12:22,  2.92s/stock]D:\Projects\auto-select-stock\src\auto_select_stock\predict\data.py:76: RuntimeWarning: invalid value encountered in divide
  result["bb_position"] = np.where(bb_upper != bb_lower, (close - bb_lower) / (bb_upper - bb_lower), 0.5)
Collect signals 597/3317:  18%|¨€¨‚        | 596/3317 [29:26<2:12:22,  2.92s/stock]Collect signals 597/3317:  18%|¨€¨‚        | 597/3317 [29:26<2:14:01,  2.96s/stock]D:\Projects\auto-select-stock\src\auto_select_stock\predict\data.py:76: RuntimeWarning: invalid value encountered in divide
  result["bb_position"] = np.where(bb_upper != bb_lower, (close - bb_lower) / (bb_upper - bb_lower), 0.5)
Collect signals 598/3317:  18%|¨€¨‚        | 597/3317 [29:29<2:14:01,  2.96s/stock]Collect signals 598/3317:  18%|¨€¨‚        | 598/3317 [29:29<2:10:43,  2.88s/stock]D:\Projects\auto-select-stock\src\auto_select_stock\predict\data.py:76: RuntimeWarning: invalid value encountered in divide
  result["bb_position"] = np.where(bb_upper != bb_lower, (close - bb_lower) / (bb_upper - bb_lower), 0.5)
Collect signals 599/3317:  18%|¨€¨‚        | 598/3317 [29:32<2:10:43,  2.88s/stock]Collect signals 599/3317:  18%|¨€¨‚        | 599/3317 [29:32<2:12:54,  2.93s/stock]D:\Projects\auto-select-stock\src\auto_select_stock\predict\data.py:76: RuntimeWarning: invalid value encountered in divide
  result["bb_position"] = np.where(bb_upper != bb_lower, (close - bb_lower) / (bb_upper - bb_lower), 0.5)
Collect signals 600/3317:  18%|¨€¨‚        | 599/3317 [29:34<2:12:54,  2.93s/stock]Collect signals 600/3317:  18%|¨€¨‚        | 600/3317 [29:34<2:09:30,  2.86s/stock]D:\Projects\auto-select-stock\src\auto_select_stock\predict\data.py:76: RuntimeWarning: invalid value encountered in divide
  result["bb_position"] = np.where(bb_upper != bb_lower, (close - bb_lower) / (bb_upper - bb_lower), 0.5)
Collect signals 601/3317:  18%|¨€¨‚        | 600/3317 [29:37<2:09:30,  2.86s/stock]Collect signals 601/3317:  18%|¨€¨‚        | 601/3317 [29:37<2:12:30,  2.93s/stock]D:\Projects\auto-select-stock\src\auto_select_stock\predict\data.py:76: RuntimeWarning: invalid value encountered in divide
  result["bb_position"] = np.where(bb_upper != bb_lower, (close - bb_lower) / (bb_upper - bb_lower), 0.5)
Collect signals 602/3317:  18%|¨€¨‚        | 601/3317 [29:40<2:12:30,  2.93s/stock]Collect signals 602/3317:  18%|¨€¨‚        | 602/3317 [29:40<2:10:49,  2.89s/stock]D:\Projects\auto-select-stock\src\auto_select_stock\predict\data.py:76: RuntimeWarning: invalid value encountered in divide
  result["bb_position"] = np.where(bb_upper != bb_lower, (close - bb_lower) / (bb_upper - bb_lower), 0.5)
Collect signals 603/3317:  18%|¨€¨‚        | 602/3317 [29:43<2:10:49,  2.89s/stock]Collect signals 603/3317:  18%|¨€¨‚        | 603/3317 [29:43<2:13:31,  2.95s/stock]D:\Projects\auto-select-stock\src\auto_select_stock\predict\data.py:76: RuntimeWarning: invalid value encountered in divide
  result["bb_position"] = np.where(bb_upper != bb_lower, (close - bb_lower) / (bb_upper - bb_lower), 0.5)
Collect signals 604/3317:  18%|¨€¨‚        | 603/3317 [29:46<2:13:31,  2.95s/stock]Collect signals 604/3317:  18%|¨€¨‚        | 604/3317 [29:46<2:15:22,  2.99s/stock]D:\Projects\auto-select-stock\src\auto_select_stock\predict\data.py:76: RuntimeWarning: invalid value encountered in divide
  result["bb_position"] = np.where(bb_upper != bb_lower, (close - bb_lower) / (bb_upper - bb_lower), 0.5)
Collect signals 605/3317:  18%|¨€¨‚        | 604/3317 [29:49<2:15:22,  2.99s/stock]Collect signals 605/3317:  18%|¨€¨‚        | 605/3317 [29:49<2:11:54,  2.92s/stock]D:\Projects\auto-select-stock\src\auto_select_stock\predict\data.py:76: RuntimeWarning: invalid value encountered in divide
  result["bb_position"] = np.where(bb_upper != bb_lower, (close - bb_lower) / (bb_upper - bb_lower), 0.5)
Collect signals 606/3317:  18%|¨€¨‚        | 605/3317 [29:52<2:11:54,  2.92s/stock]Collect signals 606/3317:  18%|¨€¨‚        | 606/3317 [29:52<2:14:45,  2.98s/stock]D:\Projects\auto-select-stock\src\auto_select_stock\predict\data.py:76: RuntimeWarning: invalid value encountered in divide
  result["bb_position"] = np.where(bb_upper != bb_lower, (close - bb_lower) / (bb_upper - bb_lower), 0.5)
Collect signals 607/3317:  18%|¨€¨‚        | 606/3317 [29:55<2:14:45,  2.98s/stock]Collect signals 607/3317:  18%|¨€¨‚        | 607/3317 [29:55<2:10:55,  2.90s/stock]D:\Projects\auto-select-stock\src\auto_select_stock\predict\data.py:76: RuntimeWarning: invalid value encountered in divide
  result["bb_position"] = np.where(bb_upper != bb_lower, (close - bb_lower) / (bb_upper - bb_lower), 0.5)
Collect signals 608/3317:  18%|¨€¨‚        | 607/3317 [29:58<2:10:55,  2.90s/stock]Collect signals 608/3317:  18%|¨€¨‚        | 608/3317 [29:58<2:13:42,  2.96s/stock]D:\Projects\auto-select-stock\src\auto_select_stock\predict\data.py:76: RuntimeWarning: invalid value encountered in divide
  result["bb_position"] = np.where(bb_upper != bb_lower, (close - bb_lower) / (bb_upper - bb_lower), 0.5)
Collect signals 609/3317:  18%|¨€¨‚        | 608/3317 [30:01<2:13:42,  2.96s/stock]Collect signals 609/3317:  18%|¨€¨‚        | 609/3317 [30:01<2:10:06,  2.88s/stock]D:\Projects\auto-select-stock\src\auto_select_stock\predict\data.py:76: RuntimeWarning: invalid value encountered in divide
  result["bb_position"] = np.where(bb_upper != bb_lower, (close - bb_lower) / (bb_upper - bb_lower), 0.5)
Collect signals 610/3317:  18%|¨€¨‚        | 609/3317 [30:04<2:10:06,  2.88s/stock]Collect signals 610/3317:  18%|¨€¨‚        | 610/3317 [30:04<2:12:18,  2.93s/stock]D:\Projects\auto-select-stock\src\auto_select_stock\predict\data.py:76: RuntimeWarning: invalid value encountered in divide
  result["bb_position"] = np.where(bb_upper != bb_lower, (close - bb_lower) / (bb_upper - bb_lower), 0.5)
Collect signals 611/3317:  18%|¨€¨‚        | 610/3317 [30:07<2:12:18,  2.93s/stock]Collect signals 611/3317:  18%|¨€¨‚        | 611/3317 [30:07<2:09:24,  2.87s/stock]D:\Projects\auto-select-stock\src\auto_select_stock\predict\data.py:76: RuntimeWarning: invalid value encountered in divide
  result["bb_position"] = np.where(bb_upper != bb_lower, (close - bb_lower) / (bb_upper - bb_lower), 0.5)
Collect signals 612/3317:  18%|¨€¨‚        | 611/3317 [30:10<2:09:24,  2.87s/stock]Collect signals 612/3317:  18%|¨€¨‚        | 612/3317 [30:10<2:11:38,  2.92s/stock]D:\Projects\auto-select-stock\src\auto_select_stock\predict\data.py:76: RuntimeWarning: invalid value encountered in divide
  result["bb_position"] = np.where(bb_upper != bb_lower, (close - bb_lower) / (bb_upper - bb_lower), 0.5)
Collect signals 613/3317:  18%|¨€¨‚        | 612/3317 [30:13<2:11:38,  2.92s/stock]Collect signals 613/3317:  18%|¨€¨‚        | 613/3317 [30:13<2:13:17,  2.96s/stock]D:\Projects\auto-select-stock\src\auto_select_stock\predict\data.py:76: RuntimeWarning: invalid value encountered in divide
  result["bb_position"] = np.where(bb_upper != bb_lower, (close - bb_lower) / (bb_upper - bb_lower), 0.5)
Collect signals 614/3317:  18%|¨€¨‚        | 613/3317 [30:15<2:13:17,  2.96s/stock]Collect signals 614/3317:  19%|¨€¨‚        | 614/3317 [30:15<2:09:17,  2.87s/stock]D:\Projects\auto-select-stock\src\auto_select_stock\predict\data.py:76: RuntimeWarning: invalid value encountered in divide
  result["bb_position"] = np.where(bb_upper != bb_lower, (close - bb_lower) / (bb_upper - bb_lower), 0.5)
Collect signals 615/3317:  19%|¨€¨‚        | 614/3317 [30:18<2:09:17,  2.87s/stock]Collect signals 615/3317:  19%|¨€¨‚        | 615/3317 [30:18<2:11:41,  2.92s/stock]D:\Projects\auto-select-stock\src\auto_select_stock\predict\data.py:76: RuntimeWarning: invalid value encountered in divide
  result["bb_position"] = np.where(bb_upper != bb_lower, (close - bb_lower) / (bb_upper - bb_lower), 0.5)
Collect signals 616/3317:  19%|¨€¨‚        | 615/3317 [30:21<2:11:41,  2.92s/stock]Collect signals 616/3317:  19%|¨€¨‚        | 616/3317 [30:21<2:08:02,  2.84s/stock]D:\Projects\auto-select-stock\src\auto_select_stock\predict\data.py:76: RuntimeWarning: invalid value encountered in divide
  result["bb_position"] = np.where(bb_upper != bb_lower, (close - bb_lower) / (bb_upper - bb_lower), 0.5)
Collect signals 617/3317:  19%|¨€¨‚        | 616/3317 [30:24<2:08:02,  2.84s/stock]Collect signals 617/3317:  19%|¨€¨‚        | 617/3317 [30:24<2:13:03,  2.96s/stock]D:\Projects\auto-select-stock\src\auto_select_stock\predict\data.py:76: RuntimeWarning: invalid value encountered in divide
  result["bb_position"] = np.where(bb_upper != bb_lower, (close - bb_lower) / (bb_upper - bb_lower), 0.5)
Collect signals 618/3317:  19%|¨€¨‚        | 617/3317 [30:27<2:13:03,  2.96s/stock]Collect signals 618/3317:  19%|¨€¨‚        | 618/3317 [30:27<2:10:50,  2.91s/stock]D:\Projects\auto-select-stock\src\auto_select_stock\predict\data.py:76: RuntimeWarning: invalid value encountered in divide
  result["bb_position"] = np.where(bb_upper != bb_lower, (close - bb_lower) / (bb_upper - bb_lower), 0.5)
Collect signals 619/3317:  19%|¨€¨‚        | 618/3317 [30:30<2:10:50,  2.91s/stock]Collect signals 619/3317:  19%|¨€¨‚        | 619/3317 [30:30<2:14:03,  2.98s/stock]D:\Projects\auto-select-stock\src\auto_select_stock\predict\data.py:76: RuntimeWarning: invalid value encountered in divide
  result["bb_position"] = np.where(bb_upper != bb_lower, (close - bb_lower) / (bb_upper - bb_lower), 0.5)
Collect signals 620/3317:  19%|¨€¨‚        | 619/3317 [30:33<2:14:03,  2.98s/stock]Collect signals 620/3317:  19%|¨€¨‚        | 620/3317 [30:33<2:17:47,  3.07s/stock]D:\Projects\auto-select-stock\src\auto_select_stock\predict\data.py:76: RuntimeWarning: invalid value encountered in divide
  result["bb_position"] = np.where(bb_upper != bb_lower, (close - bb_lower) / (bb_upper - bb_lower), 0.5)
Collect signals 621/3317:  19%|¨€¨‚        | 620/3317 [30:36<2:17:47,  3.07s/stock]Collect signals 621/3317:  19%|¨€¨‚        | 621/3317 [30:36<2:12:56,  2.96s/stock]D:\Projects\auto-select-stock\src\auto_select_stock\predict\data.py:76: RuntimeWarning: invalid value encountered in divide
  result["bb_position"] = np.where(bb_upper != bb_lower, (close - bb_lower) / (bb_upper - bb_lower), 0.5)
Collect signals 622/3317:  19%|¨€¨‚        | 621/3317 [30:39<2:12:56,  2.96s/stock]Collect signals 622/3317:  19%|¨€¨        | 622/3317 [30:39<2:15:03,  3.01s/stock]D:\Projects\auto-select-stock\src\auto_select_stock\predict\data.py:76: RuntimeWarning: invalid value encountered in divide
  result["bb_position"] = np.where(bb_upper != bb_lower, (close - bb_lower) / (bb_upper - bb_lower), 0.5)
Collect signals 623/3317:  19%|¨€¨        | 622/3317 [30:42<2:15:03,  3.01s/stock]Collect signals 623/3317:  19%|¨€¨        | 623/3317 [30:42<2:11:06,  2.92s/stock]D:\Projects\auto-select-stock\src\auto_select_stock\predict\data.py:76: RuntimeWarning: invalid value encountered in divide
  result["bb_position"] = np.where(bb_upper != bb_lower, (close - bb_lower) / (bb_upper - bb_lower), 0.5)
Collect signals 624/3317:  19%|¨€¨        | 623/3317 [30:45<2:11:06,  2.92s/stock]Collect signals 624/3317:  19%|¨€¨        | 624/3317 [30:45<2:13:29,  2.97s/stock]D:\Projects\auto-select-stock\src\auto_select_stock\predict\data.py:76: RuntimeWarning: invalid value encountered in divide
  result["bb_position"] = np.where(bb_upper != bb_lower, (close - bb_lower) / (bb_upper - bb_lower), 0.5)
Collect signals 625/3317:  19%|¨€¨        | 624/3317 [30:48<2:13:29,  2.97s/stock]Collect signals 625/3317:  19%|¨€¨        | 625/3317 [30:48<2:10:09,  2.90s/stock]D:\Projects\auto-select-stock\src\auto_select_stock\predict\data.py:76: RuntimeWarning: invalid value encountered in divide
  result["bb_position"] = np.where(bb_upper != bb_lower, (close - bb_lower) / (bb_upper - bb_lower), 0.5)
Collect signals 626/3317:  19%|¨€¨        | 625/3317 [30:51<2:10:09,  2.90s/stock]Collect signals 626/3317:  19%|¨€¨        | 626/3317 [30:51<2:12:12,  2.95s/stock]D:\Projects\auto-select-stock\src\auto_select_stock\predict\data.py:76: RuntimeWarning: invalid value encountered in divide
  result["bb_position"] = np.where(bb_upper != bb_lower, (close - bb_lower) / (bb_upper - bb_lower), 0.5)
Collect signals 627/3317:  19%|¨€¨        | 626/3317 [30:54<2:12:12,  2.95s/stock]Collect signals 627/3317:  19%|¨€¨        | 627/3317 [30:54<2:08:28,  2.87s/stock]D:\Projects\auto-select-stock\src\auto_select_stock\predict\data.py:76: RuntimeWarning: invalid value encountered in divide
  result["bb_position"] = np.where(bb_upper != bb_lower, (close - bb_lower) / (bb_upper - bb_lower), 0.5)
Collect signals 628/3317:  19%|¨€¨        | 627/3317 [30:57<2:08:28,  2.87s/stock]Collect signals 628/3317:  19%|¨€¨        | 628/3317 [30:57<2:12:32,  2.96s/stock]D:\Projects\auto-select-stock\src\auto_select_stock\predict\data.py:76: RuntimeWarning: invalid value encountered in divide
  result["bb_position"] = np.where(bb_upper != bb_lower, (close - bb_lower) / (bb_upper - bb_lower), 0.5)
Collect signals 629/3317:  19%|¨€¨        | 628/3317 [31:00<2:12:32,  2.96s/stock]Collect signals 629/3317:  19%|¨€¨        | 629/3317 [31:00<2:13:48,  2.99s/stock]D:\Projects\auto-select-stock\src\auto_select_stock\predict\data.py:76: RuntimeWarning: invalid value encountered in divide
  result["bb_position"] = np.where(bb_upper != bb_lower, (close - bb_lower) / (bb_upper - bb_lower), 0.5)
Collect signals 630/3317:  19%|¨€¨        | 629/3317 [31:02<2:13:48,  2.99s/stock]Collect signals 630/3317:  19%|¨€¨        | 630/3317 [31:02<2:10:21,  2.91s/stock]D:\Projects\auto-select-stock\src\auto_select_stock\predict\data.py:76: RuntimeWarning: invalid value encountered in divide
  result["bb_position"] = np.where(bb_upper != bb_lower, (close - bb_lower) / (bb_upper - bb_lower), 0.5)
Collect signals 631/3317:  19%|¨€¨        | 630/3317 [31:06<2:10:21,  2.91s/stock]Collect signals 631/3317:  19%|¨€¨        | 631/3317 [31:06<2:12:18,  2.96s/stock]D:\Projects\auto-select-stock\src\auto_select_stock\predict\data.py:76: RuntimeWarning: invalid value encountered in divide
  result["bb_position"] = np.where(bb_upper != bb_lower, (close - bb_lower) / (bb_upper - bb_lower), 0.5)
Collect signals 632/3317:  19%|¨€¨        | 631/3317 [31:08<2:12:18,  2.96s/stock]Collect signals 632/3317:  19%|¨€¨        | 632/3317 [31:08<2:09:30,  2.89s/stock]D:\Projects\auto-select-stock\src\auto_select_stock\predict\data.py:76: RuntimeWarning: invalid value encountered in divide
  result["bb_position"] = np.where(bb_upper != bb_lower, (close - bb_lower) / (bb_upper - bb_lower), 0.5)
Collect signals 633/3317:  19%|¨€¨        | 632/3317 [31:11<2:09:30,  2.89s/stock]Collect signals 633/3317:  19%|¨€¨        | 633/3317 [31:11<2:12:36,  2.96s/stock]D:\Projects\auto-select-stock\src\auto_select_stock\predict\data.py:76: RuntimeWarning: invalid value encountered in divide
  result["bb_position"] = np.where(bb_upper != bb_lower, (close - bb_lower) / (bb_upper - bb_lower), 0.5)
Collect signals 634/3317:  19%|¨€¨        | 633/3317 [31:14<2:12:36,  2.96s/stock]Collect signals 634/3317:  19%|¨€¨        | 634/3317 [31:14<2:10:47,  2.93s/stock]D:\Projects\auto-select-stock\src\auto_select_stock\predict\data.py:76: RuntimeWarning: invalid value encountered in divide
  result["bb_position"] = np.where(bb_upper != bb_lower, (close - bb_lower) / (bb_upper - bb_lower), 0.5)
Collect signals 635/3317:  19%|¨€¨        | 634/3317 [31:17<2:10:47,  2.93s/stock]Collect signals 635/3317:  19%|¨€¨        | 635/3317 [31:17<2:12:23,  2.96s/stock]D:\Projects\auto-select-stock\src\auto_select_stock\predict\data.py:76: RuntimeWarning: invalid value encountered in divide
  result["bb_position"] = np.where(bb_upper != bb_lower, (close - bb_lower) / (bb_upper - bb_lower), 0.5)
Collect signals 636/3317:  19%|¨€¨        | 635/3317 [31:20<2:12:23,  2.96s/stock]Collect signals 636/3317:  19%|¨€¨        | 636/3317 [31:20<2:08:29,  2.88s/stock]D:\Projects\auto-select-stock\src\auto_select_stock\predict\data.py:76: RuntimeWarning: invalid value encountered in divide
  result["bb_position"] = np.where(bb_upper != bb_lower, (close - bb_lower) / (bb_upper - bb_lower), 0.5)
Collect signals 637/3317:  19%|¨€¨        | 636/3317 [31:23<2:08:29,  2.88s/stock]Collect signals 637/3317:  19%|¨€¨        | 637/3317 [31:23<2:11:13,  2.94s/stock]D:\Projects\auto-select-stock\src\auto_select_stock\predict\data.py:76: RuntimeWarning: invalid value encountered in divide
  result["bb_position"] = np.where(bb_upper != bb_lower, (close - bb_lower) / (bb_upper - bb_lower), 0.5)
Collect signals 638/3317:  19%|¨€¨        | 637/3317 [31:26<2:11:13,  2.94s/stock]Collect signals 638/3317:  19%|¨€¨        | 638/3317 [31:26<2:12:23,  2.97s/stock]D:\Projects\auto-select-stock\src\auto_select_stock\predict\data.py:76: RuntimeWarning: invalid value encountered in divide
  result["bb_position"] = np.where(bb_upper != bb_lower, (close - bb_lower) / (bb_upper - bb_lower), 0.5)
Collect signals 639/3317:  19%|¨€¨        | 638/3317 [31:29<2:12:23,  2.97s/stock]Collect signals 639/3317:  19%|¨€¨        | 639/3317 [31:29<2:11:02,  2.94s/stock]D:\Projects\auto-select-stock\src\auto_select_stock\predict\data.py:76: RuntimeWarning: invalid value encountered in divide
  result["bb_position"] = np.where(bb_upper != bb_lower, (close - bb_lower) / (bb_upper - bb_lower), 0.5)
Collect signals 640/3317:  19%|¨€¨        | 639/3317 [31:32<2:11:02,  2.94s/stock]Collect signals 640/3317:  19%|¨€¨        | 640/3317 [31:32<2:14:31,  3.02s/stock]D:\Projects\auto-select-stock\src\auto_select_stock\predict\data.py:76: RuntimeWarning: invalid value encountered in divide
  result["bb_position"] = np.where(bb_upper != bb_lower, (close - bb_lower) / (bb_upper - bb_lower), 0.5)
Collect signals 641/3317:  19%|¨€¨        | 640/3317 [31:35<2:14:31,  3.02s/stock]Collect signals 641/3317:  19%|¨€¨        | 641/3317 [31:35<2:10:38,  2.93s/stock]D:\Projects\auto-select-stock\src\auto_select_stock\predict\data.py:76: RuntimeWarning: invalid value encountered in divide
  result["bb_position"] = np.where(bb_upper != bb_lower, (close - bb_lower) / (bb_upper - bb_lower), 0.5)
Collect signals 642/3317:  19%|¨€¨        | 641/3317 [31:38<2:10:38,  2.93s/stock]Collect signals 642/3317:  19%|¨€¨        | 642/3317 [31:38<2:15:21,  3.04s/stock]D:\Projects\auto-select-stock\src\auto_select_stock\predict\data.py:76: RuntimeWarning: invalid value encountered in divide
  result["bb_position"] = np.where(bb_upper != bb_lower, (close - bb_lower) / (bb_upper - bb_lower), 0.5)
Collect signals 643/3317:  19%|¨€¨        | 642/3317 [31:41<2:15:21,  3.04s/stock]Collect signals 643/3317:  19%|¨€¨        | 643/3317 [31:41<2:10:27,  2.93s/stock]D:\Projects\auto-select-stock\src\auto_select_stock\predict\data.py:76: RuntimeWarning: invalid value encountered in divide
  result["bb_position"] = np.where(bb_upper != bb_lower, (close - bb_lower) / (bb_upper - bb_lower), 0.5)
Collect signals 644/3317:  19%|¨€¨        | 643/3317 [31:44<2:10:27,  2.93s/stock]Collect signals 644/3317:  19%|¨€¨        | 644/3317 [31:44<2:12:12,  2.97s/stock]D:\Projects\auto-select-stock\src\auto_select_stock\predict\data.py:76: RuntimeWarning: invalid value encountered in divide
  result["bb_position"] = np.where(bb_upper != bb_lower, (close - bb_lower) / (bb_upper - bb_lower), 0.5)
Collect signals 645/3317:  19%|¨€¨        | 644/3317 [31:47<2:12:12,  2.97s/stock]Collect signals 645/3317:  19%|¨€¨        | 645/3317 [31:47<2:13:24,  3.00s/stock]D:\Projects\auto-select-stock\src\auto_select_stock\predict\data.py:76: RuntimeWarning: invalid value encountered in divide
  result["bb_position"] = np.where(bb_upper != bb_lower, (close - bb_lower) / (bb_upper - bb_lower), 0.5)
Collect signals 646/3317:  19%|¨€¨        | 645/3317 [31:50<2:13:24,  3.00s/stock]Collect signals 646/3317:  19%|¨€¨        | 646/3317 [31:50<2:10:56,  2.94s/stock]D:\Projects\auto-select-stock\src\auto_select_stock\predict\data.py:76: RuntimeWarning: invalid value encountered in divide
  result["bb_position"] = np.where(bb_upper != bb_lower, (close - bb_lower) / (bb_upper - bb_lower), 0.5)
Collect signals 647/3317:  19%|¨€¨        | 646/3317 [31:53<2:10:56,  2.94s/stock]Collect signals 647/3317:  20%|¨€¨        | 647/3317 [31:53<2:15:36,  3.05s/stock]D:\Projects\auto-select-stock\src\auto_select_stock\predict\data.py:76: RuntimeWarning: invalid value encountered in divide
  result["bb_position"] = np.where(bb_upper != bb_lower, (close - bb_lower) / (bb_upper - bb_lower), 0.5)
Collect signals 648/3317:  20%|¨€¨        | 647/3317 [31:56<2:15:36,  3.05s/stock]Collect signals 648/3317:  20%|¨€¨        | 648/3317 [31:56<2:11:30,  2.96s/stock]D:\Projects\auto-select-stock\src\auto_select_stock\predict\data.py:76: RuntimeWarning: invalid value encountered in divide
  result["bb_position"] = np.where(bb_upper != bb_lower, (close - bb_lower) / (bb_upper - bb_lower), 0.5)
Collect signals 649/3317:  20%|¨€¨        | 648/3317 [31:59<2:11:30,  2.96s/stock]Collect signals 649/3317:  20%|¨€¨        | 649/3317 [31:59<2:13:38,  3.01s/stock]D:\Projects\auto-select-stock\src\auto_select_stock\predict\data.py:76: RuntimeWarning: invalid value encountered in divide
  result["bb_position"] = np.where(bb_upper != bb_lower, (close - bb_lower) / (bb_upper - bb_lower), 0.5)
Collect signals 650/3317:  20%|¨€¨        | 649/3317 [32:02<2:13:38,  3.01s/stock]Collect signals 650/3317:  20%|¨€¨        | 650/3317 [32:02<2:10:03,  2.93s/stock]D:\Projects\auto-select-stock\src\auto_select_stock\predict\data.py:76: RuntimeWarning: invalid value encountered in divide
  result["bb_position"] = np.where(bb_upper != bb_lower, (close - bb_lower) / (bb_upper - bb_lower), 0.5)
Collect signals 651/3317:  20%|¨€¨        | 650/3317 [32:05<2:10:03,  2.93s/stock]Collect signals 651/3317:  20%|¨€¨        | 651/3317 [32:05<2:11:29,  2.96s/stock]D:\Projects\auto-select-stock\src\auto_select_stock\predict\data.py:76: RuntimeWarning: invalid value encountered in divide
  result["bb_position"] = np.where(bb_upper != bb_lower, (close - bb_lower) / (bb_upper - bb_lower), 0.5)
Collect signals 652/3317:  20%|¨€¨        | 651/3317 [32:07<2:11:29,  2.96s/stock]Collect signals 652/3317:  20%|¨€¨        | 652/3317 [32:07<2:07:55,  2.88s/stock]D:\Projects\auto-select-stock\src\auto_select_stock\predict\data.py:76: RuntimeWarning: invalid value encountered in divide
  result["bb_position"] = np.where(bb_upper != bb_lower, (close - bb_lower) / (bb_upper - bb_lower), 0.5)
Collect signals 653/3317:  20%|¨€¨        | 652/3317 [32:11<2:07:55,  2.88s/stock]Collect signals 653/3317:  20%|¨€¨        | 653/3317 [32:11<2:11:21,  2.96s/stock]D:\Projects\auto-select-stock\src\auto_select_stock\predict\data.py:76: RuntimeWarning: invalid value encountered in divide
  result["bb_position"] = np.where(bb_upper != bb_lower, (close - bb_lower) / (bb_upper - bb_lower), 0.5)
Collect signals 654/3317:  20%|¨€¨        | 653/3317 [32:14<2:11:21,  2.96s/stock]Collect signals 654/3317:  20%|¨€¨        | 654/3317 [32:14<2:14:51,  3.04s/stock]D:\Projects\auto-select-stock\src\auto_select_stock\predict\data.py:76: RuntimeWarning: invalid value encountered in divide
  result["bb_position"] = np.where(bb_upper != bb_lower, (close - bb_lower) / (bb_upper - bb_lower), 0.5)
Collect signals 655/3317:  20%|¨€¨        | 654/3317 [32:17<2:14:51,  3.04s/stock]Collect signals 655/3317:  20%|¨€¨        | 655/3317 [32:17<2:11:52,  2.97s/stock]D:\Projects\auto-select-stock\src\auto_select_stock\predict\data.py:76: RuntimeWarning: invalid value encountered in divide
  result["bb_position"] = np.where(bb_upper != bb_lower, (close - bb_lower) / (bb_upper - bb_lower), 0.5)
Collect signals 656/3317:  20%|¨€¨        | 655/3317 [32:20<2:11:52,  2.97s/stock]Collect signals 656/3317:  20%|¨€¨        | 656/3317 [32:20<2:13:23,  3.01s/stock]D:\Projects\auto-select-stock\src\auto_select_stock\predict\data.py:76: RuntimeWarning: invalid value encountered in divide
  result["bb_position"] = np.where(bb_upper != bb_lower, (close - bb_lower) / (bb_upper - bb_lower), 0.5)
Collect signals 657/3317:  20%|¨€¨        | 656/3317 [32:22<2:13:23,  3.01s/stock]Collect signals 657/3317:  20%|¨€¨        | 657/3317 [32:22<2:10:23,  2.94s/stock]D:\Projects\auto-select-stock\src\auto_select_stock\predict\data.py:76: RuntimeWarning: invalid value encountered in divide
  result["bb_position"] = np.where(bb_upper != bb_lower, (close - bb_lower) / (bb_upper - bb_lower), 0.5)
Collect signals 658/3317:  20%|¨€¨        | 657/3317 [32:26<2:10:23,  2.94s/stock]Collect signals 658/3317:  20%|¨€¨        | 658/3317 [32:26<2:12:06,  2.98s/stock]D:\Projects\auto-select-stock\src\auto_select_stock\predict\data.py:76: RuntimeWarning: invalid value encountered in divide
  result["bb_position"] = np.where(bb_upper != bb_lower, (close - bb_lower) / (bb_upper - bb_lower), 0.5)
Collect signals 659/3317:  20%|¨€¨        | 658/3317 [32:28<2:12:06,  2.98s/stock]Collect signals 659/3317:  20%|¨€¨        | 659/3317 [32:28<2:08:22,  2.90s/stock]D:\Projects\auto-select-stock\src\auto_select_stock\predict\data.py:76: RuntimeWarning: invalid value encountered in divide
  result["bb_position"] = np.where(bb_upper != bb_lower, (close - bb_lower) / (bb_upper - bb_lower), 0.5)
Collect signals 660/3317:  20%|¨€¨        | 659/3317 [32:31<2:08:22,  2.90s/stock]Collect signals 660/3317:  20%|¨€¨        | 660/3317 [32:31<2:11:07,  2.96s/stock]D:\Projects\auto-select-stock\src\auto_select_stock\predict\data.py:76: RuntimeWarning: invalid value encountered in divide
  result["bb_position"] = np.where(bb_upper != bb_lower, (close - bb_lower) / (bb_upper - bb_lower), 0.5)
Collect signals 661/3317:  20%|¨€¨        | 660/3317 [32:34<2:11:07,  2.96s/stock]Collect signals 661/3317:  20%|¨€¨        | 661/3317 [32:34<2:08:01,  2.89s/stock]D:\Projects\auto-select-stock\src\auto_select_stock\predict\data.py:76: RuntimeWarning: invalid value encountered in divide
  result["bb_position"] = np.where(bb_upper != bb_lower, (close - bb_lower) / (bb_upper - bb_lower), 0.5)
Collect signals 662/3317:  20%|¨€¨        | 661/3317 [32:37<2:08:01,  2.89s/stock]Collect signals 662/3317:  20%|¨€¨        | 662/3317 [32:37<2:12:35,  3.00s/stock]D:\Projects\auto-select-stock\src\auto_select_stock\predict\data.py:76: RuntimeWarning: invalid value encountered in divide
  result["bb_position"] = np.where(bb_upper != bb_lower, (close - bb_lower) / (bb_upper - bb_lower), 0.5)
Collect signals 663/3317:  20%|¨€¨        | 662/3317 [32:40<2:12:35,  3.00s/stock]Collect signals 663/3317:  20%|¨€¨        | 663/3317 [32:40<2:14:33,  3.04s/stock]D:\Projects\auto-select-stock\src\auto_select_stock\predict\data.py:76: RuntimeWarning: invalid value encountered in divide
  result["bb_position"] = np.where(bb_upper != bb_lower, (close - bb_lower) / (bb_upper - bb_lower), 0.5)
Collect signals 664/3317:  20%|¨€¨        | 663/3317 [32:43<2:14:33,  3.04s/stock]Collect signals 664/3317:  20%|¨€¨€        | 664/3317 [32:43<2:10:01,  2.94s/stock]D:\Projects\auto-select-stock\src\auto_select_stock\predict\data.py:76: RuntimeWarning: invalid value encountered in divide
  result["bb_position"] = np.where(bb_upper != bb_lower, (close - bb_lower) / (bb_upper - bb_lower), 0.5)
Collect signals 665/3317:  20%|¨€¨€        | 664/3317 [32:46<2:10:01,  2.94s/stock]Collect signals 665/3317:  20%|¨€¨€        | 665/3317 [32:46<2:12:38,  3.00s/stock]D:\Projects\auto-select-stock\src\auto_select_stock\predict\data.py:76: RuntimeWarning: invalid value encountered in divide
  result["bb_position"] = np.where(bb_upper != bb_lower, (close - bb_lower) / (bb_upper - bb_lower), 0.5)
Collect signals 666/3317:  20%|¨€¨€        | 665/3317 [32:49<2:12:38,  3.00s/stock]Collect signals 666/3317:  20%|¨€¨€        | 666/3317 [32:49<2:09:52,  2.94s/stock]D:\Projects\auto-select-stock\src\auto_select_stock\predict\data.py:76: RuntimeWarning: invalid value encountered in divide
  result["bb_position"] = np.where(bb_upper != bb_lower, (close - bb_lower) / (bb_upper - bb_lower), 0.5)
Collect signals 667/3317:  20%|¨€¨€        | 666/3317 [32:52<2:09:52,  2.94s/stock]Collect signals 667/3317:  20%|¨€¨€        | 667/3317 [32:52<2:11:22,  2.97s/stock]D:\Projects\auto-select-stock\src\auto_select_stock\predict\data.py:76: RuntimeWarning: invalid value encountered in divide
  result["bb_position"] = np.where(bb_upper != bb_lower, (close - bb_lower) / (bb_upper - bb_lower), 0.5)
Collect signals 668/3317:  20%|¨€¨€        | 667/3317 [32:55<2:11:22,  2.97s/stock]Collect signals 668/3317:  20%|¨€¨€        | 668/3317 [32:55<2:09:02,  2.92s/stock]D:\Projects\auto-select-stock\src\auto_select_stock\predict\data.py:76: RuntimeWarning: invalid value encountered in divide
  result["bb_position"] = np.where(bb_upper != bb_lower, (close - bb_lower) / (bb_upper - bb_lower), 0.5)
Collect signals 669/3317:  20%|¨€¨€        | 668/3317 [32:58<2:09:02,  2.92s/stock]Collect signals 669/3317:  20%|¨€¨€        | 669/3317 [32:58<2:12:43,  3.01s/stock]D:\Projects\auto-select-stock\src\auto_select_stock\predict\data.py:76: RuntimeWarning: invalid value encountered in divide
  result["bb_position"] = np.where(bb_upper != bb_lower, (close - bb_lower) / (bb_upper - bb_lower), 0.5)
Collect signals 670/3317:  20%|¨€¨€        | 669/3317 [33:01<2:12:43,  3.01s/stock]Collect signals 670/3317:  20%|¨€¨€        | 670/3317 [33:01<2:09:12,  2.93s/stock]D:\Projects\auto-select-stock\src\auto_select_stock\predict\data.py:76: RuntimeWarning: invalid value encountered in divide
  result["bb_position"] = np.where(bb_upper != bb_lower, (close - bb_lower) / (bb_upper - bb_lower), 0.5)
Collect signals 671/3317:  20%|¨€¨€        | 670/3317 [33:04<2:09:12,  2.93s/stock]Collect signals 671/3317:  20%|¨€¨€        | 671/3317 [33:04<2:11:10,  2.97s/stock]D:\Projects\auto-select-stock\src\auto_select_stock\predict\data.py:76: RuntimeWarning: invalid value encountered in divide
  result["bb_position"] = np.where(bb_upper != bb_lower, (close - bb_lower) / (bb_upper - bb_lower), 0.5)
Collect signals 672/3317:  20%|¨€¨€        | 671/3317 [33:07<2:11:10,  2.97s/stock]Collect signals 672/3317:  20%|¨€¨€        | 672/3317 [33:07<2:12:45,  3.01s/stock]D:\Projects\auto-select-stock\src\auto_select_stock\predict\data.py:76: RuntimeWarning: invalid value encountered in divide
  result["bb_position"] = np.where(bb_upper != bb_lower, (close - bb_lower) / (bb_upper - bb_lower), 0.5)
Collect signals 673/3317:  20%|¨€¨€        | 672/3317 [33:11<2:12:45,  3.01s/stock]Collect signals 673/3317:  20%|¨€¨€        | 673/3317 [33:11<2:21:36,  3.21s/stock]D:\Projects\auto-select-stock\src\auto_select_stock\predict\data.py:76: RuntimeWarning: invalid value encountered in divide
  result["bb_position"] = np.where(bb_upper != bb_lower, (close - bb_lower) / (bb_upper - bb_lower), 0.5)
Collect signals 674/3317:  20%|¨€¨€        | 673/3317 [33:14<2:21:36,  3.21s/stock]Collect signals 674/3317:  20%|¨€¨€        | 674/3317 [33:14<2:23:20,  3.25s/stock]D:\Projects\auto-select-stock\src\auto_select_stock\predict\data.py:76: RuntimeWarning: invalid value encountered in divide
  result["bb_position"] = np.where(bb_upper != bb_lower, (close - bb_lower) / (bb_upper - bb_lower), 0.5)
Collect signals 675/3317:  20%|¨€¨€        | 674/3317 [33:17<2:23:20,  3.25s/stock]Collect signals 675/3317:  20%|¨€¨€        | 675/3317 [33:17<2:19:27,  3.17s/stock]D:\Projects\auto-select-stock\src\auto_select_stock\predict\data.py:76: RuntimeWarning: invalid value encountered in divide
  result["bb_position"] = np.where(bb_upper != bb_lower, (close - bb_lower) / (bb_upper - bb_lower), 0.5)
Collect signals 676/3317:  20%|¨€¨€        | 675/3317 [33:21<2:19:27,  3.17s/stock]Collect signals 676/3317:  20%|¨€¨€        | 676/3317 [33:21<2:24:09,  3.28s/stock]D:\Projects\auto-select-stock\src\auto_select_stock\predict\data.py:76: RuntimeWarning: invalid value encountered in divide
  result["bb_position"] = np.where(bb_upper != bb_lower, (close - bb_lower) / (bb_upper - bb_lower), 0.5)
Collect signals 677/3317:  20%|¨€¨€        | 676/3317 [33:24<2:24:09,  3.28s/stock]Collect signals 677/3317:  20%|¨€¨€        | 677/3317 [33:24<2:22:50,  3.25s/stock]D:\Projects\auto-select-stock\src\auto_select_stock\predict\data.py:76: RuntimeWarning: invalid value encountered in divide
  result["bb_position"] = np.where(bb_upper != bb_lower, (close - bb_lower) / (bb_upper - bb_lower), 0.5)
Collect signals 678/3317:  20%|¨€¨€        | 677/3317 [33:27<2:22:50,  3.25s/stock]Collect signals 678/3317:  20%|¨€¨€        | 678/3317 [33:27<2:20:59,  3.21s/stock]D:\Projects\auto-select-stock\src\auto_select_stock\predict\data.py:76: RuntimeWarning: invalid value encountered in divide
  result["bb_position"] = np.where(bb_upper != bb_lower, (close - bb_lower) / (bb_upper - bb_lower), 0.5)
Collect signals 679/3317:  20%|¨€¨€        | 678/3317 [33:30<2:20:59,  3.21s/stock]Collect signals 679/3317:  20%|¨€¨€        | 679/3317 [33:30<2:15:57,  3.09s/stock]D:\Projects\auto-select-stock\src\auto_select_stock\predict\data.py:76: RuntimeWarning: invalid value encountered in divide
  result["bb_position"] = np.where(bb_upper != bb_lower, (close - bb_lower) / (bb_upper - bb_lower), 0.5)
Collect signals 680/3317:  20%|¨€¨€        | 679/3317 [33:33<2:15:57,  3.09s/stock]Collect signals 680/3317:  21%|¨€¨€        | 680/3317 [33:33<2:17:10,  3.12s/stock]D:\Projects\auto-select-stock\src\auto_select_stock\predict\data.py:76: RuntimeWarning: invalid value encountered in divide
  result["bb_position"] = np.where(bb_upper != bb_lower, (close - bb_lower) / (bb_upper - bb_lower), 0.5)
Collect signals 681/3317:  21%|¨€¨€        | 680/3317 [33:36<2:17:10,  3.12s/stock]Collect signals 681/3317:  21%|¨€¨€        | 681/3317 [33:36<2:13:16,  3.03s/stock]D:\Projects\auto-select-stock\src\auto_select_stock\predict\data.py:76: RuntimeWarning: invalid value encountered in divide
  result["bb_position"] = np.where(bb_upper != bb_lower, (close - bb_lower) / (bb_upper - bb_lower), 0.5)
Collect signals 682/3317:  21%|¨€¨€        | 681/3317 [33:39<2:13:16,  3.03s/stock]Collect signals 682/3317:  21%|¨€¨€        | 682/3317 [33:39<2:15:31,  3.09s/stock]D:\Projects\auto-select-stock\src\auto_select_stock\predict\data.py:76: RuntimeWarning: invalid value encountered in divide
  result["bb_position"] = np.where(bb_upper != bb_lower, (close - bb_lower) / (bb_upper - bb_lower), 0.5)
Collect signals 683/3317:  21%|¨€¨€        | 682/3317 [33:42<2:15:31,  3.09s/stock]Collect signals 683/3317:  21%|¨€¨€        | 683/3317 [33:42<2:17:10,  3.12s/stock]D:\Projects\auto-select-stock\src\auto_select_stock\predict\data.py:76: RuntimeWarning: invalid value encountered in divide
  result["bb_position"] = np.where(bb_upper != bb_lower, (close - bb_lower) / (bb_upper - bb_lower), 0.5)
Collect signals 684/3317:  21%|¨€¨€        | 683/3317 [33:45<2:17:10,  3.12s/stock]Collect signals 684/3317:  21%|¨€¨€        | 684/3317 [33:45<2:12:31,  3.02s/stock]D:\Projects\auto-select-stock\src\auto_select_stock\predict\data.py:76: RuntimeWarning: invalid value encountered in divide
  result["bb_position"] = np.where(bb_upper != bb_lower, (close - bb_lower) / (bb_upper - bb_lower), 0.5)
Collect signals 685/3317:  21%|¨€¨€        | 684/3317 [33:48<2:12:31,  3.02s/stock]Collect signals 685/3317:  21%|¨€¨€        | 685/3317 [33:48<2:13:51,  3.05s/stock]D:\Projects\auto-select-stock\src\auto_select_stock\predict\data.py:76: RuntimeWarning: invalid value encountered in divide
  result["bb_position"] = np.where(bb_upper != bb_lower, (close - bb_lower) / (bb_upper - bb_lower), 0.5)
Collect signals 686/3317:  21%|¨€¨€        | 685/3317 [33:51<2:13:51,  3.05s/stock]Collect signals 686/3317:  21%|¨€¨€        | 686/3317 [33:51<2:13:43,  3.05s/stock]D:\Projects\auto-select-stock\src\auto_select_stock\predict\data.py:76: RuntimeWarning: invalid value encountered in divide
  result["bb_position"] = np.where(bb_upper != bb_lower, (close - bb_lower) / (bb_upper - bb_lower), 0.5)
Collect signals 687/3317:  21%|¨€¨€        | 686/3317 [33:55<2:13:43,  3.05s/stock]Collect signals 687/3317:  21%|¨€¨€        | 687/3317 [33:55<2:19:50,  3.19s/stock]D:\Projects\auto-select-stock\src\auto_select_stock\predict\data.py:76: RuntimeWarning: invalid value encountered in divide
  result["bb_position"] = np.where(bb_upper != bb_lower, (close - bb_lower) / (bb_upper - bb_lower), 0.5)
Collect signals 688/3317:  21%|¨€¨€        | 687/3317 [33:58<2:19:50,  3.19s/stock]Collect signals 688/3317:  21%|¨€¨€        | 688/3317 [33:58<2:18:27,  3.16s/stock]D:\Projects\auto-select-stock\src\auto_select_stock\predict\data.py:76: RuntimeWarning: invalid value encountered in divide
  result["bb_position"] = np.where(bb_upper != bb_lower, (close - bb_lower) / (bb_upper - bb_lower), 0.5)
Collect signals 689/3317:  21%|¨€¨€        | 688/3317 [34:01<2:18:27,  3.16s/stock]Collect signals 689/3317:  21%|¨€¨€        | 689/3317 [34:01<2:23:01,  3.27s/stock]D:\Projects\auto-select-stock\src\auto_select_stock\predict\data.py:76: RuntimeWarning: invalid value encountered in divide
  result["bb_position"] = np.where(bb_upper != bb_lower, (close - bb_lower) / (bb_upper - bb_lower), 0.5)
Collect signals 690/3317:  21%|¨€¨€        | 689/3317 [34:04<2:23:01,  3.27s/stock]Collect signals 690/3317:  21%|¨€¨€        | 690/3317 [34:04<2:22:26,  3.25s/stock]D:\Projects\auto-select-stock\src\auto_select_stock\predict\data.py:76: RuntimeWarning: invalid value encountered in divide
  result["bb_position"] = np.where(bb_upper != bb_lower, (close - bb_lower) / (bb_upper - bb_lower), 0.5)
Collect signals 691/3317:  21%|¨€¨€        | 690/3317 [34:08<2:22:26,  3.25s/stock]Collect signals 691/3317:  21%|¨€¨€        | 691/3317 [34:08<2:27:16,  3.36s/stock]D:\Projects\auto-select-stock\src\auto_select_stock\predict\data.py:76: RuntimeWarning: invalid value encountered in divide
  result["bb_position"] = np.where(bb_upper != bb_lower, (close - bb_lower) / (bb_upper - bb_lower), 0.5)
Collect signals 692/3317:  21%|¨€¨€        | 691/3317 [34:12<2:27:16,  3.36s/stock]Collect signals 692/3317:  21%|¨€¨€        | 692/3317 [34:12<2:31:51,  3.47s/stock]D:\Projects\auto-select-stock\src\auto_select_stock\predict\data.py:76: RuntimeWarning: invalid value encountered in divide
  result["bb_position"] = np.where(bb_upper != bb_lower, (close - bb_lower) / (bb_upper - bb_lower), 0.5)
Collect signals 693/3317:  21%|¨€¨€        | 692/3317 [34:15<2:31:51,  3.47s/stock]Collect signals 693/3317:  21%|¨€¨€        | 693/3317 [34:15<2:27:59,  3.38s/stock]D:\Projects\auto-select-stock\src\auto_select_stock\predict\data.py:76: RuntimeWarning: invalid value encountered in divide
  result["bb_position"] = np.where(bb_upper != bb_lower, (close - bb_lower) / (bb_upper - bb_lower), 0.5)
Collect signals 694/3317:  21%|¨€¨€        | 693/3317 [34:18<2:27:59,  3.38s/stock]Collect signals 694/3317:  21%|¨€¨€        | 694/3317 [34:18<2:29:20,  3.42s/stock]D:\Projects\auto-select-stock\src\auto_select_stock\predict\data.py:76: RuntimeWarning: invalid value encountered in divide
  result["bb_position"] = np.where(bb_upper != bb_lower, (close - bb_lower) / (bb_upper - bb_lower), 0.5)
Collect signals 695/3317:  21%|¨€¨€        | 694/3317 [34:22<2:29:20,  3.42s/stock]Collect signals 695/3317:  21%|¨€¨€        | 695/3317 [34:22<2:26:53,  3.36s/stock]D:\Projects\auto-select-stock\src\auto_select_stock\predict\data.py:76: RuntimeWarning: invalid value encountered in divide
  result["bb_position"] = np.where(bb_upper != bb_lower, (close - bb_lower) / (bb_upper - bb_lower), 0.5)
Collect signals 696/3317:  21%|¨€¨€        | 695/3317 [34:25<2:26:53,  3.36s/stock]Collect signals 696/3317:  21%|¨€¨€        | 696/3317 [34:25<2:31:03,  3.46s/stock]D:\Projects\auto-select-stock\src\auto_select_stock\predict\data.py:76: RuntimeWarning: invalid value encountered in divide
  result["bb_position"] = np.where(bb_upper != bb_lower, (close - bb_lower) / (bb_upper - bb_lower), 0.5)
Collect signals 697/3317:  21%|¨€¨€        | 696/3317 [34:28<2:31:03,  3.46s/stock]Collect signals 697/3317:  21%|¨€¨€        | 697/3317 [34:28<2:25:05,  3.32s/stock]D:\Projects\auto-select-stock\src\auto_select_stock\predict\data.py:76: RuntimeWarning: invalid value encountered in divide
  result["bb_position"] = np.where(bb_upper != bb_lower, (close - bb_lower) / (bb_upper - bb_lower), 0.5)
Collect signals 698/3317:  21%|¨€¨€        | 697/3317 [34:32<2:25:05,  3.32s/stock]Collect signals 698/3317:  21%|¨€¨€        | 698/3317 [34:32<2:25:54,  3.34s/stock]D:\Projects\auto-select-stock\src\auto_select_stock\predict\data.py:76: RuntimeWarning: invalid value encountered in divide
  result["bb_position"] = np.where(bb_upper != bb_lower, (close - bb_lower) / (bb_upper - bb_lower), 0.5)
Collect signals 699/3317:  21%|¨€¨€        | 698/3317 [34:35<2:25:54,  3.34s/stock]Collect signals 699/3317:  21%|¨€¨€        | 699/3317 [34:35<2:25:41,  3.34s/stock]D:\Projects\auto-select-stock\src\auto_select_stock\predict\data.py:76: RuntimeWarning: invalid value encountered in divide
  result["bb_position"] = np.where(bb_upper != bb_lower, (close - bb_lower) / (bb_upper - bb_lower), 0.5)
Collect signals 700/3317:  21%|¨€¨€        | 699/3317 [34:38<2:25:41,  3.34s/stock]Collect signals 700/3317:  21%|¨€¨€        | 700/3317 [34:38<2:22:03,  3.26s/stock]D:\Projects\auto-select-stock\src\auto_select_stock\predict\data.py:76: RuntimeWarning: invalid value encountered in divide
  result["bb_position"] = np.where(bb_upper != bb_lower, (close - bb_lower) / (bb_upper - bb_lower), 0.5)
Collect signals 701/3317:  21%|¨€¨€        | 700/3317 [34:42<2:22:03,  3.26s/stock]Collect signals 701/3317:  21%|¨€¨€        | 701/3317 [34:42<2:25:25,  3.34s/stock]D:\Projects\auto-select-stock\src\auto_select_stock\predict\data.py:76: RuntimeWarning: invalid value encountered in divide
  result["bb_position"] = np.where(bb_upper != bb_lower, (close - bb_lower) / (bb_upper - bb_lower), 0.5)
Collect signals 702/3317:  21%|¨€¨€        | 701/3317 [34:45<2:25:25,  3.34s/stock]Collect signals 702/3317:  21%|¨€¨€        | 702/3317 [34:45<2:20:43,  3.23s/stock]D:\Projects\auto-select-stock\src\auto_select_stock\predict\data.py:76: RuntimeWarning: invalid value encountered in divide
  result["bb_position"] = np.where(bb_upper != bb_lower, (close - bb_lower) / (bb_upper - bb_lower), 0.5)
Collect signals 703/3317:  21%|¨€¨€        | 702/3317 [34:48<2:20:43,  3.23s/stock]Collect signals 703/3317:  21%|¨€¨€        | 703/3317 [34:48<2:25:21,  3.34s/stock]D:\Projects\auto-select-stock\src\auto_select_stock\predict\data.py:76: RuntimeWarning: invalid value encountered in divide
  result["bb_position"] = np.where(bb_upper != bb_lower, (close - bb_lower) / (bb_upper - bb_lower), 0.5)
Collect signals 704/3317:  21%|¨€¨€        | 703/3317 [34:51<2:25:21,  3.34s/stock]Collect signals 704/3317:  21%|¨€¨€        | 704/3317 [34:51<2:22:18,  3.27s/stock]D:\Projects\auto-select-stock\src\auto_select_stock\predict\data.py:76: RuntimeWarning: invalid value encountered in divide
  result["bb_position"] = np.where(bb_upper != bb_lower, (close - bb_lower) / (bb_upper - bb_lower), 0.5)
Collect signals 705/3317:  21%|¨€¨€        | 704/3317 [34:55<2:22:18,  3.27s/stock]Collect signals 705/3317:  21%|¨€¨€¨‡       | 705/3317 [34:55<2:24:23,  3.32s/stock]D:\Projects\auto-select-stock\src\auto_select_stock\predict\data.py:76: RuntimeWarning: invalid value encountered in divide
  result["bb_position"] = np.where(bb_upper != bb_lower, (close - bb_lower) / (bb_upper - bb_lower), 0.5)
Collect signals 706/3317:  21%|¨€¨€¨‡       | 705/3317 [34:58<2:24:23,  3.32s/stock]Collect signals 706/3317:  21%|¨€¨€¨‡       | 706/3317 [34:58<2:19:22,  3.20s/stock]D:\Projects\auto-select-stock\src\auto_select_stock\predict\data.py:76: RuntimeWarning: invalid value encountered in divide
  result["bb_position"] = np.where(bb_upper != bb_lower, (close - bb_lower) / (bb_upper - bb_lower), 0.5)
Collect signals 707/3317:  21%|¨€¨€¨‡       | 706/3317 [35:01<2:19:22,  3.20s/stock]Collect signals 707/3317:  21%|¨€¨€¨‡       | 707/3317 [35:01<2:23:12,  3.29s/stock]D:\Projects\auto-select-stock\src\auto_select_stock\predict\data.py:76: RuntimeWarning: invalid value encountered in divide
  result["bb_position"] = np.where(bb_upper != bb_lower, (close - bb_lower) / (bb_upper - bb_lower), 0.5)
Collect signals 708/3317:  21%|¨€¨€¨‡       | 707/3317 [35:04<2:23:12,  3.29s/stock]Collect signals 708/3317:  21%|¨€¨€¨‡       | 708/3317 [35:04<2:18:52,  3.19s/stock]D:\Projects\auto-select-stock\src\auto_select_stock\predict\data.py:76: RuntimeWarning: invalid value encountered in divide
  result["bb_position"] = np.where(bb_upper != bb_lower, (close - bb_lower) / (bb_upper - bb_lower), 0.5)
Collect signals 709/3317:  21%|¨€¨€¨‡       | 708/3317 [35:08<2:18:52,  3.19s/stock]Collect signals 709/3317:  21%|¨€¨€¨‡       | 709/3317 [35:08<2:20:31,  3.23s/stock]D:\Projects\auto-select-stock\src\auto_select_stock\predict\data.py:76: RuntimeWarning: invalid value encountered in divide
  result["bb_position"] = np.where(bb_upper != bb_lower, (close - bb_lower) / (bb_upper - bb_lower), 0.5)
Collect signals 710/3317:  21%|¨€¨€¨‡       | 709/3317 [35:11<2:20:31,  3.23s/stock]Collect signals 710/3317:  21%|¨€¨€¨‡       | 710/3317 [35:11<2:22:02,  3.27s/stock]D:\Projects\auto-select-stock\src\auto_select_stock\predict\data.py:76: RuntimeWarning: invalid value encountered in divide
  result["bb_position"] = np.where(bb_upper != bb_lower, (close - bb_lower) / (bb_upper - bb_lower), 0.5)
Collect signals 711/3317:  21%|¨€¨€¨‡       | 710/3317 [35:14<2:22:02,  3.27s/stock]Collect signals 711/3317:  21%|¨€¨€¨‡       | 711/3317 [35:14<2:17:33,  3.17s/stock]D:\Projects\auto-select-stock\src\auto_select_stock\predict\data.py:76: RuntimeWarning: invalid value encountered in divide
  result["bb_position"] = np.where(bb_upper != bb_lower, (close - bb_lower) / (bb_upper - bb_lower), 0.5)
Collect signals 712/3317:  21%|¨€¨€¨‡       | 711/3317 [35:17<2:17:33,  3.17s/stock]Collect signals 712/3317:  21%|¨€¨€¨‡       | 712/3317 [35:17<2:19:54,  3.22s/stock]D:\Projects\auto-select-stock\src\auto_select_stock\predict\data.py:76: RuntimeWarning: invalid value encountered in divide
  result["bb_position"] = np.where(bb_upper != bb_lower, (close - bb_lower) / (bb_upper - bb_lower), 0.5)
Collect signals 713/3317:  21%|¨€¨€¨‡       | 712/3317 [35:20<2:19:54,  3.22s/stock]Collect signals 713/3317:  21%|¨€¨€¨‡       | 713/3317 [35:20<2:17:04,  3.16s/stock]D:\Projects\auto-select-stock\src\auto_select_stock\predict\data.py:76: RuntimeWarning: invalid value encountered in divide
  result["bb_position"] = np.where(bb_upper != bb_lower, (close - bb_lower) / (bb_upper - bb_lower), 0.5)
Collect signals 714/3317:  21%|¨€¨€¨‡       | 713/3317 [35:24<2:17:04,  3.16s/stock]Collect signals 714/3317:  22%|¨€¨€¨‡       | 714/3317 [35:24<2:21:14,  3.26s/stock]D:\Projects\auto-select-stock\src\auto_select_stock\predict\data.py:76: RuntimeWarning: invalid value encountered in divide
  result["bb_position"] = np.where(bb_upper != bb_lower, (close - bb_lower) / (bb_upper - bb_lower), 0.5)
Collect signals 715/3317:  22%|¨€¨€¨‡       | 714/3317 [35:27<2:21:14,  3.26s/stock]Collect signals 715/3317:  22%|¨€¨€¨‡       | 715/3317 [35:27<2:17:47,  3.18s/stock]D:\Projects\auto-select-stock\src\auto_select_stock\predict\data.py:76: RuntimeWarning: invalid value encountered in divide
  result["bb_position"] = np.where(bb_upper != bb_lower, (close - bb_lower) / (bb_upper - bb_lower), 0.5)
Collect signals 716/3317:  22%|¨€¨€¨‡       | 715/3317 [35:30<2:17:47,  3.18s/stock]Collect signals 716/3317:  22%|¨€¨€¨‡       | 716/3317 [35:30<2:19:55,  3.23s/stock]D:\Projects\auto-select-stock\src\auto_select_stock\predict\data.py:76: RuntimeWarning: invalid value encountered in divide
  result["bb_position"] = np.where(bb_upper != bb_lower, (close - bb_lower) / (bb_upper - bb_lower), 0.5)
Collect signals 717/3317:  22%|¨€¨€¨‡       | 716/3317 [35:33<2:19:55,  3.23s/stock]Collect signals 717/3317:  22%|¨€¨€¨‡       | 717/3317 [35:33<2:18:34,  3.20s/stock]D:\Projects\auto-select-stock\src\auto_select_stock\predict\data.py:76: RuntimeWarning: invalid value encountered in divide
  result["bb_position"] = np.where(bb_upper != bb_lower, (close - bb_lower) / (bb_upper - bb_lower), 0.5)
Collect signals 718/3317:  22%|¨€¨€¨‡       | 717/3317 [35:37<2:18:34,  3.20s/stock]Collect signals 718/3317:  22%|¨€¨€¨‡       | 718/3317 [35:37<2:21:34,  3.27s/stock]D:\Projects\auto-select-stock\src\auto_select_stock\predict\data.py:76: RuntimeWarning: invalid value encountered in divide
  result["bb_position"] = np.where(bb_upper != bb_lower, (close - bb_lower) / (bb_upper - bb_lower), 0.5)
Collect signals 719/3317:  22%|¨€¨€¨‡       | 718/3317 [35:40<2:21:34,  3.27s/stock]Collect signals 719/3317:  22%|¨€¨€¨‡       | 719/3317 [35:40<2:25:39,  3.36s/stock]D:\Projects\auto-select-stock\src\auto_select_stock\predict\data.py:76: RuntimeWarning: invalid value encountered in divide
  result["bb_position"] = np.where(bb_upper != bb_lower, (close - bb_lower) / (bb_upper - bb_lower), 0.5)
Collect signals 720/3317:  22%|¨€¨€¨‡       | 719/3317 [35:43<2:25:39,  3.36s/stock]Collect signals 720/3317:  22%|¨€¨€¨‡       | 720/3317 [35:43<2:21:39,  3.27s/stock]D:\Projects\auto-select-stock\src\auto_select_stock\predict\data.py:76: RuntimeWarning: invalid value encountered in divide
  result["bb_position"] = np.where(bb_upper != bb_lower, (close - bb_lower) / (bb_upper - bb_lower), 0.5)
Collect signals 721/3317:  22%|¨€¨€¨‡       | 720/3317 [35:47<2:21:39,  3.27s/stock]Collect signals 721/3317:  22%|¨€¨€¨‡       | 721/3317 [35:47<2:23:21,  3.31s/stock]D:\Projects\auto-select-stock\src\auto_select_stock\predict\data.py:76: RuntimeWarning: invalid value encountered in divide
  result["bb_position"] = np.where(bb_upper != bb_lower, (close - bb_lower) / (bb_upper - bb_lower), 0.5)
Collect signals 722/3317:  22%|¨€¨€¨‡       | 721/3317 [35:50<2:23:21,  3.31s/stock]Collect signals 722/3317:  22%|¨€¨€¨‡       | 722/3317 [35:50<2:20:18,  3.24s/stock]D:\Projects\auto-select-stock\src\auto_select_stock\predict\data.py:76: RuntimeWarning: invalid value encountered in divide
  result["bb_position"] = np.where(bb_upper != bb_lower, (close - bb_lower) / (bb_upper - bb_lower), 0.5)
Collect signals 723/3317:  22%|¨€¨€¨‡       | 722/3317 [35:53<2:20:18,  3.24s/stock]Collect signals 723/3317:  22%|¨€¨€¨‡       | 723/3317 [35:53<2:23:10,  3.31s/stock]D:\Projects\auto-select-stock\src\auto_select_stock\predict\data.py:76: RuntimeWarning: invalid value encountered in divide
  result["bb_position"] = np.where(bb_upper != bb_lower, (close - bb_lower) / (bb_upper - bb_lower), 0.5)
Collect signals 724/3317:  22%|¨€¨€¨‡       | 723/3317 [35:56<2:23:10,  3.31s/stock]Collect signals 724/3317:  22%|¨€¨€¨‡       | 724/3317 [35:56<2:19:34,  3.23s/stock]D:\Projects\auto-select-stock\src\auto_select_stock\predict\data.py:76: RuntimeWarning: invalid value encountered in divide
  result["bb_position"] = np.where(bb_upper != bb_lower, (close - bb_lower) / (bb_upper - bb_lower), 0.5)
Collect signals 725/3317:  22%|¨€¨€¨‡       | 724/3317 [36:00<2:19:34,  3.23s/stock]Collect signals 725/3317:  22%|¨€¨€¨‡       | 725/3317 [36:00<2:21:52,  3.28s/stock]D:\Projects\auto-select-stock\src\auto_select_stock\predict\data.py:76: RuntimeWarning: invalid value encountered in divide
  result["bb_position"] = np.where(bb_upper != bb_lower, (close - bb_lower) / (bb_upper - bb_lower), 0.5)
Collect signals 726/3317:  22%|¨€¨€¨‡       | 725/3317 [36:03<2:21:52,  3.28s/stock]Collect signals 726/3317:  22%|¨€¨€¨‡       | 726/3317 [36:03<2:17:50,  3.19s/stock]D:\Projects\auto-select-stock\src\auto_select_stock\predict\data.py:76: RuntimeWarning: invalid value encountered in divide
  result["bb_position"] = np.where(bb_upper != bb_lower, (close - bb_lower) / (bb_upper - bb_lower), 0.5)
Collect signals 727/3317:  22%|¨€¨€¨‡       | 726/3317 [36:06<2:17:50,  3.19s/stock]Collect signals 727/3317:  22%|¨€¨€¨‡       | 727/3317 [36:06<2:21:12,  3.27s/stock]D:\Projects\auto-select-stock\src\auto_select_stock\predict\data.py:76: RuntimeWarning: invalid value encountered in divide
  result["bb_position"] = np.where(bb_upper != bb_lower, (close - bb_lower) / (bb_upper - bb_lower), 0.5)
Collect signals 728/3317:  22%|¨€¨€¨‡       | 727/3317 [36:09<2:21:12,  3.27s/stock]Collect signals 728/3317:  22%|¨€¨€¨‡       | 728/3317 [36:09<2:20:51,  3.26s/stock]D:\Projects\auto-select-stock\src\auto_select_stock\predict\data.py:76: RuntimeWarning: invalid value encountered in divide
  result["bb_position"] = np.where(bb_upper != bb_lower, (close - bb_lower) / (bb_upper - bb_lower), 0.5)
Collect signals 729/3317:  22%|¨€¨€¨‡       | 728/3317 [36:13<2:20:51,  3.26s/stock]Collect signals 729/3317:  22%|¨€¨€¨‡       | 729/3317 [36:13<2:25:26,  3.37s/stock]D:\Projects\auto-select-stock\src\auto_select_stock\predict\data.py:76: RuntimeWarning: invalid value encountered in divide
  result["bb_position"] = np.where(bb_upper != bb_lower, (close - bb_lower) / (bb_upper - bb_lower), 0.5)
Collect signals 730/3317:  22%|¨€¨€¨‡       | 729/3317 [36:16<2:25:26,  3.37s/stock]Collect signals 730/3317:  22%|¨€¨€¨‡       | 730/3317 [36:16<2:27:11,  3.41s/stock]D:\Projects\auto-select-stock\src\auto_select_stock\predict\data.py:76: RuntimeWarning: invalid value encountered in divide
  result["bb_position"] = np.where(bb_upper != bb_lower, (close - bb_lower) / (bb_upper - bb_lower), 0.5)
Collect signals 731/3317:  22%|¨€¨€¨‡       | 730/3317 [36:20<2:27:11,  3.41s/stock]Collect signals 731/3317:  22%|¨€¨€¨‡       | 731/3317 [36:20<2:23:45,  3.34s/stock]D:\Projects\auto-select-stock\src\auto_select_stock\predict\data.py:76: RuntimeWarning: invalid value encountered in divide
  result["bb_position"] = np.where(bb_upper != bb_lower, (close - bb_lower) / (bb_upper - bb_lower), 0.5)
Collect signals 732/3317:  22%|¨€¨€¨‡       | 731/3317 [36:23<2:23:45,  3.34s/stock]Collect signals 732/3317:  22%|¨€¨€¨‡       | 732/3317 [36:23<2:24:54,  3.36s/stock]D:\Projects\auto-select-stock\src\auto_select_stock\predict\data.py:76: RuntimeWarning: invalid value encountered in divide
  result["bb_position"] = np.where(bb_upper != bb_lower, (close - bb_lower) / (bb_upper - bb_lower), 0.5)
Collect signals 733/3317:  22%|¨€¨€¨‡       | 732/3317 [36:26<2:24:54,  3.36s/stock]Collect signals 733/3317:  22%|¨€¨€¨‡       | 733/3317 [36:26<2:19:33,  3.24s/stock]D:\Projects\auto-select-stock\src\auto_select_stock\predict\data.py:76: RuntimeWarning: invalid value encountered in divide
  result["bb_position"] = np.where(bb_upper != bb_lower, (close - bb_lower) / (bb_upper - bb_lower), 0.5)
Collect signals 734/3317:  22%|¨€¨€¨‡       | 733/3317 [36:30<2:19:33,  3.24s/stock]Collect signals 734/3317:  22%|¨€¨€¨‡       | 734/3317 [36:30<2:23:02,  3.32s/stock]D:\Projects\auto-select-stock\src\auto_select_stock\predict\data.py:76: RuntimeWarning: invalid value encountered in divide
  result["bb_position"] = np.where(bb_upper != bb_lower, (close - bb_lower) / (bb_upper - bb_lower), 0.5)
Collect signals 735/3317:  22%|¨€¨€¨‡       | 734/3317 [36:33<2:23:02,  3.32s/stock]Collect signals 735/3317:  22%|¨€¨€¨‡       | 735/3317 [36:33<2:26:16,  3.40s/stock]D:\Projects\auto-select-stock\src\auto_select_stock\predict\data.py:76: RuntimeWarning: invalid value encountered in divide
  result["bb_position"] = np.where(bb_upper != bb_lower, (close - bb_lower) / (bb_upper - bb_lower), 0.5)
Collect signals 736/3317:  22%|¨€¨€¨‡       | 735/3317 [36:37<2:26:16,  3.40s/stock]Collect signals 736/3317:  22%|¨€¨€¨‡       | 736/3317 [36:37<2:37:08,  3.65s/stock]D:\Projects\auto-select-stock\src\auto_select_stock\predict\data.py:76: RuntimeWarning: invalid value encountered in divide
  result["bb_position"] = np.where(bb_upper != bb_lower, (close - bb_lower) / (bb_upper - bb_lower), 0.5)
Collect signals 737/3317:  22%|¨€¨€¨‡       | 736/3317 [36:40<2:37:08,  3.65s/stock]Collect signals 737/3317:  22%|¨€¨€¨‡       | 737/3317 [36:40<2:28:24,  3.45s/stock]D:\Projects\auto-select-stock\src\auto_select_stock\predict\data.py:76: RuntimeWarning: invalid value encountered in divide
  result["bb_position"] = np.where(bb_upper != bb_lower, (close - bb_lower) / (bb_upper - bb_lower), 0.5)
Collect signals 738/3317:  22%|¨€¨€¨‡       | 737/3317 [36:44<2:28:24,  3.45s/stock]Collect signals 738/3317:  22%|¨€¨€¨‡       | 738/3317 [36:44<2:31:12,  3.52s/stock]D:\Projects\auto-select-stock\src\auto_select_stock\predict\data.py:76: RuntimeWarning: invalid value encountered in divide
  result["bb_position"] = np.where(bb_upper != bb_lower, (close - bb_lower) / (bb_upper - bb_lower), 0.5)
Collect signals 739/3317:  22%|¨€¨€¨‡       | 738/3317 [36:48<2:31:12,  3.52s/stock]Collect signals 739/3317:  22%|¨€¨€¨‡       | 739/3317 [36:48<2:31:27,  3.53s/stock]D:\Projects\auto-select-stock\src\auto_select_stock\predict\data.py:76: RuntimeWarning: invalid value encountered in divide
  result["bb_position"] = np.where(bb_upper != bb_lower, (close - bb_lower) / (bb_upper - bb_lower), 0.5)
Collect signals 740/3317:  22%|¨€¨€¨‡       | 739/3317 [36:51<2:31:27,  3.53s/stock]Collect signals 740/3317:  22%|¨€¨€¨‡       | 740/3317 [36:51<2:25:36,  3.39s/stock]D:\Projects\auto-select-stock\src\auto_select_stock\predict\data.py:76: RuntimeWarning: invalid value encountered in divide
  result["bb_position"] = np.where(bb_upper != bb_lower, (close - bb_lower) / (bb_upper - bb_lower), 0.5)
Collect signals 741/3317:  22%|¨€¨€¨‡       | 740/3317 [36:54<2:25:36,  3.39s/stock]Collect signals 741/3317:  22%|¨€¨€¨‡       | 741/3317 [36:54<2:27:24,  3.43s/stock]D:\Projects\auto-select-stock\src\auto_select_stock\predict\data.py:76: RuntimeWarning: invalid value encountered in divide
  result["bb_position"] = np.where(bb_upper != bb_lower, (close - bb_lower) / (bb_upper - bb_lower), 0.5)
Collect signals 742/3317:  22%|¨€¨€¨‡       | 741/3317 [36:57<2:27:24,  3.43s/stock]Collect signals 742/3317:  22%|¨€¨€¨‡       | 742/3317 [36:57<2:23:20,  3.34s/stock]D:\Projects\auto-select-stock\src\auto_select_stock\predict\data.py:76: RuntimeWarning: invalid value encountered in divide
  result["bb_position"] = np.where(bb_upper != bb_lower, (close - bb_lower) / (bb_upper - bb_lower), 0.5)
Collect signals 743/3317:  22%|¨€¨€¨‡       | 742/3317 [37:01<2:23:20,  3.34s/stock]Collect signals 743/3317:  22%|¨€¨€¨‡       | 743/3317 [37:01<2:27:44,  3.44s/stock]D:\Projects\auto-select-stock\src\auto_select_stock\predict\data.py:76: RuntimeWarning: invalid value encountered in divide
  result["bb_position"] = np.where(bb_upper != bb_lower, (close - bb_lower) / (bb_upper - bb_lower), 0.5)
Collect signals 744/3317:  22%|¨€¨€¨‡       | 743/3317 [37:04<2:27:44,  3.44s/stock]Collect signals 744/3317:  22%|¨€¨€¨‡       | 744/3317 [37:04<2:24:22,  3.37s/stock]D:\Projects\auto-select-stock\src\auto_select_stock\predict\data.py:76: RuntimeWarning: invalid value encountered in divide
  result["bb_position"] = np.where(bb_upper != bb_lower, (close - bb_lower) / (bb_upper - bb_lower), 0.5)
Collect signals 745/3317:  22%|¨€¨€¨‡       | 744/3317 [37:08<2:24:22,  3.37s/stock]Collect signals 745/3317:  22%|¨€¨€¨‡       | 745/3317 [37:08<2:29:49,  3.50s/stock]D:\Projects\auto-select-stock\src\auto_select_stock\predict\data.py:76: RuntimeWarning: invalid value encountered in divide
  result["bb_position"] = np.where(bb_upper != bb_lower, (close - bb_lower) / (bb_upper - bb_lower), 0.5)
Collect signals 746/3317:  22%|¨€¨€¨‡       | 745/3317 [37:11<2:29:49,  3.50s/stock]Collect signals 746/3317:  22%|¨€¨€¨‡       | 746/3317 [37:11<2:25:50,  3.40s/stock]D:\Projects\auto-select-stock\src\auto_select_stock\predict\data.py:76: RuntimeWarning: invalid value encountered in divide
  result["bb_position"] = np.where(bb_upper != bb_lower, (close - bb_lower) / (bb_upper - bb_lower), 0.5)
Collect signals 747/3317:  22%|¨€¨€¨‡       | 746/3317 [37:15<2:25:50,  3.40s/stock]Collect signals 747/3317:  23%|¨€¨€¨†       | 747/3317 [37:15<2:29:39,  3.49s/stock]D:\Projects\auto-select-stock\src\auto_select_stock\predict\data.py:76: RuntimeWarning: invalid value encountered in divide
  result["bb_position"] = np.where(bb_upper != bb_lower, (close - bb_lower) / (bb_upper - bb_lower), 0.5)
Collect signals 748/3317:  23%|¨€¨€¨†       | 747/3317 [37:18<2:29:39,  3.49s/stock]Collect signals 748/3317:  23%|¨€¨€¨†       | 748/3317 [37:18<2:30:29,  3.51s/stock]D:\Projects\auto-select-stock\src\auto_select_stock\predict\data.py:76: RuntimeWarning: invalid value encountered in divide
  result["bb_position"] = np.where(bb_upper != bb_lower, (close - bb_lower) / (bb_upper - bb_lower), 0.5)
Collect signals 749/3317:  23%|¨€¨€¨†       | 748/3317 [37:22<2:30:29,  3.51s/stock]Collect signals 749/3317:  23%|¨€¨€¨†       | 749/3317 [37:22<2:26:03,  3.41s/stock]D:\Projects\auto-select-stock\src\auto_select_stock\predict\data.py:76: RuntimeWarning: invalid value encountered in divide
  result["bb_position"] = np.where(bb_upper != bb_lower, (close - bb_lower) / (bb_upper - bb_lower), 0.5)
Collect signals 750/3317:  23%|¨€¨€¨†       | 749/3317 [37:25<2:26:03,  3.41s/stock]Collect signals 750/3317:  23%|¨€¨€¨†       | 750/3317 [37:25<2:28:36,  3.47s/stock]D:\Projects\auto-select-stock\src\auto_select_stock\predict\data.py:76: RuntimeWarning: invalid value encountered in divide
  result["bb_position"] = np.where(bb_upper != bb_lower, (close - bb_lower) / (bb_upper - bb_lower), 0.5)
Collect signals 751/3317:  23%|¨€¨€¨†       | 750/3317 [37:28<2:28:36,  3.47s/stock]Collect signals 751/3317:  23%|¨€¨€¨†       | 751/3317 [37:28<2:25:36,  3.40s/stock]D:\Projects\auto-select-stock\src\auto_select_stock\predict\data.py:76: RuntimeWarning: invalid value encountered in divide
  result["bb_position"] = np.where(bb_upper != bb_lower, (close - bb_lower) / (bb_upper - bb_lower), 0.5)
Collect signals 752/3317:  23%|¨€¨€¨†       | 751/3317 [37:32<2:25:36,  3.40s/stock]Collect signals 752/3317:  23%|¨€¨€¨†       | 752/3317 [37:32<2:26:10,  3.42s/stock]D:\Projects\auto-select-stock\src\auto_select_stock\predict\data.py:76: RuntimeWarning: invalid value encountered in divide
  result["bb_position"] = np.where(bb_upper != bb_lower, (close - bb_lower) / (bb_upper - bb_lower), 0.5)
Collect signals 753/3317:  23%|¨€¨€¨†       | 752/3317 [37:35<2:26:10,  3.42s/stock]Collect signals 753/3317:  23%|¨€¨€¨†       | 753/3317 [37:35<2:20:42,  3.29s/stock]D:\Projects\auto-select-stock\src\auto_select_stock\predict\data.py:76: RuntimeWarning: invalid value encountered in divide
  result["bb_position"] = np.where(bb_upper != bb_lower, (close - bb_lower) / (bb_upper - bb_lower), 0.5)
Collect signals 754/3317:  23%|¨€¨€¨†       | 753/3317 [37:39<2:20:42,  3.29s/stock]Collect signals 754/3317:  23%|¨€¨€¨†       | 754/3317 [37:39<2:25:06,  3.40s/stock]D:\Projects\auto-select-stock\src\auto_select_stock\predict\data.py:76: RuntimeWarning: invalid value encountered in divide
  result["bb_position"] = np.where(bb_upper != bb_lower, (close - bb_lower) / (bb_upper - bb_lower), 0.5)
Collect signals 755/3317:  23%|¨€¨€¨†       | 754/3317 [37:42<2:25:06,  3.40s/stock]Collect signals 755/3317:  23%|¨€¨€¨†       | 755/3317 [37:42<2:27:50,  3.46s/stock]D:\Projects\auto-select-stock\src\auto_select_stock\predict\data.py:76: RuntimeWarning: invalid value encountered in divide
  result["bb_position"] = np.where(bb_upper != bb_lower, (close - bb_lower) / (bb_upper - bb_lower), 0.5)
Collect signals 756/3317:  23%|¨€¨€¨†       | 755/3317 [37:45<2:27:50,  3.46s/stock]Collect signals 756/3317:  23%|¨€¨€¨†       | 756/3317 [37:45<2:22:42,  3.34s/stock]D:\Projects\auto-select-stock\src\auto_select_stock\predict\data.py:76: RuntimeWarning: invalid value encountered in divide
  result["bb_position"] = np.where(bb_upper != bb_lower, (close - bb_lower) / (bb_upper - bb_lower), 0.5)
Collect signals 757/3317:  23%|¨€¨€¨†       | 756/3317 [37:49<2:22:42,  3.34s/stock]Collect signals 757/3317:  23%|¨€¨€¨†       | 757/3317 [37:49<2:27:09,  3.45s/stock]D:\Projects\auto-select-stock\src\auto_select_stock\predict\data.py:76: RuntimeWarning: invalid value encountered in divide
  result["bb_position"] = np.where(bb_upper != bb_lower, (close - bb_lower) / (bb_upper - bb_lower), 0.5)
Collect signals 758/3317:  23%|¨€¨€¨†       | 757/3317 [37:52<2:27:09,  3.45s/stock]Collect signals 758/3317:  23%|¨€¨€¨†       | 758/3317 [37:52<2:22:55,  3.35s/stock]D:\Projects\auto-select-stock\src\auto_select_stock\predict\data.py:76: RuntimeWarning: invalid value encountered in divide
  result["bb_position"] = np.where(bb_upper != bb_lower, (close - bb_lower) / (bb_upper - bb_lower), 0.5)
Collect signals 759/3317:  23%|¨€¨€¨†       | 758/3317 [37:56<2:22:55,  3.35s/stock]Collect signals 759/3317:  23%|¨€¨€¨†       | 759/3317 [37:56<2:29:37,  3.51s/stock]D:\Projects\auto-select-stock\src\auto_select_stock\predict\data.py:76: RuntimeWarning: invalid value encountered in divide
  result["bb_position"] = np.where(bb_upper != bb_lower, (close - bb_lower) / (bb_upper - bb_lower), 0.5)
Collect signals 760/3317:  23%|¨€¨€¨†       | 759/3317 [37:59<2:29:37,  3.51s/stock]Collect signals 760/3317:  23%|¨€¨€¨†       | 760/3317 [37:59<2:25:11,  3.41s/stock]D:\Projects\auto-select-stock\src\auto_select_stock\predict\data.py:76: RuntimeWarning: invalid value encountered in divide
  result["bb_position"] = np.where(bb_upper != bb_lower, (close - bb_lower) / (bb_upper - bb_lower), 0.5)
Collect signals 761/3317:  23%|¨€¨€¨†       | 760/3317 [38:03<2:25:11,  3.41s/stock]Collect signals 761/3317:  23%|¨€¨€¨†       | 761/3317 [38:03<2:26:26,  3.44s/stock]D:\Projects\auto-select-stock\src\auto_select_stock\predict\data.py:76: RuntimeWarning: invalid value encountered in divide
  result["bb_position"] = np.where(bb_upper != bb_lower, (close - bb_lower) / (bb_upper - bb_lower), 0.5)
Collect signals 762/3317:  23%|¨€¨€¨†       | 761/3317 [38:06<2:26:26,  3.44s/stock]Collect signals 762/3317:  23%|¨€¨€¨†       | 762/3317 [38:06<2:23:05,  3.36s/stock]D:\Projects\auto-select-stock\src\auto_select_stock\predict\data.py:76: RuntimeWarning: invalid value encountered in divide
  result["bb_position"] = np.where(bb_upper != bb_lower, (close - bb_lower) / (bb_upper - bb_lower), 0.5)
Collect signals 763/3317:  23%|¨€¨€¨†       | 762/3317 [38:09<2:23:05,  3.36s/stock]Collect signals 763/3317:  23%|¨€¨€¨†       | 763/3317 [38:09<2:26:44,  3.45s/stock]D:\Projects\auto-select-stock\src\auto_select_stock\predict\data.py:76: RuntimeWarning: invalid value encountered in divide
  result["bb_position"] = np.where(bb_upper != bb_lower, (close - bb_lower) / (bb_upper - bb_lower), 0.5)
Collect signals 764/3317:  23%|¨€¨€¨†       | 763/3317 [38:13<2:26:44,  3.45s/stock]Collect signals 764/3317:  23%|¨€¨€¨†       | 764/3317 [38:13<2:28:47,  3.50s/stock]D:\Projects\auto-select-stock\src\auto_select_stock\predict\data.py:76: RuntimeWarning: invalid value encountered in divide
  result["bb_position"] = np.where(bb_upper != bb_lower, (close - bb_lower) / (bb_upper - bb_lower), 0.5)
Collect signals 765/3317:  23%|¨€¨€¨†       | 764/3317 [38:16<2:28:47,  3.50s/stock]Collect signals 765/3317:  23%|¨€¨€¨†       | 765/3317 [38:16<2:24:35,  3.40s/stock]D:\Projects\auto-select-stock\src\auto_select_stock\predict\data.py:76: RuntimeWarning: invalid value encountered in divide
  result["bb_position"] = np.where(bb_upper != bb_lower, (close - bb_lower) / (bb_upper - bb_lower), 0.5)
Collect signals 766/3317:  23%|¨€¨€¨†       | 765/3317 [38:20<2:24:35,  3.40s/stock]Collect signals 766/3317:  23%|¨€¨€¨†       | 766/3317 [38:20<2:27:49,  3.48s/stock]D:\Projects\auto-select-stock\src\auto_select_stock\predict\data.py:76: RuntimeWarning: invalid value encountered in divide
  result["bb_position"] = np.where(bb_upper != bb_lower, (close - bb_lower) / (bb_upper - bb_lower), 0.5)
Collect signals 767/3317:  23%|¨€¨€¨†       | 766/3317 [38:23<2:27:49,  3.48s/stock]Collect signals 767/3317:  23%|¨€¨€¨†       | 767/3317 [38:23<2:23:19,  3.37s/stock]D:\Projects\auto-select-stock\src\auto_select_stock\predict\data.py:76: RuntimeWarning: invalid value encountered in divide
  result["bb_position"] = np.where(bb_upper != bb_lower, (close - bb_lower) / (bb_upper - bb_lower), 0.5)
Collect signals 768/3317:  23%|¨€¨€¨†       | 767/3317 [38:27<2:23:19,  3.37s/stock]Collect signals 768/3317:  23%|¨€¨€¨†       | 768/3317 [38:27<2:25:44,  3.43s/stock]D:\Projects\auto-select-stock\src\auto_select_stock\predict\data.py:76: RuntimeWarning: invalid value encountered in divide
  result["bb_position"] = np.where(bb_upper != bb_lower, (close - bb_lower) / (bb_upper - bb_lower), 0.5)
Collect signals 769/3317:  23%|¨€¨€¨†       | 768/3317 [38:30<2:25:44,  3.43s/stock]Collect signals 769/3317:  23%|¨€¨€¨†       | 769/3317 [38:30<2:20:55,  3.32s/stock]D:\Projects\auto-select-stock\src\auto_select_stock\predict\data.py:76: RuntimeWarning: invalid value encountered in divide
  result["bb_position"] = np.where(bb_upper != bb_lower, (close - bb_lower) / (bb_upper - bb_lower), 0.5)
Collect signals 770/3317:  23%|¨€¨€¨†       | 769/3317 [38:33<2:20:55,  3.32s/stock]Collect signals 770/3317:  23%|¨€¨€¨†       | 770/3317 [38:33<2:24:28,  3.40s/stock]D:\Projects\auto-select-stock\src\auto_select_stock\predict\data.py:76: RuntimeWarning: invalid value encountered in divide
  result["bb_position"] = np.where(bb_upper != bb_lower, (close - bb_lower) / (bb_upper - bb_lower), 0.5)
Collect signals 771/3317:  23%|¨€¨€¨†       | 770/3317 [38:36<2:24:28,  3.40s/stock]Collect signals 771/3317:  23%|¨€¨€¨†       | 771/3317 [38:36<2:20:57,  3.32s/stock]D:\Projects\auto-select-stock\src\auto_select_stock\predict\data.py:76: RuntimeWarning: invalid value encountered in divide
  result["bb_position"] = np.where(bb_upper != bb_lower, (close - bb_lower) / (bb_upper - bb_lower), 0.5)
Collect signals 772/3317:  23%|¨€¨€¨†       | 771/3317 [38:40<2:20:57,  3.32s/stock]Collect signals 772/3317:  23%|¨€¨€¨†       | 772/3317 [38:40<2:24:00,  3.40s/stock]D:\Projects\auto-select-stock\src\auto_select_stock\predict\data.py:76: RuntimeWarning: invalid value encountered in divide
  result["bb_position"] = np.where(bb_upper != bb_lower, (close - bb_lower) / (bb_upper - bb_lower), 0.5)
Collect signals 773/3317:  23%|¨€¨€¨†       | 772/3317 [38:43<2:24:00,  3.40s/stock]Collect signals 773/3317:  23%|¨€¨€¨†       | 773/3317 [38:43<2:20:00,  3.30s/stock]D:\Projects\auto-select-stock\src\auto_select_stock\predict\data.py:76: RuntimeWarning: invalid value encountered in divide
  result["bb_position"] = np.where(bb_upper != bb_lower, (close - bb_lower) / (bb_upper - bb_lower), 0.5)
Collect signals 774/3317:  23%|¨€¨€¨†       | 773/3317 [38:47<2:20:00,  3.30s/stock]Collect signals 774/3317:  23%|¨€¨€¨†       | 774/3317 [38:47<2:24:40,  3.41s/stock]D:\Projects\auto-select-stock\src\auto_select_stock\predict\data.py:76: RuntimeWarning: invalid value encountered in divide
  result["bb_position"] = np.where(bb_upper != bb_lower, (close - bb_lower) / (bb_upper - bb_lower), 0.5)
Collect signals 775/3317:  23%|¨€¨€¨†       | 774/3317 [38:50<2:24:40,  3.41s/stock]Collect signals 775/3317:  23%|¨€¨€¨†       | 775/3317 [38:50<2:28:00,  3.49s/stock]D:\Projects\auto-select-stock\src\auto_select_stock\predict\data.py:76: RuntimeWarning: invalid value encountered in divide
  result["bb_position"] = np.where(bb_upper != bb_lower, (close - bb_lower) / (bb_upper - bb_lower), 0.5)
Collect signals 776/3317:  23%|¨€¨€¨†       | 775/3317 [38:53<2:28:00,  3.49s/stock]Collect signals 776/3317:  23%|¨€¨€¨†       | 776/3317 [38:53<2:23:20,  3.38s/stock]D:\Projects\auto-select-stock\src\auto_select_stock\predict\data.py:76: RuntimeWarning: invalid value encountered in divide
  result["bb_position"] = np.where(bb_upper != bb_lower, (close - bb_lower) / (bb_upper - bb_lower), 0.5)
Collect signals 777/3317:  23%|¨€¨€¨†       | 776/3317 [38:57<2:23:20,  3.38s/stock]Collect signals 777/3317:  23%|¨€¨€¨†       | 777/3317 [38:57<2:26:28,  3.46s/stock]D:\Projects\auto-select-stock\src\auto_select_stock\predict\data.py:76: RuntimeWarning: invalid value encountered in divide
  result["bb_position"] = np.where(bb_upper != bb_lower, (close - bb_lower) / (bb_upper - bb_lower), 0.5)
Collect signals 778/3317:  23%|¨€¨€¨†       | 777/3317 [39:00<2:26:28,  3.46s/stock]Collect signals 778/3317:  23%|¨€¨€¨†       | 778/3317 [39:00<2:23:22,  3.39s/stock]D:\Projects\auto-select-stock\src\auto_select_stock\predict\data.py:76: RuntimeWarning: invalid value encountered in divide
  result["bb_position"] = np.where(bb_upper != bb_lower, (close - bb_lower) / (bb_upper - bb_lower), 0.5)
Collect signals 779/3317:  23%|¨€¨€¨†       | 778/3317 [39:04<2:23:22,  3.39s/stock]Collect signals 779/3317:  23%|¨€¨€¨†       | 779/3317 [39:04<2:27:14,  3.48s/stock]D:\Projects\auto-select-stock\src\auto_select_stock\predict\data.py:76: RuntimeWarning: invalid value encountered in divide
  result["bb_position"] = np.where(bb_upper != bb_lower, (close - bb_lower) / (bb_upper - bb_lower), 0.5)
Collect signals 780/3317:  23%|¨€¨€¨†       | 779/3317 [39:07<2:27:14,  3.48s/stock]Collect signals 780/3317:  24%|¨€¨€¨†       | 780/3317 [39:07<2:24:48,  3.42s/stock]D:\Projects\auto-select-stock\src\auto_select_stock\predict\data.py:76: RuntimeWarning: invalid value encountered in divide
  result["bb_position"] = np.where(bb_upper != bb_lower, (close - bb_lower) / (bb_upper - bb_lower), 0.5)
Collect signals 781/3317:  24%|¨€¨€¨†       | 780/3317 [39:11<2:24:48,  3.42s/stock]Collect signals 781/3317:  24%|¨€¨€¨†       | 781/3317 [39:11<2:27:44,  3.50s/stock]D:\Projects\auto-select-stock\src\auto_select_stock\predict\data.py:76: RuntimeWarning: invalid value encountered in divide
  result["bb_position"] = np.where(bb_upper != bb_lower, (close - bb_lower) / (bb_upper - bb_lower), 0.5)
Collect signals 782/3317:  24%|¨€¨€¨†       | 781/3317 [39:14<2:27:44,  3.50s/stock]Collect signals 782/3317:  24%|¨€¨€¨†       | 782/3317 [39:14<2:23:37,  3.40s/stock]D:\Projects\auto-select-stock\src\auto_select_stock\predict\data.py:76: RuntimeWarning: invalid value encountered in divide
  result["bb_position"] = np.where(bb_upper != bb_lower, (close - bb_lower) / (bb_upper - bb_lower), 0.5)
Collect signals 783/3317:  24%|¨€¨€¨†       | 782/3317 [39:18<2:23:37,  3.40s/stock]Collect signals 783/3317:  24%|¨€¨€¨†       | 783/3317 [39:18<2:26:20,  3.47s/stock]D:\Projects\auto-select-stock\src\auto_select_stock\predict\data.py:76: RuntimeWarning: invalid value encountered in divide
  result["bb_position"] = np.where(bb_upper != bb_lower, (close - bb_lower) / (bb_upper - bb_lower), 0.5)
Collect signals 784/3317:  24%|¨€¨€¨†       | 783/3317 [39:21<2:26:20,  3.47s/stock]Collect signals 784/3317:  24%|¨€¨€¨†       | 784/3317 [39:21<2:29:06,  3.53s/stock]D:\Projects\auto-select-stock\src\auto_select_stock\predict\data.py:76: RuntimeWarning: invalid value encountered in divide
  result["bb_position"] = np.where(bb_upper != bb_lower, (close - bb_lower) / (bb_upper - bb_lower), 0.5)
Collect signals 785/3317:  24%|¨€¨€¨†       | 784/3317 [39:25<2:29:06,  3.53s/stock]Collect signals 785/3317:  24%|¨€¨€¨†       | 785/3317 [39:25<2:26:41,  3.48s/stock]D:\Projects\auto-select-stock\src\auto_select_stock\predict\data.py:76: RuntimeWarning: invalid value encountered in divide
  result["bb_position"] = np.where(bb_upper != bb_lower, (close - bb_lower) / (bb_upper - bb_lower), 0.5)
Collect signals 786/3317:  24%|¨€¨€¨†       | 785/3317 [39:28<2:26:41,  3.48s/stock]Collect signals 786/3317:  24%|¨€¨€¨†       | 786/3317 [39:28<2:28:31,  3.52s/stock]D:\Projects\auto-select-stock\src\auto_select_stock\predict\data.py:76: RuntimeWarning: invalid value encountered in divide
  result["bb_position"] = np.where(bb_upper != bb_lower, (close - bb_lower) / (bb_upper - bb_lower), 0.5)
Collect signals 787/3317:  24%|¨€¨€¨†       | 786/3317 [39:32<2:28:31,  3.52s/stock]Collect signals 787/3317:  24%|¨€¨€¨†       | 787/3317 [39:32<2:27:46,  3.50s/stock]D:\Projects\auto-select-stock\src\auto_select_stock\predict\data.py:76: RuntimeWarning: invalid value encountered in divide
  result["bb_position"] = np.where(bb_upper != bb_lower, (close - bb_lower) / (bb_upper - bb_lower), 0.5)
Collect signals 788/3317:  24%|¨€¨€¨†       | 787/3317 [39:36<2:27:46,  3.50s/stock]Collect signals 788/3317:  24%|¨€¨€¨…       | 788/3317 [39:36<2:35:37,  3.69s/stock]D:\Projects\auto-select-stock\src\auto_select_stock\predict\data.py:76: RuntimeWarning: invalid value encountered in divide
  result["bb_position"] = np.where(bb_upper != bb_lower, (close - bb_lower) / (bb_upper - bb_lower), 0.5)
Collect signals 789/3317:  24%|¨€¨€¨…       | 788/3317 [39:40<2:35:37,  3.69s/stock]Collect signals 789/3317:  24%|¨€¨€¨…       | 789/3317 [39:40<2:33:19,  3.64s/stock]D:\Projects\auto-select-stock\src\auto_select_stock\predict\data.py:76: RuntimeWarning: invalid value encountered in divide
  result["bb_position"] = np.where(bb_upper != bb_lower, (close - bb_lower) / (bb_upper - bb_lower), 0.5)
Collect signals 790/3317:  24%|¨€¨€¨…       | 789/3317 [39:43<2:33:19,  3.64s/stock]Collect signals 790/3317:  24%|¨€¨€¨…       | 790/3317 [39:43<2:35:05,  3.68s/stock]D:\Projects\auto-select-stock\src\auto_select_stock\predict\data.py:76: RuntimeWarning: invalid value encountered in divide
  result["bb_position"] = np.where(bb_upper != bb_lower, (close - bb_lower) / (bb_upper - bb_lower), 0.5)
Collect signals 791/3317:  24%|¨€¨€¨…       | 790/3317 [39:47<2:35:05,  3.68s/stock]Collect signals 791/3317:  24%|¨€¨€¨…       | 791/3317 [39:47<2:32:40,  3.63s/stock]D:\Projects\auto-select-stock\src\auto_select_stock\predict\data.py:76: RuntimeWarning: invalid value encountered in divide
  result["bb_position"] = np.where(bb_upper != bb_lower, (close - bb_lower) / (bb_upper - bb_lower), 0.5)
Collect signals 792/3317:  24%|¨€¨€¨…       | 791/3317 [39:51<2:32:40,  3.63s/stock]Collect signals 792/3317:  24%|¨€¨€¨…       | 792/3317 [39:51<2:38:00,  3.75s/stock]D:\Projects\auto-select-stock\src\auto_select_stock\predict\data.py:76: RuntimeWarning: invalid value encountered in divide
  result["bb_position"] = np.where(bb_upper != bb_lower, (close - bb_lower) / (bb_upper - bb_lower), 0.5)
Collect signals 793/3317:  24%|¨€¨€¨…       | 792/3317 [39:54<2:38:00,  3.75s/stock]Collect signals 793/3317:  24%|¨€¨€¨…       | 793/3317 [39:54<2:34:56,  3.68s/stock]D:\Projects\auto-select-stock\src\auto_select_stock\predict\data.py:76: RuntimeWarning: invalid value encountered in divide
  result["bb_position"] = np.where(bb_upper != bb_lower, (close - bb_lower) / (bb_upper - bb_lower), 0.5)
Collect signals 794/3317:  24%|¨€¨€¨…       | 793/3317 [39:59<2:34:56,  3.68s/stock]Collect signals 794/3317:  24%|¨€¨€¨…       | 794/3317 [39:59<2:41:24,  3.84s/stock]D:\Projects\auto-select-stock\src\auto_select_stock\predict\data.py:76: RuntimeWarning: invalid value encountered in divide
  result["bb_position"] = np.where(bb_upper != bb_lower, (close - bb_lower) / (bb_upper - bb_lower), 0.5)
Collect signals 795/3317:  24%|¨€¨€¨…       | 794/3317 [40:03<2:41:24,  3.84s/stock]Collect signals 795/3317:  24%|¨€¨€¨…       | 795/3317 [40:03<2:46:36,  3.96s/stock]D:\Projects\auto-select-stock\src\auto_select_stock\predict\data.py:76: RuntimeWarning: invalid value encountered in divide
  result["bb_position"] = np.where(bb_upper != bb_lower, (close - bb_lower) / (bb_upper - bb_lower), 0.5)
Collect signals 796/3317:  24%|¨€¨€¨…       | 795/3317 [40:06<2:46:36,  3.96s/stock]Collect signals 796/3317:  24%|¨€¨€¨…       | 796/3317 [40:06<2:42:18,  3.86s/stock]D:\Projects\auto-select-stock\src\auto_select_stock\predict\data.py:76: RuntimeWarning: invalid value encountered in divide
  result["bb_position"] = np.where(bb_upper != bb_lower, (close - bb_lower) / (bb_upper - bb_lower), 0.5)
Collect signals 797/3317:  24%|¨€¨€¨…       | 796/3317 [40:11<2:42:18,  3.86s/stock]Collect signals 797/3317:  24%|¨€¨€¨…       | 797/3317 [40:11<2:47:40,  3.99s/stock]D:\Projects\auto-select-stock\src\auto_select_stock\predict\data.py:76: RuntimeWarning: invalid value encountered in divide
  result["bb_position"] = np.where(bb_upper != bb_lower, (close - bb_lower) / (bb_upper - bb_lower), 0.5)
Collect signals 798/3317:  24%|¨€¨€¨…       | 797/3317 [40:14<2:47:40,  3.99s/stock]Collect signals 798/3317:  24%|¨€¨€¨…       | 798/3317 [40:14<2:42:10,  3.86s/stock]D:\Projects\auto-select-stock\src\auto_select_stock\predict\data.py:76: RuntimeWarning: invalid value encountered in divide
  result["bb_position"] = np.where(bb_upper != bb_lower, (close - bb_lower) / (bb_upper - bb_lower), 0.5)
Collect signals 799/3317:  24%|¨€¨€¨…       | 798/3317 [40:18<2:42:10,  3.86s/stock]Collect signals 799/3317:  24%|¨€¨€¨…       | 799/3317 [40:18<2:44:14,  3.91s/stock]D:\Projects\auto-select-stock\src\auto_select_stock\predict\data.py:76: RuntimeWarning: invalid value encountered in divide
  result["bb_position"] = np.where(bb_upper != bb_lower, (close - bb_lower) / (bb_upper - bb_lower), 0.5)
Collect signals 800/3317:  24%|¨€¨€¨…       | 799/3317 [40:22<2:44:14,  3.91s/stock]Collect signals 800/3317:  24%|¨€¨€¨…       | 800/3317 [40:22<2:43:01,  3.89s/stock]D:\Projects\auto-select-stock\src\auto_select_stock\predict\data.py:76: RuntimeWarning: invalid value encountered in divide
  result["bb_position"] = np.where(bb_upper != bb_lower, (close - bb_lower) / (bb_upper - bb_lower), 0.5)
Collect signals 801/3317:  24%|¨€¨€¨…       | 800/3317 [40:26<2:43:01,  3.89s/stock]Collect signals 801/3317:  24%|¨€¨€¨…       | 801/3317 [40:26<2:46:47,  3.98s/stock]D:\Projects\auto-select-stock\src\auto_select_stock\predict\data.py:76: RuntimeWarning: invalid value encountered in divide
  result["bb_position"] = np.where(bb_upper != bb_lower, (close - bb_lower) / (bb_upper - bb_lower), 0.5)
Collect signals 802/3317:  24%|¨€¨€¨…       | 801/3317 [40:30<2:46:47,  3.98s/stock]Collect signals 802/3317:  24%|¨€¨€¨…       | 802/3317 [40:30<2:43:55,  3.91s/stock]D:\Projects\auto-select-stock\src\auto_select_stock\predict\data.py:76: RuntimeWarning: invalid value encountered in divide
  result["bb_position"] = np.where(bb_upper != bb_lower, (close - bb_lower) / (bb_upper - bb_lower), 0.5)
Collect signals 803/3317:  24%|¨€¨€¨…       | 802/3317 [40:34<2:43:55,  3.91s/stock]Collect signals 803/3317:  24%|¨€¨€¨…       | 803/3317 [40:34<2:46:53,  3.98s/stock]D:\Projects\auto-select-stock\src\auto_select_stock\predict\data.py:76: RuntimeWarning: invalid value encountered in divide
  result["bb_position"] = np.where(bb_upper != bb_lower, (close - bb_lower) / (bb_upper - bb_lower), 0.5)
Collect signals 804/3317:  24%|¨€¨€¨…       | 803/3317 [40:38<2:46:53,  3.98s/stock]Collect signals 804/3317:  24%|¨€¨€¨…       | 804/3317 [40:38<2:47:28,  4.00s/stock]D:\Projects\auto-select-stock\src\auto_select_stock\predict\data.py:76: RuntimeWarning: invalid value encountered in divide
  result["bb_position"] = np.where(bb_upper != bb_lower, (close - bb_lower) / (bb_upper - bb_lower), 0.5)
Collect signals 805/3317:  24%|¨€¨€¨…       | 804/3317 [40:42<2:47:28,  4.00s/stock]Collect signals 805/3317:  24%|¨€¨€¨…       | 805/3317 [40:42<2:40:52,  3.84s/stock]D:\Projects\auto-select-stock\src\auto_select_stock\predict\data.py:76: RuntimeWarning: invalid value encountered in divide
  result["bb_position"] = np.where(bb_upper != bb_lower, (close - bb_lower) / (bb_upper - bb_lower), 0.5)
Collect signals 806/3317:  24%|¨€¨€¨…       | 805/3317 [40:46<2:40:52,  3.84s/stock]Collect signals 806/3317:  24%|¨€¨€¨…       | 806/3317 [40:46<2:39:43,  3.82s/stock]D:\Projects\auto-select-stock\src\auto_select_stock\predict\data.py:76: RuntimeWarning: invalid value encountered in divide
  result["bb_position"] = np.where(bb_upper != bb_lower, (close - bb_lower) / (bb_upper - bb_lower), 0.5)
Collect signals 807/3317:  24%|¨€¨€¨…       | 806/3317 [40:49<2:39:43,  3.82s/stock]Collect signals 807/3317:  24%|¨€¨€¨…       | 807/3317 [40:49<2:33:00,  3.66s/stock]D:\Projects\auto-select-stock\src\auto_select_stock\predict\data.py:76: RuntimeWarning: invalid value encountered in divide
  result["bb_position"] = np.where(bb_upper != bb_lower, (close - bb_lower) / (bb_upper - bb_lower), 0.5)
Collect signals 808/3317:  24%|¨€¨€¨…       | 807/3317 [40:53<2:33:00,  3.66s/stock]Collect signals 808/3317:  24%|¨€¨€¨…       | 808/3317 [40:53<2:33:21,  3.67s/stock]D:\Projects\auto-select-stock\src\auto_select_stock\predict\data.py:76: RuntimeWarning: invalid value encountered in divide
  result["bb_position"] = np.where(bb_upper != bb_lower, (close - bb_lower) / (bb_upper - bb_lower), 0.5)
Collect signals 809/3317:  24%|¨€¨€¨…       | 808/3317 [40:56<2:33:21,  3.67s/stock]Collect signals 809/3317:  24%|¨€¨€¨…       | 809/3317 [40:56<2:25:35,  3.48s/stock]D:\Projects\auto-select-stock\src\auto_select_stock\predict\data.py:76: RuntimeWarning: invalid value encountered in divide
  result["bb_position"] = np.where(bb_upper != bb_lower, (close - bb_lower) / (bb_upper - bb_lower), 0.5)
Collect signals 810/3317:  24%|¨€¨€¨…       | 809/3317 [40:59<2:25:35,  3.48s/stock]Collect signals 810/3317:  24%|¨€¨€¨…       | 810/3317 [40:59<2:27:11,  3.52s/stock]D:\Projects\auto-select-stock\src\auto_select_stock\predict\data.py:76: RuntimeWarning: invalid value encountered in divide
  result["bb_position"] = np.where(bb_upper != bb_lower, (close - bb_lower) / (bb_upper - bb_lower), 0.5)
Collect signals 811/3317:  24%|¨€¨€¨…       | 810/3317 [41:03<2:27:11,  3.52s/stock]Collect signals 811/3317:  24%|¨€¨€¨…       | 811/3317 [41:03<2:31:02,  3.62s/stock]D:\Projects\auto-select-stock\src\auto_select_stock\predict\data.py:76: RuntimeWarning: invalid value encountered in divide
  result["bb_position"] = np.where(bb_upper != bb_lower, (close - bb_lower) / (bb_upper - bb_lower), 0.5)
Collect signals 812/3317:  24%|¨€¨€¨…       | 811/3317 [41:06<2:31:02,  3.62s/stock]Collect signals 812/3317:  24%|¨€¨€¨…       | 812/3317 [41:06<2:29:14,  3.57s/stock]D:\Projects\auto-select-stock\src\auto_select_stock\predict\data.py:76: RuntimeWarning: invalid value encountered in divide
  result["bb_position"] = np.where(bb_upper != bb_lower, (close - bb_lower) / (bb_upper - bb_lower), 0.5)
Collect signals 813/3317:  24%|¨€¨€¨…       | 812/3317 [41:10<2:29:14,  3.57s/stock]Collect signals 813/3317:  25%|¨€¨€¨…       | 813/3317 [41:10<2:34:12,  3.69s/stock]D:\Projects\auto-select-stock\src\auto_select_stock\predict\data.py:76: RuntimeWarning: invalid value encountered in divide
  result["bb_position"] = np.where(bb_upper != bb_lower, (close - bb_lower) / (bb_upper - bb_lower), 0.5)
Collect signals 814/3317:  25%|¨€¨€¨…       | 813/3317 [41:14<2:34:12,  3.69s/stock]Collect signals 814/3317:  25%|¨€¨€¨…       | 814/3317 [41:14<2:28:49,  3.57s/stock]D:\Projects\auto-select-stock\src\auto_select_stock\predict\data.py:76: RuntimeWarning: invalid value encountered in divide
  result["bb_position"] = np.where(bb_upper != bb_lower, (close - bb_lower) / (bb_upper - bb_lower), 0.5)
Collect signals 815/3317:  25%|¨€¨€¨…       | 814/3317 [41:18<2:28:49,  3.57s/stock]Collect signals 815/3317:  25%|¨€¨€¨…       | 815/3317 [41:18<2:31:40,  3.64s/stock]D:\Projects\auto-select-stock\src\auto_select_stock\predict\data.py:76: RuntimeWarning: invalid value encountered in divide
  result["bb_position"] = np.where(bb_upper != bb_lower, (close - bb_lower) / (bb_upper - bb_lower), 0.5)
Collect signals 816/3317:  25%|¨€¨€¨…       | 815/3317 [41:21<2:31:40,  3.64s/stock]Collect signals 816/3317:  25%|¨€¨€¨…       | 816/3317 [41:21<2:28:49,  3.57s/stock]D:\Projects\auto-select-stock\src\auto_select_stock\predict\data.py:76: RuntimeWarning: invalid value encountered in divide
  result["bb_position"] = np.where(bb_upper != bb_lower, (close - bb_lower) / (bb_upper - bb_lower), 0.5)
Collect signals 817/3317:  25%|¨€¨€¨…       | 816/3317 [41:25<2:28:49,  3.57s/stock]Collect signals 817/3317:  25%|¨€¨€¨…       | 817/3317 [41:25<2:33:19,  3.68s/stock]D:\Projects\auto-select-stock\src\auto_select_stock\predict\data.py:76: RuntimeWarning: invalid value encountered in divide
  result["bb_position"] = np.where(bb_upper != bb_lower, (close - bb_lower) / (bb_upper - bb_lower), 0.5)
Collect signals 818/3317:  25%|¨€¨€¨…       | 817/3317 [41:29<2:33:19,  3.68s/stock]Collect signals 818/3317:  25%|¨€¨€¨…       | 818/3317 [41:29<2:32:23,  3.66s/stock]D:\Projects\auto-select-stock\src\auto_select_stock\predict\data.py:76: RuntimeWarning: invalid value encountered in divide
  result["bb_position"] = np.where(bb_upper != bb_lower, (close - bb_lower) / (bb_upper - bb_lower), 0.5)
Collect signals 819/3317:  25%|¨€¨€¨…       | 818/3317 [41:32<2:32:23,  3.66s/stock]Collect signals 819/3317:  25%|¨€¨€¨…       | 819/3317 [41:32<2:35:04,  3.72s/stock]D:\Projects\auto-select-stock\src\auto_select_stock\predict\data.py:76: RuntimeWarning: invalid value encountered in divide
  result["bb_position"] = np.where(bb_upper != bb_lower, (close - bb_lower) / (bb_upper - bb_lower), 0.5)
Collect signals 820/3317:  25%|¨€¨€¨…       | 819/3317 [41:36<2:35:04,  3.72s/stock]Collect signals 820/3317:  25%|¨€¨€¨…       | 820/3317 [41:36<2:32:04,  3.65s/stock]D:\Projects\auto-select-stock\src\auto_select_stock\predict\data.py:76: RuntimeWarning: invalid value encountered in divide
  result["bb_position"] = np.where(bb_upper != bb_lower, (close - bb_lower) / (bb_upper - bb_lower), 0.5)
Collect signals 821/3317:  25%|¨€¨€¨…       | 820/3317 [41:40<2:32:04,  3.65s/stock]Collect signals 821/3317:  25%|¨€¨€¨…       | 821/3317 [41:40<2:37:22,  3.78s/stock]D:\Projects\auto-select-stock\src\auto_select_stock\predict\data.py:76: RuntimeWarning: invalid value encountered in divide
  result["bb_position"] = np.where(bb_upper != bb_lower, (close - bb_lower) / (bb_upper - bb_lower), 0.5)
Collect signals 822/3317:  25%|¨€¨€¨…       | 821/3317 [41:44<2:37:22,  3.78s/stock]Collect signals 822/3317:  25%|¨€¨€¨…       | 822/3317 [41:44<2:35:44,  3.75s/stock]D:\Projects\auto-select-stock\src\auto_select_stock\predict\data.py:76: RuntimeWarning: invalid value encountered in divide
  result["bb_position"] = np.where(bb_upper != bb_lower, (close - bb_lower) / (bb_upper - bb_lower), 0.5)
Collect signals 823/3317:  25%|¨€¨€¨…       | 822/3317 [41:48<2:35:44,  3.75s/stock]Collect signals 823/3317:  25%|¨€¨€¨…       | 823/3317 [41:48<2:41:08,  3.88s/stock]D:\Projects\auto-select-stock\src\auto_select_stock\predict\data.py:76: RuntimeWarning: invalid value encountered in divide
  result["bb_position"] = np.where(bb_upper != bb_lower, (close - bb_lower) / (bb_upper - bb_lower), 0.5)
Collect signals 824/3317:  25%|¨€¨€¨…       | 823/3317 [41:51<2:41:08,  3.88s/stock]Collect signals 824/3317:  25%|¨€¨€¨…       | 824/3317 [41:51<2:36:50,  3.77s/stock]D:\Projects\auto-select-stock\src\auto_select_stock\predict\data.py:76: RuntimeWarning: invalid value encountered in divide
  result["bb_position"] = np.where(bb_upper != bb_lower, (close - bb_lower) / (bb_upper - bb_lower), 0.5)
Collect signals 825/3317:  25%|¨€¨€¨…       | 824/3317 [41:55<2:36:50,  3.77s/stock]Collect signals 825/3317:  25%|¨€¨€¨…       | 825/3317 [41:55<2:40:25,  3.86s/stock]D:\Projects\auto-select-stock\src\auto_select_stock\predict\data.py:76: RuntimeWarning: invalid value encountered in divide
  result["bb_position"] = np.where(bb_upper != bb_lower, (close - bb_lower) / (bb_upper - bb_lower), 0.5)
Collect signals 826/3317:  25%|¨€¨€¨…       | 825/3317 [41:59<2:40:25,  3.86s/stock]Collect signals 826/3317:  25%|¨€¨€¨…       | 826/3317 [41:59<2:37:13,  3.79s/stock]D:\Projects\auto-select-stock\src\auto_select_stock\predict\data.py:76: RuntimeWarning: invalid value encountered in divide
  result["bb_position"] = np.where(bb_upper != bb_lower, (close - bb_lower) / (bb_upper - bb_lower), 0.5)
Collect signals 827/3317:  25%|¨€¨€¨…       | 826/3317 [42:03<2:37:13,  3.79s/stock]Collect signals 827/3317:  25%|¨€¨€¨…       | 827/3317 [42:03<2:36:19,  3.77s/stock]D:\Projects\auto-select-stock\src\auto_select_stock\predict\data.py:76: RuntimeWarning: invalid value encountered in divide
  result["bb_position"] = np.where(bb_upper != bb_lower, (close - bb_lower) / (bb_upper - bb_lower), 0.5)
Collect signals 828/3317:  25%|¨€¨€¨…       | 827/3317 [42:06<2:36:19,  3.77s/stock]Collect signals 828/3317:  25%|¨€¨€¨…       | 828/3317 [42:06<2:34:52,  3.73s/stock]D:\Projects\auto-select-stock\src\auto_select_stock\predict\data.py:76: RuntimeWarning: invalid value encountered in divide
  result["bb_position"] = np.where(bb_upper != bb_lower, (close - bb_lower) / (bb_upper - bb_lower), 0.5)
Collect signals 829/3317:  25%|¨€¨€¨…       | 828/3317 [42:10<2:34:52,  3.73s/stock]Collect signals 829/3317:  25%|¨€¨€¨…       | 829/3317 [42:10<2:38:50,  3.83s/stock]D:\Projects\auto-select-stock\src\auto_select_stock\predict\data.py:76: RuntimeWarning: invalid value encountered in divide
  result["bb_position"] = np.where(bb_upper != bb_lower, (close - bb_lower) / (bb_upper - bb_lower), 0.5)
Collect signals 830/3317:  25%|¨€¨€¨…       | 829/3317 [42:15<2:38:50,  3.83s/stock]Collect signals 830/3317:  25%|¨€¨€¨„       | 830/3317 [42:15<2:43:27,  3.94s/stock]D:\Projects\auto-select-stock\src\auto_select_stock\predict\data.py:76: RuntimeWarning: invalid value encountered in divide
  result["bb_position"] = np.where(bb_upper != bb_lower, (close - bb_lower) / (bb_upper - bb_lower), 0.5)
Collect signals 831/3317:  25%|¨€¨€¨„       | 830/3317 [42:18<2:43:27,  3.94s/stock]Collect signals 831/3317:  25%|¨€¨€¨„       | 831/3317 [42:18<2:40:59,  3.89s/stock]D:\Projects\auto-select-stock\src\auto_select_stock\predict\data.py:76: RuntimeWarning: invalid value encountered in divide
  result["bb_position"] = np.where(bb_upper != bb_lower, (close - bb_lower) / (bb_upper - bb_lower), 0.5)
Collect signals 832/3317:  25%|¨€¨€¨„       | 831/3317 [42:22<2:40:59,  3.89s/stock]Collect signals 832/3317:  25%|¨€¨€¨„       | 832/3317 [42:22<2:41:49,  3.91s/stock]D:\Projects\auto-select-stock\src\auto_select_stock\predict\data.py:76: RuntimeWarning: invalid value encountered in divide
  result["bb_position"] = np.where(bb_upper != bb_lower, (close - bb_lower) / (bb_upper - bb_lower), 0.5)
Collect signals 833/3317:  25%|¨€¨€¨„       | 832/3317 [42:26<2:41:49,  3.91s/stock]Collect signals 833/3317:  25%|¨€¨€¨„       | 833/3317 [42:26<2:38:30,  3.83s/stock]D:\Projects\auto-select-stock\src\auto_select_stock\predict\data.py:76: RuntimeWarning: invalid value encountered in divide
  result["bb_position"] = np.where(bb_upper != bb_lower, (close - bb_lower) / (bb_upper - bb_lower), 0.5)
Collect signals 834/3317:  25%|¨€¨€¨„       | 833/3317 [42:30<2:38:30,  3.83s/stock]Collect signals 834/3317:  25%|¨€¨€¨„       | 834/3317 [42:30<2:38:29,  3.83s/stock]D:\Projects\auto-select-stock\src\auto_select_stock\predict\data.py:76: RuntimeWarning: invalid value encountered in divide
  result["bb_position"] = np.where(bb_upper != bb_lower, (close - bb_lower) / (bb_upper - bb_lower), 0.5)
Collect signals 835/3317:  25%|¨€¨€¨„       | 834/3317 [42:34<2:38:29,  3.83s/stock]Collect signals 835/3317:  25%|¨€¨€¨„       | 835/3317 [42:34<2:37:12,  3.80s/stock]D:\Projects\auto-select-stock\src\auto_select_stock\predict\data.py:76: RuntimeWarning: invalid value encountered in divide
  result["bb_position"] = np.where(bb_upper != bb_lower, (close - bb_lower) / (bb_upper - bb_lower), 0.5)
Collect signals 836/3317:  25%|¨€¨€¨„       | 835/3317 [42:38<2:37:12,  3.80s/stock]Collect signals 836/3317:  25%|¨€¨€¨„       | 836/3317 [42:38<2:38:50,  3.84s/stock]D:\Projects\auto-select-stock\src\auto_select_stock\predict\data.py:76: RuntimeWarning: invalid value encountered in divide
  result["bb_position"] = np.where(bb_upper != bb_lower, (close - bb_lower) / (bb_upper - bb_lower), 0.5)
Collect signals 837/3317:  25%|¨€¨€¨„       | 836/3317 [42:41<2:38:50,  3.84s/stock]Collect signals 837/3317:  25%|¨€¨€¨„       | 837/3317 [42:41<2:34:42,  3.74s/stock]D:\Projects\auto-select-stock\src\auto_select_stock\predict\data.py:76: RuntimeWarning: invalid value encountered in divide
  result["bb_position"] = np.where(bb_upper != bb_lower, (close - bb_lower) / (bb_upper - bb_lower), 0.5)
Collect signals 838/3317:  25%|¨€¨€¨„       | 837/3317 [42:45<2:34:42,  3.74s/stock]Collect signals 838/3317:  25%|¨€¨€¨„       | 838/3317 [42:45<2:38:27,  3.84s/stock]D:\Projects\auto-select-stock\src\auto_select_stock\predict\data.py:76: RuntimeWarning: invalid value encountered in divide
  result["bb_position"] = np.where(bb_upper != bb_lower, (close - bb_lower) / (bb_upper - bb_lower), 0.5)
Collect signals 839/3317:  25%|¨€¨€¨„       | 838/3317 [42:49<2:38:27,  3.84s/stock]Collect signals 839/3317:  25%|¨€¨€¨„       | 839/3317 [42:49<2:43:50,  3.97s/stock]D:\Projects\auto-select-stock\src\auto_select_stock\predict\data.py:76: RuntimeWarning: invalid value encountered in divide
  result["bb_position"] = np.where(bb_upper != bb_lower, (close - bb_lower) / (bb_upper - bb_lower), 0.5)
Collect signals 840/3317:  25%|¨€¨€¨„       | 839/3317 [42:53<2:43:50,  3.97s/stock]Collect signals 840/3317:  25%|¨€¨€¨„       | 840/3317 [42:53<2:40:11,  3.88s/stock]D:\Projects\auto-select-stock\src\auto_select_stock\predict\data.py:76: RuntimeWarning: invalid value encountered in divide
  result["bb_position"] = np.where(bb_upper != bb_lower, (close - bb_lower) / (bb_upper - bb_lower), 0.5)
Collect signals 841/3317:  25%|¨€¨€¨„       | 840/3317 [42:57<2:40:11,  3.88s/stock]Collect signals 841/3317:  25%|¨€¨€¨„       | 841/3317 [42:57<2:40:33,  3.89s/stock]D:\Projects\auto-select-stock\src\auto_select_stock\predict\data.py:76: RuntimeWarning: invalid value encountered in divide
  result["bb_position"] = np.where(bb_upper != bb_lower, (close - bb_lower) / (bb_upper - bb_lower), 0.5)
Collect signals 842/3317:  25%|¨€¨€¨„       | 841/3317 [43:00<2:40:33,  3.89s/stock]Collect signals 842/3317:  25%|¨€¨€¨„       | 842/3317 [43:00<2:34:32,  3.75s/stock]D:\Projects\auto-select-stock\src\auto_select_stock\predict\data.py:76: RuntimeWarning: invalid value encountered in divide
  result["bb_position"] = np.where(bb_upper != bb_lower, (close - bb_lower) / (bb_upper - bb_lower), 0.5)
Collect signals 843/3317:  25%|¨€¨€¨„       | 842/3317 [43:05<2:34:32,  3.75s/stock]Collect signals 843/3317:  25%|¨€¨€¨„       | 843/3317 [43:05<2:42:13,  3.93s/stock]D:\Projects\auto-select-stock\src\auto_select_stock\predict\data.py:76: RuntimeWarning: invalid value encountered in divide
  result["bb_position"] = np.where(bb_upper != bb_lower, (close - bb_lower) / (bb_upper - bb_lower), 0.5)
Collect signals 844/3317:  25%|¨€¨€¨„       | 843/3317 [43:09<2:42:13,  3.93s/stock]Collect signals 844/3317:  25%|¨€¨€¨„       | 844/3317 [43:09<2:41:33,  3.92s/stock]D:\Projects\auto-select-stock\src\auto_select_stock\predict\data.py:76: RuntimeWarning: invalid value encountered in divide
  result["bb_position"] = np.where(bb_upper != bb_lower, (close - bb_lower) / (bb_upper - bb_lower), 0.5)
Collect signals 845/3317:  25%|¨€¨€¨„       | 844/3317 [43:13<2:41:33,  3.92s/stock]Collect signals 845/3317:  25%|¨€¨€¨„       | 845/3317 [43:13<2:43:35,  3.97s/stock]D:\Projects\auto-select-stock\src\auto_select_stock\predict\data.py:76: RuntimeWarning: invalid value encountered in divide
  result["bb_position"] = np.where(bb_upper != bb_lower, (close - bb_lower) / (bb_upper - bb_lower), 0.5)
Collect signals 846/3317:  25%|¨€¨€¨„       | 845/3317 [43:17<2:43:35,  3.97s/stock]Collect signals 846/3317:  26%|¨€¨€¨„       | 846/3317 [43:17<2:43:02,  3.96s/stock]D:\Projects\auto-select-stock\src\auto_select_stock\predict\data.py:76: RuntimeWarning: invalid value encountered in divide
  result["bb_position"] = np.where(bb_upper != bb_lower, (close - bb_lower) / (bb_upper - bb_lower), 0.5)
Collect signals 847/3317:  26%|¨€¨€¨„       | 846/3317 [43:20<2:43:02,  3.96s/stock]Collect signals 847/3317:  26%|¨€¨€¨„       | 847/3317 [43:20<2:31:46,  3.69s/stock]D:\Projects\auto-select-stock\src\auto_select_stock\predict\data.py:76: RuntimeWarning: invalid value encountered in divide
  result["bb_position"] = np.where(bb_upper != bb_lower, (close - bb_lower) / (bb_upper - bb_lower), 0.5)
Collect signals 848/3317:  26%|¨€¨€¨„       | 847/3317 [43:23<2:31:46,  3.69s/stock]Collect signals 848/3317:  26%|¨€¨€¨„       | 848/3317 [43:23<2:27:44,  3.59s/stock]D:\Projects\auto-select-stock\src\auto_select_stock\predict\data.py:76: RuntimeWarning: invalid value encountered in divide
  result["bb_position"] = np.where(bb_upper != bb_lower, (close - bb_lower) / (bb_upper - bb_lower), 0.5)
Collect signals 849/3317:  26%|¨€¨€¨„       | 848/3317 [43:26<2:27:44,  3.59s/stock]Collect signals 849/3317:  26%|¨€¨€¨„       | 849/3317 [43:26<2:20:11,  3.41s/stock]D:\Projects\auto-select-stock\src\auto_select_stock\predict\data.py:76: RuntimeWarning: invalid value encountered in divide
  result["bb_position"] = np.where(bb_upper != bb_lower, (close - bb_lower) / (bb_upper - bb_lower), 0.5)
Collect signals 850/3317:  26%|¨€¨€¨„       | 849/3317 [43:30<2:20:11,  3.41s/stock]Collect signals 850/3317:  26%|¨€¨€¨„       | 850/3317 [43:30<2:21:14,  3.44s/stock]D:\Projects\auto-select-stock\src\auto_select_stock\predict\data.py:76: RuntimeWarning: invalid value encountered in divide
  result["bb_position"] = np.where(bb_upper != bb_lower, (close - bb_lower) / (bb_upper - bb_lower), 0.5)
Collect signals 851/3317:  26%|¨€¨€¨„       | 850/3317 [43:33<2:21:14,  3.44s/stock]Collect signals 851/3317:  26%|¨€¨€¨„       | 851/3317 [43:33<2:16:46,  3.33s/stock]D:\Projects\auto-select-stock\src\auto_select_stock\predict\data.py:76: RuntimeWarning: invalid value encountered in divide
  result["bb_position"] = np.where(bb_upper != bb_lower, (close - bb_lower) / (bb_upper - bb_lower), 0.5)
Collect signals 852/3317:  26%|¨€¨€¨„       | 851/3317 [43:36<2:16:46,  3.33s/stock]Collect signals 852/3317:  26%|¨€¨€¨„       | 852/3317 [43:36<2:19:31,  3.40s/stock]D:\Projects\auto-select-stock\src\auto_select_stock\predict\data.py:76: RuntimeWarning: invalid value encountered in divide
  result["bb_position"] = np.where(bb_upper != bb_lower, (close - bb_lower) / (bb_upper - bb_lower), 0.5)
Collect signals 853/3317:  26%|¨€¨€¨„       | 852/3317 [43:39<2:19:31,  3.40s/stock]Collect signals 853/3317:  26%|¨€¨€¨„       | 853/3317 [43:39<2:15:43,  3.30s/stock]D:\Projects\auto-select-stock\src\auto_select_stock\predict\data.py:76: RuntimeWarning: invalid value encountered in divide
  result["bb_position"] = np.where(bb_upper != bb_lower, (close - bb_lower) / (bb_upper - bb_lower), 0.5)
Collect signals 854/3317:  26%|¨€¨€¨„       | 853/3317 [43:43<2:15:43,  3.30s/stock]Collect signals 854/3317:  26%|¨€¨€¨„       | 854/3317 [43:43<2:17:21,  3.35s/stock]D:\Projects\auto-select-stock\src\auto_select_stock\predict\data.py:76: RuntimeWarning: invalid value encountered in divide
  result["bb_position"] = np.where(bb_upper != bb_lower, (close - bb_lower) / (bb_upper - bb_lower), 0.5)
Collect signals 855/3317:  26%|¨€¨€¨„       | 854/3317 [43:46<2:17:21,  3.35s/stock]Collect signals 855/3317:  26%|¨€¨€¨„       | 855/3317 [43:46<2:17:29,  3.35s/stock]D:\Projects\auto-select-stock\src\auto_select_stock\predict\data.py:76: RuntimeWarning: invalid value encountered in divide
  result["bb_position"] = np.where(bb_upper != bb_lower, (close - bb_lower) / (bb_upper - bb_lower), 0.5)
Collect signals 856/3317:  26%|¨€¨€¨„       | 855/3317 [43:49<2:17:29,  3.35s/stock]Collect signals 856/3317:  26%|¨€¨€¨„       | 856/3317 [43:49<2:15:37,  3.31s/stock]D:\Projects\auto-select-stock\src\auto_select_stock\predict\data.py:76: RuntimeWarning: invalid value encountered in divide
  result["bb_position"] = np.where(bb_upper != bb_lower, (close - bb_lower) / (bb_upper - bb_lower), 0.5)
Collect signals 857/3317:  26%|¨€¨€¨„       | 856/3317 [43:53<2:15:37,  3.31s/stock]Collect signals 857/3317:  26%|¨€¨€¨„       | 857/3317 [43:53<2:18:34,  3.38s/stock]D:\Projects\auto-select-stock\src\auto_select_stock\predict\data.py:76: RuntimeWarning: invalid value encountered in divide
  result["bb_position"] = np.where(bb_upper != bb_lower, (close - bb_lower) / (bb_upper - bb_lower), 0.5)
Collect signals 858/3317:  26%|¨€¨€¨„       | 857/3317 [43:56<2:18:34,  3.38s/stock]Collect signals 858/3317:  26%|¨€¨€¨„       | 858/3317 [43:56<2:13:48,  3.26s/stock]D:\Projects\auto-select-stock\src\auto_select_stock\predict\data.py:76: RuntimeWarning: invalid value encountered in divide
  result["bb_position"] = np.where(bb_upper != bb_lower, (close - bb_lower) / (bb_upper - bb_lower), 0.5)
Collect signals 859/3317:  26%|¨€¨€¨„       | 858/3317 [43:59<2:13:48,  3.26s/stock]Collect signals 859/3317:  26%|¨€¨€¨„       | 859/3317 [43:59<2:15:35,  3.31s/stock]D:\Projects\auto-select-stock\src\auto_select_stock\predict\data.py:76: RuntimeWarning: invalid value encountered in divide
  result["bb_position"] = np.where(bb_upper != bb_lower, (close - bb_lower) / (bb_upper - bb_lower), 0.5)
Collect signals 860/3317:  26%|¨€¨€¨„       | 859/3317 [44:02<2:15:35,  3.31s/stock]Collect signals 860/3317:  26%|¨€¨€¨„       | 860/3317 [44:02<2:12:42,  3.24s/stock]D:\Projects\auto-select-stock\src\auto_select_stock\predict\data.py:76: RuntimeWarning: invalid value encountered in divide
  result["bb_position"] = np.where(bb_upper != bb_lower, (close - bb_lower) / (bb_upper - bb_lower), 0.5)
Collect signals 861/3317:  26%|¨€¨€¨„       | 860/3317 [44:06<2:12:42,  3.24s/stock]Collect signals 861/3317:  26%|¨€¨€¨„       | 861/3317 [44:06<2:16:54,  3.34s/stock]D:\Projects\auto-select-stock\src\auto_select_stock\predict\data.py:76: RuntimeWarning: invalid value encountered in divide
  result["bb_position"] = np.where(bb_upper != bb_lower, (close - bb_lower) / (bb_upper - bb_lower), 0.5)
Collect signals 862/3317:  26%|¨€¨€¨„       | 861/3317 [44:09<2:16:54,  3.34s/stock]Collect signals 862/3317:  26%|¨€¨€¨„       | 862/3317 [44:09<2:18:39,  3.39s/stock]D:\Projects\auto-select-stock\src\auto_select_stock\predict\data.py:76: RuntimeWarning: invalid value encountered in divide
  result["bb_position"] = np.where(bb_upper != bb_lower, (close - bb_lower) / (bb_upper - bb_lower), 0.5)
Collect signals 863/3317:  26%|¨€¨€¨„       | 862/3317 [44:12<2:18:39,  3.39s/stock]Collect signals 863/3317:  26%|¨€¨€¨„       | 863/3317 [44:12<2:14:28,  3.29s/stock]D:\Projects\auto-select-stock\src\auto_select_stock\predict\data.py:76: RuntimeWarning: invalid value encountered in divide
  result["bb_position"] = np.where(bb_upper != bb_lower, (close - bb_lower) / (bb_upper - bb_lower), 0.5)
Collect signals 864/3317:  26%|¨€¨€¨„       | 863/3317 [44:16<2:14:28,  3.29s/stock]Collect signals 864/3317:  26%|¨€¨€¨„       | 864/3317 [44:16<2:15:18,  3.31s/stock]D:\Projects\auto-select-stock\src\auto_select_stock\predict\data.py:76: RuntimeWarning: invalid value encountered in divide
  result["bb_position"] = np.where(bb_upper != bb_lower, (close - bb_lower) / (bb_upper - bb_lower), 0.5)
Collect signals 865/3317:  26%|¨€¨€¨„       | 864/3317 [44:19<2:15:18,  3.31s/stock]Collect signals 865/3317:  26%|¨€¨€¨„       | 865/3317 [44:19<2:12:54,  3.25s/stock]D:\Projects\auto-select-stock\src\auto_select_stock\predict\data.py:76: RuntimeWarning: invalid value encountered in divide
  result["bb_position"] = np.where(bb_upper != bb_lower, (close - bb_lower) / (bb_upper - bb_lower), 0.5)
Collect signals 866/3317:  26%|¨€¨€¨„       | 865/3317 [44:22<2:12:54,  3.25s/stock]Collect signals 866/3317:  26%|¨€¨€¨„       | 866/3317 [44:22<2:15:31,  3.32s/stock]D:\Projects\auto-select-stock\src\auto_select_stock\predict\data.py:76: RuntimeWarning: invalid value encountered in divide
  result["bb_position"] = np.where(bb_upper != bb_lower, (close - bb_lower) / (bb_upper - bb_lower), 0.5)
Collect signals 867/3317:  26%|¨€¨€¨„       | 866/3317 [44:25<2:15:31,  3.32s/stock]Collect signals 867/3317:  26%|¨€¨€¨„       | 867/3317 [44:25<2:11:37,  3.22s/stock]D:\Projects\auto-select-stock\src\auto_select_stock\predict\data.py:76: RuntimeWarning: invalid value encountered in divide
  result["bb_position"] = np.where(bb_upper != bb_lower, (close - bb_lower) / (bb_upper - bb_lower), 0.5)
Collect signals 868/3317:  26%|¨€¨€¨„       | 867/3317 [44:29<2:11:37,  3.22s/stock]Collect signals 868/3317:  26%|¨€¨€¨„       | 868/3317 [44:29<2:21:08,  3.46s/stock]D:\Projects\auto-select-stock\src\auto_select_stock\predict\data.py:76: RuntimeWarning: invalid value encountered in divide
  result["bb_position"] = np.where(bb_upper != bb_lower, (close - bb_lower) / (bb_upper - bb_lower), 0.5)
Collect signals 869/3317:  26%|¨€¨€¨„       | 868/3317 [44:33<2:21:08,  3.46s/stock]Collect signals 869/3317:  26%|¨€¨€¨„       | 869/3317 [44:33<2:18:04,  3.38s/stock]D:\Projects\auto-select-stock\src\auto_select_stock\predict\data.py:76: RuntimeWarning: invalid value encountered in divide
  result["bb_position"] = np.where(bb_upper != bb_lower, (close - bb_lower) / (bb_upper - bb_lower), 0.5)
Collect signals 870/3317:  26%|¨€¨€¨„       | 869/3317 [44:36<2:18:04,  3.38s/stock]Collect signals 870/3317:  26%|¨€¨€¨„       | 870/3317 [44:36<2:19:57,  3.43s/stock]D:\Projects\auto-select-stock\src\auto_select_stock\predict\data.py:76: RuntimeWarning: invalid value encountered in divide
  result["bb_position"] = np.where(bb_upper != bb_lower, (close - bb_lower) / (bb_upper - bb_lower), 0.5)
Collect signals 871/3317:  26%|¨€¨€¨„       | 870/3317 [44:40<2:19:57,  3.43s/stock]Collect signals 871/3317:  26%|¨€¨€¨ƒ       | 871/3317 [44:40<2:20:42,  3.45s/stock]D:\Projects\auto-select-stock\src\auto_select_stock\predict\data.py:76: RuntimeWarning: invalid value encountered in divide
  result["bb_position"] = np.where(bb_upper != bb_lower, (close - bb_lower) / (bb_upper - bb_lower), 0.5)
Collect signals 872/3317:  26%|¨€¨€¨ƒ       | 871/3317 [44:43<2:20:42,  3.45s/stock]Collect signals 872/3317:  26%|¨€¨€¨ƒ       | 872/3317 [44:43<2:15:47,  3.33s/stock]D:\Projects\auto-select-stock\src\auto_select_stock\predict\data.py:76: RuntimeWarning: invalid value encountered in divide
  result["bb_position"] = np.where(bb_upper != bb_lower, (close - bb_lower) / (bb_upper - bb_lower), 0.5)
Collect signals 873/3317:  26%|¨€¨€¨ƒ       | 872/3317 [44:46<2:15:47,  3.33s/stock]Collect signals 873/3317:  26%|¨€¨€¨ƒ       | 873/3317 [44:46<2:18:36,  3.40s/stock]D:\Projects\auto-select-stock\src\auto_select_stock\predict\data.py:76: RuntimeWarning: invalid value encountered in divide
  result["bb_position"] = np.where(bb_upper != bb_lower, (close - bb_lower) / (bb_upper - bb_lower), 0.5)
Collect signals 874/3317:  26%|¨€¨€¨ƒ       | 873/3317 [44:49<2:18:36,  3.40s/stock]Collect signals 874/3317:  26%|¨€¨€¨ƒ       | 874/3317 [44:49<2:14:00,  3.29s/stock]D:\Projects\auto-select-stock\src\auto_select_stock\predict\data.py:76: RuntimeWarning: invalid value encountered in divide
  result["bb_position"] = np.where(bb_upper != bb_lower, (close - bb_lower) / (bb_upper - bb_lower), 0.5)
Collect signals 875/3317:  26%|¨€¨€¨ƒ       | 874/3317 [44:53<2:14:00,  3.29s/stock]Collect signals 875/3317:  26%|¨€¨€¨ƒ       | 875/3317 [44:53<2:16:56,  3.36s/stock]D:\Projects\auto-select-stock\src\auto_select_stock\predict\data.py:76: RuntimeWarning: invalid value encountered in divide
  result["bb_position"] = np.where(bb_upper != bb_lower, (close - bb_lower) / (bb_upper - bb_lower), 0.5)
Collect signals 876/3317:  26%|¨€¨€¨ƒ       | 875/3317 [44:56<2:16:56,  3.36s/stock]Collect signals 876/3317:  26%|¨€¨€¨ƒ       | 876/3317 [44:56<2:12:26,  3.26s/stock]D:\Projects\auto-select-stock\src\auto_select_stock\predict\data.py:76: RuntimeWarning: invalid value encountered in divide
  result["bb_position"] = np.where(bb_upper != bb_lower, (close - bb_lower) / (bb_upper - bb_lower), 0.5)
Collect signals 877/3317:  26%|¨€¨€¨ƒ       | 876/3317 [44:59<2:12:26,  3.26s/stock]Collect signals 877/3317:  26%|¨€¨€¨ƒ       | 877/3317 [44:59<2:13:59,  3.29s/stock]D:\Projects\auto-select-stock\src\auto_select_stock\predict\data.py:76: RuntimeWarning: invalid value encountered in divide
  result["bb_position"] = np.where(bb_upper != bb_lower, (close - bb_lower) / (bb_upper - bb_lower), 0.5)
Collect signals 878/3317:  26%|¨€¨€¨ƒ       | 877/3317 [45:03<2:13:59,  3.29s/stock]Collect signals 878/3317:  26%|¨€¨€¨ƒ       | 878/3317 [45:03<2:16:03,  3.35s/stock]D:\Projects\auto-select-stock\src\auto_select_stock\predict\data.py:76: RuntimeWarning: invalid value encountered in divide
  result["bb_position"] = np.where(bb_upper != bb_lower, (close - bb_lower) / (bb_upper - bb_lower), 0.5)
Collect signals 879/3317:  26%|¨€¨€¨ƒ       | 878/3317 [45:06<2:16:03,  3.35s/stock]Collect signals 879/3317:  26%|¨€¨€¨ƒ       | 879/3317 [45:06<2:13:53,  3.30s/stock]D:\Projects\auto-select-stock\src\auto_select_stock\predict\data.py:76: RuntimeWarning: invalid value encountered in divide
  result["bb_position"] = np.where(bb_upper != bb_lower, (close - bb_lower) / (bb_upper - bb_lower), 0.5)
Collect signals 880/3317:  26%|¨€¨€¨ƒ       | 879/3317 [45:09<2:13:53,  3.30s/stock]Collect signals 880/3317:  27%|¨€¨€¨ƒ       | 880/3317 [45:09<2:16:23,  3.36s/stock]D:\Projects\auto-select-stock\src\auto_select_stock\predict\data.py:76: RuntimeWarning: invalid value encountered in divide
  result["bb_position"] = np.where(bb_upper != bb_lower, (close - bb_lower) / (bb_upper - bb_lower), 0.5)
Collect signals 881/3317:  27%|¨€¨€¨ƒ       | 880/3317 [45:12<2:16:23,  3.36s/stock]Collect signals 881/3317:  27%|¨€¨€¨ƒ       | 881/3317 [45:12<2:12:28,  3.26s/stock]D:\Projects\auto-select-stock\src\auto_select_stock\predict\data.py:76: RuntimeWarning: invalid value encountered in divide
  result["bb_position"] = np.where(bb_upper != bb_lower, (close - bb_lower) / (bb_upper - bb_lower), 0.5)
Collect signals 882/3317:  27%|¨€¨€¨ƒ       | 881/3317 [45:16<2:12:28,  3.26s/stock]Collect signals 882/3317:  27%|¨€¨€¨ƒ       | 882/3317 [45:16<2:14:49,  3.32s/stock]D:\Projects\auto-select-stock\src\auto_select_stock\predict\data.py:76: RuntimeWarning: invalid value encountered in divide
  result["bb_position"] = np.where(bb_upper != bb_lower, (close - bb_lower) / (bb_upper - bb_lower), 0.5)
Collect signals 883/3317:  27%|¨€¨€¨ƒ       | 882/3317 [45:19<2:14:49,  3.32s/stock]Collect signals 883/3317:  27%|¨€¨€¨ƒ       | 883/3317 [45:19<2:12:58,  3.28s/stock]D:\Projects\auto-select-stock\src\auto_select_stock\predict\data.py:76: RuntimeWarning: invalid value encountered in divide
  result["bb_position"] = np.where(bb_upper != bb_lower, (close - bb_lower) / (bb_upper - bb_lower), 0.5)
Collect signals 884/3317:  27%|¨€¨€¨ƒ       | 883/3317 [45:23<2:12:58,  3.28s/stock]Collect signals 884/3317:  27%|¨€¨€¨ƒ       | 884/3317 [45:23<2:15:59,  3.35s/stock]D:\Projects\auto-select-stock\src\auto_select_stock\predict\data.py:76: RuntimeWarning: invalid value encountered in divide
  result["bb_position"] = np.where(bb_upper != bb_lower, (close - bb_lower) / (bb_upper - bb_lower), 0.5)
Collect signals 885/3317:  27%|¨€¨€¨ƒ       | 884/3317 [45:26<2:15:59,  3.35s/stock]Collect signals 885/3317:  27%|¨€¨€¨ƒ       | 885/3317 [45:26<2:13:31,  3.29s/stock]D:\Projects\auto-select-stock\src\auto_select_stock\predict\data.py:76: RuntimeWarning: invalid value encountered in divide
  result["bb_position"] = np.where(bb_upper != bb_lower, (close - bb_lower) / (bb_upper - bb_lower), 0.5)
Collect signals 886/3317:  27%|¨€¨€¨ƒ       | 885/3317 [45:29<2:13:31,  3.29s/stock]Collect signals 886/3317:  27%|¨€¨€¨ƒ       | 886/3317 [45:29<2:17:29,  3.39s/stock]D:\Projects\auto-select-stock\src\auto_select_stock\predict\data.py:76: RuntimeWarning: invalid value encountered in divide
  result["bb_position"] = np.where(bb_upper != bb_lower, (close - bb_lower) / (bb_upper - bb_lower), 0.5)
Collect signals 887/3317:  27%|¨€¨€¨ƒ       | 886/3317 [45:33<2:17:29,  3.39s/stock]Collect signals 887/3317:  27%|¨€¨€¨ƒ       | 887/3317 [45:33<2:14:31,  3.32s/stock]D:\Projects\auto-select-stock\src\auto_select_stock\predict\data.py:76: RuntimeWarning: invalid value encountered in divide
  result["bb_position"] = np.where(bb_upper != bb_lower, (close - bb_lower) / (bb_upper - bb_lower), 0.5)
Collect signals 888/3317:  27%|¨€¨€¨ƒ       | 887/3317 [45:36<2:14:31,  3.32s/stock]Collect signals 888/3317:  27%|¨€¨€¨ƒ       | 888/3317 [45:36<2:18:55,  3.43s/stock]D:\Projects\auto-select-stock\src\auto_select_stock\predict\data.py:76: RuntimeWarning: invalid value encountered in divide
  result["bb_position"] = np.where(bb_upper != bb_lower, (close - bb_lower) / (bb_upper - bb_lower), 0.5)
Collect signals 889/3317:  27%|¨€¨€¨ƒ       | 888/3317 [45:40<2:18:55,  3.43s/stock]Collect signals 889/3317:  27%|¨€¨€¨ƒ       | 889/3317 [45:40<2:20:56,  3.48s/stock]D:\Projects\auto-select-stock\src\auto_select_stock\predict\data.py:76: RuntimeWarning: invalid value encountered in divide
  result["bb_position"] = np.where(bb_upper != bb_lower, (close - bb_lower) / (bb_upper - bb_lower), 0.5)
Collect signals 890/3317:  27%|¨€¨€¨ƒ       | 889/3317 [45:43<2:20:56,  3.48s/stock]Collect signals 890/3317:  27%|¨€¨€¨ƒ       | 890/3317 [45:43<2:16:48,  3.38s/stock]D:\Projects\auto-select-stock\src\auto_select_stock\predict\data.py:76: RuntimeWarning: invalid value encountered in divide
  result["bb_position"] = np.where(bb_upper != bb_lower, (close - bb_lower) / (bb_upper - bb_lower), 0.5)
Collect signals 891/3317:  27%|¨€¨€¨ƒ       | 890/3317 [45:46<2:16:48,  3.38s/stock]Collect signals 891/3317:  27%|¨€¨€¨ƒ       | 891/3317 [45:46<2:18:06,  3.42s/stock]D:\Projects\auto-select-stock\src\auto_select_stock\predict\data.py:76: RuntimeWarning: invalid value encountered in divide
  result["bb_position"] = np.where(bb_upper != bb_lower, (close - bb_lower) / (bb_upper - bb_lower), 0.5)
Collect signals 892/3317:  27%|¨€¨€¨ƒ       | 891/3317 [45:49<2:18:06,  3.42s/stock]Collect signals 892/3317:  27%|¨€¨€¨ƒ       | 892/3317 [45:49<2:12:35,  3.28s/stock]D:\Projects\auto-select-stock\src\auto_select_stock\predict\data.py:76: RuntimeWarning: invalid value encountered in divide
  result["bb_position"] = np.where(bb_upper != bb_lower, (close - bb_lower) / (bb_upper - bb_lower), 0.5)
Collect signals 893/3317:  27%|¨€¨€¨ƒ       | 892/3317 [45:53<2:12:35,  3.28s/stock]Collect signals 893/3317:  27%|¨€¨€¨ƒ       | 893/3317 [45:53<2:13:54,  3.31s/stock]D:\Projects\auto-select-stock\src\auto_select_stock\predict\data.py:76: RuntimeWarning: invalid value encountered in divide
  result["bb_position"] = np.where(bb_upper != bb_lower, (close - bb_lower) / (bb_upper - bb_lower), 0.5)
Collect signals 894/3317:  27%|¨€¨€¨ƒ       | 893/3317 [45:56<2:13:54,  3.31s/stock]Collect signals 894/3317:  27%|¨€¨€¨ƒ       | 894/3317 [45:56<2:07:56,  3.17s/stock]D:\Projects\auto-select-stock\src\auto_select_stock\predict\data.py:76: RuntimeWarning: invalid value encountered in divide
  result["bb_position"] = np.where(bb_upper != bb_lower, (close - bb_lower) / (bb_upper - bb_lower), 0.5)
Collect signals 895/3317:  27%|¨€¨€¨ƒ       | 894/3317 [45:59<2:07:56,  3.17s/stock]Collect signals 895/3317:  27%|¨€¨€¨ƒ       | 895/3317 [45:59<2:09:31,  3.21s/stock]D:\Projects\auto-select-stock\src\auto_select_stock\predict\data.py:76: RuntimeWarning: invalid value encountered in divide
  result["bb_position"] = np.where(bb_upper != bb_lower, (close - bb_lower) / (bb_upper - bb_lower), 0.5)
Collect signals 896/3317:  27%|¨€¨€¨ƒ       | 895/3317 [46:02<2:09:31,  3.21s/stock]Collect signals 896/3317:  27%|¨€¨€¨ƒ       | 896/3317 [46:02<2:04:13,  3.08s/stock]D:\Projects\auto-select-stock\src\auto_select_stock\predict\data.py:76: RuntimeWarning: invalid value encountered in divide
  result["bb_position"] = np.where(bb_upper != bb_lower, (close - bb_lower) / (bb_upper - bb_lower), 0.5)
Collect signals 897/3317:  27%|¨€¨€¨ƒ       | 896/3317 [46:05<2:04:13,  3.08s/stock]Collect signals 897/3317:  27%|¨€¨€¨ƒ       | 897/3317 [46:05<2:03:52,  3.07s/stock]D:\Projects\auto-select-stock\src\auto_select_stock\predict\data.py:76: RuntimeWarning: invalid value encountered in divide
  result["bb_position"] = np.where(bb_upper != bb_lower, (close - bb_lower) / (bb_upper - bb_lower), 0.5)
Collect signals 898/3317:  27%|¨€¨€¨ƒ       | 897/3317 [46:08<2:03:52,  3.07s/stock]Collect signals 898/3317:  27%|¨€¨€¨ƒ       | 898/3317 [46:08<2:04:22,  3.08s/stock]D:\Projects\auto-select-stock\src\auto_select_stock\predict\data.py:76: RuntimeWarning: invalid value encountered in divide
  result["bb_position"] = np.where(bb_upper != bb_lower, (close - bb_lower) / (bb_upper - bb_lower), 0.5)
Collect signals 899/3317:  27%|¨€¨€¨ƒ       | 898/3317 [46:11<2:04:22,  3.08s/stock]Collect signals 899/3317:  27%|¨€¨€¨ƒ       | 899/3317 [46:11<2:02:54,  3.05s/stock]D:\Projects\auto-select-stock\src\auto_select_stock\predict\data.py:76: RuntimeWarning: invalid value encountered in divide
  result["bb_position"] = np.where(bb_upper != bb_lower, (close - bb_lower) / (bb_upper - bb_lower), 0.5)
Collect signals 900/3317:  27%|¨€¨€¨ƒ       | 899/3317 [46:14<2:02:54,  3.05s/stock]Collect signals 900/3317:  27%|¨€¨€¨ƒ       | 900/3317 [46:14<2:05:28,  3.11s/stock]D:\Projects\auto-select-stock\src\auto_select_stock\predict\data.py:76: RuntimeWarning: invalid value encountered in divide
  result["bb_position"] = np.where(bb_upper != bb_lower, (close - bb_lower) / (bb_upper - bb_lower), 0.5)
Collect signals 901/3317:  27%|¨€¨€¨ƒ       | 900/3317 [46:17<2:05:28,  3.11s/stock]Collect signals 901/3317:  27%|¨€¨€¨ƒ       | 901/3317 [46:17<2:01:20,  3.01s/stock]D:\Projects\auto-select-stock\src\auto_select_stock\predict\data.py:76: RuntimeWarning: invalid value encountered in divide
  result["bb_position"] = np.where(bb_upper != bb_lower, (close - bb_lower) / (bb_upper - bb_lower), 0.5)
Collect signals 902/3317:  27%|¨€¨€¨ƒ       | 901/3317 [46:20<2:01:20,  3.01s/stock]Collect signals 902/3317:  27%|¨€¨€¨ƒ       | 902/3317 [46:20<2:01:31,  3.02s/stock]D:\Projects\auto-select-stock\src\auto_select_stock\predict\data.py:76: RuntimeWarning: invalid value encountered in divide
  result["bb_position"] = np.where(bb_upper != bb_lower, (close - bb_lower) / (bb_upper - bb_lower), 0.5)
Collect signals 903/3317:  27%|¨€¨€¨ƒ       | 902/3317 [46:23<2:01:31,  3.02s/stock]Collect signals 903/3317:  27%|¨€¨€¨ƒ       | 903/3317 [46:23<1:59:03,  2.96s/stock]D:\Projects\auto-select-stock\src\auto_select_stock\predict\data.py:76: RuntimeWarning: invalid value encountered in divide
  result["bb_position"] = np.where(bb_upper != bb_lower, (close - bb_lower) / (bb_upper - bb_lower), 0.5)
Collect signals 904/3317:  27%|¨€¨€¨ƒ       | 903/3317 [46:26<1:59:03,  2.96s/stock]Collect signals 904/3317:  27%|¨€¨€¨ƒ       | 904/3317 [46:26<2:02:07,  3.04s/stock]D:\Projects\auto-select-stock\src\auto_select_stock\predict\data.py:76: RuntimeWarning: invalid value encountered in divide
  result["bb_position"] = np.where(bb_upper != bb_lower, (close - bb_lower) / (bb_upper - bb_lower), 0.5)
Collect signals 905/3317:  27%|¨€¨€¨ƒ       | 904/3317 [46:29<2:02:07,  3.04s/stock]Collect signals 905/3317:  27%|¨€¨€¨ƒ       | 905/3317 [46:29<2:03:40,  3.08s/stock]D:\Projects\auto-select-stock\src\auto_select_stock\predict\data.py:76: RuntimeWarning: invalid value encountered in divide
  result["bb_position"] = np.where(bb_upper != bb_lower, (close - bb_lower) / (bb_upper - bb_lower), 0.5)
Collect signals 906/3317:  27%|¨€¨€¨ƒ       | 905/3317 [46:32<2:03:40,  3.08s/stock]Collect signals 906/3317:  27%|¨€¨€¨ƒ       | 906/3317 [46:32<2:00:25,  3.00s/stock]D:\Projects\auto-select-stock\src\auto_select_stock\predict\data.py:76: RuntimeWarning: invalid value encountered in divide
  result["bb_position"] = np.where(bb_upper != bb_lower, (close - bb_lower) / (bb_upper - bb_lower), 0.5)
Collect signals 907/3317:  27%|¨€¨€¨ƒ       | 906/3317 [46:35<2:00:25,  3.00s/stock]Collect signals 907/3317:  27%|¨€¨€¨ƒ       | 907/3317 [46:35<2:01:38,  3.03s/stock]D:\Projects\auto-select-stock\src\auto_select_stock\predict\data.py:76: RuntimeWarning: invalid value encountered in divide
  result["bb_position"] = np.where(bb_upper != bb_lower, (close - bb_lower) / (bb_upper - bb_lower), 0.5)
Collect signals 908/3317:  27%|¨€¨€¨ƒ       | 907/3317 [46:38<2:01:38,  3.03s/stock]Collect signals 908/3317:  27%|¨€¨€¨ƒ       | 908/3317 [46:38<1:58:20,  2.95s/stock]D:\Projects\auto-select-stock\src\auto_select_stock\predict\data.py:76: RuntimeWarning: invalid value encountered in divide
  result["bb_position"] = np.where(bb_upper != bb_lower, (close - bb_lower) / (bb_upper - bb_lower), 0.5)
Collect signals 909/3317:  27%|¨€¨€¨ƒ       | 908/3317 [46:41<1:58:20,  2.95s/stock]Collect signals 909/3317:  27%|¨€¨€¨ƒ       | 909/3317 [46:41<2:00:56,  3.01s/stock]D:\Projects\auto-select-stock\src\auto_select_stock\predict\data.py:76: RuntimeWarning: invalid value encountered in divide
  result["bb_position"] = np.where(bb_upper != bb_lower, (close - bb_lower) / (bb_upper - bb_lower), 0.5)
Collect signals 910/3317:  27%|¨€¨€¨ƒ       | 909/3317 [46:44<2:00:56,  3.01s/stock]Collect signals 910/3317:  27%|¨€¨€¨ƒ       | 910/3317 [46:44<1:57:22,  2.93s/stock]D:\Projects\auto-select-stock\src\auto_select_stock\predict\data.py:76: RuntimeWarning: invalid value encountered in divide
  result["bb_position"] = np.where(bb_upper != bb_lower, (close - bb_lower) / (bb_upper - bb_lower), 0.5)
Collect signals 911/3317:  27%|¨€¨€¨ƒ       | 910/3317 [46:47<1:57:22,  2.93s/stock]Collect signals 911/3317:  27%|¨€¨€¨ƒ       | 911/3317 [46:47<1:58:41,  2.96s/stock]D:\Projects\auto-select-stock\src\auto_select_stock\predict\data.py:76: RuntimeWarning: invalid value encountered in divide
  result["bb_position"] = np.where(bb_upper != bb_lower, (close - bb_lower) / (bb_upper - bb_lower), 0.5)
Collect signals 912/3317:  27%|¨€¨€¨ƒ       | 911/3317 [46:49<1:58:41,  2.96s/stock]Collect signals 912/3317:  27%|¨€¨€¨ƒ       | 912/3317 [46:49<1:55:22,  2.88s/stock]D:\Projects\auto-select-stock\src\auto_select_stock\predict\data.py:76: RuntimeWarning: invalid value encountered in divide
  result["bb_position"] = np.where(bb_upper != bb_lower, (close - bb_lower) / (bb_upper - bb_lower), 0.5)
Collect signals 913/3317:  27%|¨€¨€¨ƒ       | 912/3317 [46:52<1:55:22,  2.88s/stock]Collect signals 913/3317:  28%|¨€¨€¨‚       | 913/3317 [46:52<1:57:34,  2.93s/stock]D:\Projects\auto-select-stock\src\auto_select_stock\predict\data.py:76: RuntimeWarning: invalid value encountered in divide
  result["bb_position"] = np.where(bb_upper != bb_lower, (close - bb_lower) / (bb_upper - bb_lower), 0.5)
Collect signals 914/3317:  28%|¨€¨€¨‚       | 913/3317 [46:56<1:57:34,  2.93s/stock]Collect signals 914/3317:  28%|¨€¨€¨‚       | 914/3317 [46:56<1:59:04,  2.97s/stock]D:\Projects\auto-select-stock\src\auto_select_stock\predict\data.py:76: RuntimeWarning: invalid value encountered in divide
  result["bb_position"] = np.where(bb_upper != bb_lower, (close - bb_lower) / (bb_upper - bb_lower), 0.5)
Collect signals 915/3317:  28%|¨€¨€¨‚       | 914/3317 [46:58<1:59:04,  2.97s/stock]Collect signals 915/3317:  28%|¨€¨€¨‚       | 915/3317 [46:58<1:57:02,  2.92s/stock]D:\Projects\auto-select-stock\src\auto_select_stock\predict\data.py:76: RuntimeWarning: invalid value encountered in divide
  result["bb_position"] = np.where(bb_upper != bb_lower, (close - bb_lower) / (bb_upper - bb_lower), 0.5)
Collect signals 916/3317:  28%|¨€¨€¨‚       | 915/3317 [47:02<1:57:02,  2.92s/stock]Collect signals 916/3317:  28%|¨€¨€¨‚       | 916/3317 [47:02<2:00:27,  3.01s/stock]D:\Projects\auto-select-stock\src\auto_select_stock\predict\data.py:76: RuntimeWarning: invalid value encountered in divide
  result["bb_position"] = np.where(bb_upper != bb_lower, (close - bb_lower) / (bb_upper - bb_lower), 0.5)
Collect signals 917/3317:  28%|¨€¨€¨‚       | 916/3317 [47:04<2:00:27,  3.01s/stock]Collect signals 917/3317:  28%|¨€¨€¨‚       | 917/3317 [47:04<1:57:27,  2.94s/stock]D:\Projects\auto-select-stock\src\auto_select_stock\predict\data.py:76: RuntimeWarning: invalid value encountered in divide
  result["bb_position"] = np.where(bb_upper != bb_lower, (close - bb_lower) / (bb_upper - bb_lower), 0.5)
Collect signals 918/3317:  28%|¨€¨€¨‚       | 917/3317 [47:08<1:57:27,  2.94s/stock]Collect signals 918/3317:  28%|¨€¨€¨‚       | 918/3317 [47:08<2:01:17,  3.03s/stock]D:\Projects\auto-select-stock\src\auto_select_stock\predict\data.py:76: RuntimeWarning: invalid value encountered in divide
  result["bb_position"] = np.where(bb_upper != bb_lower, (close - bb_lower) / (bb_upper - bb_lower), 0.5)
Collect signals 919/3317:  28%|¨€¨€¨‚       | 918/3317 [47:11<2:01:17,  3.03s/stock]Collect signals 919/3317:  28%|¨€¨€¨‚       | 919/3317 [47:11<1:59:54,  3.00s/stock]D:\Projects\auto-select-stock\src\auto_select_stock\predict\data.py:76: RuntimeWarning: invalid value encountered in divide
  result["bb_position"] = np.where(bb_upper != bb_lower, (close - bb_lower) / (bb_upper - bb_lower), 0.5)
Collect signals 920/3317:  28%|¨€¨€¨‚       | 919/3317 [47:14<1:59:54,  3.00s/stock]Collect signals 920/3317:  28%|¨€¨€¨‚       | 920/3317 [47:14<2:01:50,  3.05s/stock]D:\Projects\auto-select-stock\src\auto_select_stock\predict\data.py:76: RuntimeWarning: invalid value encountered in divide
  result["bb_position"] = np.where(bb_upper != bb_lower, (close - bb_lower) / (bb_upper - bb_lower), 0.5)
Collect signals 921/3317:  28%|¨€¨€¨‚       | 920/3317 [47:16<2:01:50,  3.05s/stock]Collect signals 921/3317:  28%|¨€¨€¨‚       | 921/3317 [47:16<1:58:51,  2.98s/stock]D:\Projects\auto-select-stock\src\auto_select_stock\predict\data.py:76: RuntimeWarning: invalid value encountered in divide
  result["bb_position"] = np.where(bb_upper != bb_lower, (close - bb_lower) / (bb_upper - bb_lower), 0.5)
Collect signals 922/3317:  28%|¨€¨€¨‚       | 921/3317 [47:20<1:58:51,  2.98s/stock]Collect signals 922/3317:  28%|¨€¨€¨‚       | 922/3317 [47:20<1:59:35,  3.00s/stock]D:\Projects\auto-select-stock\src\auto_select_stock\predict\data.py:76: RuntimeWarning: invalid value encountered in divide
  result["bb_position"] = np.where(bb_upper != bb_lower, (close - bb_lower) / (bb_upper - bb_lower), 0.5)
Collect signals 923/3317:  28%|¨€¨€¨‚       | 922/3317 [47:23<1:59:35,  3.00s/stock]Collect signals 923/3317:  28%|¨€¨€¨‚       | 923/3317 [47:23<2:00:09,  3.01s/stock]D:\Projects\auto-select-stock\src\auto_select_stock\predict\data.py:76: RuntimeWarning: invalid value encountered in divide
  result["bb_position"] = np.where(bb_upper != bb_lower, (close - bb_lower) / (bb_upper - bb_lower), 0.5)
Collect signals 924/3317:  28%|¨€¨€¨‚       | 923/3317 [47:25<2:00:09,  3.01s/stock]Collect signals 924/3317:  28%|¨€¨€¨‚       | 924/3317 [47:25<1:55:55,  2.91s/stock]D:\Projects\auto-select-stock\src\auto_select_stock\predict\data.py:76: RuntimeWarning: invalid value encountered in divide
  result["bb_position"] = np.where(bb_upper != bb_lower, (close - bb_lower) / (bb_upper - bb_lower), 0.5)
Collect signals 925/3317:  28%|¨€¨€¨‚       | 924/3317 [47:28<1:55:55,  2.91s/stock]Collect signals 925/3317:  28%|¨€¨€¨‚       | 925/3317 [47:28<1:57:49,  2.96s/stock]D:\Projects\auto-select-stock\src\auto_select_stock\predict\data.py:76: RuntimeWarning: invalid value encountered in divide
  result["bb_position"] = np.where(bb_upper != bb_lower, (close - bb_lower) / (bb_upper - bb_lower), 0.5)
Collect signals 926/3317:  28%|¨€¨€¨‚       | 925/3317 [47:31<1:57:49,  2.96s/stock]Collect signals 926/3317:  28%|¨€¨€¨‚       | 926/3317 [47:31<1:55:13,  2.89s/stock]D:\Projects\auto-select-stock\src\auto_select_stock\predict\data.py:76: RuntimeWarning: invalid value encountered in divide
  result["bb_position"] = np.where(bb_upper != bb_lower, (close - bb_lower) / (bb_upper - bb_lower), 0.5)
Collect signals 927/3317:  28%|¨€¨€¨‚       | 926/3317 [47:34<1:55:13,  2.89s/stock]Collect signals 927/3317:  28%|¨€¨€¨‚       | 927/3317 [47:34<1:57:10,  2.94s/stock]D:\Projects\auto-select-stock\src\auto_select_stock\predict\data.py:76: RuntimeWarning: invalid value encountered in divide
  result["bb_position"] = np.where(bb_upper != bb_lower, (close - bb_lower) / (bb_upper - bb_lower), 0.5)
Collect signals 928/3317:  28%|¨€¨€¨‚       | 927/3317 [47:37<1:57:10,  2.94s/stock]Collect signals 928/3317:  28%|¨€¨€¨‚       | 928/3317 [47:37<1:55:08,  2.89s/stock]D:\Projects\auto-select-stock\src\auto_select_stock\predict\data.py:76: RuntimeWarning: invalid value encountered in divide
  result["bb_position"] = np.where(bb_upper != bb_lower, (close - bb_lower) / (bb_upper - bb_lower), 0.5)
Collect signals 929/3317:  28%|¨€¨€¨‚       | 928/3317 [47:40<1:55:08,  2.89s/stock]Collect signals 929/3317:  28%|¨€¨€¨‚       | 929/3317 [47:40<1:56:41,  2.93s/stock]D:\Projects\auto-select-stock\src\auto_select_stock\predict\data.py:76: RuntimeWarning: invalid value encountered in divide
  result["bb_position"] = np.where(bb_upper != bb_lower, (close - bb_lower) / (bb_upper - bb_lower), 0.5)
Collect signals 930/3317:  28%|¨€¨€¨‚       | 929/3317 [47:43<1:56:41,  2.93s/stock]Collect signals 930/3317:  28%|¨€¨€¨‚       | 930/3317 [47:43<1:57:47,  2.96s/stock]D:\Projects\auto-select-stock\src\auto_select_stock\predict\data.py:76: RuntimeWarning: invalid value encountered in divide
  result["bb_position"] = np.where(bb_upper != bb_lower, (close - bb_lower) / (bb_upper - bb_lower), 0.5)
Collect signals 931/3317:  28%|¨€¨€¨‚       | 930/3317 [47:46<1:57:47,  2.96s/stock]Collect signals 931/3317:  28%|¨€¨€¨‚       | 931/3317 [47:46<1:54:12,  2.87s/stock]D:\Projects\auto-select-stock\src\auto_select_stock\predict\data.py:76: RuntimeWarning: invalid value encountered in divide
  result["bb_position"] = np.where(bb_upper != bb_lower, (close - bb_lower) / (bb_upper - bb_lower), 0.5)
Collect signals 932/3317:  28%|¨€¨€¨‚       | 931/3317 [47:49<1:54:12,  2.87s/stock]Collect signals 932/3317:  28%|¨€¨€¨‚       | 932/3317 [47:49<1:56:55,  2.94s/stock]D:\Projects\auto-select-stock\src\auto_select_stock\predict\data.py:76: RuntimeWarning: invalid value encountered in divide
  result["bb_position"] = np.where(bb_upper != bb_lower, (close - bb_lower) / (bb_upper - bb_lower), 0.5)
Collect signals 933/3317:  28%|¨€¨€¨‚       | 932/3317 [47:51<1:56:55,  2.94s/stock]Collect signals 933/3317:  28%|¨€¨€¨‚       | 933/3317 [47:51<1:53:20,  2.85s/stock]D:\Projects\auto-select-stock\src\auto_select_stock\predict\data.py:76: RuntimeWarning: invalid value encountered in divide
  result["bb_position"] = np.where(bb_upper != bb_lower, (close - bb_lower) / (bb_upper - bb_lower), 0.5)
Collect signals 934/3317:  28%|¨€¨€¨‚       | 933/3317 [47:54<1:53:20,  2.85s/stock]Collect signals 934/3317:  28%|¨€¨€¨‚       | 934/3317 [47:54<1:55:54,  2.92s/stock]D:\Projects\auto-select-stock\src\auto_select_stock\predict\data.py:76: RuntimeWarning: invalid value encountered in divide
  result["bb_position"] = np.where(bb_upper != bb_lower, (close - bb_lower) / (bb_upper - bb_lower), 0.5)
Collect signals 935/3317:  28%|¨€¨€¨‚       | 934/3317 [47:57<1:55:54,  2.92s/stock]Collect signals 935/3317:  28%|¨€¨€¨‚       | 935/3317 [47:57<1:54:34,  2.89s/stock]D:\Projects\auto-select-stock\src\auto_select_stock\predict\data.py:76: RuntimeWarning: invalid value encountered in divide
  result["bb_position"] = np.where(bb_upper != bb_lower, (close - bb_lower) / (bb_upper - bb_lower), 0.5)
Collect signals 936/3317:  28%|¨€¨€¨‚       | 935/3317 [48:00<1:54:34,  2.89s/stock]Collect signals 936/3317:  28%|¨€¨€¨‚       | 936/3317 [48:00<1:56:43,  2.94s/stock]D:\Projects\auto-select-stock\src\auto_select_stock\predict\data.py:76: RuntimeWarning: invalid value encountered in divide
  result["bb_position"] = np.where(bb_upper != bb_lower, (close - bb_lower) / (bb_upper - bb_lower), 0.5)
Collect signals 937/3317:  28%|¨€¨€¨‚       | 936/3317 [48:03<1:56:43,  2.94s/stock]Collect signals 937/3317:  28%|¨€¨€¨‚       | 937/3317 [48:03<1:55:19,  2.91s/stock]D:\Projects\auto-select-stock\src\auto_select_stock\predict\data.py:76: RuntimeWarning: invalid value encountered in divide
  result["bb_position"] = np.where(bb_upper != bb_lower, (close - bb_lower) / (bb_upper - bb_lower), 0.5)
Collect signals 938/3317:  28%|¨€¨€¨‚       | 937/3317 [48:06<1:55:19,  2.91s/stock]Collect signals 938/3317:  28%|¨€¨€¨‚       | 938/3317 [48:06<1:56:54,  2.95s/stock]D:\Projects\auto-select-stock\src\auto_select_stock\predict\data.py:76: RuntimeWarning: invalid value encountered in divide
  result["bb_position"] = np.where(bb_upper != bb_lower, (close - bb_lower) / (bb_upper - bb_lower), 0.5)
Collect signals 939/3317:  28%|¨€¨€¨‚       | 938/3317 [48:09<1:56:54,  2.95s/stock]Collect signals 939/3317:  28%|¨€¨€¨‚       | 939/3317 [48:09<1:57:55,  2.98s/stock]D:\Projects\auto-select-stock\src\auto_select_stock\predict\data.py:76: RuntimeWarning: invalid value encountered in divide
  result["bb_position"] = np.where(bb_upper != bb_lower, (close - bb_lower) / (bb_upper - bb_lower), 0.5)
Collect signals 940/3317:  28%|¨€¨€¨‚       | 939/3317 [48:12<1:57:55,  2.98s/stock]Collect signals 940/3317:  28%|¨€¨€¨‚       | 940/3317 [48:12<1:55:56,  2.93s/stock]D:\Projects\auto-select-stock\src\auto_select_stock\predict\data.py:76: RuntimeWarning: invalid value encountered in divide
  result["bb_position"] = np.where(bb_upper != bb_lower, (close - bb_lower) / (bb_upper - bb_lower), 0.5)
Collect signals 941/3317:  28%|¨€¨€¨‚       | 940/3317 [48:15<1:55:56,  2.93s/stock]Collect signals 941/3317:  28%|¨€¨€¨‚       | 941/3317 [48:15<1:57:28,  2.97s/stock]D:\Projects\auto-select-stock\src\auto_select_stock\predict\data.py:76: RuntimeWarning: invalid value encountered in divide
  result["bb_position"] = np.where(bb_upper != bb_lower, (close - bb_lower) / (bb_upper - bb_lower), 0.5)
Collect signals 942/3317:  28%|¨€¨€¨‚       | 941/3317 [48:18<1:57:28,  2.97s/stock]Collect signals 942/3317:  28%|¨€¨€¨‚       | 942/3317 [48:18<1:54:04,  2.88s/stock]D:\Projects\auto-select-stock\src\auto_select_stock\predict\data.py:76: RuntimeWarning: invalid value encountered in divide
  result["bb_position"] = np.where(bb_upper != bb_lower, (close - bb_lower) / (bb_upper - bb_lower), 0.5)
Collect signals 943/3317:  28%|¨€¨€¨‚       | 942/3317 [48:21<1:54:04,  2.88s/stock]Collect signals 943/3317:  28%|¨€¨€¨‚       | 943/3317 [48:21<1:57:07,  2.96s/stock]D:\Projects\auto-select-stock\src\auto_select_stock\predict\data.py:76: RuntimeWarning: invalid value encountered in divide
  result["bb_position"] = np.where(bb_upper != bb_lower, (close - bb_lower) / (bb_upper - bb_lower), 0.5)
Collect signals 944/3317:  28%|¨€¨€¨‚       | 943/3317 [48:24<1:57:07,  2.96s/stock]Collect signals 944/3317:  28%|¨€¨€¨‚       | 944/3317 [48:24<1:53:56,  2.88s/stock]D:\Projects\auto-select-stock\src\auto_select_stock\predict\data.py:76: RuntimeWarning: invalid value encountered in divide
  result["bb_position"] = np.where(bb_upper != bb_lower, (close - bb_lower) / (bb_upper - bb_lower), 0.5)
Collect signals 945/3317:  28%|¨€¨€¨‚       | 944/3317 [48:27<1:53:56,  2.88s/stock]Collect signals 945/3317:  28%|¨€¨€¨‚       | 945/3317 [48:27<1:55:23,  2.92s/stock]D:\Projects\auto-select-stock\src\auto_select_stock\predict\data.py:76: RuntimeWarning: invalid value encountered in divide
  result["bb_position"] = np.where(bb_upper != bb_lower, (close - bb_lower) / (bb_upper - bb_lower), 0.5)
Collect signals 946/3317:  28%|¨€¨€¨‚       | 945/3317 [48:30<1:55:23,  2.92s/stock]Collect signals 946/3317:  29%|¨€¨€¨‚       | 946/3317 [48:30<1:58:28,  3.00s/stock]D:\Projects\auto-select-stock\src\auto_select_stock\predict\data.py:76: RuntimeWarning: invalid value encountered in divide
  result["bb_position"] = np.where(bb_upper != bb_lower, (close - bb_lower) / (bb_upper - bb_lower), 0.5)
Collect signals 947/3317:  29%|¨€¨€¨‚       | 946/3317 [48:33<1:58:28,  3.00s/stock]Collect signals 947/3317:  29%|¨€¨€¨‚       | 947/3317 [48:33<1:55:11,  2.92s/stock]D:\Projects\auto-select-stock\src\auto_select_stock\predict\data.py:76: RuntimeWarning: invalid value encountered in divide
  result["bb_position"] = np.where(bb_upper != bb_lower, (close - bb_lower) / (bb_upper - bb_lower), 0.5)
Collect signals 948/3317:  29%|¨€¨€¨‚       | 947/3317 [48:36<1:55:11,  2.92s/stock]Collect signals 948/3317:  29%|¨€¨€¨‚       | 948/3317 [48:36<1:56:59,  2.96s/stock]D:\Projects\auto-select-stock\src\auto_select_stock\predict\data.py:76: RuntimeWarning: invalid value encountered in divide
  result["bb_position"] = np.where(bb_upper != bb_lower, (close - bb_lower) / (bb_upper - bb_lower), 0.5)
Collect signals 949/3317:  29%|¨€¨€¨‚       | 948/3317 [48:38<1:56:59,  2.96s/stock]Collect signals 949/3317:  29%|¨€¨€¨‚       | 949/3317 [48:38<1:54:20,  2.90s/stock]D:\Projects\auto-select-stock\src\auto_select_stock\predict\data.py:76: RuntimeWarning: invalid value encountered in divide
  result["bb_position"] = np.where(bb_upper != bb_lower, (close - bb_lower) / (bb_upper - bb_lower), 0.5)
Collect signals 950/3317:  29%|¨€¨€¨‚       | 949/3317 [48:41<1:54:20,  2.90s/stock]Collect signals 950/3317:  29%|¨€¨€¨‚       | 950/3317 [48:41<1:56:10,  2.95s/stock]D:\Projects\auto-select-stock\src\auto_select_stock\predict\data.py:76: RuntimeWarning: invalid value encountered in divide
  result["bb_position"] = np.where(bb_upper != bb_lower, (close - bb_lower) / (bb_upper - bb_lower), 0.5)
Collect signals 951/3317:  29%|¨€¨€¨‚       | 950/3317 [48:44<1:56:10,  2.95s/stock]Collect signals 951/3317:  29%|¨€¨€¨‚       | 951/3317 [48:44<1:53:17,  2.87s/stock]D:\Projects\auto-select-stock\src\auto_select_stock\predict\data.py:76: RuntimeWarning: invalid value encountered in divide
  result["bb_position"] = np.where(bb_upper != bb_lower, (close - bb_lower) / (bb_upper - bb_lower), 0.5)
Collect signals 952/3317:  29%|¨€¨€¨‚       | 951/3317 [48:47<1:53:17,  2.87s/stock]Collect signals 952/3317:  29%|¨€¨€¨‚       | 952/3317 [48:47<1:55:48,  2.94s/stock]D:\Projects\auto-select-stock\src\auto_select_stock\predict\data.py:76: RuntimeWarning: invalid value encountered in divide
  result["bb_position"] = np.where(bb_upper != bb_lower, (close - bb_lower) / (bb_upper - bb_lower), 0.5)
Collect signals 953/3317:  29%|¨€¨€¨‚       | 952/3317 [48:50<1:55:48,  2.94s/stock]Collect signals 953/3317:  29%|¨€¨€¨‚       | 953/3317 [48:50<1:52:42,  2.86s/stock]D:\Projects\auto-select-stock\src\auto_select_stock\predict\data.py:76: RuntimeWarning: invalid value encountered in divide
  result["bb_position"] = np.where(bb_upper != bb_lower, (close - bb_lower) / (bb_upper - bb_lower), 0.5)
Collect signals 954/3317:  29%|¨€¨€¨‚       | 953/3317 [48:53<1:52:42,  2.86s/stock]Collect signals 954/3317:  29%|¨€¨€¨       | 954/3317 [48:53<1:56:23,  2.96s/stock]D:\Projects\auto-select-stock\src\auto_select_stock\predict\data.py:76: RuntimeWarning: invalid value encountered in divide
  result["bb_position"] = np.where(bb_upper != bb_lower, (close - bb_lower) / (bb_upper - bb_lower), 0.5)
Collect signals 955/3317:  29%|¨€¨€¨       | 954/3317 [48:56<1:56:23,  2.96s/stock]Collect signals 955/3317:  29%|¨€¨€¨       | 955/3317 [48:56<1:59:29,  3.04s/stock]D:\Projects\auto-select-stock\src\auto_select_stock\predict\data.py:76: RuntimeWarning: invalid value encountered in divide
  result["bb_position"] = np.where(bb_upper != bb_lower, (close - bb_lower) / (bb_upper - bb_lower), 0.5)
Collect signals 956/3317:  29%|¨€¨€¨       | 955/3317 [48:59<1:59:29,  3.04s/stock]Collect signals 956/3317:  29%|¨€¨€¨       | 956/3317 [48:59<1:56:13,  2.95s/stock]D:\Projects\auto-select-stock\src\auto_select_stock\predict\data.py:76: RuntimeWarning: invalid value encountered in divide
  result["bb_position"] = np.where(bb_upper != bb_lower, (close - bb_lower) / (bb_upper - bb_lower), 0.5)
Collect signals 957/3317:  29%|¨€¨€¨       | 956/3317 [49:02<1:56:13,  2.95s/stock]Collect signals 957/3317:  29%|¨€¨€¨       | 957/3317 [49:02<1:58:55,  3.02s/stock]D:\Projects\auto-select-stock\src\auto_select_stock\predict\data.py:76: RuntimeWarning: invalid value encountered in divide
  result["bb_position"] = np.where(bb_upper != bb_lower, (close - bb_lower) / (bb_upper - bb_lower), 0.5)
Collect signals 958/3317:  29%|¨€¨€¨       | 957/3317 [49:05<1:58:55,  3.02s/stock]Collect signals 958/3317:  29%|¨€¨€¨       | 958/3317 [49:05<1:55:18,  2.93s/stock]D:\Projects\auto-select-stock\src\auto_select_stock\predict\data.py:76: RuntimeWarning: invalid value encountered in divide
  result["bb_position"] = np.where(bb_upper != bb_lower, (close - bb_lower) / (bb_upper - bb_lower), 0.5)
Collect signals 959/3317:  29%|¨€¨€¨       | 958/3317 [49:08<1:55:18,  2.93s/stock]Collect signals 959/3317:  29%|¨€¨€¨       | 959/3317 [49:08<1:57:24,  2.99s/stock]D:\Projects\auto-select-stock\src\auto_select_stock\predict\data.py:76: RuntimeWarning: invalid value encountered in divide
  result["bb_position"] = np.where(bb_upper != bb_lower, (close - bb_lower) / (bb_upper - bb_lower), 0.5)
Collect signals 960/3317:  29%|¨€¨€¨       | 959/3317 [49:11<1:57:24,  2.99s/stock]Collect signals 960/3317:  29%|¨€¨€¨       | 960/3317 [49:11<1:55:15,  2.93s/stock]D:\Projects\auto-select-stock\src\auto_select_stock\predict\data.py:76: RuntimeWarning: invalid value encountered in divide
  result["bb_position"] = np.where(bb_upper != bb_lower, (close - bb_lower) / (bb_upper - bb_lower), 0.5)
Collect signals 961/3317:  29%|¨€¨€¨       | 960/3317 [49:14<1:55:15,  2.93s/stock]Collect signals 961/3317:  29%|¨€¨€¨       | 961/3317 [49:14<1:59:10,  3.03s/stock]D:\Projects\auto-select-stock\src\auto_select_stock\predict\data.py:76: RuntimeWarning: invalid value encountered in divide
  result["bb_position"] = np.where(bb_upper != bb_lower, (close - bb_lower) / (bb_upper - bb_lower), 0.5)
Collect signals 962/3317:  29%|¨€¨€¨       | 961/3317 [49:17<1:59:10,  3.03s/stock]Collect signals 962/3317:  29%|¨€¨€¨       | 962/3317 [49:17<1:59:33,  3.05s/stock]D:\Projects\auto-select-stock\src\auto_select_stock\predict\data.py:76: RuntimeWarning: invalid value encountered in divide
  result["bb_position"] = np.where(bb_upper != bb_lower, (close - bb_lower) / (bb_upper - bb_lower), 0.5)
Collect signals 963/3317:  29%|¨€¨€¨       | 962/3317 [49:20<1:59:33,  3.05s/stock]Collect signals 963/3317:  29%|¨€¨€¨       | 963/3317 [49:20<1:54:25,  2.92s/stock]D:\Projects\auto-select-stock\src\auto_select_stock\predict\data.py:76: RuntimeWarning: invalid value encountered in divide
  result["bb_position"] = np.where(bb_upper != bb_lower, (close - bb_lower) / (bb_upper - bb_lower), 0.5)
Collect signals 964/3317:  29%|¨€¨€¨       | 963/3317 [49:23<1:54:25,  2.92s/stock]Collect signals 964/3317:  29%|¨€¨€¨       | 964/3317 [49:23<1:57:26,  2.99s/stock]D:\Projects\auto-select-stock\src\auto_select_stock\predict\data.py:76: RuntimeWarning: invalid value encountered in divide
  result["bb_position"] = np.where(bb_upper != bb_lower, (close - bb_lower) / (bb_upper - bb_lower), 0.5)
Collect signals 965/3317:  29%|¨€¨€¨       | 964/3317 [49:26<1:57:26,  2.99s/stock]Collect signals 965/3317:  29%|¨€¨€¨       | 965/3317 [49:26<1:54:22,  2.92s/stock]D:\Projects\auto-select-stock\src\auto_select_stock\predict\data.py:76: RuntimeWarning: invalid value encountered in divide
  result["bb_position"] = np.where(bb_upper != bb_lower, (close - bb_lower) / (bb_upper - bb_lower), 0.5)
Collect signals 966/3317:  29%|¨€¨€¨       | 965/3317 [49:29<1:54:22,  2.92s/stock]Collect signals 966/3317:  29%|¨€¨€¨       | 966/3317 [49:29<1:55:58,  2.96s/stock]D:\Projects\auto-select-stock\src\auto_select_stock\predict\data.py:76: RuntimeWarning: invalid value encountered in divide
  result["bb_position"] = np.where(bb_upper != bb_lower, (close - bb_lower) / (bb_upper - bb_lower), 0.5)
Collect signals 967/3317:  29%|¨€¨€¨       | 966/3317 [49:31<1:55:58,  2.96s/stock]Collect signals 967/3317:  29%|¨€¨€¨       | 967/3317 [49:31<1:52:37,  2.88s/stock]D:\Projects\auto-select-stock\src\auto_select_stock\predict\data.py:76: RuntimeWarning: invalid value encountered in divide
  result["bb_position"] = np.where(bb_upper != bb_lower, (close - bb_lower) / (bb_upper - bb_lower), 0.5)
Collect signals 968/3317:  29%|¨€¨€¨       | 967/3317 [49:35<1:52:37,  2.88s/stock]Collect signals 968/3317:  29%|¨€¨€¨       | 968/3317 [49:35<1:54:36,  2.93s/stock]D:\Projects\auto-select-stock\src\auto_select_stock\predict\data.py:76: RuntimeWarning: invalid value encountered in divide
  result["bb_position"] = np.where(bb_upper != bb_lower, (close - bb_lower) / (bb_upper - bb_lower), 0.5)
Collect signals 969/3317:  29%|¨€¨€¨       | 968/3317 [49:37<1:54:36,  2.93s/stock]Collect signals 969/3317:  29%|¨€¨€¨       | 969/3317 [49:37<1:52:56,  2.89s/stock]D:\Projects\auto-select-stock\src\auto_select_stock\predict\data.py:76: RuntimeWarning: invalid value encountered in divide
  result["bb_position"] = np.where(bb_upper != bb_lower, (close - bb_lower) / (bb_upper - bb_lower), 0.5)
Collect signals 970/3317:  29%|¨€¨€¨       | 969/3317 [49:40<1:52:56,  2.89s/stock]Collect signals 970/3317:  29%|¨€¨€¨       | 970/3317 [49:40<1:54:48,  2.93s/stock]D:\Projects\auto-select-stock\src\auto_select_stock\predict\data.py:76: RuntimeWarning: invalid value encountered in divide
  result["bb_position"] = np.where(bb_upper != bb_lower, (close - bb_lower) / (bb_upper - bb_lower), 0.5)
Collect signals 971/3317:  29%|¨€¨€¨       | 970/3317 [49:43<1:54:48,  2.93s/stock]Collect signals 971/3317:  29%|¨€¨€¨       | 971/3317 [49:43<1:56:01,  2.97s/stock]D:\Projects\auto-select-stock\src\auto_select_stock\predict\data.py:76: RuntimeWarning: invalid value encountered in divide
  result["bb_position"] = np.where(bb_upper != bb_lower, (close - bb_lower) / (bb_upper - bb_lower), 0.5)
Collect signals 972/3317:  29%|¨€¨€¨       | 971/3317 [49:46<1:56:01,  2.97s/stock]Collect signals 972/3317:  29%|¨€¨€¨       | 972/3317 [49:46<1:52:15,  2.87s/stock]D:\Projects\auto-select-stock\src\auto_select_stock\predict\data.py:76: RuntimeWarning: invalid value encountered in divide
  result["bb_position"] = np.where(bb_upper != bb_lower, (close - bb_lower) / (bb_upper - bb_lower), 0.5)
Collect signals 973/3317:  29%|¨€¨€¨       | 972/3317 [49:49<1:52:15,  2.87s/stock]Collect signals 973/3317:  29%|¨€¨€¨       | 973/3317 [49:49<1:54:11,  2.92s/stock]D:\Projects\auto-select-stock\src\auto_select_stock\predict\data.py:76: RuntimeWarning: invalid value encountered in divide
  result["bb_position"] = np.where(bb_upper != bb_lower, (close - bb_lower) / (bb_upper - bb_lower), 0.5)
Collect signals 974/3317:  29%|¨€¨€¨       | 973/3317 [49:52<1:54:11,  2.92s/stock]Collect signals 974/3317:  29%|¨€¨€¨       | 974/3317 [49:52<1:51:39,  2.86s/stock]D:\Projects\auto-select-stock\src\auto_select_stock\predict\data.py:76: RuntimeWarning: invalid value encountered in divide
  result["bb_position"] = np.where(bb_upper != bb_lower, (close - bb_lower) / (bb_upper - bb_lower), 0.5)
Collect signals 975/3317:  29%|¨€¨€¨       | 974/3317 [49:55<1:51:39,  2.86s/stock]Collect signals 975/3317:  29%|¨€¨€¨       | 975/3317 [49:55<1:53:52,  2.92s/stock]D:\Projects\auto-select-stock\src\auto_select_stock\predict\data.py:76: RuntimeWarning: invalid value encountered in divide
  result["bb_position"] = np.where(bb_upper != bb_lower, (close - bb_lower) / (bb_upper - bb_lower), 0.5)
Collect signals 976/3317:  29%|¨€¨€¨       | 975/3317 [49:58<1:53:52,  2.92s/stock]Collect signals 976/3317:  29%|¨€¨€¨       | 976/3317 [49:58<1:52:09,  2.87s/stock]D:\Projects\auto-select-stock\src\auto_select_stock\predict\data.py:76: RuntimeWarning: invalid value encountered in divide
  result["bb_position"] = np.where(bb_upper != bb_lower, (close - bb_lower) / (bb_upper - bb_lower), 0.5)
Collect signals 977/3317:  29%|¨€¨€¨       | 976/3317 [50:01<1:52:09,  2.87s/stock]Collect signals 977/3317:  29%|¨€¨€¨       | 977/3317 [50:01<1:54:36,  2.94s/stock]D:\Projects\auto-select-stock\src\auto_select_stock\predict\data.py:76: RuntimeWarning: invalid value encountered in divide
  result["bb_position"] = np.where(bb_upper != bb_lower, (close - bb_lower) / (bb_upper - bb_lower), 0.5)
Collect signals 978/3317:  29%|¨€¨€¨       | 977/3317 [50:04<1:54:36,  2.94s/stock]Collect signals 978/3317:  29%|¨€¨€¨       | 978/3317 [50:04<1:53:21,  2.91s/stock]D:\Projects\auto-select-stock\src\auto_select_stock\predict\data.py:76: RuntimeWarning: invalid value encountered in divide
  result["bb_position"] = np.where(bb_upper != bb_lower, (close - bb_lower) / (bb_upper - bb_lower), 0.5)
Collect signals 979/3317:  29%|¨€¨€¨       | 978/3317 [50:07<1:53:21,  2.91s/stock]Collect signals 979/3317:  30%|¨€¨€¨       | 979/3317 [50:07<1:54:39,  2.94s/stock]D:\Projects\auto-select-stock\src\auto_select_stock\predict\data.py:76: RuntimeWarning: invalid value encountered in divide
  result["bb_position"] = np.where(bb_upper != bb_lower, (close - bb_lower) / (bb_upper - bb_lower), 0.5)
Collect signals 980/3317:  30%|¨€¨€¨       | 979/3317 [50:10<1:54:39,  2.94s/stock]Collect signals 980/3317:  30%|¨€¨€¨       | 980/3317 [50:10<1:57:11,  3.01s/stock]D:\Projects\auto-select-stock\src\auto_select_stock\predict\data.py:76: RuntimeWarning: invalid value encountered in divide
  result["bb_position"] = np.where(bb_upper != bb_lower, (close - bb_lower) / (bb_upper - bb_lower), 0.5)
Collect signals 981/3317:  30%|¨€¨€¨       | 980/3317 [50:13<1:57:11,  3.01s/stock]Collect signals 981/3317:  30%|¨€¨€¨       | 981/3317 [50:13<1:55:18,  2.96s/stock]D:\Projects\auto-select-stock\src\auto_select_stock\predict\data.py:76: RuntimeWarning: invalid value encountered in divide
  result["bb_position"] = np.where(bb_upper != bb_lower, (close - bb_lower) / (bb_upper - bb_lower), 0.5)
Collect signals 982/3317:  30%|¨€¨€¨       | 981/3317 [50:16<1:55:18,  2.96s/stock]Collect signals 982/3317:  30%|¨€¨€¨       | 982/3317 [50:16<1:56:18,  2.99s/stock]D:\Projects\auto-select-stock\src\auto_select_stock\predict\data.py:76: RuntimeWarning: invalid value encountered in divide
  result["bb_position"] = np.where(bb_upper != bb_lower, (close - bb_lower) / (bb_upper - bb_lower), 0.5)
Collect signals 983/3317:  30%|¨€¨€¨       | 982/3317 [50:18<1:56:18,  2.99s/stock]Collect signals 983/3317:  30%|¨€¨€¨       | 983/3317 [50:18<1:53:40,  2.92s/stock]D:\Projects\auto-select-stock\src\auto_select_stock\predict\data.py:76: RuntimeWarning: invalid value encountered in divide
  result["bb_position"] = np.where(bb_upper != bb_lower, (close - bb_lower) / (bb_upper - bb_lower), 0.5)
Collect signals 984/3317:  30%|¨€¨€¨       | 983/3317 [50:22<1:53:40,  2.92s/stock]Collect signals 984/3317:  30%|¨€¨€¨       | 984/3317 [50:22<1:55:39,  2.97s/stock]D:\Projects\auto-select-stock\src\auto_select_stock\predict\data.py:76: RuntimeWarning: invalid value encountered in divide
  result["bb_position"] = np.where(bb_upper != bb_lower, (close - bb_lower) / (bb_upper - bb_lower), 0.5)
Collect signals 985/3317:  30%|¨€¨€¨       | 984/3317 [50:24<1:55:39,  2.97s/stock]Collect signals 985/3317:  30%|¨€¨€¨       | 985/3317 [50:24<1:52:55,  2.91s/stock]D:\Projects\auto-select-stock\src\auto_select_stock\predict\data.py:76: RuntimeWarning: invalid value encountered in divide
  result["bb_position"] = np.where(bb_upper != bb_lower, (close - bb_lower) / (bb_upper - bb_lower), 0.5)
Collect signals 986/3317:  30%|¨€¨€¨       | 985/3317 [50:27<1:52:55,  2.91s/stock]Collect signals 986/3317:  30%|¨€¨€¨       | 986/3317 [50:27<1:54:34,  2.95s/stock]D:\Projects\auto-select-stock\src\auto_select_stock\predict\data.py:76: RuntimeWarning: invalid value encountered in divide
  result["bb_position"] = np.where(bb_upper != bb_lower, (close - bb_lower) / (bb_upper - bb_lower), 0.5)
Collect signals 987/3317:  30%|¨€¨€¨       | 986/3317 [50:30<1:54:34,  2.95s/stock]Collect signals 987/3317:  30%|¨€¨€¨       | 987/3317 [50:30<1:51:06,  2.86s/stock]D:\Projects\auto-select-stock\src\auto_select_stock\predict\data.py:76: RuntimeWarning: invalid value encountered in divide
  result["bb_position"] = np.where(bb_upper != bb_lower, (close - bb_lower) / (bb_upper - bb_lower), 0.5)
Collect signals 988/3317:  30%|¨€¨€¨       | 987/3317 [50:33<1:51:06,  2.86s/stock]Collect signals 988/3317:  30%|¨€¨€¨       | 988/3317 [50:33<1:53:39,  2.93s/stock]D:\Projects\auto-select-stock\src\auto_select_stock\predict\data.py:76: RuntimeWarning: invalid value encountered in divide
  result["bb_position"] = np.where(bb_upper != bb_lower, (close - bb_lower) / (bb_upper - bb_lower), 0.5)
Collect signals 989/3317:  30%|¨€¨€¨       | 988/3317 [50:36<1:53:39,  2.93s/stock]Collect signals 989/3317:  30%|¨€¨€¨       | 989/3317 [50:36<1:54:48,  2.96s/stock]D:\Projects\auto-select-stock\src\auto_select_stock\predict\data.py:76: RuntimeWarning: invalid value encountered in divide
  result["bb_position"] = np.where(bb_upper != bb_lower, (close - bb_lower) / (bb_upper - bb_lower), 0.5)
Collect signals 990/3317:  30%|¨€¨€¨       | 989/3317 [50:39<1:54:48,  2.96s/stock]Collect signals 990/3317:  30%|¨€¨€¨       | 990/3317 [50:39<1:52:14,  2.89s/stock]D:\Projects\auto-select-stock\src\auto_select_stock\predict\data.py:76: RuntimeWarning: invalid value encountered in divide
  result["bb_position"] = np.where(bb_upper != bb_lower, (close - bb_lower) / (bb_upper - bb_lower), 0.5)
Collect signals 991/3317:  30%|¨€¨€¨       | 990/3317 [50:42<1:52:14,  2.89s/stock]Collect signals 991/3317:  30%|¨€¨€¨       | 991/3317 [50:42<1:54:11,  2.95s/stock]D:\Projects\auto-select-stock\src\auto_select_stock\predict\data.py:76: RuntimeWarning: invalid value encountered in divide
  result["bb_position"] = np.where(bb_upper != bb_lower, (close - bb_lower) / (bb_upper - bb_lower), 0.5)
Collect signals 992/3317:  30%|¨€¨€¨       | 991/3317 [50:45<1:54:11,  2.95s/stock]Collect signals 992/3317:  30%|¨€¨€¨       | 992/3317 [50:45<1:51:17,  2.87s/stock]D:\Projects\auto-select-stock\src\auto_select_stock\predict\data.py:76: RuntimeWarning: invalid value encountered in divide
  result["bb_position"] = np.where(bb_upper != bb_lower, (close - bb_lower) / (bb_upper - bb_lower), 0.5)
Collect signals 993/3317:  30%|¨€¨€¨       | 992/3317 [50:48<1:51:17,  2.87s/stock]Collect signals 993/3317:  30%|¨€¨€¨       | 993/3317 [50:48<1:54:21,  2.95s/stock]D:\Projects\auto-select-stock\src\auto_select_stock\predict\data.py:76: RuntimeWarning: invalid value encountered in divide
  result["bb_position"] = np.where(bb_upper != bb_lower, (close - bb_lower) / (bb_upper - bb_lower), 0.5)
Collect signals 994/3317:  30%|¨€¨€¨       | 993/3317 [50:51<1:54:21,  2.95s/stock]Collect signals 994/3317:  30%|¨€¨€¨       | 994/3317 [50:51<1:53:05,  2.92s/stock]D:\Projects\auto-select-stock\src\auto_select_stock\predict\data.py:76: RuntimeWarning: invalid value encountered in divide
  result["bb_position"] = np.where(bb_upper != bb_lower, (close - bb_lower) / (bb_upper - bb_lower), 0.5)
Collect signals 995/3317:  30%|¨€¨€¨       | 994/3317 [50:54<1:53:05,  2.92s/stock]Collect signals 995/3317:  30%|¨€¨€¨       | 995/3317 [50:54<1:55:26,  2.98s/stock]D:\Projects\auto-select-stock\src\auto_select_stock\predict\data.py:76: RuntimeWarning: invalid value encountered in divide
  result["bb_position"] = np.where(bb_upper != bb_lower, (close - bb_lower) / (bb_upper - bb_lower), 0.5)
Collect signals 996/3317:  30%|¨€¨€¨       | 995/3317 [50:57<1:55:26,  2.98s/stock]Collect signals 996/3317:  30%|¨€¨€¨€       | 996/3317 [50:57<1:56:46,  3.02s/stock]D:\Projects\auto-select-stock\src\auto_select_stock\predict\data.py:76: RuntimeWarning: invalid value encountered in divide
  result["bb_position"] = np.where(bb_upper != bb_lower, (close - bb_lower) / (bb_upper - bb_lower), 0.5)
Collect signals 997/3317:  30%|¨€¨€¨€       | 996/3317 [51:00<1:56:46,  3.02s/stock]Collect signals 997/3317:  30%|¨€¨€¨€       | 997/3317 [51:00<1:53:19,  2.93s/stock]D:\Projects\auto-select-stock\src\auto_select_stock\predict\data.py:76: RuntimeWarning: invalid value encountered in divide
  result["bb_position"] = np.where(bb_upper != bb_lower, (close - bb_lower) / (bb_upper - bb_lower), 0.5)
Collect signals 998/3317:  30%|¨€¨€¨€       | 997/3317 [51:03<1:53:19,  2.93s/stock]Collect signals 998/3317:  30%|¨€¨€¨€       | 998/3317 [51:03<1:54:10,  2.95s/stock]D:\Projects\auto-select-stock\src\auto_select_stock\predict\data.py:76: RuntimeWarning: invalid value encountered in divide
  result["bb_position"] = np.where(bb_upper != bb_lower, (close - bb_lower) / (bb_upper - bb_lower), 0.5)
Collect signals 999/3317:  30%|¨€¨€¨€       | 998/3317 [51:05<1:54:10,  2.95s/stock]Collect signals 999/3317:  30%|¨€¨€¨€       | 999/3317 [51:05<1:51:22,  2.88s/stock]D:\Projects\auto-select-stock\src\auto_select_stock\predict\data.py:76: RuntimeWarning: invalid value encountered in divide
  result["bb_position"] = np.where(bb_upper != bb_lower, (close - bb_lower) / (bb_upper - bb_lower), 0.5)
Collect signals 1000/3317:  30%|¨€¨€¨€       | 999/3317 [51:08<1:51:22,  2.88s/stock]Collect signals 1000/3317:  30%|¨€¨€¨€       | 1000/3317 [51:08<1:52:23,  2.91s/stock]D:\Projects\auto-select-stock\src\auto_select_stock\predict\data.py:76: RuntimeWarning: invalid value encountered in divide
  result["bb_position"] = np.where(bb_upper != bb_lower, (close - bb_lower) / (bb_upper - bb_lower), 0.5)
Collect signals 1001/3317:  30%|¨€¨€¨€       | 1000/3317 [51:11<1:52:23,  2.91s/stock]Collect signals 1001/3317:  30%|¨€¨€¨€       | 1001/3317 [51:11<1:48:53,  2.82s/stock]D:\Projects\auto-select-stock\src\auto_select_stock\predict\data.py:76: RuntimeWarning: invalid value encountered in divide
  result["bb_position"] = np.where(bb_upper != bb_lower, (close - bb_lower) / (bb_upper - bb_lower), 0.5)
Collect signals 1002/3317:  30%|¨€¨€¨€       | 1001/3317 [51:14<1:48:53,  2.82s/stock]Collect signals 1002/3317:  30%|¨€¨€¨€       | 1002/3317 [51:14<1:52:21,  2.91s/stock]D:\Projects\auto-select-stock\src\auto_select_stock\predict\data.py:76: RuntimeWarning: invalid value encountered in divide
  result["bb_position"] = np.where(bb_upper != bb_lower, (close - bb_lower) / (bb_upper - bb_lower), 0.5)
Collect signals 1003/3317:  30%|¨€¨€¨€       | 1002/3317 [51:17<1:52:21,  2.91s/stock]Collect signals 1003/3317:  30%|¨€¨€¨€       | 1003/3317 [51:17<1:49:54,  2.85s/stock]D:\Projects\auto-select-stock\src\auto_select_stock\predict\data.py:76: RuntimeWarning: invalid value encountered in divide
  result["bb_position"] = np.where(bb_upper != bb_lower, (close - bb_lower) / (bb_upper - bb_lower), 0.5)
Collect signals 1004/3317:  30%|¨€¨€¨€       | 1003/3317 [51:20<1:49:54,  2.85s/stock]Collect signals 1004/3317:  30%|¨€¨€¨€       | 1004/3317 [51:20<1:51:53,  2.90s/stock]D:\Projects\auto-select-stock\src\auto_select_stock\predict\data.py:76: RuntimeWarning: invalid value encountered in divide
  result["bb_position"] = np.where(bb_upper != bb_lower, (close - bb_lower) / (bb_upper - bb_lower), 0.5)
Collect signals 1005/3317:  30%|¨€¨€¨€       | 1004/3317 [51:22<1:51:53,  2.90s/stock]Collect signals 1005/3317:  30%|¨€¨€¨€       | 1005/3317 [51:22<1:49:53,  2.85s/stock]D:\Projects\auto-select-stock\src\auto_select_stock\predict\data.py:76: RuntimeWarning: invalid value encountered in divide
  result["bb_position"] = np.where(bb_upper != bb_lower, (close - bb_lower) / (bb_upper - bb_lower), 0.5)
Collect signals 1006/3317:  30%|¨€¨€¨€       | 1005/3317 [51:26<1:49:53,  2.85s/stock]Collect signals 1006/3317:  30%|¨€¨€¨€       | 1006/3317 [51:26<1:54:56,  2.98s/stock]D:\Projects\auto-select-stock\src\auto_select_stock\predict\data.py:76: RuntimeWarning: invalid value encountered in divide
  result["bb_position"] = np.where(bb_upper != bb_lower, (close - bb_lower) / (bb_upper - bb_lower), 0.5)
Collect signals 1007/3317:  30%|¨€¨€¨€       | 1006/3317 [51:29<1:54:56,  2.98s/stock]Collect signals 1007/3317:  30%|¨€¨€¨€       | 1007/3317 [51:29<1:56:17,  3.02s/stock]D:\Projects\auto-select-stock\src\auto_select_stock\predict\data.py:76: RuntimeWarning: invalid value encountered in divide
  result["bb_position"] = np.where(bb_upper != bb_lower, (close - bb_lower) / (bb_upper - bb_lower), 0.5)
Collect signals 1008/3317:  30%|¨€¨€¨€       | 1007/3317 [51:31<1:56:17,  3.02s/stock]Collect signals 1008/3317:  30%|¨€¨€¨€       | 1008/3317 [51:31<1:51:45,  2.90s/stock]D:\Projects\auto-select-stock\src\auto_select_stock\predict\data.py:76: RuntimeWarning: invalid value encountered in divide
  result["bb_position"] = np.where(bb_upper != bb_lower, (close - bb_lower) / (bb_upper - bb_lower), 0.5)
Collect signals 1009/3317:  30%|¨€¨€¨€       | 1008/3317 [51:34<1:51:45,  2.90s/stock]Collect signals 1009/3317:  30%|¨€¨€¨€       | 1009/3317 [51:34<1:53:05,  2.94s/stock]D:\Projects\auto-select-stock\src\auto_select_stock\predict\data.py:76: RuntimeWarning: invalid value encountered in divide
  result["bb_position"] = np.where(bb_upper != bb_lower, (close - bb_lower) / (bb_upper - bb_lower), 0.5)
Collect signals 1010/3317:  30%|¨€¨€¨€       | 1009/3317 [51:37<1:53:05,  2.94s/stock]Collect signals 1010/3317:  30%|¨€¨€¨€       | 1010/3317 [51:37<1:50:40,  2.88s/stock]D:\Projects\auto-select-stock\src\auto_select_stock\predict\data.py:76: RuntimeWarning: invalid value encountered in divide
  result["bb_position"] = np.where(bb_upper != bb_lower, (close - bb_lower) / (bb_upper - bb_lower), 0.5)
Collect signals 1011/3317:  30%|¨€¨€¨€       | 1010/3317 [51:40<1:50:40,  2.88s/stock]Collect signals 1011/3317:  30%|¨€¨€¨€       | 1011/3317 [51:40<1:52:08,  2.92s/stock]D:\Projects\auto-select-stock\src\auto_select_stock\predict\data.py:76: RuntimeWarning: invalid value encountered in divide
  result["bb_position"] = np.where(bb_upper != bb_lower, (close - bb_lower) / (bb_upper - bb_lower), 0.5)
Collect signals 1012/3317:  30%|¨€¨€¨€       | 1011/3317 [51:43<1:52:08,  2.92s/stock]Collect signals 1012/3317:  31%|¨€¨€¨€       | 1012/3317 [51:43<1:49:29,  2.85s/stock]D:\Projects\auto-select-stock\src\auto_select_stock\predict\data.py:76: RuntimeWarning: invalid value encountered in divide
  result["bb_position"] = np.where(bb_upper != bb_lower, (close - bb_lower) / (bb_upper - bb_lower), 0.5)
Collect signals 1013/3317:  31%|¨€¨€¨€       | 1012/3317 [51:46<1:49:29,  2.85s/stock]Collect signals 1013/3317:  31%|¨€¨€¨€       | 1013/3317 [51:46<1:52:05,  2.92s/stock]D:\Projects\auto-select-stock\src\auto_select_stock\predict\data.py:76: RuntimeWarning: invalid value encountered in divide
  result["bb_position"] = np.where(bb_upper != bb_lower, (close - bb_lower) / (bb_upper - bb_lower), 0.5)
Collect signals 1014/3317:  31%|¨€¨€¨€       | 1013/3317 [51:49<1:52:05,  2.92s/stock]Collect signals 1014/3317:  31%|¨€¨€¨€       | 1014/3317 [51:49<1:53:45,  2.96s/stock]D:\Projects\auto-select-stock\src\auto_select_stock\predict\data.py:76: RuntimeWarning: invalid value encountered in divide
  result["bb_position"] = np.where(bb_upper != bb_lower, (close - bb_lower) / (bb_upper - bb_lower), 0.5)
Collect signals 1015/3317:  31%|¨€¨€¨€       | 1014/3317 [51:52<1:53:45,  2.96s/stock]Collect signals 1015/3317:  31%|¨€¨€¨€       | 1015/3317 [51:52<1:50:11,  2.87s/stock]D:\Projects\auto-select-stock\src\auto_select_stock\predict\data.py:76: RuntimeWarning: invalid value encountered in divide
  result["bb_position"] = np.where(bb_upper != bb_lower, (close - bb_lower) / (bb_upper - bb_lower), 0.5)
Collect signals 1016/3317:  31%|¨€¨€¨€       | 1015/3317 [51:55<1:50:11,  2.87s/stock]Collect signals 1016/3317:  31%|¨€¨€¨€       | 1016/3317 [51:55<1:52:15,  2.93s/stock]D:\Projects\auto-select-stock\src\auto_select_stock\predict\data.py:76: RuntimeWarning: invalid value encountered in divide
  result["bb_position"] = np.where(bb_upper != bb_lower, (close - bb_lower) / (bb_upper - bb_lower), 0.5)
Collect signals 1017/3317:  31%|¨€¨€¨€       | 1016/3317 [51:58<1:52:15,  2.93s/stock]Collect signals 1017/3317:  31%|¨€¨€¨€       | 1017/3317 [51:58<1:50:24,  2.88s/stock]D:\Projects\auto-select-stock\src\auto_select_stock\predict\data.py:76: RuntimeWarning: invalid value encountered in divide
  result["bb_position"] = np.where(bb_upper != bb_lower, (close - bb_lower) / (bb_upper - bb_lower), 0.5)
Collect signals 1018/3317:  31%|¨€¨€¨€       | 1017/3317 [52:01<1:50:24,  2.88s/stock]Collect signals 1018/3317:  31%|¨€¨€¨€       | 1018/3317 [52:01<1:52:25,  2.93s/stock]D:\Projects\auto-select-stock\src\auto_select_stock\predict\data.py:76: RuntimeWarning: invalid value encountered in divide
  result["bb_position"] = np.where(bb_upper != bb_lower, (close - bb_lower) / (bb_upper - bb_lower), 0.5)
Collect signals 1019/3317:  31%|¨€¨€¨€       | 1018/3317 [52:03<1:52:25,  2.93s/stock]Collect signals 1019/3317:  31%|¨€¨€¨€       | 1019/3317 [52:03<1:50:03,  2.87s/stock]D:\Projects\auto-select-stock\src\auto_select_stock\predict\data.py:76: RuntimeWarning: invalid value encountered in divide
  result["bb_position"] = np.where(bb_upper != bb_lower, (close - bb_lower) / (bb_upper - bb_lower), 0.5)
Collect signals 1020/3317:  31%|¨€¨€¨€       | 1019/3317 [52:06<1:50:03,  2.87s/stock]Collect signals 1020/3317:  31%|¨€¨€¨€       | 1020/3317 [52:06<1:52:27,  2.94s/stock]D:\Projects\auto-select-stock\src\auto_select_stock\predict\data.py:76: RuntimeWarning: invalid value encountered in divide
  result["bb_position"] = np.where(bb_upper != bb_lower, (close - bb_lower) / (bb_upper - bb_lower), 0.5)
Collect signals 1021/3317:  31%|¨€¨€¨€       | 1020/3317 [52:09<1:52:27,  2.94s/stock]Collect signals 1021/3317:  31%|¨€¨€¨€       | 1021/3317 [52:09<1:51:20,  2.91s/stock]D:\Projects\auto-select-stock\src\auto_select_stock\predict\data.py:76: RuntimeWarning: invalid value encountered in divide
  result["bb_position"] = np.where(bb_upper != bb_lower, (close - bb_lower) / (bb_upper - bb_lower), 0.5)
Collect signals 1022/3317:  31%|¨€¨€¨€       | 1021/3317 [52:12<1:51:20,  2.91s/stock]Collect signals 1022/3317:  31%|¨€¨€¨€       | 1022/3317 [52:12<1:53:44,  2.97s/stock]D:\Projects\auto-select-stock\src\auto_select_stock\predict\data.py:76: RuntimeWarning: invalid value encountered in divide
  result["bb_position"] = np.where(bb_upper != bb_lower, (close - bb_lower) / (bb_upper - bb_lower), 0.5)
Collect signals 1023/3317:  31%|¨€¨€¨€       | 1022/3317 [52:16<1:53:44,  2.97s/stock]Collect signals 1023/3317:  31%|¨€¨€¨€       | 1023/3317 [52:16<1:56:38,  3.05s/stock]D:\Projects\auto-select-stock\src\auto_select_stock\predict\data.py:76: RuntimeWarning: invalid value encountered in divide
  result["bb_position"] = np.where(bb_upper != bb_lower, (close - bb_lower) / (bb_upper - bb_lower), 0.5)
Collect signals 1024/3317:  31%|¨€¨€¨€       | 1023/3317 [52:18<1:56:38,  3.05s/stock]Collect signals 1024/3317:  31%|¨€¨€¨€       | 1024/3317 [52:18<1:52:31,  2.94s/stock]D:\Projects\auto-select-stock\src\auto_select_stock\predict\data.py:76: RuntimeWarning: invalid value encountered in divide
  result["bb_position"] = np.where(bb_upper != bb_lower, (close - bb_lower) / (bb_upper - bb_lower), 0.5)
Collect signals 1025/3317:  31%|¨€¨€¨€       | 1024/3317 [52:21<1:52:31,  2.94s/stock]Collect signals 1025/3317:  31%|¨€¨€¨€       | 1025/3317 [52:21<1:53:14,  2.96s/stock]D:\Projects\auto-select-stock\src\auto_select_stock\predict\data.py:76: RuntimeWarning: invalid value encountered in divide
  result["bb_position"] = np.where(bb_upper != bb_lower, (close - bb_lower) / (bb_upper - bb_lower), 0.5)
Collect signals 1026/3317:  31%|¨€¨€¨€       | 1025/3317 [52:24<1:53:14,  2.96s/stock]Collect signals 1026/3317:  31%|¨€¨€¨€       | 1026/3317 [52:24<1:50:05,  2.88s/stock]D:\Projects\auto-select-stock\src\auto_select_stock\predict\data.py:76: RuntimeWarning: invalid value encountered in divide
  result["bb_position"] = np.where(bb_upper != bb_lower, (close - bb_lower) / (bb_upper - bb_lower), 0.5)
Collect signals 1027/3317:  31%|¨€¨€¨€       | 1026/3317 [52:27<1:50:05,  2.88s/stock]Collect signals 1027/3317:  31%|¨€¨€¨€       | 1027/3317 [52:27<1:52:51,  2.96s/stock]D:\Projects\auto-select-stock\src\auto_select_stock\predict\data.py:76: RuntimeWarning: invalid value encountered in divide
  result["bb_position"] = np.where(bb_upper != bb_lower, (close - bb_lower) / (bb_upper - bb_lower), 0.5)
Collect signals 1028/3317:  31%|¨€¨€¨€       | 1027/3317 [52:30<1:52:51,  2.96s/stock]Collect signals 1028/3317:  31%|¨€¨€¨€       | 1028/3317 [52:30<1:51:11,  2.91s/stock]D:\Projects\auto-select-stock\src\auto_select_stock\predict\data.py:76: RuntimeWarning: invalid value encountered in divide
  result["bb_position"] = np.where(bb_upper != bb_lower, (close - bb_lower) / (bb_upper - bb_lower), 0.5)
Collect signals 1029/3317:  31%|¨€¨€¨€       | 1028/3317 [52:33<1:51:11,  2.91s/stock]Collect signals 1029/3317:  31%|¨€¨€¨€       | 1029/3317 [52:33<1:53:11,  2.97s/stock]D:\Projects\auto-select-stock\src\auto_select_stock\predict\data.py:76: RuntimeWarning: invalid value encountered in divide
  result["bb_position"] = np.where(bb_upper != bb_lower, (close - bb_lower) / (bb_upper - bb_lower), 0.5)
Collect signals 1030/3317:  31%|¨€¨€¨€       | 1029/3317 [52:36<1:53:11,  2.97s/stock]Collect signals 1030/3317:  31%|¨€¨€¨€       | 1030/3317 [52:36<1:51:36,  2.93s/stock]D:\Projects\auto-select-stock\src\auto_select_stock\predict\data.py:76: RuntimeWarning: invalid value encountered in divide
  result["bb_position"] = np.where(bb_upper != bb_lower, (close - bb_lower) / (bb_upper - bb_lower), 0.5)
Collect signals 1031/3317:  31%|¨€¨€¨€       | 1030/3317 [52:39<1:51:36,  2.93s/stock]Collect signals 1031/3317:  31%|¨€¨€¨€       | 1031/3317 [52:39<1:53:01,  2.97s/stock]D:\Projects\auto-select-stock\src\auto_select_stock\predict\data.py:76: RuntimeWarning: invalid value encountered in divide
  result["bb_position"] = np.where(bb_upper != bb_lower, (close - bb_lower) / (bb_upper - bb_lower), 0.5)
Collect signals 1032/3317:  31%|¨€¨€¨€       | 1031/3317 [52:42<1:53:01,  2.97s/stock]Collect signals 1032/3317:  31%|¨€¨€¨€       | 1032/3317 [52:42<1:55:17,  3.03s/stock]D:\Projects\auto-select-stock\src\auto_select_stock\predict\data.py:76: RuntimeWarning: invalid value encountered in divide
  result["bb_position"] = np.where(bb_upper != bb_lower, (close - bb_lower) / (bb_upper - bb_lower), 0.5)
Collect signals 1033/3317:  31%|¨€¨€¨€       | 1032/3317 [52:45<1:55:17,  3.03s/stock]Collect signals 1033/3317:  31%|¨€¨€¨€       | 1033/3317 [52:45<1:52:08,  2.95s/stock]D:\Projects\auto-select-stock\src\auto_select_stock\predict\data.py:76: RuntimeWarning: invalid value encountered in divide
  result["bb_position"] = np.where(bb_upper != bb_lower, (close - bb_lower) / (bb_upper - bb_lower), 0.5)
Collect signals 1034/3317:  31%|¨€¨€¨€       | 1033/3317 [52:48<1:52:08,  2.95s/stock]Collect signals 1034/3317:  31%|¨€¨€¨€       | 1034/3317 [52:48<1:54:29,  3.01s/stock]D:\Projects\auto-select-stock\src\auto_select_stock\predict\data.py:76: RuntimeWarning: invalid value encountered in divide
  result["bb_position"] = np.where(bb_upper != bb_lower, (close - bb_lower) / (bb_upper - bb_lower), 0.5)
Collect signals 1035/3317:  31%|¨€¨€¨€       | 1034/3317 [52:51<1:54:29,  3.01s/stock]Collect signals 1035/3317:  31%|¨€¨€¨€       | 1035/3317 [52:51<1:53:06,  2.97s/stock]D:\Projects\auto-select-stock\src\auto_select_stock\predict\data.py:76: RuntimeWarning: invalid value encountered in divide
  result["bb_position"] = np.where(bb_upper != bb_lower, (close - bb_lower) / (bb_upper - bb_lower), 0.5)
Collect signals 1036/3317:  31%|¨€¨€¨€       | 1035/3317 [52:54<1:53:06,  2.97s/stock]Collect signals 1036/3317:  31%|¨€¨€¨€       | 1036/3317 [52:54<1:55:37,  3.04s/stock]D:\Projects\auto-select-stock\src\auto_select_stock\predict\data.py:76: RuntimeWarning: invalid value encountered in divide
  result["bb_position"] = np.where(bb_upper != bb_lower, (close - bb_lower) / (bb_upper - bb_lower), 0.5)
Collect signals 1037/3317:  31%|¨€¨€¨€       | 1036/3317 [52:57<1:55:37,  3.04s/stock]Collect signals 1037/3317:  31%|¨€¨€¨€¨‡      | 1037/3317 [52:57<1:53:07,  2.98s/stock]D:\Projects\auto-select-stock\src\auto_select_stock\predict\data.py:76: RuntimeWarning: invalid value encountered in divide
  result["bb_position"] = np.where(bb_upper != bb_lower, (close - bb_lower) / (bb_upper - bb_lower), 0.5)
Collect signals 1038/3317:  31%|¨€¨€¨€¨‡      | 1037/3317 [53:00<1:53:07,  2.98s/stock]Collect signals 1038/3317:  31%|¨€¨€¨€¨‡      | 1038/3317 [53:00<1:54:08,  3.01s/stock]D:\Projects\auto-select-stock\src\auto_select_stock\predict\data.py:76: RuntimeWarning: invalid value encountered in divide
  result["bb_position"] = np.where(bb_upper != bb_lower, (close - bb_lower) / (bb_upper - bb_lower), 0.5)
Collect signals 1039/3317:  31%|¨€¨€¨€¨‡      | 1038/3317 [53:03<1:54:08,  3.01s/stock]Collect signals 1039/3317:  31%|¨€¨€¨€¨‡      | 1039/3317 [53:03<1:54:54,  3.03s/stock]D:\Projects\auto-select-stock\src\auto_select_stock\predict\data.py:76: RuntimeWarning: invalid value encountered in divide
  result["bb_position"] = np.where(bb_upper != bb_lower, (close - bb_lower) / (bb_upper - bb_lower), 0.5)
Collect signals 1040/3317:  31%|¨€¨€¨€¨‡      | 1039/3317 [53:06<1:54:54,  3.03s/stock]Collect signals 1040/3317:  31%|¨€¨€¨€¨‡      | 1040/3317 [53:06<1:51:13,  2.93s/stock]D:\Projects\auto-select-stock\src\auto_select_stock\predict\data.py:76: RuntimeWarning: invalid value encountered in divide
  result["bb_position"] = np.where(bb_upper != bb_lower, (close - bb_lower) / (bb_upper - bb_lower), 0.5)
Collect signals 1041/3317:  31%|¨€¨€¨€¨‡      | 1040/3317 [53:09<1:51:13,  2.93s/stock]Collect signals 1041/3317:  31%|¨€¨€¨€¨‡      | 1041/3317 [53:09<1:52:56,  2.98s/stock]D:\Projects\auto-select-stock\src\auto_select_stock\predict\data.py:76: RuntimeWarning: invalid value encountered in divide
  result["bb_position"] = np.where(bb_upper != bb_lower, (close - bb_lower) / (bb_upper - bb_lower), 0.5)
Collect signals 1042/3317:  31%|¨€¨€¨€¨‡      | 1041/3317 [53:12<1:52:56,  2.98s/stock]Collect signals 1042/3317:  31%|¨€¨€¨€¨‡      | 1042/3317 [53:12<1:50:48,  2.92s/stock]D:\Projects\auto-select-stock\src\auto_select_stock\predict\data.py:76: RuntimeWarning: invalid value encountered in divide
  result["bb_position"] = np.where(bb_upper != bb_lower, (close - bb_lower) / (bb_upper - bb_lower), 0.5)
Collect signals 1043/3317:  31%|¨€¨€¨€¨‡      | 1042/3317 [53:15<1:50:48,  2.92s/stock]Collect signals 1043/3317:  31%|¨€¨€¨€¨‡      | 1043/3317 [53:15<1:52:41,  2.97s/stock]D:\Projects\auto-select-stock\src\auto_select_stock\predict\data.py:76: RuntimeWarning: invalid value encountered in divide
  result["bb_position"] = np.where(bb_upper != bb_lower, (close - bb_lower) / (bb_upper - bb_lower), 0.5)
Collect signals 1044/3317:  31%|¨€¨€¨€¨‡      | 1043/3317 [53:18<1:52:41,  2.97s/stock]Collect signals 1044/3317:  31%|¨€¨€¨€¨‡      | 1044/3317 [53:18<1:49:56,  2.90s/stock]D:\Projects\auto-select-stock\src\auto_select_stock\predict\data.py:76: RuntimeWarning: invalid value encountered in divide
  result["bb_position"] = np.where(bb_upper != bb_lower, (close - bb_lower) / (bb_upper - bb_lower), 0.5)
Collect signals 1045/3317:  31%|¨€¨€¨€¨‡      | 1044/3317 [53:21<1:49:56,  2.90s/stock]Collect signals 1045/3317:  32%|¨€¨€¨€¨‡      | 1045/3317 [53:21<1:53:12,  2.99s/stock]D:\Projects\auto-select-stock\src\auto_select_stock\predict\data.py:76: RuntimeWarning: invalid value encountered in divide
  result["bb_position"] = np.where(bb_upper != bb_lower, (close - bb_lower) / (bb_upper - bb_lower), 0.5)
Collect signals 1046/3317:  32%|¨€¨€¨€¨‡      | 1045/3317 [53:23<1:53:12,  2.99s/stock]Collect signals 1046/3317:  32%|¨€¨€¨€¨‡      | 1046/3317 [53:23<1:49:14,  2.89s/stock]D:\Projects\auto-select-stock\src\auto_select_stock\predict\data.py:76: RuntimeWarning: invalid value encountered in divide
  result["bb_position"] = np.where(bb_upper != bb_lower, (close - bb_lower) / (bb_upper - bb_lower), 0.5)
Collect signals 1047/3317:  32%|¨€¨€¨€¨‡      | 1046/3317 [53:27<1:49:14,  2.89s/stock]Collect signals 1047/3317:  32%|¨€¨€¨€¨‡      | 1047/3317 [53:27<1:53:04,  2.99s/stock]D:\Projects\auto-select-stock\src\auto_select_stock\predict\data.py:76: RuntimeWarning: invalid value encountered in divide
  result["bb_position"] = np.where(bb_upper != bb_lower, (close - bb_lower) / (bb_upper - bb_lower), 0.5)
Collect signals 1048/3317:  32%|¨€¨€¨€¨‡      | 1047/3317 [53:30<1:53:04,  2.99s/stock]Collect signals 1048/3317:  32%|¨€¨€¨€¨‡      | 1048/3317 [53:30<1:54:29,  3.03s/stock]D:\Projects\auto-select-stock\src\auto_select_stock\predict\data.py:76: RuntimeWarning: invalid value encountered in divide
  result["bb_position"] = np.where(bb_upper != bb_lower, (close - bb_lower) / (bb_upper - bb_lower), 0.5)
Collect signals 1049/3317:  32%|¨€¨€¨€¨‡      | 1048/3317 [53:33<1:54:29,  3.03s/stock]Collect signals 1049/3317:  32%|¨€¨€¨€¨‡      | 1049/3317 [53:33<1:58:41,  3.14s/stock]D:\Projects\auto-select-stock\src\auto_select_stock\predict\data.py:76: RuntimeWarning: invalid value encountered in divide
  result["bb_position"] = np.where(bb_upper != bb_lower, (close - bb_lower) / (bb_upper - bb_lower), 0.5)
Collect signals 1050/3317:  32%|¨€¨€¨€¨‡      | 1049/3317 [53:36<1:58:41,  3.14s/stock]Collect signals 1050/3317:  32%|¨€¨€¨€¨‡      | 1050/3317 [53:36<1:59:48,  3.17s/stock]D:\Projects\auto-select-stock\src\auto_select_stock\predict\data.py:76: RuntimeWarning: invalid value encountered in divide
  result["bb_position"] = np.where(bb_upper != bb_lower, (close - bb_lower) / (bb_upper - bb_lower), 0.5)
Collect signals 1051/3317:  32%|¨€¨€¨€¨‡      | 1050/3317 [53:39<1:59:48,  3.17s/stock]Collect signals 1051/3317:  32%|¨€¨€¨€¨‡      | 1051/3317 [53:39<1:55:01,  3.05s/stock]D:\Projects\auto-select-stock\src\auto_select_stock\predict\data.py:76: RuntimeWarning: invalid value encountered in divide
  result["bb_position"] = np.where(bb_upper != bb_lower, (close - bb_lower) / (bb_upper - bb_lower), 0.5)
Collect signals 1052/3317:  32%|¨€¨€¨€¨‡      | 1051/3317 [53:42<1:55:01,  3.05s/stock]Collect signals 1052/3317:  32%|¨€¨€¨€¨‡      | 1052/3317 [53:42<1:57:12,  3.10s/stock]D:\Projects\auto-select-stock\src\auto_select_stock\predict\data.py:76: RuntimeWarning: invalid value encountered in divide
  result["bb_position"] = np.where(bb_upper != bb_lower, (close - bb_lower) / (bb_upper - bb_lower), 0.5)
Collect signals 1053/3317:  32%|¨€¨€¨€¨‡      | 1052/3317 [53:45<1:57:12,  3.10s/stock]Collect signals 1053/3317:  32%|¨€¨€¨€¨‡      | 1053/3317 [53:45<1:54:17,  3.03s/stock]D:\Projects\auto-select-stock\src\auto_select_stock\predict\data.py:76: RuntimeWarning: invalid value encountered in divide
  result["bb_position"] = np.where(bb_upper != bb_lower, (close - bb_lower) / (bb_upper - bb_lower), 0.5)
Collect signals 1054/3317:  32%|¨€¨€¨€¨‡      | 1053/3317 [53:48<1:54:17,  3.03s/stock]Collect signals 1054/3317:  32%|¨€¨€¨€¨‡      | 1054/3317 [53:48<1:57:13,  3.11s/stock]D:\Projects\auto-select-stock\src\auto_select_stock\predict\data.py:76: RuntimeWarning: invalid value encountered in divide
  result["bb_position"] = np.where(bb_upper != bb_lower, (close - bb_lower) / (bb_upper - bb_lower), 0.5)
Collect signals 1055/3317:  32%|¨€¨€¨€¨‡      | 1054/3317 [53:51<1:57:13,  3.11s/stock]Collect signals 1055/3317:  32%|¨€¨€¨€¨‡      | 1055/3317 [53:51<1:53:06,  3.00s/stock]D:\Projects\auto-select-stock\src\auto_select_stock\predict\data.py:76: RuntimeWarning: invalid value encountered in divide
  result["bb_position"] = np.where(bb_upper != bb_lower, (close - bb_lower) / (bb_upper - bb_lower), 0.5)
Collect signals 1056/3317:  32%|¨€¨€¨€¨‡      | 1055/3317 [53:54<1:53:06,  3.00s/stock]Collect signals 1056/3317:  32%|¨€¨€¨€¨‡      | 1056/3317 [53:54<1:49:49,  2.91s/stock]D:\Projects\auto-select-stock\src\auto_select_stock\predict\data.py:76: RuntimeWarning: invalid value encountered in divide
  result["bb_position"] = np.where(bb_upper != bb_lower, (close - bb_lower) / (bb_upper - bb_lower), 0.5)
Collect signals 1057/3317:  32%|¨€¨€¨€¨‡      | 1056/3317 [53:57<1:49:49,  2.91s/stock]Collect signals 1057/3317:  32%|¨€¨€¨€¨‡      | 1057/3317 [53:57<1:52:14,  2.98s/stock]D:\Projects\auto-select-stock\src\auto_select_stock\predict\data.py:76: RuntimeWarning: invalid value encountered in divide
  result["bb_position"] = np.where(bb_upper != bb_lower, (close - bb_lower) / (bb_upper - bb_lower), 0.5)
Collect signals 1058/3317:  32%|¨€¨€¨€¨‡      | 1057/3317 [54:00<1:52:14,  2.98s/stock]Collect signals 1058/3317:  32%|¨€¨€¨€¨‡      | 1058/3317 [54:00<1:49:06,  2.90s/stock]D:\Projects\auto-select-stock\src\auto_select_stock\predict\data.py:76: RuntimeWarning: invalid value encountered in divide
  result["bb_position"] = np.where(bb_upper != bb_lower, (close - bb_lower) / (bb_upper - bb_lower), 0.5)
Collect signals 1059/3317:  32%|¨€¨€¨€¨‡      | 1058/3317 [54:03<1:49:06,  2.90s/stock]Collect signals 1059/3317:  32%|¨€¨€¨€¨‡      | 1059/3317 [54:03<1:50:51,  2.95s/stock]D:\Projects\auto-select-stock\src\auto_select_stock\predict\data.py:76: RuntimeWarning: invalid value encountered in divide
  result["bb_position"] = np.where(bb_upper != bb_lower, (close - bb_lower) / (bb_upper - bb_lower), 0.5)
Collect signals 1060/3317:  32%|¨€¨€¨€¨‡      | 1059/3317 [54:06<1:50:51,  2.95s/stock]Collect signals 1060/3317:  32%|¨€¨€¨€¨‡      | 1060/3317 [54:06<1:52:06,  2.98s/stock]D:\Projects\auto-select-stock\src\auto_select_stock\predict\data.py:76: RuntimeWarning: invalid value encountered in divide
  result["bb_position"] = np.where(bb_upper != bb_lower, (close - bb_lower) / (bb_upper - bb_lower), 0.5)
Collect signals 1061/3317:  32%|¨€¨€¨€¨‡      | 1060/3317 [54:09<1:52:06,  2.98s/stock]Collect signals 1061/3317:  32%|¨€¨€¨€¨‡      | 1061/3317 [54:09<1:48:58,  2.90s/stock]D:\Projects\auto-select-stock\src\auto_select_stock\predict\data.py:76: RuntimeWarning: invalid value encountered in divide
  result["bb_position"] = np.where(bb_upper != bb_lower, (close - bb_lower) / (bb_upper - bb_lower), 0.5)
Collect signals 1062/3317:  32%|¨€¨€¨€¨‡      | 1061/3317 [54:12<1:48:58,  2.90s/stock]Collect signals 1062/3317:  32%|¨€¨€¨€¨‡      | 1062/3317 [54:12<1:50:35,  2.94s/stock]D:\Projects\auto-select-stock\src\auto_select_stock\predict\data.py:76: RuntimeWarning: invalid value encountered in divide
  result["bb_position"] = np.where(bb_upper != bb_lower, (close - bb_lower) / (bb_upper - bb_lower), 0.5)
Collect signals 1063/3317:  32%|¨€¨€¨€¨‡      | 1062/3317 [54:14<1:50:35,  2.94s/stock]Collect signals 1063/3317:  32%|¨€¨€¨€¨‡      | 1063/3317 [54:14<1:47:43,  2.87s/stock]D:\Projects\auto-select-stock\src\auto_select_stock\predict\data.py:76: RuntimeWarning: invalid value encountered in divide
  result["bb_position"] = np.where(bb_upper != bb_lower, (close - bb_lower) / (bb_upper - bb_lower), 0.5)
Collect signals 1064/3317:  32%|¨€¨€¨€¨‡      | 1063/3317 [54:17<1:47:43,  2.87s/stock]Collect signals 1064/3317:  32%|¨€¨€¨€¨‡      | 1064/3317 [54:17<1:50:49,  2.95s/stock]D:\Projects\auto-select-stock\src\auto_select_stock\predict\data.py:76: RuntimeWarning: invalid value encountered in divide
  result["bb_position"] = np.where(bb_upper != bb_lower, (close - bb_lower) / (bb_upper - bb_lower), 0.5)
Collect signals 1065/3317:  32%|¨€¨€¨€¨‡      | 1064/3317 [54:20<1:50:49,  2.95s/stock]Collect signals 1065/3317:  32%|¨€¨€¨€¨‡      | 1065/3317 [54:20<1:47:43,  2.87s/stock]D:\Projects\auto-select-stock\src\auto_select_stock\predict\data.py:76: RuntimeWarning: invalid value encountered in divide
  result["bb_position"] = np.where(bb_upper != bb_lower, (close - bb_lower) / (bb_upper - bb_lower), 0.5)
Collect signals 1066/3317:  32%|¨€¨€¨€¨‡      | 1065/3317 [54:23<1:47:43,  2.87s/stock]Collect signals 1066/3317:  32%|¨€¨€¨€¨‡      | 1066/3317 [54:23<1:50:59,  2.96s/stock]D:\Projects\auto-select-stock\src\auto_select_stock\predict\data.py:76: RuntimeWarning: invalid value encountered in divide
  result["bb_position"] = np.where(bb_upper != bb_lower, (close - bb_lower) / (bb_upper - bb_lower), 0.5)
Collect signals 1067/3317:  32%|¨€¨€¨€¨‡      | 1066/3317 [54:26<1:50:59,  2.96s/stock]Collect signals 1067/3317:  32%|¨€¨€¨€¨‡      | 1067/3317 [54:26<1:48:05,  2.88s/stock]D:\Projects\auto-select-stock\src\auto_select_stock\predict\data.py:76: RuntimeWarning: invalid value encountered in divide
  result["bb_position"] = np.where(bb_upper != bb_lower, (close - bb_lower) / (bb_upper - bb_lower), 0.5)
Collect signals 1068/3317:  32%|¨€¨€¨€¨‡      | 1067/3317 [54:29<1:48:05,  2.88s/stock]Collect signals 1068/3317:  32%|¨€¨€¨€¨‡      | 1068/3317 [54:29<1:50:43,  2.95s/stock]D:\Projects\auto-select-stock\src\auto_select_stock\predict\data.py:76: RuntimeWarning: invalid value encountered in divide
  result["bb_position"] = np.where(bb_upper != bb_lower, (close - bb_lower) / (bb_upper - bb_lower), 0.5)
Collect signals 1069/3317:  32%|¨€¨€¨€¨‡      | 1068/3317 [54:32<1:50:43,  2.95s/stock]Collect signals 1069/3317:  32%|¨€¨€¨€¨‡      | 1069/3317 [54:32<1:54:10,  3.05s/stock]D:\Projects\auto-select-stock\src\auto_select_stock\predict\data.py:76: RuntimeWarning: invalid value encountered in divide
  result["bb_position"] = np.where(bb_upper != bb_lower, (close - bb_lower) / (bb_upper - bb_lower), 0.5)
Collect signals 1070/3317:  32%|¨€¨€¨€¨‡      | 1069/3317 [54:35<1:54:10,  3.05s/stock]Collect signals 1070/3317:  32%|¨€¨€¨€¨‡      | 1070/3317 [54:35<1:49:45,  2.93s/stock]D:\Projects\auto-select-stock\src\auto_select_stock\predict\data.py:76: RuntimeWarning: invalid value encountered in divide
  result["bb_position"] = np.where(bb_upper != bb_lower, (close - bb_lower) / (bb_upper - bb_lower), 0.5)
Collect signals 1071/3317:  32%|¨€¨€¨€¨‡      | 1070/3317 [54:38<1:49:45,  2.93s/stock]Collect signals 1071/3317:  32%|¨€¨€¨€¨‡      | 1071/3317 [54:38<1:53:00,  3.02s/stock]D:\Projects\auto-select-stock\src\auto_select_stock\predict\data.py:76: RuntimeWarning: invalid value encountered in divide
  result["bb_position"] = np.where(bb_upper != bb_lower, (close - bb_lower) / (bb_upper - bb_lower), 0.5)
Collect signals 1072/3317:  32%|¨€¨€¨€¨‡      | 1071/3317 [54:41<1:53:00,  3.02s/stock]Collect signals 1072/3317:  32%|¨€¨€¨€¨‡      | 1072/3317 [54:41<1:49:53,  2.94s/stock]D:\Projects\auto-select-stock\src\auto_select_stock\predict\data.py:76: RuntimeWarning: invalid value encountered in divide
  result["bb_position"] = np.where(bb_upper != bb_lower, (close - bb_lower) / (bb_upper - bb_lower), 0.5)
Collect signals 1073/3317:  32%|¨€¨€¨€¨‡      | 1072/3317 [54:44<1:49:53,  2.94s/stock]Collect signals 1073/3317:  32%|¨€¨€¨€¨‡      | 1073/3317 [54:44<1:51:50,  2.99s/stock]D:\Projects\auto-select-stock\src\auto_select_stock\predict\data.py:76: RuntimeWarning: invalid value encountered in divide
  result["bb_position"] = np.where(bb_upper != bb_lower, (close - bb_lower) / (bb_upper - bb_lower), 0.5)
Collect signals 1074/3317:  32%|¨€¨€¨€¨‡      | 1073/3317 [54:47<1:51:50,  2.99s/stock]Collect signals 1074/3317:  32%|¨€¨€¨€¨‡      | 1074/3317 [54:47<1:50:06,  2.95s/stock]D:\Projects\auto-select-stock\src\auto_select_stock\predict\data.py:76: RuntimeWarning: invalid value encountered in divide
  result["bb_position"] = np.where(bb_upper != bb_lower, (close - bb_lower) / (bb_upper - bb_lower), 0.5)
Collect signals 1075/3317:  32%|¨€¨€¨€¨‡      | 1074/3317 [54:50<1:50:06,  2.95s/stock]Collect signals 1075/3317:  32%|¨€¨€¨€¨‡      | 1075/3317 [54:50<1:51:57,  3.00s/stock]D:\Projects\auto-select-stock\src\auto_select_stock\predict\data.py:76: RuntimeWarning: invalid value encountered in divide
  result["bb_position"] = np.where(bb_upper != bb_lower, (close - bb_lower) / (bb_upper - bb_lower), 0.5)
Collect signals 1076/3317:  32%|¨€¨€¨€¨‡      | 1075/3317 [54:53<1:51:57,  3.00s/stock]Collect signals 1076/3317:  32%|¨€¨€¨€¨‡      | 1076/3317 [54:53<1:53:56,  3.05s/stock]D:\Projects\auto-select-stock\src\auto_select_stock\predict\data.py:76: RuntimeWarning: invalid value encountered in divide
  result["bb_position"] = np.where(bb_upper != bb_lower, (close - bb_lower) / (bb_upper - bb_lower), 0.5)
Collect signals 1077/3317:  32%|¨€¨€¨€¨‡      | 1076/3317 [54:56<1:53:56,  3.05s/stock]Collect signals 1077/3317:  32%|¨€¨€¨€¨‡      | 1077/3317 [54:56<1:51:58,  3.00s/stock]D:\Projects\auto-select-stock\src\auto_select_stock\predict\data.py:76: RuntimeWarning: invalid value encountered in divide
  result["bb_position"] = np.where(bb_upper != bb_lower, (close - bb_lower) / (bb_upper - bb_lower), 0.5)
Collect signals 1078/3317:  32%|¨€¨€¨€¨‡      | 1077/3317 [54:59<1:51:58,  3.00s/stock]Collect signals 1078/3317:  32%|¨€¨€¨€¨‡      | 1078/3317 [54:59<1:52:41,  3.02s/stock]D:\Projects\auto-select-stock\src\auto_select_stock\predict\data.py:76: RuntimeWarning: invalid value encountered in divide
  result["bb_position"] = np.where(bb_upper != bb_lower, (close - bb_lower) / (bb_upper - bb_lower), 0.5)
Collect signals 1079/3317:  32%|¨€¨€¨€¨‡      | 1078/3317 [55:02<1:52:41,  3.02s/stock]Collect signals 1079/3317:  33%|¨€¨€¨€¨†      | 1079/3317 [55:02<1:49:44,  2.94s/stock]D:\Projects\auto-select-stock\src\auto_select_stock\predict\data.py:76: RuntimeWarning: invalid value encountered in divide
  result["bb_position"] = np.where(bb_upper != bb_lower, (close - bb_lower) / (bb_upper - bb_lower), 0.5)
Collect signals 1080/3317:  33%|¨€¨€¨€¨†      | 1079/3317 [55:05<1:49:44,  2.94s/stock]Collect signals 1080/3317:  33%|¨€¨€¨€¨†      | 1080/3317 [55:05<1:54:59,  3.08s/stock]D:\Projects\auto-select-stock\src\auto_select_stock\predict\data.py:76: RuntimeWarning: invalid value encountered in divide
  result["bb_position"] = np.where(bb_upper != bb_lower, (close - bb_lower) / (bb_upper - bb_lower), 0.5)
Collect signals 1081/3317:  33%|¨€¨€¨€¨†      | 1080/3317 [55:09<1:54:59,  3.08s/stock]Collect signals 1081/3317:  33%|¨€¨€¨€¨†      | 1081/3317 [55:09<1:55:51,  3.11s/stock]D:\Projects\auto-select-stock\src\auto_select_stock\predict\data.py:76: RuntimeWarning: invalid value encountered in divide
  result["bb_position"] = np.where(bb_upper != bb_lower, (close - bb_lower) / (bb_upper - bb_lower), 0.5)
Collect signals 1082/3317:  33%|¨€¨€¨€¨†      | 1081/3317 [55:12<1:55:51,  3.11s/stock]Collect signals 1082/3317:  33%|¨€¨€¨€¨†      | 1082/3317 [55:12<1:58:33,  3.18s/stock]D:\Projects\auto-select-stock\src\auto_select_stock\predict\data.py:76: RuntimeWarning: invalid value encountered in divide
  result["bb_position"] = np.where(bb_upper != bb_lower, (close - bb_lower) / (bb_upper - bb_lower), 0.5)
Collect signals 1083/3317:  33%|¨€¨€¨€¨†      | 1082/3317 [55:15<1:58:33,  3.18s/stock]Collect signals 1083/3317:  33%|¨€¨€¨€¨†      | 1083/3317 [55:15<1:55:34,  3.10s/stock]D:\Projects\auto-select-stock\src\auto_select_stock\predict\data.py:76: RuntimeWarning: invalid value encountered in divide
  result["bb_position"] = np.where(bb_upper != bb_lower, (close - bb_lower) / (bb_upper - bb_lower), 0.5)
Collect signals 1084/3317:  33%|¨€¨€¨€¨†      | 1083/3317 [55:18<1:55:34,  3.10s/stock]Collect signals 1084/3317:  33%|¨€¨€¨€¨†      | 1084/3317 [55:18<1:58:53,  3.19s/stock]D:\Projects\auto-select-stock\src\auto_select_stock\predict\data.py:76: RuntimeWarning: invalid value encountered in divide
  result["bb_position"] = np.where(bb_upper != bb_lower, (close - bb_lower) / (bb_upper - bb_lower), 0.5)
Collect signals 1085/3317:  33%|¨€¨€¨€¨†      | 1084/3317 [55:22<1:58:53,  3.19s/stock]Collect signals 1085/3317:  33%|¨€¨€¨€¨†      | 1085/3317 [55:22<2:01:08,  3.26s/stock]D:\Projects\auto-select-stock\src\auto_select_stock\predict\data.py:76: RuntimeWarning: invalid value encountered in divide
  result["bb_position"] = np.where(bb_upper != bb_lower, (close - bb_lower) / (bb_upper - bb_lower), 0.5)
Collect signals 1086/3317:  33%|¨€¨€¨€¨†      | 1085/3317 [55:24<2:01:08,  3.26s/stock]Collect signals 1086/3317:  33%|¨€¨€¨€¨†      | 1086/3317 [55:24<1:54:45,  3.09s/stock]D:\Projects\auto-select-stock\src\auto_select_stock\predict\data.py:76: RuntimeWarning: invalid value encountered in divide
  result["bb_position"] = np.where(bb_upper != bb_lower, (close - bb_lower) / (bb_upper - bb_lower), 0.5)
Collect signals 1087/3317:  33%|¨€¨€¨€¨†      | 1086/3317 [55:27<1:54:45,  3.09s/stock]Collect signals 1087/3317:  33%|¨€¨€¨€¨†      | 1087/3317 [55:27<1:54:40,  3.09s/stock]D:\Projects\auto-select-stock\src\auto_select_stock\predict\data.py:76: RuntimeWarning: invalid value encountered in divide
  result["bb_position"] = np.where(bb_upper != bb_lower, (close - bb_lower) / (bb_upper - bb_lower), 0.5)
Collect signals 1088/3317:  33%|¨€¨€¨€¨†      | 1087/3317 [55:30<1:54:40,  3.09s/stock]Collect signals 1088/3317:  33%|¨€¨€¨€¨†      | 1088/3317 [55:30<1:51:43,  3.01s/stock]D:\Projects\auto-select-stock\src\auto_select_stock\predict\data.py:76: RuntimeWarning: invalid value encountered in divide
  result["bb_position"] = np.where(bb_upper != bb_lower, (close - bb_lower) / (bb_upper - bb_lower), 0.5)
Collect signals 1089/3317:  33%|¨€¨€¨€¨†      | 1088/3317 [55:33<1:51:43,  3.01s/stock]Collect signals 1089/3317:  33%|¨€¨€¨€¨†      | 1089/3317 [55:33<1:52:23,  3.03s/stock]D:\Projects\auto-select-stock\src\auto_select_stock\predict\data.py:76: RuntimeWarning: invalid value encountered in divide
  result["bb_position"] = np.where(bb_upper != bb_lower, (close - bb_lower) / (bb_upper - bb_lower), 0.5)
Collect signals 1090/3317:  33%|¨€¨€¨€¨†      | 1089/3317 [55:36<1:52:23,  3.03s/stock]Collect signals 1090/3317:  33%|¨€¨€¨€¨†      | 1090/3317 [55:36<1:49:53,  2.96s/stock]D:\Projects\auto-select-stock\src\auto_select_stock\predict\data.py:76: RuntimeWarning: invalid value encountered in divide
  result["bb_position"] = np.where(bb_upper != bb_lower, (close - bb_lower) / (bb_upper - bb_lower), 0.5)
Collect signals 1091/3317:  33%|¨€¨€¨€¨†      | 1090/3317 [55:39<1:49:53,  2.96s/stock]Collect signals 1091/3317:  33%|¨€¨€¨€¨†      | 1091/3317 [55:39<1:50:56,  2.99s/stock]D:\Projects\auto-select-stock\src\auto_select_stock\predict\data.py:76: RuntimeWarning: invalid value encountered in divide
  result["bb_position"] = np.where(bb_upper != bb_lower, (close - bb_lower) / (bb_upper - bb_lower), 0.5)
Collect signals 1092/3317:  33%|¨€¨€¨€¨†      | 1091/3317 [55:42<1:50:56,  2.99s/stock]Collect signals 1092/3317:  33%|¨€¨€¨€¨†      | 1092/3317 [55:42<1:52:37,  3.04s/stock]D:\Projects\auto-select-stock\src\auto_select_stock\predict\data.py:76: RuntimeWarning: invalid value encountered in divide
  result["bb_position"] = np.where(bb_upper != bb_lower, (close - bb_lower) / (bb_upper - bb_lower), 0.5)
Collect signals 1093/3317:  33%|¨€¨€¨€¨†      | 1092/3317 [55:45<1:52:37,  3.04s/stock]Collect signals 1093/3317:  33%|¨€¨€¨€¨†      | 1093/3317 [55:45<1:51:12,  3.00s/stock]D:\Projects\auto-select-stock\src\auto_select_stock\predict\data.py:76: RuntimeWarning: invalid value encountered in divide
  result["bb_position"] = np.where(bb_upper != bb_lower, (close - bb_lower) / (bb_upper - bb_lower), 0.5)
Collect signals 1094/3317:  33%|¨€¨€¨€¨†      | 1093/3317 [55:49<1:51:12,  3.00s/stock]Collect signals 1094/3317:  33%|¨€¨€¨€¨†      | 1094/3317 [55:49<1:57:39,  3.18s/stock]D:\Projects\auto-select-stock\src\auto_select_stock\predict\data.py:76: RuntimeWarning: invalid value encountered in divide
  result["bb_position"] = np.where(bb_upper != bb_lower, (close - bb_lower) / (bb_upper - bb_lower), 0.5)
Collect signals 1095/3317:  33%|¨€¨€¨€¨†      | 1094/3317 [55:52<1:57:39,  3.18s/stock]Collect signals 1095/3317:  33%|¨€¨€¨€¨†      | 1095/3317 [55:52<1:57:12,  3.16s/stock]D:\Projects\auto-select-stock\src\auto_select_stock\predict\data.py:76: RuntimeWarning: invalid value encountered in divide
  result["bb_position"] = np.where(bb_upper != bb_lower, (close - bb_lower) / (bb_upper - bb_lower), 0.5)
Collect signals 1096/3317:  33%|¨€¨€¨€¨†      | 1095/3317 [55:56<1:57:12,  3.16s/stock]Collect signals 1096/3317:  33%|¨€¨€¨€¨†      | 1096/3317 [55:56<2:02:00,  3.30s/stock]D:\Projects\auto-select-stock\src\auto_select_stock\predict\data.py:76: RuntimeWarning: invalid value encountered in divide
  result["bb_position"] = np.where(bb_upper != bb_lower, (close - bb_lower) / (bb_upper - bb_lower), 0.5)
Collect signals 1097/3317:  33%|¨€¨€¨€¨†      | 1096/3317 [55:59<2:02:00,  3.30s/stock]Collect signals 1097/3317:  33%|¨€¨€¨€¨†      | 1097/3317 [55:59<1:58:06,  3.19s/stock]D:\Projects\auto-select-stock\src\auto_select_stock\predict\data.py:76: RuntimeWarning: invalid value encountered in divide
  result["bb_position"] = np.where(bb_upper != bb_lower, (close - bb_lower) / (bb_upper - bb_lower), 0.5)
Collect signals 1098/3317:  33%|¨€¨€¨€¨†      | 1097/3317 [56:02<1:58:06,  3.19s/stock]Collect signals 1098/3317:  33%|¨€¨€¨€¨†      | 1098/3317 [56:02<2:01:13,  3.28s/stock]D:\Projects\auto-select-stock\src\auto_select_stock\predict\data.py:76: RuntimeWarning: invalid value encountered in divide
  result["bb_position"] = np.where(bb_upper != bb_lower, (close - bb_lower) / (bb_upper - bb_lower), 0.5)
Collect signals 1099/3317:  33%|¨€¨€¨€¨†      | 1098/3317 [56:05<2:01:13,  3.28s/stock]Collect signals 1099/3317:  33%|¨€¨€¨€¨†      | 1099/3317 [56:05<1:58:34,  3.21s/stock]D:\Projects\auto-select-stock\src\auto_select_stock\predict\data.py:76: RuntimeWarning: invalid value encountered in divide
  result["bb_position"] = np.where(bb_upper != bb_lower, (close - bb_lower) / (bb_upper - bb_lower), 0.5)
Collect signals 1100/3317:  33%|¨€¨€¨€¨†      | 1099/3317 [56:09<1:58:34,  3.21s/stock]Collect signals 1100/3317:  33%|¨€¨€¨€¨†      | 1100/3317 [56:09<2:01:13,  3.28s/stock]D:\Projects\auto-select-stock\src\auto_select_stock\predict\data.py:76: RuntimeWarning: invalid value encountered in divide
  result["bb_position"] = np.where(bb_upper != bb_lower, (close - bb_lower) / (bb_upper - bb_lower), 0.5)
Collect signals 1101/3317:  33%|¨€¨€¨€¨†      | 1100/3317 [56:12<2:01:13,  3.28s/stock]Collect signals 1101/3317:  33%|¨€¨€¨€¨†      | 1101/3317 [56:12<2:03:49,  3.35s/stock]D:\Projects\auto-select-stock\src\auto_select_stock\predict\data.py:76: RuntimeWarning: invalid value encountered in divide
  result["bb_position"] = np.where(bb_upper != bb_lower, (close - bb_lower) / (bb_upper - bb_lower), 0.5)
Collect signals 1102/3317:  33%|¨€¨€¨€¨†      | 1101/3317 [56:15<2:03:49,  3.35s/stock]Collect signals 1102/3317:  33%|¨€¨€¨€¨†      | 1102/3317 [56:15<1:59:35,  3.24s/stock]D:\Projects\auto-select-stock\src\auto_select_stock\predict\data.py:76: RuntimeWarning: invalid value encountered in divide
  result["bb_position"] = np.where(bb_upper != bb_lower, (close - bb_lower) / (bb_upper - bb_lower), 0.5)
Collect signals 1103/3317:  33%|¨€¨€¨€¨†      | 1102/3317 [56:19<1:59:35,  3.24s/stock]Collect signals 1103/3317:  33%|¨€¨€¨€¨†      | 1103/3317 [56:19<2:03:05,  3.34s/stock]D:\Projects\auto-select-stock\src\auto_select_stock\predict\data.py:76: RuntimeWarning: invalid value encountered in divide
  result["bb_position"] = np.where(bb_upper != bb_lower, (close - bb_lower) / (bb_upper - bb_lower), 0.5)
Collect signals 1104/3317:  33%|¨€¨€¨€¨†      | 1103/3317 [56:22<2:03:05,  3.34s/stock]Collect signals 1104/3317:  33%|¨€¨€¨€¨†      | 1104/3317 [56:22<1:59:44,  3.25s/stock]D:\Projects\auto-select-stock\src\auto_select_stock\predict\data.py:76: RuntimeWarning: invalid value encountered in divide
  result["bb_position"] = np.where(bb_upper != bb_lower, (close - bb_lower) / (bb_upper - bb_lower), 0.5)
Collect signals 1105/3317:  33%|¨€¨€¨€¨†      | 1104/3317 [56:25<1:59:44,  3.25s/stock]Collect signals 1105/3317:  33%|¨€¨€¨€¨†      | 1105/3317 [56:25<2:02:57,  3.34s/stock]D:\Projects\auto-select-stock\src\auto_select_stock\predict\data.py:76: RuntimeWarning: invalid value encountered in divide
  result["bb_position"] = np.where(bb_upper != bb_lower, (close - bb_lower) / (bb_upper - bb_lower), 0.5)
Collect signals 1106/3317:  33%|¨€¨€¨€¨†      | 1105/3317 [56:28<2:02:57,  3.34s/stock]Collect signals 1106/3317:  33%|¨€¨€¨€¨†      | 1106/3317 [56:28<1:58:26,  3.21s/stock]D:\Projects\auto-select-stock\src\auto_select_stock\predict\data.py:76: RuntimeWarning: invalid value encountered in divide
  result["bb_position"] = np.where(bb_upper != bb_lower, (close - bb_lower) / (bb_upper - bb_lower), 0.5)
Collect signals 1107/3317:  33%|¨€¨€¨€¨†      | 1106/3317 [56:31<1:58:26,  3.21s/stock]Collect signals 1107/3317:  33%|¨€¨€¨€¨†      | 1107/3317 [56:31<2:00:17,  3.27s/stock]D:\Projects\auto-select-stock\src\auto_select_stock\predict\data.py:76: RuntimeWarning: invalid value encountered in divide
  result["bb_position"] = np.where(bb_upper != bb_lower, (close - bb_lower) / (bb_upper - bb_lower), 0.5)
Collect signals 1108/3317:  33%|¨€¨€¨€¨†      | 1107/3317 [56:35<2:00:17,  3.27s/stock]Collect signals 1108/3317:  33%|¨€¨€¨€¨†      | 1108/3317 [56:35<2:01:59,  3.31s/stock]D:\Projects\auto-select-stock\src\auto_select_stock\predict\data.py:76: RuntimeWarning: invalid value encountered in divide
  result["bb_position"] = np.where(bb_upper != bb_lower, (close - bb_lower) / (bb_upper - bb_lower), 0.5)
Collect signals 1109/3317:  33%|¨€¨€¨€¨†      | 1108/3317 [56:38<2:01:59,  3.31s/stock]Collect signals 1109/3317:  33%|¨€¨€¨€¨†      | 1109/3317 [56:38<1:57:43,  3.20s/stock]D:\Projects\auto-select-stock\src\auto_select_stock\predict\data.py:76: RuntimeWarning: invalid value encountered in divide
  result["bb_position"] = np.where(bb_upper != bb_lower, (close - bb_lower) / (bb_upper - bb_lower), 0.5)
Collect signals 1110/3317:  33%|¨€¨€¨€¨†      | 1109/3317 [56:41<1:57:43,  3.20s/stock]Collect signals 1110/3317:  33%|¨€¨€¨€¨†      | 1110/3317 [56:41<1:59:19,  3.24s/stock]D:\Projects\auto-select-stock\src\auto_select_stock\predict\data.py:76: RuntimeWarning: invalid value encountered in divide
  result["bb_position"] = np.where(bb_upper != bb_lower, (close - bb_lower) / (bb_upper - bb_lower), 0.5)
Collect signals 1111/3317:  33%|¨€¨€¨€¨†      | 1110/3317 [56:44<1:59:19,  3.24s/stock]Collect signals 1111/3317:  33%|¨€¨€¨€¨†      | 1111/3317 [56:44<1:55:51,  3.15s/stock]D:\Projects\auto-select-stock\src\auto_select_stock\predict\data.py:76: RuntimeWarning: invalid value encountered in divide
  result["bb_position"] = np.where(bb_upper != bb_lower, (close - bb_lower) / (bb_upper - bb_lower), 0.5)
Collect signals 1112/3317:  33%|¨€¨€¨€¨†      | 1111/3317 [56:48<1:55:51,  3.15s/stock]Collect signals 1112/3317:  34%|¨€¨€¨€¨†      | 1112/3317 [56:48<2:00:51,  3.29s/stock]D:\Projects\auto-select-stock\src\auto_select_stock\predict\data.py:76: RuntimeWarning: invalid value encountered in divide
  result["bb_position"] = np.where(bb_upper != bb_lower, (close - bb_lower) / (bb_upper - bb_lower), 0.5)
Collect signals 1113/3317:  34%|¨€¨€¨€¨†      | 1112/3317 [56:51<2:00:51,  3.29s/stock]Collect signals 1113/3317:  34%|¨€¨€¨€¨†      | 1113/3317 [56:51<1:57:45,  3.21s/stock]D:\Projects\auto-select-stock\src\auto_select_stock\predict\data.py:76: RuntimeWarning: invalid value encountered in divide
  result["bb_position"] = np.where(bb_upper != bb_lower, (close - bb_lower) / (bb_upper - bb_lower), 0.5)
Collect signals 1114/3317:  34%|¨€¨€¨€¨†      | 1113/3317 [56:54<1:57:45,  3.21s/stock]Collect signals 1114/3317:  34%|¨€¨€¨€¨†      | 1114/3317 [56:54<2:01:07,  3.30s/stock]D:\Projects\auto-select-stock\src\auto_select_stock\predict\data.py:76: RuntimeWarning: invalid value encountered in divide
  result["bb_position"] = np.where(bb_upper != bb_lower, (close - bb_lower) / (bb_upper - bb_lower), 0.5)
Collect signals 1115/3317:  34%|¨€¨€¨€¨†      | 1114/3317 [56:57<2:01:07,  3.30s/stock]Collect signals 1115/3317:  34%|¨€¨€¨€¨†      | 1115/3317 [56:57<1:58:20,  3.22s/stock]D:\Projects\auto-select-stock\src\auto_select_stock\predict\data.py:76: RuntimeWarning: invalid value encountered in divide
  result["bb_position"] = np.where(bb_upper != bb_lower, (close - bb_lower) / (bb_upper - bb_lower), 0.5)
Collect signals 1116/3317:  34%|¨€¨€¨€¨†      | 1115/3317 [57:01<1:58:20,  3.22s/stock]Collect signals 1116/3317:  34%|¨€¨€¨€¨†      | 1116/3317 [57:01<2:00:26,  3.28s/stock]D:\Projects\auto-select-stock\src\auto_select_stock\predict\data.py:76: RuntimeWarning: invalid value encountered in divide
  result["bb_position"] = np.where(bb_upper != bb_lower, (close - bb_lower) / (bb_upper - bb_lower), 0.5)
Collect signals 1117/3317:  34%|¨€¨€¨€¨†      | 1116/3317 [57:04<2:00:26,  3.28s/stock]Collect signals 1117/3317:  34%|¨€¨€¨€¨†      | 1117/3317 [57:04<2:01:30,  3.31s/stock]D:\Projects\auto-select-stock\src\auto_select_stock\predict\data.py:76: RuntimeWarning: invalid value encountered in divide
  result["bb_position"] = np.where(bb_upper != bb_lower, (close - bb_lower) / (bb_upper - bb_lower), 0.5)
Collect signals 1118/3317:  34%|¨€¨€¨€¨†      | 1117/3317 [57:07<2:01:30,  3.31s/stock]Collect signals 1118/3317:  34%|¨€¨€¨€¨†      | 1118/3317 [57:07<1:58:41,  3.24s/stock]D:\Projects\auto-select-stock\src\auto_select_stock\predict\data.py:76: RuntimeWarning: invalid value encountered in divide
  result["bb_position"] = np.where(bb_upper != bb_lower, (close - bb_lower) / (bb_upper - bb_lower), 0.5)
Collect signals 1119/3317:  34%|¨€¨€¨€¨†      | 1118/3317 [57:11<1:58:41,  3.24s/stock]Collect signals 1119/3317:  34%|¨€¨€¨€¨†      | 1119/3317 [57:11<2:01:00,  3.30s/stock]D:\Projects\auto-select-stock\src\auto_select_stock\predict\data.py:76: RuntimeWarning: invalid value encountered in divide
  result["bb_position"] = np.where(bb_upper != bb_lower, (close - bb_lower) / (bb_upper - bb_lower), 0.5)
Collect signals 1120/3317:  34%|¨€¨€¨€¨†      | 1119/3317 [57:14<2:01:00,  3.30s/stock]Collect signals 1120/3317:  34%|¨€¨€¨€¨…      | 1120/3317 [57:14<1:58:53,  3.25s/stock]D:\Projects\auto-select-stock\src\auto_select_stock\predict\data.py:76: RuntimeWarning: invalid value encountered in divide
  result["bb_position"] = np.where(bb_upper != bb_lower, (close - bb_lower) / (bb_upper - bb_lower), 0.5)
Collect signals 1121/3317:  34%|¨€¨€¨€¨…      | 1120/3317 [57:17<1:58:53,  3.25s/stock]Collect signals 1121/3317:  34%|¨€¨€¨€¨…      | 1121/3317 [57:17<2:00:33,  3.29s/stock]D:\Projects\auto-select-stock\src\auto_select_stock\predict\data.py:76: RuntimeWarning: invalid value encountered in divide
  result["bb_position"] = np.where(bb_upper != bb_lower, (close - bb_lower) / (bb_upper - bb_lower), 0.5)
Collect signals 1122/3317:  34%|¨€¨€¨€¨…      | 1121/3317 [57:20<2:00:33,  3.29s/stock]Collect signals 1122/3317:  34%|¨€¨€¨€¨…      | 1122/3317 [57:20<1:58:12,  3.23s/stock]D:\Projects\auto-select-stock\src\auto_select_stock\predict\data.py:76: RuntimeWarning: invalid value encountered in divide
  result["bb_position"] = np.where(bb_upper != bb_lower, (close - bb_lower) / (bb_upper - bb_lower), 0.5)
Collect signals 1123/3317:  34%|¨€¨€¨€¨…      | 1122/3317 [57:24<1:58:12,  3.23s/stock]Collect signals 1123/3317:  34%|¨€¨€¨€¨…      | 1123/3317 [57:24<2:00:45,  3.30s/stock]D:\Projects\auto-select-stock\src\auto_select_stock\predict\data.py:76: RuntimeWarning: invalid value encountered in divide
  result["bb_position"] = np.where(bb_upper != bb_lower, (close - bb_lower) / (bb_upper - bb_lower), 0.5)
Collect signals 1124/3317:  34%|¨€¨€¨€¨…      | 1123/3317 [57:27<2:00:45,  3.30s/stock]Collect signals 1124/3317:  34%|¨€¨€¨€¨…      | 1124/3317 [57:27<1:57:47,  3.22s/stock]D:\Projects\auto-select-stock\src\auto_select_stock\predict\data.py:76: RuntimeWarning: invalid value encountered in divide
  result["bb_position"] = np.where(bb_upper != bb_lower, (close - bb_lower) / (bb_upper - bb_lower), 0.5)
Collect signals 1125/3317:  34%|¨€¨€¨€¨…      | 1124/3317 [57:30<1:57:47,  3.22s/stock]Collect signals 1125/3317:  34%|¨€¨€¨€¨…      | 1125/3317 [57:30<1:58:49,  3.25s/stock]D:\Projects\auto-select-stock\src\auto_select_stock\predict\data.py:76: RuntimeWarning: invalid value encountered in divide
  result["bb_position"] = np.where(bb_upper != bb_lower, (close - bb_lower) / (bb_upper - bb_lower), 0.5)
Collect signals 1126/3317:  34%|¨€¨€¨€¨…      | 1125/3317 [57:34<1:58:49,  3.25s/stock]Collect signals 1126/3317:  34%|¨€¨€¨€¨…      | 1126/3317 [57:34<2:03:42,  3.39s/stock]D:\Projects\auto-select-stock\src\auto_select_stock\predict\data.py:76: RuntimeWarning: invalid value encountered in divide
  result["bb_position"] = np.where(bb_upper != bb_lower, (close - bb_lower) / (bb_upper - bb_lower), 0.5)
Collect signals 1127/3317:  34%|¨€¨€¨€¨…      | 1126/3317 [57:37<2:03:42,  3.39s/stock]Collect signals 1127/3317:  34%|¨€¨€¨€¨…      | 1127/3317 [57:37<2:00:59,  3.31s/stock]D:\Projects\auto-select-stock\src\auto_select_stock\predict\data.py:76: RuntimeWarning: invalid value encountered in divide
  result["bb_position"] = np.where(bb_upper != bb_lower, (close - bb_lower) / (bb_upper - bb_lower), 0.5)
Collect signals 1128/3317:  34%|¨€¨€¨€¨…      | 1127/3317 [57:40<2:00:59,  3.31s/stock]Collect signals 1128/3317:  34%|¨€¨€¨€¨…      | 1128/3317 [57:40<2:03:01,  3.37s/stock]D:\Projects\auto-select-stock\src\auto_select_stock\predict\data.py:76: RuntimeWarning: invalid value encountered in divide
  result["bb_position"] = np.where(bb_upper != bb_lower, (close - bb_lower) / (bb_upper - bb_lower), 0.5)
Collect signals 1129/3317:  34%|¨€¨€¨€¨…      | 1128/3317 [57:43<2:03:01,  3.37s/stock]Collect signals 1129/3317:  34%|¨€¨€¨€¨…      | 1129/3317 [57:43<1:59:34,  3.28s/stock]D:\Projects\auto-select-stock\src\auto_select_stock\predict\data.py:76: RuntimeWarning: invalid value encountered in divide
  result["bb_position"] = np.where(bb_upper != bb_lower, (close - bb_lower) / (bb_upper - bb_lower), 0.5)
Collect signals 1130/3317:  34%|¨€¨€¨€¨…      | 1129/3317 [57:47<1:59:34,  3.28s/stock]Collect signals 1130/3317:  34%|¨€¨€¨€¨…      | 1130/3317 [57:47<2:01:11,  3.32s/stock]D:\Projects\auto-select-stock\src\auto_select_stock\predict\data.py:76: RuntimeWarning: invalid value encountered in divide
  result["bb_position"] = np.where(bb_upper != bb_lower, (close - bb_lower) / (bb_upper - bb_lower), 0.5)
Collect signals 1131/3317:  34%|¨€¨€¨€¨…      | 1130/3317 [57:50<2:01:11,  3.32s/stock]Collect signals 1131/3317:  34%|¨€¨€¨€¨…      | 1131/3317 [57:50<1:57:41,  3.23s/stock]D:\Projects\auto-select-stock\src\auto_select_stock\predict\data.py:76: RuntimeWarning: invalid value encountered in divide
  result["bb_position"] = np.where(bb_upper != bb_lower, (close - bb_lower) / (bb_upper - bb_lower), 0.5)
Collect signals 1132/3317:  34%|¨€¨€¨€¨…      | 1131/3317 [57:53<1:57:41,  3.23s/stock]Collect signals 1132/3317:  34%|¨€¨€¨€¨…      | 1132/3317 [57:53<1:59:29,  3.28s/stock]D:\Projects\auto-select-stock\src\auto_select_stock\predict\data.py:76: RuntimeWarning: invalid value encountered in divide
  result["bb_position"] = np.where(bb_upper != bb_lower, (close - bb_lower) / (bb_upper - bb_lower), 0.5)
Collect signals 1133/3317:  34%|¨€¨€¨€¨…      | 1132/3317 [57:56<1:59:29,  3.28s/stock]Collect signals 1133/3317:  34%|¨€¨€¨€¨…      | 1133/3317 [57:56<1:56:13,  3.19s/stock]D:\Projects\auto-select-stock\src\auto_select_stock\predict\data.py:76: RuntimeWarning: invalid value encountered in divide
  result["bb_position"] = np.where(bb_upper != bb_lower, (close - bb_lower) / (bb_upper - bb_lower), 0.5)
Collect signals 1134/3317:  34%|¨€¨€¨€¨…      | 1133/3317 [58:00<1:56:13,  3.19s/stock]Collect signals 1134/3317:  34%|¨€¨€¨€¨…      | 1134/3317 [58:00<1:58:26,  3.26s/stock]D:\Projects\auto-select-stock\src\auto_select_stock\predict\data.py:76: RuntimeWarning: invalid value encountered in divide
  result["bb_position"] = np.where(bb_upper != bb_lower, (close - bb_lower) / (bb_upper - bb_lower), 0.5)
Collect signals 1135/3317:  34%|¨€¨€¨€¨…      | 1134/3317 [58:03<1:58:26,  3.26s/stock]Collect signals 1135/3317:  34%|¨€¨€¨€¨…      | 1135/3317 [58:03<2:00:07,  3.30s/stock]D:\Projects\auto-select-stock\src\auto_select_stock\predict\data.py:76: RuntimeWarning: invalid value encountered in divide
  result["bb_position"] = np.where(bb_upper != bb_lower, (close - bb_lower) / (bb_upper - bb_lower), 0.5)
Collect signals 1136/3317:  34%|¨€¨€¨€¨…      | 1135/3317 [58:06<2:00:07,  3.30s/stock]Collect signals 1136/3317:  34%|¨€¨€¨€¨…      | 1136/3317 [58:06<1:58:17,  3.25s/stock]D:\Projects\auto-select-stock\src\auto_select_stock\predict\data.py:76: RuntimeWarning: invalid value encountered in divide
  result["bb_position"] = np.where(bb_upper != bb_lower, (close - bb_lower) / (bb_upper - bb_lower), 0.5)
Collect signals 1137/3317:  34%|¨€¨€¨€¨…      | 1136/3317 [58:10<1:58:17,  3.25s/stock]Collect signals 1137/3317:  34%|¨€¨€¨€¨…      | 1137/3317 [58:10<1:59:39,  3.29s/stock]D:\Projects\auto-select-stock\src\auto_select_stock\predict\data.py:76: RuntimeWarning: invalid value encountered in divide
  result["bb_position"] = np.where(bb_upper != bb_lower, (close - bb_lower) / (bb_upper - bb_lower), 0.5)
Collect signals 1138/3317:  34%|¨€¨€¨€¨…      | 1137/3317 [58:13<1:59:39,  3.29s/stock]Collect signals 1138/3317:  34%|¨€¨€¨€¨…      | 1138/3317 [58:13<1:56:54,  3.22s/stock]D:\Projects\auto-select-stock\src\auto_select_stock\predict\data.py:76: RuntimeWarning: invalid value encountered in divide
  result["bb_position"] = np.where(bb_upper != bb_lower, (close - bb_lower) / (bb_upper - bb_lower), 0.5)
Collect signals 1139/3317:  34%|¨€¨€¨€¨…      | 1138/3317 [58:16<1:56:54,  3.22s/stock]Collect signals 1139/3317:  34%|¨€¨€¨€¨…      | 1139/3317 [58:16<1:58:26,  3.26s/stock]D:\Projects\auto-select-stock\src\auto_select_stock\predict\data.py:76: RuntimeWarning: invalid value encountered in divide
  result["bb_position"] = np.where(bb_upper != bb_lower, (close - bb_lower) / (bb_upper - bb_lower), 0.5)
Collect signals 1140/3317:  34%|¨€¨€¨€¨…      | 1139/3317 [58:19<1:58:26,  3.26s/stock]Collect signals 1140/3317:  34%|¨€¨€¨€¨…      | 1140/3317 [58:19<1:55:06,  3.17s/stock]D:\Projects\auto-select-stock\src\auto_select_stock\predict\data.py:76: RuntimeWarning: invalid value encountered in divide
  result["bb_position"] = np.where(bb_upper != bb_lower, (close - bb_lower) / (bb_upper - bb_lower), 0.5)
Collect signals 1141/3317:  34%|¨€¨€¨€¨…      | 1140/3317 [58:23<1:55:06,  3.17s/stock]Collect signals 1141/3317:  34%|¨€¨€¨€¨…      | 1141/3317 [58:23<1:58:23,  3.26s/stock]D:\Projects\auto-select-stock\src\auto_select_stock\predict\data.py:76: RuntimeWarning: invalid value encountered in divide
  result["bb_position"] = np.where(bb_upper != bb_lower, (close - bb_lower) / (bb_upper - bb_lower), 0.5)
Collect signals 1142/3317:  34%|¨€¨€¨€¨…      | 1141/3317 [58:26<1:58:23,  3.26s/stock]Collect signals 1142/3317:  34%|¨€¨€¨€¨…      | 1142/3317 [58:26<1:55:27,  3.19s/stock]D:\Projects\auto-select-stock\src\auto_select_stock\predict\data.py:76: RuntimeWarning: invalid value encountered in divide
  result["bb_position"] = np.where(bb_upper != bb_lower, (close - bb_lower) / (bb_upper - bb_lower), 0.5)
Collect signals 1143/3317:  34%|¨€¨€¨€¨…      | 1142/3317 [58:30<1:55:27,  3.19s/stock]Collect signals 1143/3317:  34%|¨€¨€¨€¨…      | 1143/3317 [58:30<2:04:13,  3.43s/stock]D:\Projects\auto-select-stock\src\auto_select_stock\predict\data.py:76: RuntimeWarning: invalid value encountered in divide
  result["bb_position"] = np.where(bb_upper != bb_lower, (close - bb_lower) / (bb_upper - bb_lower), 0.5)
Collect signals 1144/3317:  34%|¨€¨€¨€¨…      | 1143/3317 [58:33<2:04:13,  3.43s/stock]Collect signals 1144/3317:  34%|¨€¨€¨€¨…      | 1144/3317 [58:33<2:08:00,  3.53s/stock]D:\Projects\auto-select-stock\src\auto_select_stock\predict\data.py:76: RuntimeWarning: invalid value encountered in divide
  result["bb_position"] = np.where(bb_upper != bb_lower, (close - bb_lower) / (bb_upper - bb_lower), 0.5)
Collect signals 1145/3317:  34%|¨€¨€¨€¨…      | 1144/3317 [58:38<2:08:00,  3.53s/stock]Collect signals 1145/3317:  35%|¨€¨€¨€¨…      | 1145/3317 [58:38<2:15:45,  3.75s/stock]D:\Projects\auto-select-stock\src\auto_select_stock\predict\data.py:76: RuntimeWarning: invalid value encountered in divide
  result["bb_position"] = np.where(bb_upper != bb_lower, (close - bb_lower) / (bb_upper - bb_lower), 0.5)
Collect signals 1146/3317:  35%|¨€¨€¨€¨…      | 1145/3317 [58:41<2:15:45,  3.75s/stock]Collect signals 1146/3317:  35%|¨€¨€¨€¨…      | 1146/3317 [58:41<2:13:57,  3.70s/stock]D:\Projects\auto-select-stock\src\auto_select_stock\predict\data.py:76: RuntimeWarning: invalid value encountered in divide
  result["bb_position"] = np.where(bb_upper != bb_lower, (close - bb_lower) / (bb_upper - bb_lower), 0.5)
Collect signals 1147/3317:  35%|¨€¨€¨€¨…      | 1146/3317 [58:44<2:13:57,  3.70s/stock]Collect signals 1147/3317:  35%|¨€¨€¨€¨…      | 1147/3317 [58:44<2:06:45,  3.50s/stock]D:\Projects\auto-select-stock\src\auto_select_stock\predict\data.py:76: RuntimeWarning: invalid value encountered in divide
  result["bb_position"] = np.where(bb_upper != bb_lower, (close - bb_lower) / (bb_upper - bb_lower), 0.5)
Collect signals 1148/3317:  35%|¨€¨€¨€¨…      | 1147/3317 [58:48<2:06:45,  3.50s/stock]Collect signals 1148/3317:  35%|¨€¨€¨€¨…      | 1148/3317 [58:48<2:05:19,  3.47s/stock]D:\Projects\auto-select-stock\src\auto_select_stock\predict\data.py:76: RuntimeWarning: invalid value encountered in divide
  result["bb_position"] = np.where(bb_upper != bb_lower, (close - bb_lower) / (bb_upper - bb_lower), 0.5)
Collect signals 1149/3317:  35%|¨€¨€¨€¨…      | 1148/3317 [58:51<2:05:19,  3.47s/stock]Collect signals 1149/3317:  35%|¨€¨€¨€¨…      | 1149/3317 [58:51<2:01:53,  3.37s/stock]D:\Projects\auto-select-stock\src\auto_select_stock\predict\data.py:76: RuntimeWarning: invalid value encountered in divide
  result["bb_position"] = np.where(bb_upper != bb_lower, (close - bb_lower) / (bb_upper - bb_lower), 0.5)
Collect signals 1150/3317:  35%|¨€¨€¨€¨…      | 1149/3317 [58:54<2:01:53,  3.37s/stock]Collect signals 1150/3317:  35%|¨€¨€¨€¨…      | 1150/3317 [58:54<2:03:29,  3.42s/stock]D:\Projects\auto-select-stock\src\auto_select_stock\predict\data.py:76: RuntimeWarning: invalid value encountered in divide
  result["bb_position"] = np.where(bb_upper != bb_lower, (close - bb_lower) / (bb_upper - bb_lower), 0.5)
Collect signals 1151/3317:  35%|¨€¨€¨€¨…      | 1150/3317 [58:57<2:03:29,  3.42s/stock]Collect signals 1151/3317:  35%|¨€¨€¨€¨…      | 1151/3317 [58:57<2:00:31,  3.34s/stock]D:\Projects\auto-select-stock\src\auto_select_stock\predict\data.py:76: RuntimeWarning: invalid value encountered in divide
  result["bb_position"] = np.where(bb_upper != bb_lower, (close - bb_lower) / (bb_upper - bb_lower), 0.5)
Collect signals 1152/3317:  35%|¨€¨€¨€¨…      | 1151/3317 [59:01<2:00:31,  3.34s/stock]Collect signals 1152/3317:  35%|¨€¨€¨€¨…      | 1152/3317 [59:01<2:02:35,  3.40s/stock]D:\Projects\auto-select-stock\src\auto_select_stock\predict\data.py:76: RuntimeWarning: invalid value encountered in divide
  result["bb_position"] = np.where(bb_upper != bb_lower, (close - bb_lower) / (bb_upper - bb_lower), 0.5)
Collect signals 1153/3317:  35%|¨€¨€¨€¨…      | 1152/3317 [59:04<2:02:35,  3.40s/stock]Collect signals 1153/3317:  35%|¨€¨€¨€¨…      | 1153/3317 [59:04<2:00:58,  3.35s/stock]D:\Projects\auto-select-stock\src\auto_select_stock\predict\data.py:76: RuntimeWarning: invalid value encountered in divide
  result["bb_position"] = np.where(bb_upper != bb_lower, (close - bb_lower) / (bb_upper - bb_lower), 0.5)
Collect signals 1154/3317:  35%|¨€¨€¨€¨…      | 1153/3317 [59:08<2:00:58,  3.35s/stock]Collect signals 1154/3317:  35%|¨€¨€¨€¨…      | 1154/3317 [59:08<2:04:29,  3.45s/stock]D:\Projects\auto-select-stock\src\auto_select_stock\predict\data.py:76: RuntimeWarning: invalid value encountered in divide
  result["bb_position"] = np.where(bb_upper != bb_lower, (close - bb_lower) / (bb_upper - bb_lower), 0.5)
Collect signals 1155/3317:  35%|¨€¨€¨€¨…      | 1154/3317 [59:11<2:04:29,  3.45s/stock]Collect signals 1155/3317:  35%|¨€¨€¨€¨…      | 1155/3317 [59:11<2:04:57,  3.47s/stock]D:\Projects\auto-select-stock\src\auto_select_stock\predict\data.py:76: RuntimeWarning: invalid value encountered in divide
  result["bb_position"] = np.where(bb_upper != bb_lower, (close - bb_lower) / (bb_upper - bb_lower), 0.5)
Collect signals 1156/3317:  35%|¨€¨€¨€¨…      | 1155/3317 [59:15<2:04:57,  3.47s/stock]Collect signals 1156/3317:  35%|¨€¨€¨€¨…      | 1156/3317 [59:15<2:02:57,  3.41s/stock]D:\Projects\auto-select-stock\src\auto_select_stock\predict\data.py:76: RuntimeWarning: invalid value encountered in divide
  result["bb_position"] = np.where(bb_upper != bb_lower, (close - bb_lower) / (bb_upper - bb_lower), 0.5)
Collect signals 1157/3317:  35%|¨€¨€¨€¨…      | 1156/3317 [59:18<2:02:57,  3.41s/stock]Collect signals 1157/3317:  35%|¨€¨€¨€¨…      | 1157/3317 [59:18<2:06:22,  3.51s/stock]D:\Projects\auto-select-stock\src\auto_select_stock\predict\data.py:76: RuntimeWarning: invalid value encountered in divide
  result["bb_position"] = np.where(bb_upper != bb_lower, (close - bb_lower) / (bb_upper - bb_lower), 0.5)
Collect signals 1158/3317:  35%|¨€¨€¨€¨…      | 1157/3317 [59:22<2:06:22,  3.51s/stock]Collect signals 1158/3317:  35%|¨€¨€¨€¨…      | 1158/3317 [59:22<2:03:54,  3.44s/stock]D:\Projects\auto-select-stock\src\auto_select_stock\predict\data.py:76: RuntimeWarning: invalid value encountered in divide
  result["bb_position"] = np.where(bb_upper != bb_lower, (close - bb_lower) / (bb_upper - bb_lower), 0.5)
Collect signals 1159/3317:  35%|¨€¨€¨€¨…      | 1158/3317 [59:25<2:03:54,  3.44s/stock]Collect signals 1159/3317:  35%|¨€¨€¨€¨…      | 1159/3317 [59:25<2:05:55,  3.50s/stock]D:\Projects\auto-select-stock\src\auto_select_stock\predict\data.py:76: RuntimeWarning: invalid value encountered in divide
  result["bb_position"] = np.where(bb_upper != bb_lower, (close - bb_lower) / (bb_upper - bb_lower), 0.5)
Collect signals 1160/3317:  35%|¨€¨€¨€¨…      | 1159/3317 [59:28<2:05:55,  3.50s/stock]Collect signals 1160/3317:  35%|¨€¨€¨€¨…      | 1160/3317 [59:28<2:01:58,  3.39s/stock]D:\Projects\auto-select-stock\src\auto_select_stock\predict\data.py:76: RuntimeWarning: invalid value encountered in divide
  result["bb_position"] = np.where(bb_upper != bb_lower, (close - bb_lower) / (bb_upper - bb_lower), 0.5)
Collect signals 1161/3317:  35%|¨€¨€¨€¨…      | 1160/3317 [59:32<2:01:58,  3.39s/stock]Collect signals 1161/3317:  35%|¨€¨€¨€¨„      | 1161/3317 [59:32<2:04:15,  3.46s/stock]D:\Projects\auto-select-stock\src\auto_select_stock\predict\data.py:76: RuntimeWarning: invalid value encountered in divide
  result["bb_position"] = np.where(bb_upper != bb_lower, (close - bb_lower) / (bb_upper - bb_lower), 0.5)
Collect signals 1162/3317:  35%|¨€¨€¨€¨„      | 1161/3317 [59:36<2:04:15,  3.46s/stock]Collect signals 1162/3317:  35%|¨€¨€¨€¨„      | 1162/3317 [59:36<2:04:28,  3.47s/stock]D:\Projects\auto-select-stock\src\auto_select_stock\predict\data.py:76: RuntimeWarning: invalid value encountered in divide
  result["bb_position"] = np.where(bb_upper != bb_lower, (close - bb_lower) / (bb_upper - bb_lower), 0.5)
Collect signals 1163/3317:  35%|¨€¨€¨€¨„      | 1162/3317 [59:39<2:04:28,  3.47s/stock]Collect signals 1163/3317:  35%|¨€¨€¨€¨„      | 1163/3317 [59:39<2:01:39,  3.39s/stock]D:\Projects\auto-select-stock\src\auto_select_stock\predict\data.py:76: RuntimeWarning: invalid value encountered in divide
  result["bb_position"] = np.where(bb_upper != bb_lower, (close - bb_lower) / (bb_upper - bb_lower), 0.5)
Collect signals 1164/3317:  35%|¨€¨€¨€¨„      | 1163/3317 [59:42<2:01:39,  3.39s/stock]Collect signals 1164/3317:  35%|¨€¨€¨€¨„      | 1164/3317 [59:42<2:03:48,  3.45s/stock]D:\Projects\auto-select-stock\src\auto_select_stock\predict\data.py:76: RuntimeWarning: invalid value encountered in divide
  result["bb_position"] = np.where(bb_upper != bb_lower, (close - bb_lower) / (bb_upper - bb_lower), 0.5)
Collect signals 1165/3317:  35%|¨€¨€¨€¨„      | 1164/3317 [59:45<2:03:48,  3.45s/stock]Collect signals 1165/3317:  35%|¨€¨€¨€¨„      | 1165/3317 [59:45<2:00:38,  3.36s/stock]D:\Projects\auto-select-stock\src\auto_select_stock\predict\data.py:76: RuntimeWarning: invalid value encountered in divide
  result["bb_position"] = np.where(bb_upper != bb_lower, (close - bb_lower) / (bb_upper - bb_lower), 0.5)
Collect signals 1166/3317:  35%|¨€¨€¨€¨„      | 1165/3317 [59:49<2:00:38,  3.36s/stock]Collect signals 1166/3317:  35%|¨€¨€¨€¨„      | 1166/3317 [59:49<2:03:58,  3.46s/stock]D:\Projects\auto-select-stock\src\auto_select_stock\predict\data.py:76: RuntimeWarning: invalid value encountered in divide
  result["bb_position"] = np.where(bb_upper != bb_lower, (close - bb_lower) / (bb_upper - bb_lower), 0.5)
Collect signals 1167/3317:  35%|¨€¨€¨€¨„      | 1166/3317 [59:52<2:03:58,  3.46s/stock]Collect signals 1167/3317:  35%|¨€¨€¨€¨„      | 1167/3317 [59:52<2:00:04,  3.35s/stock]D:\Projects\auto-select-stock\src\auto_select_stock\predict\data.py:76: RuntimeWarning: invalid value encountered in divide
  result["bb_position"] = np.where(bb_upper != bb_lower, (close - bb_lower) / (bb_upper - bb_lower), 0.5)
Collect signals 1168/3317:  35%|¨€¨€¨€¨„      | 1167/3317 [59:56<2:00:04,  3.35s/stock]Collect signals 1168/3317:  35%|¨€¨€¨€¨„      | 1168/3317 [59:56<2:02:40,  3.43s/stock]D:\Projects\auto-select-stock\src\auto_select_stock\predict\data.py:76: RuntimeWarning: invalid value encountered in divide
  result["bb_position"] = np.where(bb_upper != bb_lower, (close - bb_lower) / (bb_upper - bb_lower), 0.5)
Collect signals 1169/3317:  35%|¨€¨€¨€¨„      | 1168/3317 [59:59<2:02:40,  3.43s/stock]Collect signals 1169/3317:  35%|¨€¨€¨€¨„      | 1169/3317 [59:59<2:00:29,  3.37s/stock]D:\Projects\auto-select-stock\src\auto_select_stock\predict\data.py:76: RuntimeWarning: invalid value encountered in divide
  result["bb_position"] = np.where(bb_upper != bb_lower, (close - bb_lower) / (bb_upper - bb_lower), 0.5)
Collect signals 1170/3317:  35%|¨€¨€¨€¨„      | 1169/3317 [1:00:03<2:00:29,  3.37s/stock]Collect signals 1170/3317:  35%|¨€¨€¨€¨„      | 1170/3317 [1:00:03<2:02:37,  3.43s/stock]D:\Projects\auto-select-stock\src\auto_select_stock\predict\data.py:76: RuntimeWarning: invalid value encountered in divide
  result["bb_position"] = np.where(bb_upper != bb_lower, (close - bb_lower) / (bb_upper - bb_lower), 0.5)
Collect signals 1171/3317:  35%|¨€¨€¨€¨„      | 1170/3317 [1:00:06<2:02:37,  3.43s/stock]Collect signals 1171/3317:  35%|¨€¨€¨€¨„      | 1171/3317 [1:00:06<2:04:42,  3.49s/stock]D:\Projects\auto-select-stock\src\auto_select_stock\predict\data.py:76: RuntimeWarning: invalid value encountered in divide
  result["bb_position"] = np.where(bb_upper != bb_lower, (close - bb_lower) / (bb_upper - bb_lower), 0.5)
Collect signals 1172/3317:  35%|¨€¨€¨€¨„      | 1171/3317 [1:00:09<2:04:42,  3.49s/stock]Collect signals 1172/3317:  35%|¨€¨€¨€¨„      | 1172/3317 [1:00:09<2:00:24,  3.37s/stock]D:\Projects\auto-select-stock\src\auto_select_stock\predict\data.py:76: RuntimeWarning: invalid value encountered in divide
  result["bb_position"] = np.where(bb_upper != bb_lower, (close - bb_lower) / (bb_upper - bb_lower), 0.5)
Collect signals 1173/3317:  35%|¨€¨€¨€¨„      | 1172/3317 [1:00:13<2:00:24,  3.37s/stock]Collect signals 1173/3317:  35%|¨€¨€¨€¨„      | 1173/3317 [1:00:13<2:02:49,  3.44s/stock]D:\Projects\auto-select-stock\src\auto_select_stock\predict\data.py:76: RuntimeWarning: invalid value encountered in divide
  result["bb_position"] = np.where(bb_upper != bb_lower, (close - bb_lower) / (bb_upper - bb_lower), 0.5)
Collect signals 1174/3317:  35%|¨€¨€¨€¨„      | 1173/3317 [1:00:16<2:02:49,  3.44s/stock]Collect signals 1174/3317:  35%|¨€¨€¨€¨„      | 1174/3317 [1:00:16<1:59:36,  3.35s/stock]D:\Projects\auto-select-stock\src\auto_select_stock\predict\data.py:76: RuntimeWarning: invalid value encountered in divide
  result["bb_position"] = np.where(bb_upper != bb_lower, (close - bb_lower) / (bb_upper - bb_lower), 0.5)
Collect signals 1175/3317:  35%|¨€¨€¨€¨„      | 1174/3317 [1:00:20<1:59:36,  3.35s/stock]Collect signals 1175/3317:  35%|¨€¨€¨€¨„      | 1175/3317 [1:00:20<2:02:06,  3.42s/stock]D:\Projects\auto-select-stock\src\auto_select_stock\predict\data.py:76: RuntimeWarning: invalid value encountered in divide
  result["bb_position"] = np.where(bb_upper != bb_lower, (close - bb_lower) / (bb_upper - bb_lower), 0.5)
Collect signals 1176/3317:  35%|¨€¨€¨€¨„      | 1175/3317 [1:00:23<2:02:06,  3.42s/stock]Collect signals 1176/3317:  35%|¨€¨€¨€¨„      | 1176/3317 [1:00:23<1:59:24,  3.35s/stock]D:\Projects\auto-select-stock\src\auto_select_stock\predict\data.py:76: RuntimeWarning: invalid value encountered in divide
  result["bb_position"] = np.where(bb_upper != bb_lower, (close - bb_lower) / (bb_upper - bb_lower), 0.5)
Collect signals 1177/3317:  35%|¨€¨€¨€¨„      | 1176/3317 [1:00:27<1:59:24,  3.35s/stock]Collect signals 1177/3317:  35%|¨€¨€¨€¨„      | 1177/3317 [1:00:27<2:03:06,  3.45s/stock]D:\Projects\auto-select-stock\src\auto_select_stock\predict\data.py:76: RuntimeWarning: invalid value encountered in divide
  result["bb_position"] = np.where(bb_upper != bb_lower, (close - bb_lower) / (bb_upper - bb_lower), 0.5)
Collect signals 1178/3317:  35%|¨€¨€¨€¨„      | 1177/3317 [1:00:30<2:03:06,  3.45s/stock]Collect signals 1178/3317:  36%|¨€¨€¨€¨„      | 1178/3317 [1:00:30<2:00:31,  3.38s/stock]D:\Projects\auto-select-stock\src\auto_select_stock\predict\data.py:76: RuntimeWarning: invalid value encountered in divide
  result["bb_position"] = np.where(bb_upper != bb_lower, (close - bb_lower) / (bb_upper - bb_lower), 0.5)
Collect signals 1179/3317:  36%|¨€¨€¨€¨„      | 1178/3317 [1:00:33<2:00:31,  3.38s/stock]Collect signals 1179/3317:  36%|¨€¨€¨€¨„      | 1179/3317 [1:00:33<2:01:55,  3.42s/stock]D:\Projects\auto-select-stock\src\auto_select_stock\predict\data.py:76: RuntimeWarning: invalid value encountered in divide
  result["bb_position"] = np.where(bb_upper != bb_lower, (close - bb_lower) / (bb_upper - bb_lower), 0.5)
Collect signals 1180/3317:  36%|¨€¨€¨€¨„      | 1179/3317 [1:00:36<2:01:55,  3.42s/stock]Collect signals 1180/3317:  36%|¨€¨€¨€¨„      | 1180/3317 [1:00:36<1:57:56,  3.31s/stock]D:\Projects\auto-select-stock\src\auto_select_stock\predict\data.py:76: RuntimeWarning: invalid value encountered in divide
  result["bb_position"] = np.where(bb_upper != bb_lower, (close - bb_lower) / (bb_upper - bb_lower), 0.5)
Collect signals 1181/3317:  36%|¨€¨€¨€¨„      | 1180/3317 [1:00:40<1:57:56,  3.31s/stock]Collect signals 1181/3317:  36%|¨€¨€¨€¨„      | 1181/3317 [1:00:40<2:02:38,  3.45s/stock]D:\Projects\auto-select-stock\src\auto_select_stock\predict\data.py:76: RuntimeWarning: invalid value encountered in divide
  result["bb_position"] = np.where(bb_upper != bb_lower, (close - bb_lower) / (bb_upper - bb_lower), 0.5)
Collect signals 1182/3317:  36%|¨€¨€¨€¨„      | 1181/3317 [1:00:44<2:02:38,  3.45s/stock]Collect signals 1182/3317:  36%|¨€¨€¨€¨„      | 1182/3317 [1:00:44<2:11:25,  3.69s/stock]D:\Projects\auto-select-stock\src\auto_select_stock\predict\data.py:76: RuntimeWarning: invalid value encountered in divide
  result["bb_position"] = np.where(bb_upper != bb_lower, (close - bb_lower) / (bb_upper - bb_lower), 0.5)
Collect signals 1183/3317:  36%|¨€¨€¨€¨„      | 1182/3317 [1:00:48<2:11:25,  3.69s/stock]Collect signals 1183/3317:  36%|¨€¨€¨€¨„      | 1183/3317 [1:00:48<2:06:43,  3.56s/stock]D:\Projects\auto-select-stock\src\auto_select_stock\predict\data.py:76: RuntimeWarning: invalid value encountered in divide
  result["bb_position"] = np.where(bb_upper != bb_lower, (close - bb_lower) / (bb_upper - bb_lower), 0.5)
Collect signals 1184/3317:  36%|¨€¨€¨€¨„      | 1183/3317 [1:00:51<2:06:43,  3.56s/stock]Collect signals 1184/3317:  36%|¨€¨€¨€¨„      | 1184/3317 [1:00:51<2:09:02,  3.63s/stock]D:\Projects\auto-select-stock\src\auto_select_stock\predict\data.py:76: RuntimeWarning: invalid value encountered in divide
  result["bb_position"] = np.where(bb_upper != bb_lower, (close - bb_lower) / (bb_upper - bb_lower), 0.5)
Collect signals 1185/3317:  36%|¨€¨€¨€¨„      | 1184/3317 [1:00:55<2:09:02,  3.63s/stock]Collect signals 1185/3317:  36%|¨€¨€¨€¨„      | 1185/3317 [1:00:55<2:05:15,  3.53s/stock]D:\Projects\auto-select-stock\src\auto_select_stock\predict\data.py:76: RuntimeWarning: invalid value encountered in divide
  result["bb_position"] = np.where(bb_upper != bb_lower, (close - bb_lower) / (bb_upper - bb_lower), 0.5)
Collect signals 1186/3317:  36%|¨€¨€¨€¨„      | 1185/3317 [1:00:59<2:05:15,  3.53s/stock]Collect signals 1186/3317:  36%|¨€¨€¨€¨„      | 1186/3317 [1:00:59<2:08:22,  3.61s/stock]D:\Projects\auto-select-stock\src\auto_select_stock\predict\data.py:76: RuntimeWarning: invalid value encountered in divide
  result["bb_position"] = np.where(bb_upper != bb_lower, (close - bb_lower) / (bb_upper - bb_lower), 0.5)
Collect signals 1187/3317:  36%|¨€¨€¨€¨„      | 1186/3317 [1:01:02<2:08:22,  3.61s/stock]Collect signals 1187/3317:  36%|¨€¨€¨€¨„      | 1187/3317 [1:01:02<2:05:14,  3.53s/stock]D:\Projects\auto-select-stock\src\auto_select_stock\predict\data.py:76: RuntimeWarning: invalid value encountered in divide
  result["bb_position"] = np.where(bb_upper != bb_lower, (close - bb_lower) / (bb_upper - bb_lower), 0.5)
Collect signals 1188/3317:  36%|¨€¨€¨€¨„      | 1187/3317 [1:01:06<2:05:14,  3.53s/stock]Collect signals 1188/3317:  36%|¨€¨€¨€¨„      | 1188/3317 [1:01:06<2:10:43,  3.68s/stock]D:\Projects\auto-select-stock\src\auto_select_stock\predict\data.py:76: RuntimeWarning: invalid value encountered in divide
  result["bb_position"] = np.where(bb_upper != bb_lower, (close - bb_lower) / (bb_upper - bb_lower), 0.5)
Collect signals 1189/3317:  36%|¨€¨€¨€¨„      | 1188/3317 [1:01:09<2:10:43,  3.68s/stock]Collect signals 1189/3317:  36%|¨€¨€¨€¨„      | 1189/3317 [1:01:09<2:08:38,  3.63s/stock]D:\Projects\auto-select-stock\src\auto_select_stock\predict\data.py:76: RuntimeWarning: invalid value encountered in divide
  result["bb_position"] = np.where(bb_upper != bb_lower, (close - bb_lower) / (bb_upper - bb_lower), 0.5)
Collect signals 1190/3317:  36%|¨€¨€¨€¨„      | 1189/3317 [1:01:13<2:08:38,  3.63s/stock]Collect signals 1190/3317:  36%|¨€¨€¨€¨„      | 1190/3317 [1:01:13<2:12:06,  3.73s/stock]D:\Projects\auto-select-stock\src\auto_select_stock\predict\data.py:76: RuntimeWarning: invalid value encountered in divide
  result["bb_position"] = np.where(bb_upper != bb_lower, (close - bb_lower) / (bb_upper - bb_lower), 0.5)
Collect signals 1191/3317:  36%|¨€¨€¨€¨„      | 1190/3317 [1:01:18<2:12:06,  3.73s/stock]Collect signals 1191/3317:  36%|¨€¨€¨€¨„      | 1191/3317 [1:01:18<2:17:43,  3.89s/stock]D:\Projects\auto-select-stock\src\auto_select_stock\predict\data.py:76: RuntimeWarning: invalid value encountered in divide
  result["bb_position"] = np.where(bb_upper != bb_lower, (close - bb_lower) / (bb_upper - bb_lower), 0.5)
Collect signals 1192/3317:  36%|¨€¨€¨€¨„      | 1191/3317 [1:01:22<2:17:43,  3.89s/stock]Collect signals 1192/3317:  36%|¨€¨€¨€¨„      | 1192/3317 [1:01:22<2:17:32,  3.88s/stock]D:\Projects\auto-select-stock\src\auto_select_stock\predict\data.py:76: RuntimeWarning: invalid value encountered in divide
  result["bb_position"] = np.where(bb_upper != bb_lower, (close - bb_lower) / (bb_upper - bb_lower), 0.5)
Collect signals 1193/3317:  36%|¨€¨€¨€¨„      | 1192/3317 [1:01:26<2:17:32,  3.88s/stock]Collect signals 1193/3317:  36%|¨€¨€¨€¨„      | 1193/3317 [1:01:26<2:22:51,  4.04s/stock]D:\Projects\auto-select-stock\src\auto_select_stock\predict\data.py:76: RuntimeWarning: invalid value encountered in divide
  result["bb_position"] = np.where(bb_upper != bb_lower, (close - bb_lower) / (bb_upper - bb_lower), 0.5)
Collect signals 1194/3317:  36%|¨€¨€¨€¨„      | 1193/3317 [1:01:29<2:22:51,  4.04s/stock]Collect signals 1194/3317:  36%|¨€¨€¨€¨„      | 1194/3317 [1:01:29<2:16:51,  3.87s/stock]D:\Projects\auto-select-stock\src\auto_select_stock\predict\data.py:76: RuntimeWarning: invalid value encountered in divide
  result["bb_position"] = np.where(bb_upper != bb_lower, (close - bb_lower) / (bb_upper - bb_lower), 0.5)
Collect signals 1195/3317:  36%|¨€¨€¨€¨„      | 1194/3317 [1:01:33<2:16:51,  3.87s/stock]Collect signals 1195/3317:  36%|¨€¨€¨€¨„      | 1195/3317 [1:01:33<2:18:46,  3.92s/stock]D:\Projects\auto-select-stock\src\auto_select_stock\predict\data.py:76: RuntimeWarning: invalid value encountered in divide
  result["bb_position"] = np.where(bb_upper != bb_lower, (close - bb_lower) / (bb_upper - bb_lower), 0.5)
Collect signals 1196/3317:  36%|¨€¨€¨€¨„      | 1195/3317 [1:01:37<2:18:46,  3.92s/stock]Collect signals 1196/3317:  36%|¨€¨€¨€¨„      | 1196/3317 [1:01:37<2:15:42,  3.84s/stock]D:\Projects\auto-select-stock\src\auto_select_stock\predict\data.py:76: RuntimeWarning: invalid value encountered in divide
  result["bb_position"] = np.where(bb_upper != bb_lower, (close - bb_lower) / (bb_upper - bb_lower), 0.5)
Collect signals 1197/3317:  36%|¨€¨€¨€¨„      | 1196/3317 [1:01:41<2:15:42,  3.84s/stock]Collect signals 1197/3317:  36%|¨€¨€¨€¨„      | 1197/3317 [1:01:41<2:20:48,  3.99s/stock]D:\Projects\auto-select-stock\src\auto_select_stock\predict\data.py:76: RuntimeWarning: invalid value encountered in divide
  result["bb_position"] = np.where(bb_upper != bb_lower, (close - bb_lower) / (bb_upper - bb_lower), 0.5)
Collect signals 1198/3317:  36%|¨€¨€¨€¨„      | 1197/3317 [1:01:45<2:20:48,  3.99s/stock]Collect signals 1198/3317:  36%|¨€¨€¨€¨„      | 1198/3317 [1:01:45<2:14:46,  3.82s/stock]D:\Projects\auto-select-stock\src\auto_select_stock\predict\data.py:76: RuntimeWarning: invalid value encountered in divide
  result["bb_position"] = np.where(bb_upper != bb_lower, (close - bb_lower) / (bb_upper - bb_lower), 0.5)
Collect signals 1199/3317:  36%|¨€¨€¨€¨„      | 1198/3317 [1:01:49<2:14:46,  3.82s/stock]Collect signals 1199/3317:  36%|¨€¨€¨€¨„      | 1199/3317 [1:01:49<2:20:21,  3.98s/stock]D:\Projects\auto-select-stock\src\auto_select_stock\predict\data.py:76: RuntimeWarning: invalid value encountered in divide
  result["bb_position"] = np.where(bb_upper != bb_lower, (close - bb_lower) / (bb_upper - bb_lower), 0.5)
Collect signals 1200/3317:  36%|¨€¨€¨€¨„      | 1199/3317 [1:01:53<2:20:21,  3.98s/stock]Collect signals 1200/3317:  36%|¨€¨€¨€¨„      | 1200/3317 [1:01:53<2:16:17,  3.86s/stock]D:\Projects\auto-select-stock\src\auto_select_stock\predict\data.py:76: RuntimeWarning: invalid value encountered in divide
  result["bb_position"] = np.where(bb_upper != bb_lower, (close - bb_lower) / (bb_upper - bb_lower), 0.5)
Collect signals 1201/3317:  36%|¨€¨€¨€¨„      | 1200/3317 [1:01:57<2:16:17,  3.86s/stock]Collect signals 1201/3317:  36%|¨€¨€¨€¨„      | 1201/3317 [1:01:57<2:21:29,  4.01s/stock]D:\Projects\auto-select-stock\src\auto_select_stock\predict\data.py:76: RuntimeWarning: invalid value encountered in divide
  result["bb_position"] = np.where(bb_upper != bb_lower, (close - bb_lower) / (bb_upper - bb_lower), 0.5)
Collect signals 1202/3317:  36%|¨€¨€¨€¨„      | 1201/3317 [1:02:01<2:21:29,  4.01s/stock]Collect signals 1202/3317:  36%|¨€¨€¨€¨„      | 1202/3317 [1:02:01<2:24:56,  4.11s/stock]D:\Projects\auto-select-stock\src\auto_select_stock\predict\data.py:76: RuntimeWarning: invalid value encountered in divide
  result["bb_position"] = np.where(bb_upper != bb_lower, (close - bb_lower) / (bb_upper - bb_lower), 0.5)
Collect signals 1203/3317:  36%|¨€¨€¨€¨„      | 1202/3317 [1:02:05<2:24:56,  4.11s/stock]Collect signals 1203/3317:  36%|¨€¨€¨€¨ƒ      | 1203/3317 [1:02:05<2:19:53,  3.97s/stock]D:\Projects\auto-select-stock\src\auto_select_stock\predict\data.py:76: RuntimeWarning: invalid value encountered in divide
  result["bb_position"] = np.where(bb_upper != bb_lower, (close - bb_lower) / (bb_upper - bb_lower), 0.5)
Collect signals 1204/3317:  36%|¨€¨€¨€¨ƒ      | 1203/3317 [1:02:09<2:19:53,  3.97s/stock]Collect signals 1204/3317:  36%|¨€¨€¨€¨ƒ      | 1204/3317 [1:02:09<2:21:59,  4.03s/stock]D:\Projects\auto-select-stock\src\auto_select_stock\predict\data.py:76: RuntimeWarning: invalid value encountered in divide
  result["bb_position"] = np.where(bb_upper != bb_lower, (close - bb_lower) / (bb_upper - bb_lower), 0.5)
Collect signals 1205/3317:  36%|¨€¨€¨€¨ƒ      | 1204/3317 [1:02:13<2:21:59,  4.03s/stock]Collect signals 1205/3317:  36%|¨€¨€¨€¨ƒ      | 1205/3317 [1:02:13<2:18:06,  3.92s/stock]D:\Projects\auto-select-stock\src\auto_select_stock\predict\data.py:76: RuntimeWarning: invalid value encountered in divide
  result["bb_position"] = np.where(bb_upper != bb_lower, (close - bb_lower) / (bb_upper - bb_lower), 0.5)
Collect signals 1206/3317:  36%|¨€¨€¨€¨ƒ      | 1205/3317 [1:02:18<2:18:06,  3.92s/stock]Collect signals 1206/3317:  36%|¨€¨€¨€¨ƒ      | 1206/3317 [1:02:18<2:24:38,  4.11s/stock]D:\Projects\auto-select-stock\src\auto_select_stock\predict\data.py:76: RuntimeWarning: invalid value encountered in divide
  result["bb_position"] = np.where(bb_upper != bb_lower, (close - bb_lower) / (bb_upper - bb_lower), 0.5)
Collect signals 1207/3317:  36%|¨€¨€¨€¨ƒ      | 1206/3317 [1:02:22<2:24:38,  4.11s/stock]Collect signals 1207/3317:  36%|¨€¨€¨€¨ƒ      | 1207/3317 [1:02:22<2:24:05,  4.10s/stock]D:\Projects\auto-select-stock\src\auto_select_stock\predict\data.py:76: RuntimeWarning: invalid value encountered in divide
  result["bb_position"] = np.where(bb_upper != bb_lower, (close - bb_lower) / (bb_upper - bb_lower), 0.5)
Collect signals 1208/3317:  36%|¨€¨€¨€¨ƒ      | 1207/3317 [1:02:26<2:24:05,  4.10s/stock]Collect signals 1208/3317:  36%|¨€¨€¨€¨ƒ      | 1208/3317 [1:02:26<2:26:12,  4.16s/stock]D:\Projects\auto-select-stock\src\auto_select_stock\predict\data.py:76: RuntimeWarning: invalid value encountered in divide
  result["bb_position"] = np.where(bb_upper != bb_lower, (close - bb_lower) / (bb_upper - bb_lower), 0.5)
Collect signals 1209/3317:  36%|¨€¨€¨€¨ƒ      | 1208/3317 [1:02:30<2:26:12,  4.16s/stock]Collect signals 1209/3317:  36%|¨€¨€¨€¨ƒ      | 1209/3317 [1:02:30<2:22:08,  4.05s/stock]D:\Projects\auto-select-stock\src\auto_select_stock\predict\data.py:76: RuntimeWarning: invalid value encountered in divide
  result["bb_position"] = np.where(bb_upper != bb_lower, (close - bb_lower) / (bb_upper - bb_lower), 0.5)
Collect signals 1210/3317:  36%|¨€¨€¨€¨ƒ      | 1209/3317 [1:02:34<2:22:08,  4.05s/stock]Collect signals 1210/3317:  36%|¨€¨€¨€¨ƒ      | 1210/3317 [1:02:34<2:23:05,  4.07s/stock]D:\Projects\auto-select-stock\src\auto_select_stock\predict\data.py:76: RuntimeWarning: invalid value encountered in divide
  result["bb_position"] = np.where(bb_upper != bb_lower, (close - bb_lower) / (bb_upper - bb_lower), 0.5)
Collect signals 1211/3317:  36%|¨€¨€¨€¨ƒ      | 1210/3317 [1:02:38<2:23:05,  4.07s/stock]Collect signals 1211/3317:  37%|¨€¨€¨€¨ƒ      | 1211/3317 [1:02:38<2:24:04,  4.10s/stock]D:\Projects\auto-select-stock\src\auto_select_stock\predict\data.py:76: RuntimeWarning: invalid value encountered in divide
  result["bb_position"] = np.where(bb_upper != bb_lower, (close - bb_lower) / (bb_upper - bb_lower), 0.5)
Collect signals 1212/3317:  37%|¨€¨€¨€¨ƒ      | 1211/3317 [1:02:42<2:24:04,  4.10s/stock]Collect signals 1212/3317:  37%|¨€¨€¨€¨ƒ      | 1212/3317 [1:02:42<2:18:45,  3.95s/stock]D:\Projects\auto-select-stock\src\auto_select_stock\predict\data.py:76: RuntimeWarning: invalid value encountered in divide
  result["bb_position"] = np.where(bb_upper != bb_lower, (close - bb_lower) / (bb_upper - bb_lower), 0.5)
Collect signals 1213/3317:  37%|¨€¨€¨€¨ƒ      | 1212/3317 [1:02:46<2:18:45,  3.95s/stock]Collect signals 1213/3317:  37%|¨€¨€¨€¨ƒ      | 1213/3317 [1:02:46<2:22:05,  4.05s/stock]D:\Projects\auto-select-stock\src\auto_select_stock\predict\data.py:76: RuntimeWarning: invalid value encountered in divide
  result["bb_position"] = np.where(bb_upper != bb_lower, (close - bb_lower) / (bb_upper - bb_lower), 0.5)
Collect signals 1214/3317:  37%|¨€¨€¨€¨ƒ      | 1213/3317 [1:02:49<2:22:05,  4.05s/stock]Collect signals 1214/3317:  37%|¨€¨€¨€¨ƒ      | 1214/3317 [1:02:49<2:17:03,  3.91s/stock]D:\Projects\auto-select-stock\src\auto_select_stock\predict\data.py:76: RuntimeWarning: invalid value encountered in divide
  result["bb_position"] = np.where(bb_upper != bb_lower, (close - bb_lower) / (bb_upper - bb_lower), 0.5)
Collect signals 1215/3317:  37%|¨€¨€¨€¨ƒ      | 1214/3317 [1:02:53<2:17:03,  3.91s/stock]Collect signals 1215/3317:  37%|¨€¨€¨€¨ƒ      | 1215/3317 [1:02:53<2:17:49,  3.93s/stock]D:\Projects\auto-select-stock\src\auto_select_stock\predict\data.py:76: RuntimeWarning: invalid value encountered in divide
  result["bb_position"] = np.where(bb_upper != bb_lower, (close - bb_lower) / (bb_upper - bb_lower), 0.5)
Collect signals 1216/3317:  37%|¨€¨€¨€¨ƒ      | 1215/3317 [1:02:57<2:17:49,  3.93s/stock]Collect signals 1216/3317:  37%|¨€¨€¨€¨ƒ      | 1216/3317 [1:02:57<2:17:17,  3.92s/stock]D:\Projects\auto-select-stock\src\auto_select_stock\predict\data.py:76: RuntimeWarning: invalid value encountered in divide
  result["bb_position"] = np.where(bb_upper != bb_lower, (close - bb_lower) / (bb_upper - bb_lower), 0.5)
Collect signals 1217/3317:  37%|¨€¨€¨€¨ƒ      | 1216/3317 [1:03:02<2:17:17,  3.92s/stock]Collect signals 1217/3317:  37%|¨€¨€¨€¨ƒ      | 1217/3317 [1:03:02<2:21:38,  4.05s/stock]D:\Projects\auto-select-stock\src\auto_select_stock\predict\data.py:76: RuntimeWarning: invalid value encountered in divide
  result["bb_position"] = np.where(bb_upper != bb_lower, (close - bb_lower) / (bb_upper - bb_lower), 0.5)
Collect signals 1218/3317:  37%|¨€¨€¨€¨ƒ      | 1217/3317 [1:03:05<2:21:38,  4.05s/stock]Collect signals 1218/3317:  37%|¨€¨€¨€¨ƒ      | 1218/3317 [1:03:05<2:17:49,  3.94s/stock]D:\Projects\auto-select-stock\src\auto_select_stock\predict\data.py:76: RuntimeWarning: invalid value encountered in divide
  result["bb_position"] = np.where(bb_upper != bb_lower, (close - bb_lower) / (bb_upper - bb_lower), 0.5)
Collect signals 1219/3317:  37%|¨€¨€¨€¨ƒ      | 1218/3317 [1:03:10<2:17:49,  3.94s/stock]Collect signals 1219/3317:  37%|¨€¨€¨€¨ƒ      | 1219/3317 [1:03:10<2:21:15,  4.04s/stock]D:\Projects\auto-select-stock\src\auto_select_stock\predict\data.py:76: RuntimeWarning: invalid value encountered in divide
  result["bb_position"] = np.where(bb_upper != bb_lower, (close - bb_lower) / (bb_upper - bb_lower), 0.5)
Collect signals 1220/3317:  37%|¨€¨€¨€¨ƒ      | 1219/3317 [1:03:13<2:21:15,  4.04s/stock]Collect signals 1220/3317:  37%|¨€¨€¨€¨ƒ      | 1220/3317 [1:03:13<2:15:53,  3.89s/stock]D:\Projects\auto-select-stock\src\auto_select_stock\predict\data.py:76: RuntimeWarning: invalid value encountered in divide
  result["bb_position"] = np.where(bb_upper != bb_lower, (close - bb_lower) / (bb_upper - bb_lower), 0.5)
Collect signals 1221/3317:  37%|¨€¨€¨€¨ƒ      | 1220/3317 [1:03:18<2:15:53,  3.89s/stock]Collect signals 1221/3317:  37%|¨€¨€¨€¨ƒ      | 1221/3317 [1:03:18<2:22:35,  4.08s/stock]D:\Projects\auto-select-stock\src\auto_select_stock\predict\data.py:76: RuntimeWarning: invalid value encountered in divide
  result["bb_position"] = np.where(bb_upper != bb_lower, (close - bb_lower) / (bb_upper - bb_lower), 0.5)
Collect signals 1222/3317:  37%|¨€¨€¨€¨ƒ      | 1221/3317 [1:03:21<2:22:35,  4.08s/stock]Collect signals 1222/3317:  37%|¨€¨€¨€¨ƒ      | 1222/3317 [1:03:21<2:19:19,  3.99s/stock]D:\Projects\auto-select-stock\src\auto_select_stock\predict\data.py:76: RuntimeWarning: invalid value encountered in divide
  result["bb_position"] = np.where(bb_upper != bb_lower, (close - bb_lower) / (bb_upper - bb_lower), 0.5)
Collect signals 1223/3317:  37%|¨€¨€¨€¨ƒ      | 1222/3317 [1:03:26<2:19:19,  3.99s/stock]Collect signals 1223/3317:  37%|¨€¨€¨€¨ƒ      | 1223/3317 [1:03:26<2:20:32,  4.03s/stock]D:\Projects\auto-select-stock\src\auto_select_stock\predict\data.py:76: RuntimeWarning: invalid value encountered in divide
  result["bb_position"] = np.where(bb_upper != bb_lower, (close - bb_lower) / (bb_upper - bb_lower), 0.5)
Collect signals 1224/3317:  37%|¨€¨€¨€¨ƒ      | 1223/3317 [1:03:30<2:20:32,  4.03s/stock]Collect signals 1224/3317:  37%|¨€¨€¨€¨ƒ      | 1224/3317 [1:03:30<2:23:59,  4.13s/stock]D:\Projects\auto-select-stock\src\auto_select_stock\predict\data.py:76: RuntimeWarning: invalid value encountered in divide
  result["bb_position"] = np.where(bb_upper != bb_lower, (close - bb_lower) / (bb_upper - bb_lower), 0.5)
Collect signals 1225/3317:  37%|¨€¨€¨€¨ƒ      | 1224/3317 [1:03:34<2:23:59,  4.13s/stock]Collect signals 1225/3317:  37%|¨€¨€¨€¨ƒ      | 1225/3317 [1:03:34<2:21:08,  4.05s/stock]D:\Projects\auto-select-stock\src\auto_select_stock\predict\data.py:76: RuntimeWarning: invalid value encountered in divide
  result["bb_position"] = np.where(bb_upper != bb_lower, (close - bb_lower) / (bb_upper - bb_lower), 0.5)
Collect signals 1226/3317:  37%|¨€¨€¨€¨ƒ      | 1225/3317 [1:03:38<2:21:08,  4.05s/stock]Collect signals 1226/3317:  37%|¨€¨€¨€¨ƒ      | 1226/3317 [1:03:38<2:22:55,  4.10s/stock]D:\Projects\auto-select-stock\src\auto_select_stock\predict\data.py:76: RuntimeWarning: invalid value encountered in divide
  result["bb_position"] = np.where(bb_upper != bb_lower, (close - bb_lower) / (bb_upper - bb_lower), 0.5)
Collect signals 1227/3317:  37%|¨€¨€¨€¨ƒ      | 1226/3317 [1:03:42<2:22:55,  4.10s/stock]Collect signals 1227/3317:  37%|¨€¨€¨€¨ƒ      | 1227/3317 [1:03:42<2:17:20,  3.94s/stock]D:\Projects\auto-select-stock\src\auto_select_stock\predict\data.py:76: RuntimeWarning: invalid value encountered in divide
  result["bb_position"] = np.where(bb_upper != bb_lower, (close - bb_lower) / (bb_upper - bb_lower), 0.5)
Collect signals 1228/3317:  37%|¨€¨€¨€¨ƒ      | 1227/3317 [1:03:46<2:17:20,  3.94s/stock]Collect signals 1228/3317:  37%|¨€¨€¨€¨ƒ      | 1228/3317 [1:03:46<2:17:15,  3.94s/stock]D:\Projects\auto-select-stock\src\auto_select_stock\predict\data.py:76: RuntimeWarning: invalid value encountered in divide
  result["bb_position"] = np.where(bb_upper != bb_lower, (close - bb_lower) / (bb_upper - bb_lower), 0.5)
Collect signals 1229/3317:  37%|¨€¨€¨€¨ƒ      | 1228/3317 [1:03:49<2:17:15,  3.94s/stock]Collect signals 1229/3317:  37%|¨€¨€¨€¨ƒ      | 1229/3317 [1:03:49<2:11:58,  3.79s/stock]D:\Projects\auto-select-stock\src\auto_select_stock\predict\data.py:76: RuntimeWarning: invalid value encountered in divide
  result["bb_position"] = np.where(bb_upper != bb_lower, (close - bb_lower) / (bb_upper - bb_lower), 0.5)
Collect signals 1230/3317:  37%|¨€¨€¨€¨ƒ      | 1229/3317 [1:03:53<2:11:58,  3.79s/stock]Collect signals 1230/3317:  37%|¨€¨€¨€¨ƒ      | 1230/3317 [1:03:53<2:18:03,  3.97s/stock]D:\Projects\auto-select-stock\src\auto_select_stock\predict\data.py:76: RuntimeWarning: invalid value encountered in divide
  result["bb_position"] = np.where(bb_upper != bb_lower, (close - bb_lower) / (bb_upper - bb_lower), 0.5)
Collect signals 1231/3317:  37%|¨€¨€¨€¨ƒ      | 1230/3317 [1:03:57<2:18:03,  3.97s/stock]Collect signals 1231/3317:  37%|¨€¨€¨€¨ƒ      | 1231/3317 [1:03:57<2:13:58,  3.85s/stock]D:\Projects\auto-select-stock\src\auto_select_stock\predict\data.py:76: RuntimeWarning: invalid value encountered in divide
  result["bb_position"] = np.where(bb_upper != bb_lower, (close - bb_lower) / (bb_upper - bb_lower), 0.5)
Collect signals 1232/3317:  37%|¨€¨€¨€¨ƒ      | 1231/3317 [1:04:01<2:13:58,  3.85s/stock]Collect signals 1232/3317:  37%|¨€¨€¨€¨ƒ      | 1232/3317 [1:04:01<2:12:49,  3.82s/stock]D:\Projects\auto-select-stock\src\auto_select_stock\predict\data.py:76: RuntimeWarning: invalid value encountered in divide
  result["bb_position"] = np.where(bb_upper != bb_lower, (close - bb_lower) / (bb_upper - bb_lower), 0.5)
Collect signals 1233/3317:  37%|¨€¨€¨€¨ƒ      | 1232/3317 [1:04:05<2:12:49,  3.82s/stock]Collect signals 1233/3317:  37%|¨€¨€¨€¨ƒ      | 1233/3317 [1:04:05<2:14:32,  3.87s/stock]D:\Projects\auto-select-stock\src\auto_select_stock\predict\data.py:76: RuntimeWarning: invalid value encountered in divide
  result["bb_position"] = np.where(bb_upper != bb_lower, (close - bb_lower) / (bb_upper - bb_lower), 0.5)
Collect signals 1234/3317:  37%|¨€¨€¨€¨ƒ      | 1233/3317 [1:04:08<2:14:32,  3.87s/stock]Collect signals 1234/3317:  37%|¨€¨€¨€¨ƒ      | 1234/3317 [1:04:08<2:11:53,  3.80s/stock]D:\Projects\auto-select-stock\src\auto_select_stock\predict\data.py:76: RuntimeWarning: invalid value encountered in divide
  result["bb_position"] = np.where(bb_upper != bb_lower, (close - bb_lower) / (bb_upper - bb_lower), 0.5)
Collect signals 1235/3317:  37%|¨€¨€¨€¨ƒ      | 1234/3317 [1:04:12<2:11:53,  3.80s/stock]Collect signals 1235/3317:  37%|¨€¨€¨€¨ƒ      | 1235/3317 [1:04:12<2:14:34,  3.88s/stock]D:\Projects\auto-select-stock\src\auto_select_stock\predict\data.py:76: RuntimeWarning: invalid value encountered in divide
  result["bb_position"] = np.where(bb_upper != bb_lower, (close - bb_lower) / (bb_upper - bb_lower), 0.5)
Collect signals 1236/3317:  37%|¨€¨€¨€¨ƒ      | 1235/3317 [1:04:16<2:14:34,  3.88s/stock]Collect signals 1236/3317:  37%|¨€¨€¨€¨ƒ      | 1236/3317 [1:04:16<2:13:10,  3.84s/stock]D:\Projects\auto-select-stock\src\auto_select_stock\predict\data.py:76: RuntimeWarning: invalid value encountered in divide
  result["bb_position"] = np.where(bb_upper != bb_lower, (close - bb_lower) / (bb_upper - bb_lower), 0.5)
Collect signals 1237/3317:  37%|¨€¨€¨€¨ƒ      | 1236/3317 [1:04:20<2:13:10,  3.84s/stock]Collect signals 1237/3317:  37%|¨€¨€¨€¨ƒ      | 1237/3317 [1:04:20<2:14:26,  3.88s/stock]D:\Projects\auto-select-stock\src\auto_select_stock\predict\data.py:76: RuntimeWarning: invalid value encountered in divide
  result["bb_position"] = np.where(bb_upper != bb_lower, (close - bb_lower) / (bb_upper - bb_lower), 0.5)
Collect signals 1238/3317:  37%|¨€¨€¨€¨ƒ      | 1237/3317 [1:04:24<2:14:26,  3.88s/stock]Collect signals 1238/3317:  37%|¨€¨€¨€¨ƒ      | 1238/3317 [1:04:24<2:12:33,  3.83s/stock]D:\Projects\auto-select-stock\src\auto_select_stock\predict\data.py:76: RuntimeWarning: invalid value encountered in divide
  result["bb_position"] = np.where(bb_upper != bb_lower, (close - bb_lower) / (bb_upper - bb_lower), 0.5)
Collect signals 1239/3317:  37%|¨€¨€¨€¨ƒ      | 1238/3317 [1:04:28<2:12:33,  3.83s/stock]Collect signals 1239/3317:  37%|¨€¨€¨€¨ƒ      | 1239/3317 [1:04:28<2:18:45,  4.01s/stock]D:\Projects\auto-select-stock\src\auto_select_stock\predict\data.py:76: RuntimeWarning: invalid value encountered in divide
  result["bb_position"] = np.where(bb_upper != bb_lower, (close - bb_lower) / (bb_upper - bb_lower), 0.5)
Collect signals 1240/3317:  37%|¨€¨€¨€¨ƒ      | 1239/3317 [1:04:32<2:18:45,  4.01s/stock]Collect signals 1240/3317:  37%|¨€¨€¨€¨ƒ      | 1240/3317 [1:04:32<2:15:54,  3.93s/stock]D:\Projects\auto-select-stock\src\auto_select_stock\predict\data.py:76: RuntimeWarning: invalid value encountered in divide
  result["bb_position"] = np.where(bb_upper != bb_lower, (close - bb_lower) / (bb_upper - bb_lower), 0.5)
Collect signals 1241/3317:  37%|¨€¨€¨€¨ƒ      | 1240/3317 [1:04:36<2:15:54,  3.93s/stock]Collect signals 1241/3317:  37%|¨€¨€¨€¨ƒ      | 1241/3317 [1:04:36<2:19:19,  4.03s/stock]D:\Projects\auto-select-stock\src\auto_select_stock\predict\data.py:76: RuntimeWarning: invalid value encountered in divide
  result["bb_position"] = np.where(bb_upper != bb_lower, (close - bb_lower) / (bb_upper - bb_lower), 0.5)
Collect signals 1242/3317:  37%|¨€¨€¨€¨ƒ      | 1241/3317 [1:04:40<2:19:19,  4.03s/stock]Collect signals 1242/3317:  37%|¨€¨€¨€¨ƒ      | 1242/3317 [1:04:40<2:18:46,  4.01s/stock]D:\Projects\auto-select-stock\src\auto_select_stock\predict\data.py:76: RuntimeWarning: invalid value encountered in divide
  result["bb_position"] = np.where(bb_upper != bb_lower, (close - bb_lower) / (bb_upper - bb_lower), 0.5)
Collect signals 1243/3317:  37%|¨€¨€¨€¨ƒ      | 1242/3317 [1:04:44<2:18:46,  4.01s/stock]Collect signals 1243/3317:  37%|¨€¨€¨€¨ƒ      | 1243/3317 [1:04:44<2:19:48,  4.04s/stock]D:\Projects\auto-select-stock\src\auto_select_stock\predict\data.py:76: RuntimeWarning: invalid value encountered in divide
  result["bb_position"] = np.where(bb_upper != bb_lower, (close - bb_lower) / (bb_upper - bb_lower), 0.5)
Collect signals 1244/3317:  37%|¨€¨€¨€¨ƒ      | 1243/3317 [1:04:49<2:19:48,  4.04s/stock]Collect signals 1244/3317:  38%|¨€¨€¨€¨‚      | 1244/3317 [1:04:49<2:21:32,  4.10s/stock]D:\Projects\auto-select-stock\src\auto_select_stock\predict\data.py:76: RuntimeWarning: invalid value encountered in divide
  result["bb_position"] = np.where(bb_upper != bb_lower, (close - bb_lower) / (bb_upper - bb_lower), 0.5)
Collect signals 1245/3317:  38%|¨€¨€¨€¨‚      | 1244/3317 [1:04:52<2:21:32,  4.10s/stock]Collect signals 1245/3317:  38%|¨€¨€¨€¨‚      | 1245/3317 [1:04:52<2:18:02,  4.00s/stock]D:\Projects\auto-select-stock\src\auto_select_stock\predict\data.py:76: RuntimeWarning: invalid value encountered in divide
  result["bb_position"] = np.where(bb_upper != bb_lower, (close - bb_lower) / (bb_upper - bb_lower), 0.5)
Collect signals 1246/3317:  38%|¨€¨€¨€¨‚      | 1245/3317 [1:04:57<2:18:02,  4.00s/stock]Collect signals 1246/3317:  38%|¨€¨€¨€¨‚      | 1246/3317 [1:04:57<2:21:02,  4.09s/stock]D:\Projects\auto-select-stock\src\auto_select_stock\predict\data.py:76: RuntimeWarning: invalid value encountered in divide
  result["bb_position"] = np.where(bb_upper != bb_lower, (close - bb_lower) / (bb_upper - bb_lower), 0.5)
Collect signals 1247/3317:  38%|¨€¨€¨€¨‚      | 1246/3317 [1:05:01<2:21:02,  4.09s/stock]Collect signals 1247/3317:  38%|¨€¨€¨€¨‚      | 1247/3317 [1:05:01<2:19:00,  4.03s/stock]D:\Projects\auto-select-stock\src\auto_select_stock\predict\data.py:76: RuntimeWarning: invalid value encountered in divide
  result["bb_position"] = np.where(bb_upper != bb_lower, (close - bb_lower) / (bb_upper - bb_lower), 0.5)
Collect signals 1248/3317:  38%|¨€¨€¨€¨‚      | 1247/3317 [1:05:05<2:19:00,  4.03s/stock]Collect signals 1248/3317:  38%|¨€¨€¨€¨‚      | 1248/3317 [1:05:05<2:20:45,  4.08s/stock]D:\Projects\auto-select-stock\src\auto_select_stock\predict\data.py:76: RuntimeWarning: invalid value encountered in divide
  result["bb_position"] = np.where(bb_upper != bb_lower, (close - bb_lower) / (bb_upper - bb_lower), 0.5)
Collect signals 1249/3317:  38%|¨€¨€¨€¨‚      | 1248/3317 [1:05:08<2:20:45,  4.08s/stock]Collect signals 1249/3317:  38%|¨€¨€¨€¨‚      | 1249/3317 [1:05:08<2:14:06,  3.89s/stock]D:\Projects\auto-select-stock\src\auto_select_stock\predict\data.py:76: RuntimeWarning: invalid value encountered in divide
  result["bb_position"] = np.where(bb_upper != bb_lower, (close - bb_lower) / (bb_upper - bb_lower), 0.5)
Collect signals 1250/3317:  38%|¨€¨€¨€¨‚      | 1249/3317 [1:05:12<2:14:06,  3.89s/stock]Collect signals 1250/3317:  38%|¨€¨€¨€¨‚      | 1250/3317 [1:05:12<2:16:55,  3.97s/stock]D:\Projects\auto-select-stock\src\auto_select_stock\predict\data.py:76: RuntimeWarning: invalid value encountered in divide
  result["bb_position"] = np.where(bb_upper != bb_lower, (close - bb_lower) / (bb_upper - bb_lower), 0.5)
Collect signals 1251/3317:  38%|¨€¨€¨€¨‚      | 1250/3317 [1:05:16<2:16:55,  3.97s/stock]Collect signals 1251/3317:  38%|¨€¨€¨€¨‚      | 1251/3317 [1:05:16<2:16:34,  3.97s/stock]D:\Projects\auto-select-stock\src\auto_select_stock\predict\data.py:76: RuntimeWarning: invalid value encountered in divide
  result["bb_position"] = np.where(bb_upper != bb_lower, (close - bb_lower) / (bb_upper - bb_lower), 0.5)
Collect signals 1252/3317:  38%|¨€¨€¨€¨‚      | 1251/3317 [1:05:20<2:16:34,  3.97s/stock]Collect signals 1252/3317:  38%|¨€¨€¨€¨‚      | 1252/3317 [1:05:20<2:13:41,  3.88s/stock]D:\Projects\auto-select-stock\src\auto_select_stock\predict\data.py:76: RuntimeWarning: invalid value encountered in divide
  result["bb_position"] = np.where(bb_upper != bb_lower, (close - bb_lower) / (bb_upper - bb_lower), 0.5)
Collect signals 1253/3317:  38%|¨€¨€¨€¨‚      | 1252/3317 [1:05:24<2:13:41,  3.88s/stock]Collect signals 1253/3317:  38%|¨€¨€¨€¨‚      | 1253/3317 [1:05:24<2:14:48,  3.92s/stock]D:\Projects\auto-select-stock\src\auto_select_stock\predict\data.py:76: RuntimeWarning: invalid value encountered in divide
  result["bb_position"] = np.where(bb_upper != bb_lower, (close - bb_lower) / (bb_upper - bb_lower), 0.5)
Collect signals 1254/3317:  38%|¨€¨€¨€¨‚      | 1253/3317 [1:05:28<2:14:48,  3.92s/stock]Collect signals 1254/3317:  38%|¨€¨€¨€¨‚      | 1254/3317 [1:05:28<2:11:26,  3.82s/stock]D:\Projects\auto-select-stock\src\auto_select_stock\predict\data.py:76: RuntimeWarning: invalid value encountered in divide
  result["bb_position"] = np.where(bb_upper != bb_lower, (close - bb_lower) / (bb_upper - bb_lower), 0.5)
Collect signals 1255/3317:  38%|¨€¨€¨€¨‚      | 1254/3317 [1:05:32<2:11:26,  3.82s/stock]Collect signals 1255/3317:  38%|¨€¨€¨€¨‚      | 1255/3317 [1:05:32<2:12:33,  3.86s/stock]D:\Projects\auto-select-stock\src\auto_select_stock\predict\data.py:76: RuntimeWarning: invalid value encountered in divide
  result["bb_position"] = np.where(bb_upper != bb_lower, (close - bb_lower) / (bb_upper - bb_lower), 0.5)
Collect signals 1256/3317:  38%|¨€¨€¨€¨‚      | 1255/3317 [1:05:35<2:12:33,  3.86s/stock]Collect signals 1256/3317:  38%|¨€¨€¨€¨‚      | 1256/3317 [1:05:35<2:08:34,  3.74s/stock]D:\Projects\auto-select-stock\src\auto_select_stock\predict\data.py:76: RuntimeWarning: invalid value encountered in divide
  result["bb_position"] = np.where(bb_upper != bb_lower, (close - bb_lower) / (bb_upper - bb_lower), 0.5)
Collect signals 1257/3317:  38%|¨€¨€¨€¨‚      | 1256/3317 [1:05:39<2:08:34,  3.74s/stock]Collect signals 1257/3317:  38%|¨€¨€¨€¨‚      | 1257/3317 [1:05:39<2:11:33,  3.83s/stock]D:\Projects\auto-select-stock\src\auto_select_stock\predict\data.py:76: RuntimeWarning: invalid value encountered in divide
  result["bb_position"] = np.where(bb_upper != bb_lower, (close - bb_lower) / (bb_upper - bb_lower), 0.5)
Collect signals 1258/3317:  38%|¨€¨€¨€¨‚      | 1257/3317 [1:05:43<2:11:33,  3.83s/stock]Collect signals 1258/3317:  38%|¨€¨€¨€¨‚      | 1258/3317 [1:05:43<2:09:57,  3.79s/stock]D:\Projects\auto-select-stock\src\auto_select_stock\predict\data.py:76: RuntimeWarning: invalid value encountered in divide
  result["bb_position"] = np.where(bb_upper != bb_lower, (close - bb_lower) / (bb_upper - bb_lower), 0.5)
Collect signals 1259/3317:  38%|¨€¨€¨€¨‚      | 1258/3317 [1:05:47<2:09:57,  3.79s/stock]Collect signals 1259/3317:  38%|¨€¨€¨€¨‚      | 1259/3317 [1:05:47<2:11:22,  3.83s/stock]D:\Projects\auto-select-stock\src\auto_select_stock\predict\data.py:76: RuntimeWarning: invalid value encountered in divide
  result["bb_position"] = np.where(bb_upper != bb_lower, (close - bb_lower) / (bb_upper - bb_lower), 0.5)
Collect signals 1260/3317:  38%|¨€¨€¨€¨‚      | 1259/3317 [1:05:51<2:11:22,  3.83s/stock]Collect signals 1260/3317:  38%|¨€¨€¨€¨‚      | 1260/3317 [1:05:51<2:14:42,  3.93s/stock]D:\Projects\auto-select-stock\src\auto_select_stock\predict\data.py:76: RuntimeWarning: invalid value encountered in divide
  result["bb_position"] = np.where(bb_upper != bb_lower, (close - bb_lower) / (bb_upper - bb_lower), 0.5)
Collect signals 1261/3317:  38%|¨€¨€¨€¨‚      | 1260/3317 [1:05:54<2:14:42,  3.93s/stock]Collect signals 1261/3317:  38%|¨€¨€¨€¨‚      | 1261/3317 [1:05:54<2:09:48,  3.79s/stock]D:\Projects\auto-select-stock\src\auto_select_stock\predict\data.py:76: RuntimeWarning: invalid value encountered in divide
  result["bb_position"] = np.where(bb_upper != bb_lower, (close - bb_lower) / (bb_upper - bb_lower), 0.5)
Collect signals 1262/3317:  38%|¨€¨€¨€¨‚      | 1261/3317 [1:05:58<2:09:48,  3.79s/stock]Collect signals 1262/3317:  38%|¨€¨€¨€¨‚      | 1262/3317 [1:05:58<2:12:12,  3.86s/stock]D:\Projects\auto-select-stock\src\auto_select_stock\predict\data.py:76: RuntimeWarning: invalid value encountered in divide
  result["bb_position"] = np.where(bb_upper != bb_lower, (close - bb_lower) / (bb_upper - bb_lower), 0.5)
Collect signals 1263/3317:  38%|¨€¨€¨€¨‚      | 1262/3317 [1:06:02<2:12:12,  3.86s/stock]Collect signals 1263/3317:  38%|¨€¨€¨€¨‚      | 1263/3317 [1:06:02<2:08:08,  3.74s/stock]D:\Projects\auto-select-stock\src\auto_select_stock\predict\data.py:76: RuntimeWarning: invalid value encountered in divide
  result["bb_position"] = np.where(bb_upper != bb_lower, (close - bb_lower) / (bb_upper - bb_lower), 0.5)
Collect signals 1264/3317:  38%|¨€¨€¨€¨‚      | 1263/3317 [1:06:06<2:08:08,  3.74s/stock]Collect signals 1264/3317:  38%|¨€¨€¨€¨‚      | 1264/3317 [1:06:06<2:10:36,  3.82s/stock]D:\Projects\auto-select-stock\src\auto_select_stock\predict\data.py:76: RuntimeWarning: invalid value encountered in divide
  result["bb_position"] = np.where(bb_upper != bb_lower, (close - bb_lower) / (bb_upper - bb_lower), 0.5)
Collect signals 1265/3317:  38%|¨€¨€¨€¨‚      | 1264/3317 [1:06:09<2:10:36,  3.82s/stock]Collect signals 1265/3317:  38%|¨€¨€¨€¨‚      | 1265/3317 [1:06:09<2:07:40,  3.73s/stock]D:\Projects\auto-select-stock\src\auto_select_stock\predict\data.py:76: RuntimeWarning: invalid value encountered in divide
  result["bb_position"] = np.where(bb_upper != bb_lower, (close - bb_lower) / (bb_upper - bb_lower), 0.5)
Collect signals 1266/3317:  38%|¨€¨€¨€¨‚      | 1265/3317 [1:06:13<2:07:40,  3.73s/stock]Collect signals 1266/3317:  38%|¨€¨€¨€¨‚      | 1266/3317 [1:06:13<2:10:52,  3.83s/stock]D:\Projects\auto-select-stock\src\auto_select_stock\predict\data.py:76: RuntimeWarning: invalid value encountered in divide
  result["bb_position"] = np.where(bb_upper != bb_lower, (close - bb_lower) / (bb_upper - bb_lower), 0.5)
Collect signals 1267/3317:  38%|¨€¨€¨€¨‚      | 1266/3317 [1:06:17<2:10:52,  3.83s/stock]Collect signals 1267/3317:  38%|¨€¨€¨€¨‚      | 1267/3317 [1:06:17<2:06:18,  3.70s/stock]D:\Projects\auto-select-stock\src\auto_select_stock\predict\data.py:76: RuntimeWarning: invalid value encountered in divide
  result["bb_position"] = np.where(bb_upper != bb_lower, (close - bb_lower) / (bb_upper - bb_lower), 0.5)
Collect signals 1268/3317:  38%|¨€¨€¨€¨‚      | 1267/3317 [1:06:20<2:06:18,  3.70s/stock]Collect signals 1268/3317:  38%|¨€¨€¨€¨‚      | 1268/3317 [1:06:20<2:06:51,  3.71s/stock]D:\Projects\auto-select-stock\src\auto_select_stock\predict\data.py:76: RuntimeWarning: invalid value encountered in divide
  result["bb_position"] = np.where(bb_upper != bb_lower, (close - bb_lower) / (bb_upper - bb_lower), 0.5)
Collect signals 1269/3317:  38%|¨€¨€¨€¨‚      | 1268/3317 [1:06:24<2:06:51,  3.71s/stock]Collect signals 1269/3317:  38%|¨€¨€¨€¨‚      | 1269/3317 [1:06:24<2:07:56,  3.75s/stock]D:\Projects\auto-select-stock\src\auto_select_stock\predict\data.py:76: RuntimeWarning: invalid value encountered in divide
  result["bb_position"] = np.where(bb_upper != bb_lower, (close - bb_lower) / (bb_upper - bb_lower), 0.5)
Collect signals 1270/3317:  38%|¨€¨€¨€¨‚      | 1269/3317 [1:06:28<2:07:56,  3.75s/stock]Collect signals 1270/3317:  38%|¨€¨€¨€¨‚      | 1270/3317 [1:06:28<2:05:17,  3.67s/stock]D:\Projects\auto-select-stock\src\auto_select_stock\predict\data.py:76: RuntimeWarning: invalid value encountered in divide
  result["bb_position"] = np.where(bb_upper != bb_lower, (close - bb_lower) / (bb_upper - bb_lower), 0.5)
Collect signals 1271/3317:  38%|¨€¨€¨€¨‚      | 1270/3317 [1:06:32<2:05:17,  3.67s/stock]Collect signals 1271/3317:  38%|¨€¨€¨€¨‚      | 1271/3317 [1:06:32<2:07:52,  3.75s/stock]D:\Projects\auto-select-stock\src\auto_select_stock\predict\data.py:76: RuntimeWarning: invalid value encountered in divide
  result["bb_position"] = np.where(bb_upper != bb_lower, (close - bb_lower) / (bb_upper - bb_lower), 0.5)
Collect signals 1272/3317:  38%|¨€¨€¨€¨‚      | 1271/3317 [1:06:35<2:07:52,  3.75s/stock]Collect signals 1272/3317:  38%|¨€¨€¨€¨‚      | 1272/3317 [1:06:35<2:04:54,  3.66s/stock]D:\Projects\auto-select-stock\src\auto_select_stock\predict\data.py:76: RuntimeWarning: invalid value encountered in divide
  result["bb_position"] = np.where(bb_upper != bb_lower, (close - bb_lower) / (bb_upper - bb_lower), 0.5)
Collect signals 1273/3317:  38%|¨€¨€¨€¨‚      | 1272/3317 [1:06:39<2:04:54,  3.66s/stock]Collect signals 1273/3317:  38%|¨€¨€¨€¨‚      | 1273/3317 [1:06:39<2:07:07,  3.73s/stock]D:\Projects\auto-select-stock\src\auto_select_stock\predict\data.py:76: RuntimeWarning: invalid value encountered in divide
  result["bb_position"] = np.where(bb_upper != bb_lower, (close - bb_lower) / (bb_upper - bb_lower), 0.5)
Collect signals 1274/3317:  38%|¨€¨€¨€¨‚      | 1273/3317 [1:06:42<2:07:07,  3.73s/stock]Collect signals 1274/3317:  38%|¨€¨€¨€¨‚      | 1274/3317 [1:06:42<2:01:37,  3.57s/stock]D:\Projects\auto-select-stock\src\auto_select_stock\predict\data.py:76: RuntimeWarning: invalid value encountered in divide
  result["bb_position"] = np.where(bb_upper != bb_lower, (close - bb_lower) / (bb_upper - bb_lower), 0.5)
Collect signals 1275/3317:  38%|¨€¨€¨€¨‚      | 1274/3317 [1:06:46<2:01:37,  3.57s/stock]Collect signals 1275/3317:  38%|¨€¨€¨€¨‚      | 1275/3317 [1:06:46<2:02:18,  3.59s/stock]D:\Projects\auto-select-stock\src\auto_select_stock\predict\data.py:76: RuntimeWarning: invalid value encountered in divide
  result["bb_position"] = np.where(bb_upper != bb_lower, (close - bb_lower) / (bb_upper - bb_lower), 0.5)
Collect signals 1276/3317:  38%|¨€¨€¨€¨‚      | 1275/3317 [1:06:50<2:02:18,  3.59s/stock]Collect signals 1276/3317:  38%|¨€¨€¨€¨‚      | 1276/3317 [1:06:50<2:02:15,  3.59s/stock]D:\Projects\auto-select-stock\src\auto_select_stock\predict\data.py:76: RuntimeWarning: invalid value encountered in divide
  result["bb_position"] = np.where(bb_upper != bb_lower, (close - bb_lower) / (bb_upper - bb_lower), 0.5)
Collect signals 1277/3317:  38%|¨€¨€¨€¨‚      | 1276/3317 [1:06:53<2:02:15,  3.59s/stock]Collect signals 1277/3317:  38%|¨€¨€¨€¨‚      | 1277/3317 [1:06:53<1:57:35,  3.46s/stock]D:\Projects\auto-select-stock\src\auto_select_stock\predict\data.py:76: RuntimeWarning: invalid value encountered in divide
  result["bb_position"] = np.where(bb_upper != bb_lower, (close - bb_lower) / (bb_upper - bb_lower), 0.5)
Collect signals 1278/3317:  38%|¨€¨€¨€¨‚      | 1277/3317 [1:06:56<1:57:35,  3.46s/stock]Collect signals 1278/3317:  39%|¨€¨€¨€¨‚      | 1278/3317 [1:06:56<2:00:27,  3.54s/stock]D:\Projects\auto-select-stock\src\auto_select_stock\predict\data.py:76: RuntimeWarning: invalid value encountered in divide
  result["bb_position"] = np.where(bb_upper != bb_lower, (close - bb_lower) / (bb_upper - bb_lower), 0.5)
Collect signals 1279/3317:  39%|¨€¨€¨€¨‚      | 1278/3317 [1:07:00<2:00:27,  3.54s/stock]Collect signals 1279/3317:  39%|¨€¨€¨€¨‚      | 1279/3317 [1:07:00<1:56:53,  3.44s/stock]D:\Projects\auto-select-stock\src\auto_select_stock\predict\data.py:76: RuntimeWarning: invalid value encountered in divide
  result["bb_position"] = np.where(bb_upper != bb_lower, (close - bb_lower) / (bb_upper - bb_lower), 0.5)
Collect signals 1280/3317:  39%|¨€¨€¨€¨‚      | 1279/3317 [1:07:03<1:56:53,  3.44s/stock]Collect signals 1280/3317:  39%|¨€¨€¨€¨‚      | 1280/3317 [1:07:03<1:59:48,  3.53s/stock]D:\Projects\auto-select-stock\src\auto_select_stock\predict\data.py:76: RuntimeWarning: invalid value encountered in divide
  result["bb_position"] = np.where(bb_upper != bb_lower, (close - bb_lower) / (bb_upper - bb_lower), 0.5)
Collect signals 1281/3317:  39%|¨€¨€¨€¨‚      | 1280/3317 [1:07:07<1:59:48,  3.53s/stock]Collect signals 1281/3317:  39%|¨€¨€¨€¨‚      | 1281/3317 [1:07:07<1:56:16,  3.43s/stock]D:\Projects\auto-select-stock\src\auto_select_stock\predict\data.py:76: RuntimeWarning: invalid value encountered in divide
  result["bb_position"] = np.where(bb_upper != bb_lower, (close - bb_lower) / (bb_upper - bb_lower), 0.5)
Collect signals 1282/3317:  39%|¨€¨€¨€¨‚      | 1281/3317 [1:07:10<1:56:16,  3.43s/stock]Collect signals 1282/3317:  39%|¨€¨€¨€¨‚      | 1282/3317 [1:07:10<1:58:53,  3.51s/stock]D:\Projects\auto-select-stock\src\auto_select_stock\predict\data.py:76: RuntimeWarning: invalid value encountered in divide
  result["bb_position"] = np.where(bb_upper != bb_lower, (close - bb_lower) / (bb_upper - bb_lower), 0.5)
Collect signals 1283/3317:  39%|¨€¨€¨€¨‚      | 1282/3317 [1:07:14<1:58:53,  3.51s/stock]Collect signals 1283/3317:  39%|¨€¨€¨€¨‚      | 1283/3317 [1:07:14<1:56:37,  3.44s/stock]D:\Projects\auto-select-stock\src\auto_select_stock\predict\data.py:76: RuntimeWarning: invalid value encountered in divide
  result["bb_position"] = np.where(bb_upper != bb_lower, (close - bb_lower) / (bb_upper - bb_lower), 0.5)
Collect signals 1284/3317:  39%|¨€¨€¨€¨‚      | 1283/3317 [1:07:17<1:56:37,  3.44s/stock]Collect signals 1284/3317:  39%|¨€¨€¨€¨‚      | 1284/3317 [1:07:17<2:00:10,  3.55s/stock]D:\Projects\auto-select-stock\src\auto_select_stock\predict\data.py:76: RuntimeWarning: invalid value encountered in divide
  result["bb_position"] = np.where(bb_upper != bb_lower, (close - bb_lower) / (bb_upper - bb_lower), 0.5)
Collect signals 1285/3317:  39%|¨€¨€¨€¨‚      | 1284/3317 [1:07:21<2:00:10,  3.55s/stock]Collect signals 1285/3317:  39%|¨€¨€¨€¨‚      | 1285/3317 [1:07:21<1:57:57,  3.48s/stock]D:\Projects\auto-select-stock\src\auto_select_stock\predict\data.py:76: RuntimeWarning: invalid value encountered in divide
  result["bb_position"] = np.where(bb_upper != bb_lower, (close - bb_lower) / (bb_upper - bb_lower), 0.5)
Collect signals 1286/3317:  39%|¨€¨€¨€¨‚      | 1285/3317 [1:07:24<1:57:57,  3.48s/stock]Collect signals 1286/3317:  39%|¨€¨€¨€¨      | 1286/3317 [1:07:24<2:00:07,  3.55s/stock]D:\Projects\auto-select-stock\src\auto_select_stock\predict\data.py:76: RuntimeWarning: invalid value encountered in divide
  result["bb_position"] = np.where(bb_upper != bb_lower, (close - bb_lower) / (bb_upper - bb_lower), 0.5)
Collect signals 1287/3317:  39%|¨€¨€¨€¨      | 1286/3317 [1:07:28<2:00:07,  3.55s/stock]Collect signals 1287/3317:  39%|¨€¨€¨€¨      | 1287/3317 [1:07:28<1:56:43,  3.45s/stock]D:\Projects\auto-select-stock\src\auto_select_stock\predict\data.py:76: RuntimeWarning: invalid value encountered in divide
  result["bb_position"] = np.where(bb_upper != bb_lower, (close - bb_lower) / (bb_upper - bb_lower), 0.5)
Collect signals 1288/3317:  39%|¨€¨€¨€¨      | 1287/3317 [1:07:31<1:56:43,  3.45s/stock]Collect signals 1288/3317:  39%|¨€¨€¨€¨      | 1288/3317 [1:07:31<1:57:15,  3.47s/stock]D:\Projects\auto-select-stock\src\auto_select_stock\predict\data.py:76: RuntimeWarning: invalid value encountered in divide
  result["bb_position"] = np.where(bb_upper != bb_lower, (close - bb_lower) / (bb_upper - bb_lower), 0.5)
Collect signals 1289/3317:  39%|¨€¨€¨€¨      | 1288/3317 [1:07:35<1:57:15,  3.47s/stock]Collect signals 1289/3317:  39%|¨€¨€¨€¨      | 1289/3317 [1:07:35<1:57:41,  3.48s/stock]D:\Projects\auto-select-stock\src\auto_select_stock\predict\data.py:76: RuntimeWarning: invalid value encountered in divide
  result["bb_position"] = np.where(bb_upper != bb_lower, (close - bb_lower) / (bb_upper - bb_lower), 0.5)
Collect signals 1290/3317:  39%|¨€¨€¨€¨      | 1289/3317 [1:07:38<1:57:41,  3.48s/stock]Collect signals 1290/3317:  39%|¨€¨€¨€¨      | 1290/3317 [1:07:38<1:52:59,  3.34s/stock]D:\Projects\auto-select-stock\src\auto_select_stock\predict\data.py:76: RuntimeWarning: invalid value encountered in divide
  result["bb_position"] = np.where(bb_upper != bb_lower, (close - bb_lower) / (bb_upper - bb_lower), 0.5)
Collect signals 1291/3317:  39%|¨€¨€¨€¨      | 1290/3317 [1:07:41<1:52:59,  3.34s/stock]Collect signals 1291/3317:  39%|¨€¨€¨€¨      | 1291/3317 [1:07:41<1:57:41,  3.49s/stock]D:\Projects\auto-select-stock\src\auto_select_stock\predict\data.py:76: RuntimeWarning: invalid value encountered in divide
  result["bb_position"] = np.where(bb_upper != bb_lower, (close - bb_lower) / (bb_upper - bb_lower), 0.5)
Collect signals 1292/3317:  39%|¨€¨€¨€¨      | 1291/3317 [1:07:45<1:57:41,  3.49s/stock]Collect signals 1292/3317:  39%|¨€¨€¨€¨      | 1292/3317 [1:07:45<1:55:48,  3.43s/stock]D:\Projects\auto-select-stock\src\auto_select_stock\predict\data.py:76: RuntimeWarning: invalid value encountered in divide
  result["bb_position"] = np.where(bb_upper != bb_lower, (close - bb_lower) / (bb_upper - bb_lower), 0.5)
Collect signals 1293/3317:  39%|¨€¨€¨€¨      | 1292/3317 [1:07:49<1:55:48,  3.43s/stock]Collect signals 1293/3317:  39%|¨€¨€¨€¨      | 1293/3317 [1:07:49<1:59:58,  3.56s/stock]D:\Projects\auto-select-stock\src\auto_select_stock\predict\data.py:76: RuntimeWarning: invalid value encountered in divide
  result["bb_position"] = np.where(bb_upper != bb_lower, (close - bb_lower) / (bb_upper - bb_lower), 0.5)
Collect signals 1294/3317:  39%|¨€¨€¨€¨      | 1293/3317 [1:07:52<1:59:58,  3.56s/stock]Collect signals 1294/3317:  39%|¨€¨€¨€¨      | 1294/3317 [1:07:52<1:55:48,  3.43s/stock]D:\Projects\auto-select-stock\src\auto_select_stock\predict\data.py:76: RuntimeWarning: invalid value encountered in divide
  result["bb_position"] = np.where(bb_upper != bb_lower, (close - bb_lower) / (bb_upper - bb_lower), 0.5)
Collect signals 1295/3317:  39%|¨€¨€¨€¨      | 1294/3317 [1:07:55<1:55:48,  3.43s/stock]Collect signals 1295/3317:  39%|¨€¨€¨€¨      | 1295/3317 [1:07:55<1:56:57,  3.47s/stock]D:\Projects\auto-select-stock\src\auto_select_stock\predict\data.py:76: RuntimeWarning: invalid value encountered in divide
  result["bb_position"] = np.where(bb_upper != bb_lower, (close - bb_lower) / (bb_upper - bb_lower), 0.5)
Collect signals 1296/3317:  39%|¨€¨€¨€¨      | 1295/3317 [1:07:58<1:56:57,  3.47s/stock]Collect signals 1296/3317:  39%|¨€¨€¨€¨      | 1296/3317 [1:07:58<1:52:56,  3.35s/stock]D:\Projects\auto-select-stock\src\auto_select_stock\predict\data.py:76: RuntimeWarning: invalid value encountered in divide
  result["bb_position"] = np.where(bb_upper != bb_lower, (close - bb_lower) / (bb_upper - bb_lower), 0.5)
Collect signals 1297/3317:  39%|¨€¨€¨€¨      | 1296/3317 [1:08:02<1:52:56,  3.35s/stock]Collect signals 1297/3317:  39%|¨€¨€¨€¨      | 1297/3317 [1:08:02<1:55:43,  3.44s/stock]D:\Projects\auto-select-stock\src\auto_select_stock\predict\data.py:76: RuntimeWarning: invalid value encountered in divide
  result["bb_position"] = np.where(bb_upper != bb_lower, (close - bb_lower) / (bb_upper - bb_lower), 0.5)
Collect signals 1298/3317:  39%|¨€¨€¨€¨      | 1297/3317 [1:08:06<1:55:43,  3.44s/stock]Collect signals 1298/3317:  39%|¨€¨€¨€¨      | 1298/3317 [1:08:06<1:58:09,  3.51s/stock]D:\Projects\auto-select-stock\src\auto_select_stock\predict\data.py:76: RuntimeWarning: invalid value encountered in divide
  result["bb_position"] = np.where(bb_upper != bb_lower, (close - bb_lower) / (bb_upper - bb_lower), 0.5)
Collect signals 1299/3317:  39%|¨€¨€¨€¨      | 1298/3317 [1:08:09<1:58:09,  3.51s/stock]Collect signals 1299/3317:  39%|¨€¨€¨€¨      | 1299/3317 [1:08:09<1:55:10,  3.42s/stock]D:\Projects\auto-select-stock\src\auto_select_stock\predict\data.py:76: RuntimeWarning: invalid value encountered in divide
  result["bb_position"] = np.where(bb_upper != bb_lower, (close - bb_lower) / (bb_upper - bb_lower), 0.5)
Collect signals 1300/3317:  39%|¨€¨€¨€¨      | 1299/3317 [1:08:13<1:55:10,  3.42s/stock]Collect signals 1300/3317:  39%|¨€¨€¨€¨      | 1300/3317 [1:08:13<1:57:20,  3.49s/stock]D:\Projects\auto-select-stock\src\auto_select_stock\predict\data.py:76: RuntimeWarning: invalid value encountered in divide
  result["bb_position"] = np.where(bb_upper != bb_lower, (close - bb_lower) / (bb_upper - bb_lower), 0.5)
Collect signals 1301/3317:  39%|¨€¨€¨€¨      | 1300/3317 [1:08:16<1:57:20,  3.49s/stock]Collect signals 1301/3317:  39%|¨€¨€¨€¨      | 1301/3317 [1:08:16<1:53:21,  3.37s/stock]D:\Projects\auto-select-stock\src\auto_select_stock\predict\data.py:76: RuntimeWarning: invalid value encountered in divide
  result["bb_position"] = np.where(bb_upper != bb_lower, (close - bb_lower) / (bb_upper - bb_lower), 0.5)
Collect signals 1302/3317:  39%|¨€¨€¨€¨      | 1301/3317 [1:08:19<1:53:21,  3.37s/stock]Collect signals 1302/3317:  39%|¨€¨€¨€¨      | 1302/3317 [1:08:19<1:55:27,  3.44s/stock]D:\Projects\auto-select-stock\src\auto_select_stock\predict\data.py:76: RuntimeWarning: invalid value encountered in divide
  result["bb_position"] = np.where(bb_upper != bb_lower, (close - bb_lower) / (bb_upper - bb_lower), 0.5)
Collect signals 1303/3317:  39%|¨€¨€¨€¨      | 1302/3317 [1:08:22<1:55:27,  3.44s/stock]Collect signals 1303/3317:  39%|¨€¨€¨€¨      | 1303/3317 [1:08:22<1:51:54,  3.33s/stock]D:\Projects\auto-select-stock\src\auto_select_stock\predict\data.py:76: RuntimeWarning: invalid value encountered in divide
  result["bb_position"] = np.where(bb_upper != bb_lower, (close - bb_lower) / (bb_upper - bb_lower), 0.5)
Collect signals 1304/3317:  39%|¨€¨€¨€¨      | 1303/3317 [1:08:26<1:51:54,  3.33s/stock]Collect signals 1304/3317:  39%|¨€¨€¨€¨      | 1304/3317 [1:08:26<1:56:20,  3.47s/stock]D:\Projects\auto-select-stock\src\auto_select_stock\predict\data.py:76: RuntimeWarning: invalid value encountered in divide
  result["bb_position"] = np.where(bb_upper != bb_lower, (close - bb_lower) / (bb_upper - bb_lower), 0.5)
Collect signals 1305/3317:  39%|¨€¨€¨€¨      | 1304/3317 [1:08:29<1:56:20,  3.47s/stock]Collect signals 1305/3317:  39%|¨€¨€¨€¨      | 1305/3317 [1:08:29<1:52:12,  3.35s/stock]D:\Projects\auto-select-stock\src\auto_select_stock\predict\data.py:76: RuntimeWarning: invalid value encountered in divide
  result["bb_position"] = np.where(bb_upper != bb_lower, (close - bb_lower) / (bb_upper - bb_lower), 0.5)
Collect signals 1306/3317:  39%|¨€¨€¨€¨      | 1305/3317 [1:08:33<1:52:12,  3.35s/stock]Collect signals 1306/3317:  39%|¨€¨€¨€¨      | 1306/3317 [1:08:33<1:55:12,  3.44s/stock]D:\Projects\auto-select-stock\src\auto_select_stock\predict\data.py:76: RuntimeWarning: invalid value encountered in divide
  result["bb_position"] = np.where(bb_upper != bb_lower, (close - bb_lower) / (bb_upper - bb_lower), 0.5)
Collect signals 1307/3317:  39%|¨€¨€¨€¨      | 1306/3317 [1:08:36<1:55:12,  3.44s/stock]Collect signals 1307/3317:  39%|¨€¨€¨€¨      | 1307/3317 [1:08:36<1:55:45,  3.46s/stock]D:\Projects\auto-select-stock\src\auto_select_stock\predict\data.py:76: RuntimeWarning: invalid value encountered in divide
  result["bb_position"] = np.where(bb_upper != bb_lower, (close - bb_lower) / (bb_upper - bb_lower), 0.5)
Collect signals 1308/3317:  39%|¨€¨€¨€¨      | 1307/3317 [1:08:39<1:55:45,  3.46s/stock]Collect signals 1308/3317:  39%|¨€¨€¨€¨      | 1308/3317 [1:08:39<1:52:35,  3.36s/stock]D:\Projects\auto-select-stock\src\auto_select_stock\predict\data.py:76: RuntimeWarning: invalid value encountered in divide
  result["bb_position"] = np.where(bb_upper != bb_lower, (close - bb_lower) / (bb_upper - bb_lower), 0.5)
Collect signals 1309/3317:  39%|¨€¨€¨€¨      | 1308/3317 [1:08:43<1:52:35,  3.36s/stock]Collect signals 1309/3317:  39%|¨€¨€¨€¨      | 1309/3317 [1:08:43<1:58:22,  3.54s/stock]D:\Projects\auto-select-stock\src\auto_select_stock\predict\data.py:76: RuntimeWarning: invalid value encountered in divide
  result["bb_position"] = np.where(bb_upper != bb_lower, (close - bb_lower) / (bb_upper - bb_lower), 0.5)
Collect signals 1310/3317:  39%|¨€¨€¨€¨      | 1309/3317 [1:08:47<1:58:22,  3.54s/stock]Collect signals 1310/3317:  39%|¨€¨€¨€¨      | 1310/3317 [1:08:47<1:56:37,  3.49s/stock]D:\Projects\auto-select-stock\src\auto_select_stock\predict\data.py:76: RuntimeWarning: invalid value encountered in divide
  result["bb_position"] = np.where(bb_upper != bb_lower, (close - bb_lower) / (bb_upper - bb_lower), 0.5)
Collect signals 1311/3317:  39%|¨€¨€¨€¨      | 1310/3317 [1:08:50<1:56:37,  3.49s/stock]Collect signals 1311/3317:  40%|¨€¨€¨€¨      | 1311/3317 [1:08:50<1:58:48,  3.55s/stock]D:\Projects\auto-select-stock\src\auto_select_stock\predict\data.py:76: RuntimeWarning: invalid value encountered in divide
  result["bb_position"] = np.where(bb_upper != bb_lower, (close - bb_lower) / (bb_upper - bb_lower), 0.5)
Collect signals 1312/3317:  40%|¨€¨€¨€¨      | 1311/3317 [1:08:54<1:58:48,  3.55s/stock]Collect signals 1312/3317:  40%|¨€¨€¨€¨      | 1312/3317 [1:08:54<1:54:52,  3.44s/stock]D:\Projects\auto-select-stock\src\auto_select_stock\predict\data.py:76: RuntimeWarning: invalid value encountered in divide
  result["bb_position"] = np.where(bb_upper != bb_lower, (close - bb_lower) / (bb_upper - bb_lower), 0.5)
Collect signals 1313/3317:  40%|¨€¨€¨€¨      | 1312/3317 [1:08:57<1:54:52,  3.44s/stock]Collect signals 1313/3317:  40%|¨€¨€¨€¨      | 1313/3317 [1:08:57<1:56:30,  3.49s/stock]D:\Projects\auto-select-stock\src\auto_select_stock\predict\data.py:76: RuntimeWarning: invalid value encountered in divide
  result["bb_position"] = np.where(bb_upper != bb_lower, (close - bb_lower) / (bb_upper - bb_lower), 0.5)
Collect signals 1314/3317:  40%|¨€¨€¨€¨      | 1313/3317 [1:09:00<1:56:30,  3.49s/stock]Collect signals 1314/3317:  40%|¨€¨€¨€¨      | 1314/3317 [1:09:00<1:53:17,  3.39s/stock]D:\Projects\auto-select-stock\src\auto_select_stock\predict\data.py:76: RuntimeWarning: invalid value encountered in divide
  result["bb_position"] = np.where(bb_upper != bb_lower, (close - bb_lower) / (bb_upper - bb_lower), 0.5)
Collect signals 1315/3317:  40%|¨€¨€¨€¨      | 1314/3317 [1:09:04<1:53:17,  3.39s/stock]Collect signals 1315/3317:  40%|¨€¨€¨€¨      | 1315/3317 [1:09:04<1:55:37,  3.47s/stock]D:\Projects\auto-select-stock\src\auto_select_stock\predict\data.py:76: RuntimeWarning: invalid value encountered in divide
  result["bb_position"] = np.where(bb_upper != bb_lower, (close - bb_lower) / (bb_upper - bb_lower), 0.5)
Collect signals 1316/3317:  40%|¨€¨€¨€¨      | 1315/3317 [1:09:08<1:55:37,  3.47s/stock]Collect signals 1316/3317:  40%|¨€¨€¨€¨      | 1316/3317 [1:09:08<1:56:41,  3.50s/stock]D:\Projects\auto-select-stock\src\auto_select_stock\predict\data.py:76: RuntimeWarning: invalid value encountered in divide
  result["bb_position"] = np.where(bb_upper != bb_lower, (close - bb_lower) / (bb_upper - bb_lower), 0.5)
Collect signals 1317/3317:  40%|¨€¨€¨€¨      | 1316/3317 [1:09:11<1:56:41,  3.50s/stock]Collect signals 1317/3317:  40%|¨€¨€¨€¨      | 1317/3317 [1:09:11<1:54:23,  3.43s/stock]D:\Projects\auto-select-stock\src\auto_select_stock\predict\data.py:76: RuntimeWarning: invalid value encountered in divide
  result["bb_position"] = np.where(bb_upper != bb_lower, (close - bb_lower) / (bb_upper - bb_lower), 0.5)
Collect signals 1318/3317:  40%|¨€¨€¨€¨      | 1317/3317 [1:09:15<1:54:23,  3.43s/stock]Collect signals 1318/3317:  40%|¨€¨€¨€¨      | 1318/3317 [1:09:15<1:57:58,  3.54s/stock]D:\Projects\auto-select-stock\src\auto_select_stock\predict\data.py:76: RuntimeWarning: invalid value encountered in divide
  result["bb_position"] = np.where(bb_upper != bb_lower, (close - bb_lower) / (bb_upper - bb_lower), 0.5)
Collect signals 1319/3317:  40%|¨€¨€¨€¨      | 1318/3317 [1:09:18<1:57:58,  3.54s/stock]Collect signals 1319/3317:  40%|¨€¨€¨€¨      | 1319/3317 [1:09:18<1:55:21,  3.46s/stock]D:\Projects\auto-select-stock\src\auto_select_stock\predict\data.py:76: RuntimeWarning: invalid value encountered in divide
  result["bb_position"] = np.where(bb_upper != bb_lower, (close - bb_lower) / (bb_upper - bb_lower), 0.5)
Collect signals 1320/3317:  40%|¨€¨€¨€¨      | 1319/3317 [1:09:22<1:55:21,  3.46s/stock]Collect signals 1320/3317:  40%|¨€¨€¨€¨      | 1320/3317 [1:09:22<1:59:54,  3.60s/stock]D:\Projects\auto-select-stock\src\auto_select_stock\predict\data.py:76: RuntimeWarning: invalid value encountered in divide
  result["bb_position"] = np.where(bb_upper != bb_lower, (close - bb_lower) / (bb_upper - bb_lower), 0.5)
Collect signals 1321/3317:  40%|¨€¨€¨€¨      | 1320/3317 [1:09:25<1:59:54,  3.60s/stock]Collect signals 1321/3317:  40%|¨€¨€¨€¨      | 1321/3317 [1:09:25<1:56:09,  3.49s/stock]D:\Projects\auto-select-stock\src\auto_select_stock\predict\data.py:76: RuntimeWarning: invalid value encountered in divide
  result["bb_position"] = np.where(bb_upper != bb_lower, (close - bb_lower) / (bb_upper - bb_lower), 0.5)
Collect signals 1322/3317:  40%|¨€¨€¨€¨      | 1321/3317 [1:09:29<1:56:09,  3.49s/stock]Collect signals 1322/3317:  40%|¨€¨€¨€¨      | 1322/3317 [1:09:29<1:56:33,  3.51s/stock]D:\Projects\auto-select-stock\src\auto_select_stock\predict\data.py:76: RuntimeWarning: invalid value encountered in divide
  result["bb_position"] = np.where(bb_upper != bb_lower, (close - bb_lower) / (bb_upper - bb_lower), 0.5)
Collect signals 1323/3317:  40%|¨€¨€¨€¨      | 1322/3317 [1:09:33<1:56:33,  3.51s/stock]Collect signals 1323/3317:  40%|¨€¨€¨€¨      | 1323/3317 [1:09:33<2:00:13,  3.62s/stock]D:\Projects\auto-select-stock\src\auto_select_stock\predict\data.py:76: RuntimeWarning: invalid value encountered in divide
  result["bb_position"] = np.where(bb_upper != bb_lower, (close - bb_lower) / (bb_upper - bb_lower), 0.5)
Collect signals 1324/3317:  40%|¨€¨€¨€¨      | 1323/3317 [1:09:36<2:00:13,  3.62s/stock]Collect signals 1324/3317:  40%|¨€¨€¨€¨      | 1324/3317 [1:09:36<1:57:04,  3.52s/stock]D:\Projects\auto-select-stock\src\auto_select_stock\predict\data.py:76: RuntimeWarning: invalid value encountered in divide
  result["bb_position"] = np.where(bb_upper != bb_lower, (close - bb_lower) / (bb_upper - bb_lower), 0.5)
Collect signals 1325/3317:  40%|¨€¨€¨€¨      | 1324/3317 [1:09:40<1:57:04,  3.52s/stock]Collect signals 1325/3317:  40%|¨€¨€¨€¨      | 1325/3317 [1:09:40<2:03:44,  3.73s/stock]D:\Projects\auto-select-stock\src\auto_select_stock\predict\data.py:76: RuntimeWarning: invalid value encountered in divide
  result["bb_position"] = np.where(bb_upper != bb_lower, (close - bb_lower) / (bb_upper - bb_lower), 0.5)
Collect signals 1326/3317:  40%|¨€¨€¨€¨      | 1325/3317 [1:09:43<2:03:44,  3.73s/stock]Collect signals 1326/3317:  40%|¨€¨€¨€¨      | 1326/3317 [1:09:43<1:58:18,  3.57s/stock]D:\Projects\auto-select-stock\src\auto_select_stock\predict\data.py:76: RuntimeWarning: invalid value encountered in divide
  result["bb_position"] = np.where(bb_upper != bb_lower, (close - bb_lower) / (bb_upper - bb_lower), 0.5)
Collect signals 1327/3317:  40%|¨€¨€¨€¨      | 1326/3317 [1:09:47<1:58:18,  3.57s/stock]Collect signals 1327/3317:  40%|¨€¨€¨€¨€      | 1327/3317 [1:09:47<1:57:51,  3.55s/stock]D:\Projects\auto-select-stock\src\auto_select_stock\predict\data.py:76: RuntimeWarning: invalid value encountered in divide
  result["bb_position"] = np.where(bb_upper != bb_lower, (close - bb_lower) / (bb_upper - bb_lower), 0.5)
Collect signals 1328/3317:  40%|¨€¨€¨€¨€      | 1327/3317 [1:09:50<1:57:51,  3.55s/stock]Collect signals 1328/3317:  40%|¨€¨€¨€¨€      | 1328/3317 [1:09:50<1:55:35,  3.49s/stock]D:\Projects\auto-select-stock\src\auto_select_stock\predict\data.py:76: RuntimeWarning: invalid value encountered in divide
  result["bb_position"] = np.where(bb_upper != bb_lower, (close - bb_lower) / (bb_upper - bb_lower), 0.5)
Collect signals 1329/3317:  40%|¨€¨€¨€¨€      | 1328/3317 [1:09:54<1:55:35,  3.49s/stock]Collect signals 1329/3317:  40%|¨€¨€¨€¨€      | 1329/3317 [1:09:54<1:59:41,  3.61s/stock]D:\Projects\auto-select-stock\src\auto_select_stock\predict\data.py:76: RuntimeWarning: invalid value encountered in divide
  result["bb_position"] = np.where(bb_upper != bb_lower, (close - bb_lower) / (bb_upper - bb_lower), 0.5)
Collect signals 1330/3317:  40%|¨€¨€¨€¨€      | 1329/3317 [1:09:58<1:59:41,  3.61s/stock]Collect signals 1330/3317:  40%|¨€¨€¨€¨€      | 1330/3317 [1:09:58<1:58:38,  3.58s/stock]D:\Projects\auto-select-stock\src\auto_select_stock\predict\data.py:76: RuntimeWarning: invalid value encountered in divide
  result["bb_position"] = np.where(bb_upper != bb_lower, (close - bb_lower) / (bb_upper - bb_lower), 0.5)
Collect signals 1331/3317:  40%|¨€¨€¨€¨€      | 1330/3317 [1:10:02<1:58:38,  3.58s/stock]Collect signals 1331/3317:  40%|¨€¨€¨€¨€      | 1331/3317 [1:10:02<2:03:23,  3.73s/stock]D:\Projects\auto-select-stock\src\auto_select_stock\predict\data.py:76: RuntimeWarning: invalid value encountered in divide
  result["bb_position"] = np.where(bb_upper != bb_lower, (close - bb_lower) / (bb_upper - bb_lower), 0.5)
Collect signals 1332/3317:  40%|¨€¨€¨€¨€      | 1331/3317 [1:10:05<2:03:23,  3.73s/stock]Collect signals 1332/3317:  40%|¨€¨€¨€¨€      | 1332/3317 [1:10:05<2:03:57,  3.75s/stock]D:\Projects\auto-select-stock\src\auto_select_stock\predict\data.py:76: RuntimeWarning: invalid value encountered in divide
  result["bb_position"] = np.where(bb_upper != bb_lower, (close - bb_lower) / (bb_upper - bb_lower), 0.5)
Collect signals 1333/3317:  40%|¨€¨€¨€¨€      | 1332/3317 [1:10:09<2:03:57,  3.75s/stock]Collect signals 1333/3317:  40%|¨€¨€¨€¨€      | 1333/3317 [1:10:09<1:59:04,  3.60s/stock]D:\Projects\auto-select-stock\src\auto_select_stock\predict\data.py:76: RuntimeWarning: invalid value encountered in divide
  result["bb_position"] = np.where(bb_upper != bb_lower, (close - bb_lower) / (bb_upper - bb_lower), 0.5)
Collect signals 1334/3317:  40%|¨€¨€¨€¨€      | 1333/3317 [1:10:12<1:59:04,  3.60s/stock]Collect signals 1334/3317:  40%|¨€¨€¨€¨€      | 1334/3317 [1:10:12<1:59:10,  3.61s/stock]D:\Projects\auto-select-stock\src\auto_select_stock\predict\data.py:76: RuntimeWarning: invalid value encountered in divide
  result["bb_position"] = np.where(bb_upper != bb_lower, (close - bb_lower) / (bb_upper - bb_lower), 0.5)
Collect signals 1335/3317:  40%|¨€¨€¨€¨€      | 1334/3317 [1:10:16<1:59:10,  3.61s/stock]Collect signals 1335/3317:  40%|¨€¨€¨€¨€      | 1335/3317 [1:10:16<1:58:59,  3.60s/stock]D:\Projects\auto-select-stock\src\auto_select_stock\predict\data.py:76: RuntimeWarning: invalid value encountered in divide
  result["bb_position"] = np.where(bb_upper != bb_lower, (close - bb_lower) / (bb_upper - bb_lower), 0.5)
Collect signals 1336/3317:  40%|¨€¨€¨€¨€      | 1335/3317 [1:10:20<1:58:59,  3.60s/stock]Collect signals 1336/3317:  40%|¨€¨€¨€¨€      | 1336/3317 [1:10:20<2:02:51,  3.72s/stock]D:\Projects\auto-select-stock\src\auto_select_stock\predict\data.py:76: RuntimeWarning: invalid value encountered in divide
  result["bb_position"] = np.where(bb_upper != bb_lower, (close - bb_lower) / (bb_upper - bb_lower), 0.5)
Collect signals 1337/3317:  40%|¨€¨€¨€¨€      | 1336/3317 [1:10:23<2:02:51,  3.72s/stock]Collect signals 1337/3317:  40%|¨€¨€¨€¨€      | 1337/3317 [1:10:23<1:59:23,  3.62s/stock]D:\Projects\auto-select-stock\src\auto_select_stock\predict\data.py:76: RuntimeWarning: invalid value encountered in divide
  result["bb_position"] = np.where(bb_upper != bb_lower, (close - bb_lower) / (bb_upper - bb_lower), 0.5)
Collect signals 1338/3317:  40%|¨€¨€¨€¨€      | 1337/3317 [1:10:27<1:59:23,  3.62s/stock]Collect signals 1338/3317:  40%|¨€¨€¨€¨€      | 1338/3317 [1:10:27<2:04:16,  3.77s/stock]D:\Projects\auto-select-stock\src\auto_select_stock\predict\data.py:76: RuntimeWarning: invalid value encountered in divide
  result["bb_position"] = np.where(bb_upper != bb_lower, (close - bb_lower) / (bb_upper - bb_lower), 0.5)
Collect signals 1339/3317:  40%|¨€¨€¨€¨€      | 1338/3317 [1:10:30<2:04:16,  3.77s/stock]Collect signals 1339/3317:  40%|¨€¨€¨€¨€      | 1339/3317 [1:10:30<1:57:07,  3.55s/stock]D:\Projects\auto-select-stock\src\auto_select_stock\predict\data.py:76: RuntimeWarning: invalid value encountered in divide
  result["bb_position"] = np.where(bb_upper != bb_lower, (close - bb_lower) / (bb_upper - bb_lower), 0.5)
Collect signals 1340/3317:  40%|¨€¨€¨€¨€      | 1339/3317 [1:10:34<1:57:07,  3.55s/stock]Collect signals 1340/3317:  40%|¨€¨€¨€¨€      | 1340/3317 [1:10:34<1:56:43,  3.54s/stock]D:\Projects\auto-select-stock\src\auto_select_stock\predict\data.py:76: RuntimeWarning: invalid value encountered in divide
  result["bb_position"] = np.where(bb_upper != bb_lower, (close - bb_lower) / (bb_upper - bb_lower), 0.5)
Collect signals 1341/3317:  40%|¨€¨€¨€¨€      | 1340/3317 [1:10:38<1:56:43,  3.54s/stock]Collect signals 1341/3317:  40%|¨€¨€¨€¨€      | 1341/3317 [1:10:38<1:57:54,  3.58s/stock]D:\Projects\auto-select-stock\src\auto_select_stock\predict\data.py:76: RuntimeWarning: invalid value encountered in divide
  result["bb_position"] = np.where(bb_upper != bb_lower, (close - bb_lower) / (bb_upper - bb_lower), 0.5)
Collect signals 1342/3317:  40%|¨€¨€¨€¨€      | 1341/3317 [1:10:42<1:57:54,  3.58s/stock]Collect signals 1342/3317:  40%|¨€¨€¨€¨€      | 1342/3317 [1:10:42<2:02:13,  3.71s/stock]D:\Projects\auto-select-stock\src\auto_select_stock\predict\data.py:76: RuntimeWarning: invalid value encountered in divide
  result["bb_position"] = np.where(bb_upper != bb_lower, (close - bb_lower) / (bb_upper - bb_lower), 0.5)
Collect signals 1343/3317:  40%|¨€¨€¨€¨€      | 1342/3317 [1:10:46<2:02:13,  3.71s/stock]Collect signals 1343/3317:  40%|¨€¨€¨€¨€      | 1343/3317 [1:10:46<2:05:33,  3.82s/stock]D:\Projects\auto-select-stock\src\auto_select_stock\predict\data.py:76: RuntimeWarning: invalid value encountered in divide
  result["bb_position"] = np.where(bb_upper != bb_lower, (close - bb_lower) / (bb_upper - bb_lower), 0.5)
Collect signals 1344/3317:  40%|¨€¨€¨€¨€      | 1343/3317 [1:10:49<2:05:33,  3.82s/stock]Collect signals 1344/3317:  41%|¨€¨€¨€¨€      | 1344/3317 [1:10:49<2:03:10,  3.75s/stock]D:\Projects\auto-select-stock\src\auto_select_stock\predict\data.py:76: RuntimeWarning: invalid value encountered in divide
  result["bb_position"] = np.where(bb_upper != bb_lower, (close - bb_lower) / (bb_upper - bb_lower), 0.5)
Collect signals 1345/3317:  41%|¨€¨€¨€¨€      | 1344/3317 [1:10:53<2:03:10,  3.75s/stock]Collect signals 1345/3317:  41%|¨€¨€¨€¨€      | 1345/3317 [1:10:53<2:03:01,  3.74s/stock]D:\Projects\auto-select-stock\src\auto_select_stock\predict\data.py:76: RuntimeWarning: invalid value encountered in divide
  result["bb_position"] = np.where(bb_upper != bb_lower, (close - bb_lower) / (bb_upper - bb_lower), 0.5)
Collect signals 1346/3317:  41%|¨€¨€¨€¨€      | 1345/3317 [1:10:56<2:03:01,  3.74s/stock]Collect signals 1346/3317:  41%|¨€¨€¨€¨€      | 1346/3317 [1:10:56<1:59:40,  3.64s/stock]D:\Projects\auto-select-stock\src\auto_select_stock\predict\data.py:76: RuntimeWarning: invalid value encountered in divide
  result["bb_position"] = np.where(bb_upper != bb_lower, (close - bb_lower) / (bb_upper - bb_lower), 0.5)
Collect signals 1347/3317:  41%|¨€¨€¨€¨€      | 1346/3317 [1:11:00<1:59:40,  3.64s/stock]Collect signals 1347/3317:  41%|¨€¨€¨€¨€      | 1347/3317 [1:11:00<2:01:03,  3.69s/stock]D:\Projects\auto-select-stock\src\auto_select_stock\predict\data.py:76: RuntimeWarning: invalid value encountered in divide
  result["bb_position"] = np.where(bb_upper != bb_lower, (close - bb_lower) / (bb_upper - bb_lower), 0.5)
Collect signals 1348/3317:  41%|¨€¨€¨€¨€      | 1347/3317 [1:11:04<2:01:03,  3.69s/stock]Collect signals 1348/3317:  41%|¨€¨€¨€¨€      | 1348/3317 [1:11:04<1:59:22,  3.64s/stock]D:\Projects\auto-select-stock\src\auto_select_stock\predict\data.py:76: RuntimeWarning: invalid value encountered in divide
  result["bb_position"] = np.where(bb_upper != bb_lower, (close - bb_lower) / (bb_upper - bb_lower), 0.5)
Collect signals 1349/3317:  41%|¨€¨€¨€¨€      | 1348/3317 [1:11:08<1:59:22,  3.64s/stock]Collect signals 1349/3317:  41%|¨€¨€¨€¨€      | 1349/3317 [1:11:08<2:05:20,  3.82s/stock]D:\Projects\auto-select-stock\src\auto_select_stock\predict\data.py:76: RuntimeWarning: invalid value encountered in divide
  result["bb_position"] = np.where(bb_upper != bb_lower, (close - bb_lower) / (bb_upper - bb_lower), 0.5)
Collect signals 1350/3317:  41%|¨€¨€¨€¨€      | 1349/3317 [1:11:12<2:05:20,  3.82s/stock]Collect signals 1350/3317:  41%|¨€¨€¨€¨€      | 1350/3317 [1:11:12<2:03:41,  3.77s/stock]D:\Projects\auto-select-stock\src\auto_select_stock\predict\data.py:76: RuntimeWarning: invalid value encountered in divide
  result["bb_position"] = np.where(bb_upper != bb_lower, (close - bb_lower) / (bb_upper - bb_lower), 0.5)
Collect signals 1351/3317:  41%|¨€¨€¨€¨€      | 1350/3317 [1:11:16<2:03:41,  3.77s/stock]Collect signals 1351/3317:  41%|¨€¨€¨€¨€      | 1351/3317 [1:11:16<2:08:02,  3.91s/stock]D:\Projects\auto-select-stock\src\auto_select_stock\predict\data.py:76: RuntimeWarning: invalid value encountered in divide
  result["bb_position"] = np.where(bb_upper != bb_lower, (close - bb_lower) / (bb_upper - bb_lower), 0.5)
Collect signals 1352/3317:  41%|¨€¨€¨€¨€      | 1351/3317 [1:11:20<2:08:02,  3.91s/stock]Collect signals 1352/3317:  41%|¨€¨€¨€¨€      | 1352/3317 [1:11:20<2:06:17,  3.86s/stock]D:\Projects\auto-select-stock\src\auto_select_stock\predict\data.py:76: RuntimeWarning: invalid value encountered in divide
  result["bb_position"] = np.where(bb_upper != bb_lower, (close - bb_lower) / (bb_upper - bb_lower), 0.5)
Collect signals 1353/3317:  41%|¨€¨€¨€¨€      | 1352/3317 [1:11:23<2:06:17,  3.86s/stock]Collect signals 1353/3317:  41%|¨€¨€¨€¨€      | 1353/3317 [1:11:23<2:00:43,  3.69s/stock]D:\Projects\auto-select-stock\src\auto_select_stock\predict\data.py:76: RuntimeWarning: invalid value encountered in divide
  result["bb_position"] = np.where(bb_upper != bb_lower, (close - bb_lower) / (bb_upper - bb_lower), 0.5)
Collect signals 1354/3317:  41%|¨€¨€¨€¨€      | 1353/3317 [1:11:27<2:00:43,  3.69s/stock]Collect signals 1354/3317:  41%|¨€¨€¨€¨€      | 1354/3317 [1:11:27<2:03:02,  3.76s/stock]D:\Projects\auto-select-stock\src\auto_select_stock\predict\data.py:76: RuntimeWarning: invalid value encountered in divide
  result["bb_position"] = np.where(bb_upper != bb_lower, (close - bb_lower) / (bb_upper - bb_lower), 0.5)
Collect signals 1355/3317:  41%|¨€¨€¨€¨€      | 1354/3317 [1:11:30<2:03:02,  3.76s/stock]Collect signals 1355/3317:  41%|¨€¨€¨€¨€      | 1355/3317 [1:11:30<1:58:43,  3.63s/stock]D:\Projects\auto-select-stock\src\auto_select_stock\predict\data.py:76: RuntimeWarning: invalid value encountered in divide
  result["bb_position"] = np.where(bb_upper != bb_lower, (close - bb_lower) / (bb_upper - bb_lower), 0.5)
Collect signals 1356/3317:  41%|¨€¨€¨€¨€      | 1355/3317 [1:11:34<1:58:43,  3.63s/stock]Collect signals 1356/3317:  41%|¨€¨€¨€¨€      | 1356/3317 [1:11:34<1:58:57,  3.64s/stock]D:\Projects\auto-select-stock\src\auto_select_stock\predict\data.py:76: RuntimeWarning: invalid value encountered in divide
  result["bb_position"] = np.where(bb_upper != bb_lower, (close - bb_lower) / (bb_upper - bb_lower), 0.5)
Collect signals 1357/3317:  41%|¨€¨€¨€¨€      | 1356/3317 [1:11:37<1:58:57,  3.64s/stock]Collect signals 1357/3317:  41%|¨€¨€¨€¨€      | 1357/3317 [1:11:37<1:53:41,  3.48s/stock]D:\Projects\auto-select-stock\src\auto_select_stock\predict\data.py:76: RuntimeWarning: invalid value encountered in divide
  result["bb_position"] = np.where(bb_upper != bb_lower, (close - bb_lower) / (bb_upper - bb_lower), 0.5)
Collect signals 1358/3317:  41%|¨€¨€¨€¨€      | 1357/3317 [1:11:40<1:53:41,  3.48s/stock]Collect signals 1358/3317:  41%|¨€¨€¨€¨€      | 1358/3317 [1:11:40<1:54:17,  3.50s/stock]D:\Projects\auto-select-stock\src\auto_select_stock\predict\data.py:76: RuntimeWarning: invalid value encountered in divide
  result["bb_position"] = np.where(bb_upper != bb_lower, (close - bb_lower) / (bb_upper - bb_lower), 0.5)
Collect signals 1359/3317:  41%|¨€¨€¨€¨€      | 1358/3317 [1:11:44<1:54:17,  3.50s/stock]Collect signals 1359/3317:  41%|¨€¨€¨€¨€      | 1359/3317 [1:11:44<1:58:09,  3.62s/stock]D:\Projects\auto-select-stock\src\auto_select_stock\predict\data.py:76: RuntimeWarning: invalid value encountered in divide
  result["bb_position"] = np.where(bb_upper != bb_lower, (close - bb_lower) / (bb_upper - bb_lower), 0.5)
Collect signals 1360/3317:  41%|¨€¨€¨€¨€      | 1359/3317 [1:11:48<1:58:09,  3.62s/stock]Collect signals 1360/3317:  41%|¨€¨€¨€¨€      | 1360/3317 [1:11:48<1:56:28,  3.57s/stock]D:\Projects\auto-select-stock\src\auto_select_stock\predict\data.py:76: RuntimeWarning: invalid value encountered in divide
  result["bb_position"] = np.where(bb_upper != bb_lower, (close - bb_lower) / (bb_upper - bb_lower), 0.5)
Collect signals 1361/3317:  41%|¨€¨€¨€¨€      | 1360/3317 [1:11:52<1:56:28,  3.57s/stock]Collect signals 1361/3317:  41%|¨€¨€¨€¨€      | 1361/3317 [1:11:52<1:58:33,  3.64s/stock]D:\Projects\auto-select-stock\src\auto_select_stock\predict\data.py:76: RuntimeWarning: invalid value encountered in divide
  result["bb_position"] = np.where(bb_upper != bb_lower, (close - bb_lower) / (bb_upper - bb_lower), 0.5)
Collect signals 1362/3317:  41%|¨€¨€¨€¨€      | 1361/3317 [1:11:55<1:58:33,  3.64s/stock]Collect signals 1362/3317:  41%|¨€¨€¨€¨€      | 1362/3317 [1:11:55<1:56:24,  3.57s/stock]D:\Projects\auto-select-stock\src\auto_select_stock\predict\data.py:76: RuntimeWarning: invalid value encountered in divide
  result["bb_position"] = np.where(bb_upper != bb_lower, (close - bb_lower) / (bb_upper - bb_lower), 0.5)
Collect signals 1363/3317:  41%|¨€¨€¨€¨€      | 1362/3317 [1:11:59<1:56:24,  3.57s/stock]Collect signals 1363/3317:  41%|¨€¨€¨€¨€      | 1363/3317 [1:11:59<1:58:00,  3.62s/stock]D:\Projects\auto-select-stock\src\auto_select_stock\predict\data.py:76: RuntimeWarning: invalid value encountered in divide
  result["bb_position"] = np.where(bb_upper != bb_lower, (close - bb_lower) / (bb_upper - bb_lower), 0.5)
Collect signals 1364/3317:  41%|¨€¨€¨€¨€      | 1363/3317 [1:12:02<1:58:00,  3.62s/stock]Collect signals 1364/3317:  41%|¨€¨€¨€¨€      | 1364/3317 [1:12:02<1:52:49,  3.47s/stock]D:\Projects\auto-select-stock\src\auto_select_stock\predict\data.py:76: RuntimeWarning: invalid value encountered in divide
  result["bb_position"] = np.where(bb_upper != bb_lower, (close - bb_lower) / (bb_upper - bb_lower), 0.5)
Collect signals 1365/3317:  41%|¨€¨€¨€¨€      | 1364/3317 [1:12:05<1:52:49,  3.47s/stock]Collect signals 1365/3317:  41%|¨€¨€¨€¨€      | 1365/3317 [1:12:05<1:53:26,  3.49s/stock]D:\Projects\auto-select-stock\src\auto_select_stock\predict\data.py:76: RuntimeWarning: invalid value encountered in divide
  result["bb_position"] = np.where(bb_upper != bb_lower, (close - bb_lower) / (bb_upper - bb_lower), 0.5)
Collect signals 1366/3317:  41%|¨€¨€¨€¨€      | 1365/3317 [1:12:09<1:53:26,  3.49s/stock]Collect signals 1366/3317:  41%|¨€¨€¨€¨€      | 1366/3317 [1:12:09<1:49:50,  3.38s/stock]D:\Projects\auto-select-stock\src\auto_select_stock\predict\data.py:76: RuntimeWarning: invalid value encountered in divide
  result["bb_position"] = np.where(bb_upper != bb_lower, (close - bb_lower) / (bb_upper - bb_lower), 0.5)
Collect signals 1367/3317:  41%|¨€¨€¨€¨€      | 1366/3317 [1:12:12<1:49:50,  3.38s/stock]Collect signals 1367/3317:  41%|¨€¨€¨€¨€      | 1367/3317 [1:12:12<1:52:28,  3.46s/stock]D:\Projects\auto-select-stock\src\auto_select_stock\predict\data.py:76: RuntimeWarning: invalid value encountered in divide
  result["bb_position"] = np.where(bb_upper != bb_lower, (close - bb_lower) / (bb_upper - bb_lower), 0.5)
Collect signals 1368/3317:  41%|¨€¨€¨€¨€      | 1367/3317 [1:12:16<1:52:28,  3.46s/stock]Collect signals 1368/3317:  41%|¨€¨€¨€¨€      | 1368/3317 [1:12:16<1:52:45,  3.47s/stock]D:\Projects\auto-select-stock\src\auto_select_stock\predict\data.py:76: RuntimeWarning: invalid value encountered in divide
  result["bb_position"] = np.where(bb_upper != bb_lower, (close - bb_lower) / (bb_upper - bb_lower), 0.5)
Collect signals 1369/3317:  41%|¨€¨€¨€¨€      | 1368/3317 [1:12:19<1:52:45,  3.47s/stock]Collect signals 1369/3317:  41%|¨€¨€¨€¨€¨‡     | 1369/3317 [1:12:19<1:49:51,  3.38s/stock]D:\Projects\auto-select-stock\src\auto_select_stock\predict\data.py:76: RuntimeWarning: invalid value encountered in divide
  result["bb_position"] = np.where(bb_upper != bb_lower, (close - bb_lower) / (bb_upper - bb_lower), 0.5)
Collect signals 1370/3317:  41%|¨€¨€¨€¨€¨‡     | 1369/3317 [1:12:22<1:49:51,  3.38s/stock]Collect signals 1370/3317:  41%|¨€¨€¨€¨€¨‡     | 1370/3317 [1:12:22<1:51:23,  3.43s/stock]D:\Projects\auto-select-stock\src\auto_select_stock\predict\data.py:76: RuntimeWarning: invalid value encountered in divide
  result["bb_position"] = np.where(bb_upper != bb_lower, (close - bb_lower) / (bb_upper - bb_lower), 0.5)
Collect signals 1371/3317:  41%|¨€¨€¨€¨€¨‡     | 1370/3317 [1:12:26<1:51:23,  3.43s/stock]Collect signals 1371/3317:  41%|¨€¨€¨€¨€¨‡     | 1371/3317 [1:12:26<1:49:37,  3.38s/stock]D:\Projects\auto-select-stock\src\auto_select_stock\predict\data.py:76: RuntimeWarning: invalid value encountered in divide
  result["bb_position"] = np.where(bb_upper != bb_lower, (close - bb_lower) / (bb_upper - bb_lower), 0.5)
Collect signals 1372/3317:  41%|¨€¨€¨€¨€¨‡     | 1371/3317 [1:12:29<1:49:37,  3.38s/stock]Collect signals 1372/3317:  41%|¨€¨€¨€¨€¨‡     | 1372/3317 [1:12:29<1:51:08,  3.43s/stock]D:\Projects\auto-select-stock\src\auto_select_stock\predict\data.py:76: RuntimeWarning: invalid value encountered in divide
  result["bb_position"] = np.where(bb_upper != bb_lower, (close - bb_lower) / (bb_upper - bb_lower), 0.5)
Collect signals 1373/3317:  41%|¨€¨€¨€¨€¨‡     | 1372/3317 [1:12:32<1:51:08,  3.43s/stock]Collect signals 1373/3317:  41%|¨€¨€¨€¨€¨‡     | 1373/3317 [1:12:32<1:48:10,  3.34s/stock]D:\Projects\auto-select-stock\src\auto_select_stock\predict\data.py:76: RuntimeWarning: invalid value encountered in divide
  result["bb_position"] = np.where(bb_upper != bb_lower, (close - bb_lower) / (bb_upper - bb_lower), 0.5)
Collect signals 1374/3317:  41%|¨€¨€¨€¨€¨‡     | 1373/3317 [1:12:36<1:48:10,  3.34s/stock]Collect signals 1374/3317:  41%|¨€¨€¨€¨€¨‡     | 1374/3317 [1:12:36<1:50:38,  3.42s/stock]D:\Projects\auto-select-stock\src\auto_select_stock\predict\data.py:76: RuntimeWarning: invalid value encountered in divide
  result["bb_position"] = np.where(bb_upper != bb_lower, (close - bb_lower) / (bb_upper - bb_lower), 0.5)
Collect signals 1375/3317:  41%|¨€¨€¨€¨€¨‡     | 1374/3317 [1:12:39<1:50:38,  3.42s/stock]Collect signals 1375/3317:  41%|¨€¨€¨€¨€¨‡     | 1375/3317 [1:12:39<1:50:22,  3.41s/stock]D:\Projects\auto-select-stock\src\auto_select_stock\predict\data.py:76: RuntimeWarning: invalid value encountered in divide
  result["bb_position"] = np.where(bb_upper != bb_lower, (close - bb_lower) / (bb_upper - bb_lower), 0.5)
Collect signals 1376/3317:  41%|¨€¨€¨€¨€¨‡     | 1375/3317 [1:12:43<1:50:22,  3.41s/stock]Collect signals 1376/3317:  41%|¨€¨€¨€¨€¨‡     | 1376/3317 [1:12:43<1:53:42,  3.52s/stock]D:\Projects\auto-select-stock\src\auto_select_stock\predict\data.py:76: RuntimeWarning: invalid value encountered in divide
  result["bb_position"] = np.where(bb_upper != bb_lower, (close - bb_lower) / (bb_upper - bb_lower), 0.5)
Collect signals 1377/3317:  41%|¨€¨€¨€¨€¨‡     | 1376/3317 [1:12:46<1:53:42,  3.52s/stock]Collect signals 1377/3317:  42%|¨€¨€¨€¨€¨‡     | 1377/3317 [1:12:46<1:51:55,  3.46s/stock]D:\Projects\auto-select-stock\src\auto_select_stock\predict\data.py:76: RuntimeWarning: invalid value encountered in divide
  result["bb_position"] = np.where(bb_upper != bb_lower, (close - bb_lower) / (bb_upper - bb_lower), 0.5)
Collect signals 1378/3317:  42%|¨€¨€¨€¨€¨‡     | 1377/3317 [1:12:50<1:51:55,  3.46s/stock]Collect signals 1378/3317:  42%|¨€¨€¨€¨€¨‡     | 1378/3317 [1:12:50<1:53:01,  3.50s/stock]D:\Projects\auto-select-stock\src\auto_select_stock\predict\data.py:76: RuntimeWarning: invalid value encountered in divide
  result["bb_position"] = np.where(bb_upper != bb_lower, (close - bb_lower) / (bb_upper - bb_lower), 0.5)
Collect signals 1379/3317:  42%|¨€¨€¨€¨€¨‡     | 1378/3317 [1:12:54<1:53:01,  3.50s/stock]Collect signals 1379/3317:  42%|¨€¨€¨€¨€¨‡     | 1379/3317 [1:12:54<1:54:08,  3.53s/stock]D:\Projects\auto-select-stock\src\auto_select_stock\predict\data.py:76: RuntimeWarning: invalid value encountered in divide
  result["bb_position"] = np.where(bb_upper != bb_lower, (close - bb_lower) / (bb_upper - bb_lower), 0.5)
Collect signals 1380/3317:  42%|¨€¨€¨€¨€¨‡     | 1379/3317 [1:12:57<1:54:08,  3.53s/stock]Collect signals 1380/3317:  42%|¨€¨€¨€¨€¨‡     | 1380/3317 [1:12:57<1:50:37,  3.43s/stock]D:\Projects\auto-select-stock\src\auto_select_stock\predict\data.py:76: RuntimeWarning: invalid value encountered in divide
  result["bb_position"] = np.where(bb_upper != bb_lower, (close - bb_lower) / (bb_upper - bb_lower), 0.5)
Collect signals 1381/3317:  42%|¨€¨€¨€¨€¨‡     | 1380/3317 [1:13:00<1:50:37,  3.43s/stock]Collect signals 1381/3317:  42%|¨€¨€¨€¨€¨‡     | 1381/3317 [1:13:00<1:52:33,  3.49s/stock]D:\Projects\auto-select-stock\src\auto_select_stock\predict\data.py:76: RuntimeWarning: invalid value encountered in divide
  result["bb_position"] = np.where(bb_upper != bb_lower, (close - bb_lower) / (bb_upper - bb_lower), 0.5)
Collect signals 1382/3317:  42%|¨€¨€¨€¨€¨‡     | 1381/3317 [1:13:04<1:52:33,  3.49s/stock]Collect signals 1382/3317:  42%|¨€¨€¨€¨€¨‡     | 1382/3317 [1:13:04<1:50:07,  3.41s/stock]D:\Projects\auto-select-stock\src\auto_select_stock\predict\data.py:76: RuntimeWarning: invalid value encountered in divide
  result["bb_position"] = np.where(bb_upper != bb_lower, (close - bb_lower) / (bb_upper - bb_lower), 0.5)
Collect signals 1383/3317:  42%|¨€¨€¨€¨€¨‡     | 1382/3317 [1:13:08<1:50:07,  3.41s/stock]Collect signals 1383/3317:  42%|¨€¨€¨€¨€¨‡     | 1383/3317 [1:13:08<1:55:20,  3.58s/stock]D:\Projects\auto-select-stock\src\auto_select_stock\predict\data.py:76: RuntimeWarning: invalid value encountered in divide
  result["bb_position"] = np.where(bb_upper != bb_lower, (close - bb_lower) / (bb_upper - bb_lower), 0.5)
Collect signals 1384/3317:  42%|¨€¨€¨€¨€¨‡     | 1383/3317 [1:13:11<1:55:20,  3.58s/stock]Collect signals 1384/3317:  42%|¨€¨€¨€¨€¨‡     | 1384/3317 [1:13:11<1:53:56,  3.54s/stock]D:\Projects\auto-select-stock\src\auto_select_stock\predict\data.py:76: RuntimeWarning: invalid value encountered in divide
  result["bb_position"] = np.where(bb_upper != bb_lower, (close - bb_lower) / (bb_upper - bb_lower), 0.5)
Collect signals 1385/3317:  42%|¨€¨€¨€¨€¨‡     | 1384/3317 [1:13:15<1:53:56,  3.54s/stock]Collect signals 1385/3317:  42%|¨€¨€¨€¨€¨‡     | 1385/3317 [1:13:15<1:56:27,  3.62s/stock]D:\Projects\auto-select-stock\src\auto_select_stock\predict\data.py:76: RuntimeWarning: invalid value encountered in divide
  result["bb_position"] = np.where(bb_upper != bb_lower, (close - bb_lower) / (bb_upper - bb_lower), 0.5)
Collect signals 1386/3317:  42%|¨€¨€¨€¨€¨‡     | 1385/3317 [1:13:18<1:56:27,  3.62s/stock]Collect signals 1386/3317:  42%|¨€¨€¨€¨€¨‡     | 1386/3317 [1:13:18<1:56:01,  3.61s/stock]D:\Projects\auto-select-stock\src\auto_select_stock\predict\data.py:76: RuntimeWarning: invalid value encountered in divide
  result["bb_position"] = np.where(bb_upper != bb_lower, (close - bb_lower) / (bb_upper - bb_lower), 0.5)
Collect signals 1387/3317:  42%|¨€¨€¨€¨€¨‡     | 1386/3317 [1:13:22<1:56:01,  3.61s/stock]Collect signals 1387/3317:  42%|¨€¨€¨€¨€¨‡     | 1387/3317 [1:13:22<1:52:35,  3.50s/stock]D:\Projects\auto-select-stock\src\auto_select_stock\predict\data.py:76: RuntimeWarning: invalid value encountered in divide
  result["bb_position"] = np.where(bb_upper != bb_lower, (close - bb_lower) / (bb_upper - bb_lower), 0.5)
Collect signals 1388/3317:  42%|¨€¨€¨€¨€¨‡     | 1387/3317 [1:13:25<1:52:35,  3.50s/stock]Collect signals 1388/3317:  42%|¨€¨€¨€¨€¨‡     | 1388/3317 [1:13:25<1:54:56,  3.58s/stock]D:\Projects\auto-select-stock\src\auto_select_stock\predict\data.py:76: RuntimeWarning: invalid value encountered in divide
  result["bb_position"] = np.where(bb_upper != bb_lower, (close - bb_lower) / (bb_upper - bb_lower), 0.5)
Collect signals 1389/3317:  42%|¨€¨€¨€¨€¨‡     | 1388/3317 [1:13:29<1:54:56,  3.58s/stock]Collect signals 1389/3317:  42%|¨€¨€¨€¨€¨‡     | 1389/3317 [1:13:29<1:51:38,  3.47s/stock]D:\Projects\auto-select-stock\src\auto_select_stock\predict\data.py:76: RuntimeWarning: invalid value encountered in divide
  result["bb_position"] = np.where(bb_upper != bb_lower, (close - bb_lower) / (bb_upper - bb_lower), 0.5)
Collect signals 1390/3317:  42%|¨€¨€¨€¨€¨‡     | 1389/3317 [1:13:32<1:51:38,  3.47s/stock]Collect signals 1390/3317:  42%|¨€¨€¨€¨€¨‡     | 1390/3317 [1:13:32<1:53:45,  3.54s/stock]D:\Projects\auto-select-stock\src\auto_select_stock\predict\data.py:76: RuntimeWarning: invalid value encountered in divide
  result["bb_position"] = np.where(bb_upper != bb_lower, (close - bb_lower) / (bb_upper - bb_lower), 0.5)
Collect signals 1391/3317:  42%|¨€¨€¨€¨€¨‡     | 1390/3317 [1:13:36<1:53:45,  3.54s/stock]Collect signals 1391/3317:  42%|¨€¨€¨€¨€¨‡     | 1391/3317 [1:13:36<1:51:48,  3.48s/stock]D:\Projects\auto-select-stock\src\auto_select_stock\predict\data.py:76: RuntimeWarning: invalid value encountered in divide
  result["bb_position"] = np.where(bb_upper != bb_lower, (close - bb_lower) / (bb_upper - bb_lower), 0.5)
Collect signals 1392/3317:  42%|¨€¨€¨€¨€¨‡     | 1391/3317 [1:13:39<1:51:48,  3.48s/stock]Collect signals 1392/3317:  42%|¨€¨€¨€¨€¨‡     | 1392/3317 [1:13:39<1:52:59,  3.52s/stock]D:\Projects\auto-select-stock\src\auto_select_stock\predict\data.py:76: RuntimeWarning: invalid value encountered in divide
  result["bb_position"] = np.where(bb_upper != bb_lower, (close - bb_lower) / (bb_upper - bb_lower), 0.5)
Collect signals 1393/3317:  42%|¨€¨€¨€¨€¨‡     | 1392/3317 [1:13:42<1:52:59,  3.52s/stock]Collect signals 1393/3317:  42%|¨€¨€¨€¨€¨‡     | 1393/3317 [1:13:42<1:48:18,  3.38s/stock]D:\Projects\auto-select-stock\src\auto_select_stock\predict\data.py:76: RuntimeWarning: invalid value encountered in divide
  result["bb_position"] = np.where(bb_upper != bb_lower, (close - bb_lower) / (bb_upper - bb_lower), 0.5)
Collect signals 1394/3317:  42%|¨€¨€¨€¨€¨‡     | 1393/3317 [1:13:46<1:48:18,  3.38s/stock]Collect signals 1394/3317:  42%|¨€¨€¨€¨€¨‡     | 1394/3317 [1:13:46<1:50:41,  3.45s/stock]D:\Projects\auto-select-stock\src\auto_select_stock\predict\data.py:76: RuntimeWarning: invalid value encountered in divide
  result["bb_position"] = np.where(bb_upper != bb_lower, (close - bb_lower) / (bb_upper - bb_lower), 0.5)
Collect signals 1395/3317:  42%|¨€¨€¨€¨€¨‡     | 1394/3317 [1:13:50<1:50:41,  3.45s/stock]Collect signals 1395/3317:  42%|¨€¨€¨€¨€¨‡     | 1395/3317 [1:13:50<1:51:35,  3.48s/stock]D:\Projects\auto-select-stock\src\auto_select_stock\predict\data.py:76: RuntimeWarning: invalid value encountered in divide
  result["bb_position"] = np.where(bb_upper != bb_lower, (close - bb_lower) / (bb_upper - bb_lower), 0.5)
Collect signals 1396/3317:  42%|¨€¨€¨€¨€¨‡     | 1395/3317 [1:13:53<1:51:35,  3.48s/stock]Collect signals 1396/3317:  42%|¨€¨€¨€¨€¨‡     | 1396/3317 [1:13:53<1:48:41,  3.39s/stock]D:\Projects\auto-select-stock\src\auto_select_stock\predict\data.py:76: RuntimeWarning: invalid value encountered in divide
  result["bb_position"] = np.where(bb_upper != bb_lower, (close - bb_lower) / (bb_upper - bb_lower), 0.5)
Collect signals 1397/3317:  42%|¨€¨€¨€¨€¨‡     | 1396/3317 [1:13:56<1:48:41,  3.39s/stock]Collect signals 1397/3317:  42%|¨€¨€¨€¨€¨‡     | 1397/3317 [1:13:56<1:51:07,  3.47s/stock]D:\Projects\auto-select-stock\src\auto_select_stock\predict\data.py:76: RuntimeWarning: invalid value encountered in divide
  result["bb_position"] = np.where(bb_upper != bb_lower, (close - bb_lower) / (bb_upper - bb_lower), 0.5)
Collect signals 1398/3317:  42%|¨€¨€¨€¨€¨‡     | 1397/3317 [1:14:00<1:51:07,  3.47s/stock]Collect signals 1398/3317:  42%|¨€¨€¨€¨€¨‡     | 1398/3317 [1:14:00<1:48:51,  3.40s/stock]D:\Projects\auto-select-stock\src\auto_select_stock\predict\data.py:76: RuntimeWarning: invalid value encountered in divide
  result["bb_position"] = np.where(bb_upper != bb_lower, (close - bb_lower) / (bb_upper - bb_lower), 0.5)
Collect signals 1399/3317:  42%|¨€¨€¨€¨€¨‡     | 1398/3317 [1:14:03<1:48:51,  3.40s/stock]Collect signals 1399/3317:  42%|¨€¨€¨€¨€¨‡     | 1399/3317 [1:14:03<1:51:36,  3.49s/stock]D:\Projects\auto-select-stock\src\auto_select_stock\predict\data.py:76: RuntimeWarning: invalid value encountered in divide
  result["bb_position"] = np.where(bb_upper != bb_lower, (close - bb_lower) / (bb_upper - bb_lower), 0.5)
Collect signals 1400/3317:  42%|¨€¨€¨€¨€¨‡     | 1399/3317 [1:14:06<1:51:36,  3.49s/stock]Collect signals 1400/3317:  42%|¨€¨€¨€¨€¨‡     | 1400/3317 [1:14:06<1:47:17,  3.36s/stock]D:\Projects\auto-select-stock\src\auto_select_stock\predict\data.py:76: RuntimeWarning: invalid value encountered in divide
  result["bb_position"] = np.where(bb_upper != bb_lower, (close - bb_lower) / (bb_upper - bb_lower), 0.5)
Collect signals 1401/3317:  42%|¨€¨€¨€¨€¨‡     | 1400/3317 [1:14:10<1:47:17,  3.36s/stock]Collect signals 1401/3317:  42%|¨€¨€¨€¨€¨‡     | 1401/3317 [1:14:10<1:49:19,  3.42s/stock]D:\Projects\auto-select-stock\src\auto_select_stock\predict\data.py:76: RuntimeWarning: invalid value encountered in divide
  result["bb_position"] = np.where(bb_upper != bb_lower, (close - bb_lower) / (bb_upper - bb_lower), 0.5)
Collect signals 1402/3317:  42%|¨€¨€¨€¨€¨‡     | 1401/3317 [1:14:13<1:49:19,  3.42s/stock]Collect signals 1402/3317:  42%|¨€¨€¨€¨€¨‡     | 1402/3317 [1:14:13<1:49:19,  3.43s/stock]D:\Projects\auto-select-stock\src\auto_select_stock\predict\data.py:76: RuntimeWarning: invalid value encountered in divide
  result["bb_position"] = np.where(bb_upper != bb_lower, (close - bb_lower) / (bb_upper - bb_lower), 0.5)
Collect signals 1403/3317:  42%|¨€¨€¨€¨€¨‡     | 1402/3317 [1:14:17<1:49:19,  3.43s/stock]Collect signals 1403/3317:  42%|¨€¨€¨€¨€¨‡     | 1403/3317 [1:14:17<1:51:10,  3.49s/stock]D:\Projects\auto-select-stock\src\auto_select_stock\predict\data.py:76: RuntimeWarning: invalid value encountered in divide
  result["bb_position"] = np.where(bb_upper != bb_lower, (close - bb_lower) / (bb_upper - bb_lower), 0.5)
Collect signals 1404/3317:  42%|¨€¨€¨€¨€¨‡     | 1403/3317 [1:14:21<1:51:10,  3.49s/stock]Collect signals 1404/3317:  42%|¨€¨€¨€¨€¨‡     | 1404/3317 [1:14:21<1:52:35,  3.53s/stock]D:\Projects\auto-select-stock\src\auto_select_stock\predict\data.py:76: RuntimeWarning: invalid value encountered in divide
  result["bb_position"] = np.where(bb_upper != bb_lower, (close - bb_lower) / (bb_upper - bb_lower), 0.5)
Collect signals 1405/3317:  42%|¨€¨€¨€¨€¨‡     | 1404/3317 [1:14:24<1:52:35,  3.53s/stock]Collect signals 1405/3317:  42%|¨€¨€¨€¨€¨‡     | 1405/3317 [1:14:24<1:48:03,  3.39s/stock]D:\Projects\auto-select-stock\src\auto_select_stock\predict\data.py:76: RuntimeWarning: invalid value encountered in divide
  result["bb_position"] = np.where(bb_upper != bb_lower, (close - bb_lower) / (bb_upper - bb_lower), 0.5)
Collect signals 1406/3317:  42%|¨€¨€¨€¨€¨‡     | 1405/3317 [1:14:27<1:48:03,  3.39s/stock]Collect signals 1406/3317:  42%|¨€¨€¨€¨€¨‡     | 1406/3317 [1:14:27<1:48:14,  3.40s/stock]D:\Projects\auto-select-stock\src\auto_select_stock\predict\data.py:76: RuntimeWarning: invalid value encountered in divide
  result["bb_position"] = np.where(bb_upper != bb_lower, (close - bb_lower) / (bb_upper - bb_lower), 0.5)
Collect signals 1407/3317:  42%|¨€¨€¨€¨€¨‡     | 1406/3317 [1:14:30<1:48:14,  3.40s/stock]Collect signals 1407/3317:  42%|¨€¨€¨€¨€¨‡     | 1407/3317 [1:14:30<1:43:56,  3.27s/stock]D:\Projects\auto-select-stock\src\auto_select_stock\predict\data.py:76: RuntimeWarning: invalid value encountered in divide
  result["bb_position"] = np.where(bb_upper != bb_lower, (close - bb_lower) / (bb_upper - bb_lower), 0.5)
Collect signals 1408/3317:  42%|¨€¨€¨€¨€¨‡     | 1407/3317 [1:14:34<1:43:56,  3.27s/stock]Collect signals 1408/3317:  42%|¨€¨€¨€¨€¨‡     | 1408/3317 [1:14:34<1:46:08,  3.34s/stock]D:\Projects\auto-select-stock\src\auto_select_stock\predict\data.py:76: RuntimeWarning: invalid value encountered in divide
  result["bb_position"] = np.where(bb_upper != bb_lower, (close - bb_lower) / (bb_upper - bb_lower), 0.5)
Collect signals 1409/3317:  42%|¨€¨€¨€¨€¨‡     | 1408/3317 [1:14:37<1:46:08,  3.34s/stock]Collect signals 1409/3317:  42%|¨€¨€¨€¨€¨‡     | 1409/3317 [1:14:37<1:46:14,  3.34s/stock]D:\Projects\auto-select-stock\src\auto_select_stock\predict\data.py:76: RuntimeWarning: invalid value encountered in divide
  result["bb_position"] = np.where(bb_upper != bb_lower, (close - bb_lower) / (bb_upper - bb_lower), 0.5)
Collect signals 1410/3317:  42%|¨€¨€¨€¨€¨‡     | 1409/3317 [1:14:41<1:46:14,  3.34s/stock]Collect signals 1410/3317:  43%|¨€¨€¨€¨€¨†     | 1410/3317 [1:14:41<1:48:48,  3.42s/stock]D:\Projects\auto-select-stock\src\auto_select_stock\predict\data.py:76: RuntimeWarning: invalid value encountered in divide
  result["bb_position"] = np.where(bb_upper != bb_lower, (close - bb_lower) / (bb_upper - bb_lower), 0.5)
Collect signals 1411/3317:  43%|¨€¨€¨€¨€¨†     | 1410/3317 [1:14:44<1:48:48,  3.42s/stock]Collect signals 1411/3317:  43%|¨€¨€¨€¨€¨†     | 1411/3317 [1:14:44<1:50:38,  3.48s/stock]D:\Projects\auto-select-stock\src\auto_select_stock\predict\data.py:76: RuntimeWarning: invalid value encountered in divide
  result["bb_position"] = np.where(bb_upper != bb_lower, (close - bb_lower) / (bb_upper - bb_lower), 0.5)
Collect signals 1412/3317:  43%|¨€¨€¨€¨€¨†     | 1411/3317 [1:14:47<1:50:38,  3.48s/stock]Collect signals 1412/3317:  43%|¨€¨€¨€¨€¨†     | 1412/3317 [1:14:47<1:47:22,  3.38s/stock]D:\Projects\auto-select-stock\src\auto_select_stock\predict\data.py:76: RuntimeWarning: invalid value encountered in divide
  result["bb_position"] = np.where(bb_upper != bb_lower, (close - bb_lower) / (bb_upper - bb_lower), 0.5)
Collect signals 1413/3317:  43%|¨€¨€¨€¨€¨†     | 1412/3317 [1:14:51<1:47:22,  3.38s/stock]Collect signals 1413/3317:  43%|¨€¨€¨€¨€¨†     | 1413/3317 [1:14:51<1:49:46,  3.46s/stock]D:\Projects\auto-select-stock\src\auto_select_stock\predict\data.py:76: RuntimeWarning: invalid value encountered in divide
  result["bb_position"] = np.where(bb_upper != bb_lower, (close - bb_lower) / (bb_upper - bb_lower), 0.5)
Collect signals 1414/3317:  43%|¨€¨€¨€¨€¨†     | 1413/3317 [1:14:54<1:49:46,  3.46s/stock]Collect signals 1414/3317:  43%|¨€¨€¨€¨€¨†     | 1414/3317 [1:14:54<1:47:09,  3.38s/stock]D:\Projects\auto-select-stock\src\auto_select_stock\predict\data.py:76: RuntimeWarning: invalid value encountered in divide
  result["bb_position"] = np.where(bb_upper != bb_lower, (close - bb_lower) / (bb_upper - bb_lower), 0.5)
Collect signals 1415/3317:  43%|¨€¨€¨€¨€¨†     | 1414/3317 [1:14:58<1:47:09,  3.38s/stock]Collect signals 1415/3317:  43%|¨€¨€¨€¨€¨†     | 1415/3317 [1:14:58<1:48:15,  3.42s/stock]D:\Projects\auto-select-stock\src\auto_select_stock\predict\data.py:76: RuntimeWarning: invalid value encountered in divide
  result["bb_position"] = np.where(bb_upper != bb_lower, (close - bb_lower) / (bb_upper - bb_lower), 0.5)
Collect signals 1416/3317:  43%|¨€¨€¨€¨€¨†     | 1415/3317 [1:15:01<1:48:15,  3.42s/stock]Collect signals 1416/3317:  43%|¨€¨€¨€¨€¨†     | 1416/3317 [1:15:01<1:45:55,  3.34s/stock]D:\Projects\auto-select-stock\src\auto_select_stock\predict\data.py:76: RuntimeWarning: invalid value encountered in divide
  result["bb_position"] = np.where(bb_upper != bb_lower, (close - bb_lower) / (bb_upper - bb_lower), 0.5)
Collect signals 1417/3317:  43%|¨€¨€¨€¨€¨†     | 1416/3317 [1:15:04<1:45:55,  3.34s/stock]Collect signals 1417/3317:  43%|¨€¨€¨€¨€¨†     | 1417/3317 [1:15:04<1:47:31,  3.40s/stock]D:\Projects\auto-select-stock\src\auto_select_stock\predict\data.py:76: RuntimeWarning: invalid value encountered in divide
  result["bb_position"] = np.where(bb_upper != bb_lower, (close - bb_lower) / (bb_upper - bb_lower), 0.5)
Collect signals 1418/3317:  43%|¨€¨€¨€¨€¨†     | 1417/3317 [1:15:07<1:47:31,  3.40s/stock]Collect signals 1418/3317:  43%|¨€¨€¨€¨€¨†     | 1418/3317 [1:15:07<1:44:00,  3.29s/stock]D:\Projects\auto-select-stock\src\auto_select_stock\predict\data.py:76: RuntimeWarning: invalid value encountered in divide
  result["bb_position"] = np.where(bb_upper != bb_lower, (close - bb_lower) / (bb_upper - bb_lower), 0.5)
Collect signals 1419/3317:  43%|¨€¨€¨€¨€¨†     | 1418/3317 [1:15:11<1:44:00,  3.29s/stock]Collect signals 1419/3317:  43%|¨€¨€¨€¨€¨†     | 1419/3317 [1:15:11<1:45:34,  3.34s/stock]D:\Projects\auto-select-stock\src\auto_select_stock\predict\data.py:76: RuntimeWarning: invalid value encountered in divide
  result["bb_position"] = np.where(bb_upper != bb_lower, (close - bb_lower) / (bb_upper - bb_lower), 0.5)
Collect signals 1420/3317:  43%|¨€¨€¨€¨€¨†     | 1419/3317 [1:15:14<1:45:34,  3.34s/stock]Collect signals 1420/3317:  43%|¨€¨€¨€¨€¨†     | 1420/3317 [1:15:14<1:47:18,  3.39s/stock]D:\Projects\auto-select-stock\src\auto_select_stock\predict\data.py:76: RuntimeWarning: invalid value encountered in divide
  result["bb_position"] = np.where(bb_upper != bb_lower, (close - bb_lower) / (bb_upper - bb_lower), 0.5)
Collect signals 1421/3317:  43%|¨€¨€¨€¨€¨†     | 1420/3317 [1:15:18<1:47:18,  3.39s/stock]Collect signals 1421/3317:  43%|¨€¨€¨€¨€¨†     | 1421/3317 [1:15:18<1:45:17,  3.33s/stock]D:\Projects\auto-select-stock\src\auto_select_stock\predict\data.py:76: RuntimeWarning: invalid value encountered in divide
  result["bb_position"] = np.where(bb_upper != bb_lower, (close - bb_lower) / (bb_upper - bb_lower), 0.5)
Collect signals 1422/3317:  43%|¨€¨€¨€¨€¨†     | 1421/3317 [1:15:21<1:45:17,  3.33s/stock]Collect signals 1422/3317:  43%|¨€¨€¨€¨€¨†     | 1422/3317 [1:15:21<1:47:02,  3.39s/stock]D:\Projects\auto-select-stock\src\auto_select_stock\predict\data.py:76: RuntimeWarning: invalid value encountered in divide
  result["bb_position"] = np.where(bb_upper != bb_lower, (close - bb_lower) / (bb_upper - bb_lower), 0.5)
Collect signals 1423/3317:  43%|¨€¨€¨€¨€¨†     | 1422/3317 [1:15:24<1:47:02,  3.39s/stock]Collect signals 1423/3317:  43%|¨€¨€¨€¨€¨†     | 1423/3317 [1:15:24<1:43:45,  3.29s/stock]D:\Projects\auto-select-stock\src\auto_select_stock\predict\data.py:76: RuntimeWarning: invalid value encountered in divide
  result["bb_position"] = np.where(bb_upper != bb_lower, (close - bb_lower) / (bb_upper - bb_lower), 0.5)
Collect signals 1424/3317:  43%|¨€¨€¨€¨€¨†     | 1423/3317 [1:15:28<1:43:45,  3.29s/stock]Collect signals 1424/3317:  43%|¨€¨€¨€¨€¨†     | 1424/3317 [1:15:28<1:45:10,  3.33s/stock]D:\Projects\auto-select-stock\src\auto_select_stock\predict\data.py:76: RuntimeWarning: invalid value encountered in divide
  result["bb_position"] = np.where(bb_upper != bb_lower, (close - bb_lower) / (bb_upper - bb_lower), 0.5)
Collect signals 1425/3317:  43%|¨€¨€¨€¨€¨†     | 1424/3317 [1:15:31<1:45:10,  3.33s/stock]Collect signals 1425/3317:  43%|¨€¨€¨€¨€¨†     | 1425/3317 [1:15:31<1:43:13,  3.27s/stock]D:\Projects\auto-select-stock\src\auto_select_stock\predict\data.py:76: RuntimeWarning: invalid value encountered in divide
  result["bb_position"] = np.where(bb_upper != bb_lower, (close - bb_lower) / (bb_upper - bb_lower), 0.5)
Collect signals 1426/3317:  43%|¨€¨€¨€¨€¨†     | 1425/3317 [1:15:34<1:43:13,  3.27s/stock]Collect signals 1426/3317:  43%|¨€¨€¨€¨€¨†     | 1426/3317 [1:15:34<1:45:26,  3.35s/stock]D:\Projects\auto-select-stock\src\auto_select_stock\predict\data.py:76: RuntimeWarning: invalid value encountered in divide
  result["bb_position"] = np.where(bb_upper != bb_lower, (close - bb_lower) / (bb_upper - bb_lower), 0.5)
Collect signals 1427/3317:  43%|¨€¨€¨€¨€¨†     | 1426/3317 [1:15:38<1:45:26,  3.35s/stock]Collect signals 1427/3317:  43%|¨€¨€¨€¨€¨†     | 1427/3317 [1:15:38<1:47:00,  3.40s/stock]D:\Projects\auto-select-stock\src\auto_select_stock\predict\data.py:76: RuntimeWarning: invalid value encountered in divide
  result["bb_position"] = np.where(bb_upper != bb_lower, (close - bb_lower) / (bb_upper - bb_lower), 0.5)
Collect signals 1428/3317:  43%|¨€¨€¨€¨€¨†     | 1427/3317 [1:15:41<1:47:00,  3.40s/stock]Collect signals 1428/3317:  43%|¨€¨€¨€¨€¨†     | 1428/3317 [1:15:41<1:43:56,  3.30s/stock]D:\Projects\auto-select-stock\src\auto_select_stock\predict\data.py:76: RuntimeWarning: invalid value encountered in divide
  result["bb_position"] = np.where(bb_upper != bb_lower, (close - bb_lower) / (bb_upper - bb_lower), 0.5)
Collect signals 1429/3317:  43%|¨€¨€¨€¨€¨†     | 1428/3317 [1:15:44<1:43:56,  3.30s/stock]Collect signals 1429/3317:  43%|¨€¨€¨€¨€¨†     | 1429/3317 [1:15:44<1:45:49,  3.36s/stock]D:\Projects\auto-select-stock\src\auto_select_stock\predict\data.py:76: RuntimeWarning: invalid value encountered in divide
  result["bb_position"] = np.where(bb_upper != bb_lower, (close - bb_lower) / (bb_upper - bb_lower), 0.5)
Collect signals 1430/3317:  43%|¨€¨€¨€¨€¨†     | 1429/3317 [1:15:48<1:45:49,  3.36s/stock]Collect signals 1430/3317:  43%|¨€¨€¨€¨€¨†     | 1430/3317 [1:15:48<1:44:00,  3.31s/stock]D:\Projects\auto-select-stock\src\auto_select_stock\predict\data.py:76: RuntimeWarning: invalid value encountered in divide
  result["bb_position"] = np.where(bb_upper != bb_lower, (close - bb_lower) / (bb_upper - bb_lower), 0.5)
Collect signals 1431/3317:  43%|¨€¨€¨€¨€¨†     | 1430/3317 [1:15:51<1:44:00,  3.31s/stock]Collect signals 1431/3317:  43%|¨€¨€¨€¨€¨†     | 1431/3317 [1:15:51<1:46:02,  3.37s/stock]D:\Projects\auto-select-stock\src\auto_select_stock\predict\data.py:76: RuntimeWarning: invalid value encountered in divide
  result["bb_position"] = np.where(bb_upper != bb_lower, (close - bb_lower) / (bb_upper - bb_lower), 0.5)
Collect signals 1432/3317:  43%|¨€¨€¨€¨€¨†     | 1431/3317 [1:15:54<1:46:02,  3.37s/stock]Collect signals 1432/3317:  43%|¨€¨€¨€¨€¨†     | 1432/3317 [1:15:54<1:43:53,  3.31s/stock]D:\Projects\auto-select-stock\src\auto_select_stock\predict\data.py:76: RuntimeWarning: invalid value encountered in divide
  result["bb_position"] = np.where(bb_upper != bb_lower, (close - bb_lower) / (bb_upper - bb_lower), 0.5)
Collect signals 1433/3317:  43%|¨€¨€¨€¨€¨†     | 1432/3317 [1:15:58<1:43:53,  3.31s/stock]Collect signals 1433/3317:  43%|¨€¨€¨€¨€¨†     | 1433/3317 [1:15:58<1:46:38,  3.40s/stock]D:\Projects\auto-select-stock\src\auto_select_stock\predict\data.py:76: RuntimeWarning: invalid value encountered in divide
  result["bb_position"] = np.where(bb_upper != bb_lower, (close - bb_lower) / (bb_upper - bb_lower), 0.5)
Collect signals 1434/3317:  43%|¨€¨€¨€¨€¨†     | 1433/3317 [1:16:01<1:46:38,  3.40s/stock]Collect signals 1434/3317:  43%|¨€¨€¨€¨€¨†     | 1434/3317 [1:16:01<1:42:53,  3.28s/stock]D:\Projects\auto-select-stock\src\auto_select_stock\predict\data.py:76: RuntimeWarning: invalid value encountered in divide
  result["bb_position"] = np.where(bb_upper != bb_lower, (close - bb_lower) / (bb_upper - bb_lower), 0.5)
Collect signals 1435/3317:  43%|¨€¨€¨€¨€¨†     | 1434/3317 [1:16:04<1:42:53,  3.28s/stock]Collect signals 1435/3317:  43%|¨€¨€¨€¨€¨†     | 1435/3317 [1:16:04<1:44:01,  3.32s/stock]D:\Projects\auto-select-stock\src\auto_select_stock\predict\data.py:76: RuntimeWarning: invalid value encountered in divide
  result["bb_position"] = np.where(bb_upper != bb_lower, (close - bb_lower) / (bb_upper - bb_lower), 0.5)
Collect signals 1436/3317:  43%|¨€¨€¨€¨€¨†     | 1435/3317 [1:16:08<1:44:01,  3.32s/stock]Collect signals 1436/3317:  43%|¨€¨€¨€¨€¨†     | 1436/3317 [1:16:08<1:45:49,  3.38s/stock]D:\Projects\auto-select-stock\src\auto_select_stock\predict\data.py:76: RuntimeWarning: invalid value encountered in divide
  result["bb_position"] = np.where(bb_upper != bb_lower, (close - bb_lower) / (bb_upper - bb_lower), 0.5)
Collect signals 1437/3317:  43%|¨€¨€¨€¨€¨†     | 1436/3317 [1:16:11<1:45:49,  3.38s/stock]Collect signals 1437/3317:  43%|¨€¨€¨€¨€¨†     | 1437/3317 [1:16:11<1:42:31,  3.27s/stock]D:\Projects\auto-select-stock\src\auto_select_stock\predict\data.py:76: RuntimeWarning: invalid value encountered in divide
  result["bb_position"] = np.where(bb_upper != bb_lower, (close - bb_lower) / (bb_upper - bb_lower), 0.5)
Collect signals 1438/3317:  43%|¨€¨€¨€¨€¨†     | 1437/3317 [1:16:14<1:42:31,  3.27s/stock]Collect signals 1438/3317:  43%|¨€¨€¨€¨€¨†     | 1438/3317 [1:16:14<1:44:26,  3.34s/stock]D:\Projects\auto-select-stock\src\auto_select_stock\predict\data.py:76: RuntimeWarning: invalid value encountered in divide
  result["bb_position"] = np.where(bb_upper != bb_lower, (close - bb_lower) / (bb_upper - bb_lower), 0.5)
Collect signals 1439/3317:  43%|¨€¨€¨€¨€¨†     | 1438/3317 [1:16:17<1:44:26,  3.34s/stock]Collect signals 1439/3317:  43%|¨€¨€¨€¨€¨†     | 1439/3317 [1:16:17<1:43:23,  3.30s/stock]D:\Projects\auto-select-stock\src\auto_select_stock\predict\data.py:76: RuntimeWarning: invalid value encountered in divide
  result["bb_position"] = np.where(bb_upper != bb_lower, (close - bb_lower) / (bb_upper - bb_lower), 0.5)
Collect signals 1440/3317:  43%|¨€¨€¨€¨€¨†     | 1439/3317 [1:16:21<1:43:23,  3.30s/stock]Collect signals 1440/3317:  43%|¨€¨€¨€¨€¨†     | 1440/3317 [1:16:21<1:45:33,  3.37s/stock]D:\Projects\auto-select-stock\src\auto_select_stock\predict\data.py:76: RuntimeWarning: invalid value encountered in divide
  result["bb_position"] = np.where(bb_upper != bb_lower, (close - bb_lower) / (bb_upper - bb_lower), 0.5)
Collect signals 1441/3317:  43%|¨€¨€¨€¨€¨†     | 1440/3317 [1:16:24<1:45:33,  3.37s/stock]Collect signals 1441/3317:  43%|¨€¨€¨€¨€¨†     | 1441/3317 [1:16:24<1:43:42,  3.32s/stock]D:\Projects\auto-select-stock\src\auto_select_stock\predict\data.py:76: RuntimeWarning: invalid value encountered in divide
  result["bb_position"] = np.where(bb_upper != bb_lower, (close - bb_lower) / (bb_upper - bb_lower), 0.5)
Collect signals 1442/3317:  43%|¨€¨€¨€¨€¨†     | 1441/3317 [1:16:28<1:43:42,  3.32s/stock]Collect signals 1442/3317:  43%|¨€¨€¨€¨€¨†     | 1442/3317 [1:16:28<1:45:01,  3.36s/stock]D:\Projects\auto-select-stock\src\auto_select_stock\predict\data.py:76: RuntimeWarning: invalid value encountered in divide
  result["bb_position"] = np.where(bb_upper != bb_lower, (close - bb_lower) / (bb_upper - bb_lower), 0.5)
Collect signals 1443/3317:  43%|¨€¨€¨€¨€¨†     | 1442/3317 [1:16:31<1:45:01,  3.36s/stock]Collect signals 1443/3317:  44%|¨€¨€¨€¨€¨†     | 1443/3317 [1:16:31<1:42:40,  3.29s/stock]D:\Projects\auto-select-stock\src\auto_select_stock\predict\data.py:76: RuntimeWarning: invalid value encountered in divide
  result["bb_position"] = np.where(bb_upper != bb_lower, (close - bb_lower) / (bb_upper - bb_lower), 0.5)
Collect signals 1444/3317:  44%|¨€¨€¨€¨€¨†     | 1443/3317 [1:16:34<1:42:40,  3.29s/stock]Collect signals 1444/3317:  44%|¨€¨€¨€¨€¨†     | 1444/3317 [1:16:34<1:45:31,  3.38s/stock]D:\Projects\auto-select-stock\src\auto_select_stock\predict\data.py:76: RuntimeWarning: invalid value encountered in divide
  result["bb_position"] = np.where(bb_upper != bb_lower, (close - bb_lower) / (bb_upper - bb_lower), 0.5)
Collect signals 1445/3317:  44%|¨€¨€¨€¨€¨†     | 1444/3317 [1:16:38<1:45:31,  3.38s/stock]Collect signals 1445/3317:  44%|¨€¨€¨€¨€¨†     | 1445/3317 [1:16:38<1:47:52,  3.46s/stock]D:\Projects\auto-select-stock\src\auto_select_stock\predict\data.py:76: RuntimeWarning: invalid value encountered in divide
  result["bb_position"] = np.where(bb_upper != bb_lower, (close - bb_lower) / (bb_upper - bb_lower), 0.5)
Collect signals 1446/3317:  44%|¨€¨€¨€¨€¨†     | 1445/3317 [1:16:41<1:47:52,  3.46s/stock]Collect signals 1446/3317:  44%|¨€¨€¨€¨€¨†     | 1446/3317 [1:16:41<1:44:36,  3.35s/stock]D:\Projects\auto-select-stock\src\auto_select_stock\predict\data.py:76: RuntimeWarning: invalid value encountered in divide
  result["bb_position"] = np.where(bb_upper != bb_lower, (close - bb_lower) / (bb_upper - bb_lower), 0.5)
Collect signals 1447/3317:  44%|¨€¨€¨€¨€¨†     | 1446/3317 [1:16:45<1:44:36,  3.35s/stock]Collect signals 1447/3317:  44%|¨€¨€¨€¨€¨†     | 1447/3317 [1:16:45<1:47:59,  3.46s/stock]D:\Projects\auto-select-stock\src\auto_select_stock\predict\data.py:76: RuntimeWarning: invalid value encountered in divide
  result["bb_position"] = np.where(bb_upper != bb_lower, (close - bb_lower) / (bb_upper - bb_lower), 0.5)
Collect signals 1448/3317:  44%|¨€¨€¨€¨€¨†     | 1447/3317 [1:16:48<1:47:59,  3.46s/stock]Collect signals 1448/3317:  44%|¨€¨€¨€¨€¨†     | 1448/3317 [1:16:48<1:45:01,  3.37s/stock]D:\Projects\auto-select-stock\src\auto_select_stock\predict\data.py:76: RuntimeWarning: invalid value encountered in divide
  result["bb_position"] = np.where(bb_upper != bb_lower, (close - bb_lower) / (bb_upper - bb_lower), 0.5)
Collect signals 1449/3317:  44%|¨€¨€¨€¨€¨†     | 1448/3317 [1:16:52<1:45:01,  3.37s/stock]Collect signals 1449/3317:  44%|¨€¨€¨€¨€¨†     | 1449/3317 [1:16:52<1:47:10,  3.44s/stock]D:\Projects\auto-select-stock\src\auto_select_stock\predict\data.py:76: RuntimeWarning: invalid value encountered in divide
  result["bb_position"] = np.where(bb_upper != bb_lower, (close - bb_lower) / (bb_upper - bb_lower), 0.5)
Collect signals 1450/3317:  44%|¨€¨€¨€¨€¨†     | 1449/3317 [1:16:55<1:47:10,  3.44s/stock]Collect signals 1450/3317:  44%|¨€¨€¨€¨€¨†     | 1450/3317 [1:16:55<1:46:39,  3.43s/stock]D:\Projects\auto-select-stock\src\auto_select_stock\predict\data.py:76: RuntimeWarning: invalid value encountered in divide
  result["bb_position"] = np.where(bb_upper != bb_lower, (close - bb_lower) / (bb_upper - bb_lower), 0.5)
Collect signals 1451/3317:  44%|¨€¨€¨€¨€¨†     | 1450/3317 [1:16:59<1:46:39,  3.43s/stock]Collect signals 1451/3317:  44%|¨€¨€¨€¨€¨†     | 1451/3317 [1:16:59<1:48:59,  3.50s/stock]D:\Projects\auto-select-stock\src\auto_select_stock\predict\data.py:76: RuntimeWarning: invalid value encountered in divide
  result["bb_position"] = np.where(bb_upper != bb_lower, (close - bb_lower) / (bb_upper - bb_lower), 0.5)
Collect signals 1452/3317:  44%|¨€¨€¨€¨€¨†     | 1451/3317 [1:17:02<1:48:59,  3.50s/stock]Collect signals 1452/3317:  44%|¨€¨€¨€¨€¨…     | 1452/3317 [1:17:02<1:45:33,  3.40s/stock]D:\Projects\auto-select-stock\src\auto_select_stock\predict\data.py:76: RuntimeWarning: invalid value encountered in divide
  result["bb_position"] = np.where(bb_upper != bb_lower, (close - bb_lower) / (bb_upper - bb_lower), 0.5)
Collect signals 1453/3317:  44%|¨€¨€¨€¨€¨…     | 1452/3317 [1:17:05<1:45:33,  3.40s/stock]Collect signals 1453/3317:  44%|¨€¨€¨€¨€¨…     | 1453/3317 [1:17:05<1:47:42,  3.47s/stock]D:\Projects\auto-select-stock\src\auto_select_stock\predict\data.py:76: RuntimeWarning: invalid value encountered in divide
  result["bb_position"] = np.where(bb_upper != bb_lower, (close - bb_lower) / (bb_upper - bb_lower), 0.5)
Collect signals 1454/3317:  44%|¨€¨€¨€¨€¨…     | 1453/3317 [1:17:09<1:47:42,  3.47s/stock]Collect signals 1454/3317:  44%|¨€¨€¨€¨€¨…     | 1454/3317 [1:17:09<1:47:32,  3.46s/stock]D:\Projects\auto-select-stock\src\auto_select_stock\predict\data.py:76: RuntimeWarning: invalid value encountered in divide
  result["bb_position"] = np.where(bb_upper != bb_lower, (close - bb_lower) / (bb_upper - bb_lower), 0.5)
Collect signals 1455/3317:  44%|¨€¨€¨€¨€¨…     | 1454/3317 [1:17:12<1:47:32,  3.46s/stock]Collect signals 1455/3317:  44%|¨€¨€¨€¨€¨…     | 1455/3317 [1:17:12<1:44:47,  3.38s/stock]D:\Projects\auto-select-stock\src\auto_select_stock\predict\data.py:76: RuntimeWarning: invalid value encountered in divide
  result["bb_position"] = np.where(bb_upper != bb_lower, (close - bb_lower) / (bb_upper - bb_lower), 0.5)
Collect signals 1456/3317:  44%|¨€¨€¨€¨€¨…     | 1455/3317 [1:17:16<1:44:47,  3.38s/stock]Collect signals 1456/3317:  44%|¨€¨€¨€¨€¨…     | 1456/3317 [1:17:16<1:47:11,  3.46s/stock]D:\Projects\auto-select-stock\src\auto_select_stock\predict\data.py:76: RuntimeWarning: invalid value encountered in divide
  result["bb_position"] = np.where(bb_upper != bb_lower, (close - bb_lower) / (bb_upper - bb_lower), 0.5)
Collect signals 1457/3317:  44%|¨€¨€¨€¨€¨…     | 1456/3317 [1:17:19<1:47:11,  3.46s/stock]Collect signals 1457/3317:  44%|¨€¨€¨€¨€¨…     | 1457/3317 [1:17:19<1:44:22,  3.37s/stock]D:\Projects\auto-select-stock\src\auto_select_stock\predict\data.py:76: RuntimeWarning: invalid value encountered in divide
  result["bb_position"] = np.where(bb_upper != bb_lower, (close - bb_lower) / (bb_upper - bb_lower), 0.5)
Collect signals 1458/3317:  44%|¨€¨€¨€¨€¨…     | 1457/3317 [1:17:23<1:44:22,  3.37s/stock]Collect signals 1458/3317:  44%|¨€¨€¨€¨€¨…     | 1458/3317 [1:17:23<1:46:37,  3.44s/stock]D:\Projects\auto-select-stock\src\auto_select_stock\predict\data.py:76: RuntimeWarning: invalid value encountered in divide
  result["bb_position"] = np.where(bb_upper != bb_lower, (close - bb_lower) / (bb_upper - bb_lower), 0.5)
Collect signals 1459/3317:  44%|¨€¨€¨€¨€¨…     | 1458/3317 [1:17:26<1:46:37,  3.44s/stock]Collect signals 1459/3317:  44%|¨€¨€¨€¨€¨…     | 1459/3317 [1:17:26<1:44:29,  3.37s/stock]D:\Projects\auto-select-stock\src\auto_select_stock\predict\data.py:76: RuntimeWarning: invalid value encountered in divide
  result["bb_position"] = np.where(bb_upper != bb_lower, (close - bb_lower) / (bb_upper - bb_lower), 0.5)
Collect signals 1460/3317:  44%|¨€¨€¨€¨€¨…     | 1459/3317 [1:17:29<1:44:29,  3.37s/stock]Collect signals 1460/3317:  44%|¨€¨€¨€¨€¨…     | 1460/3317 [1:17:29<1:45:35,  3.41s/stock]D:\Projects\auto-select-stock\src\auto_select_stock\predict\data.py:76: RuntimeWarning: invalid value encountered in divide
  result["bb_position"] = np.where(bb_upper != bb_lower, (close - bb_lower) / (bb_upper - bb_lower), 0.5)
Collect signals 1461/3317:  44%|¨€¨€¨€¨€¨…     | 1460/3317 [1:17:33<1:45:35,  3.41s/stock]Collect signals 1461/3317:  44%|¨€¨€¨€¨€¨…     | 1461/3317 [1:17:33<1:46:16,  3.44s/stock]D:\Projects\auto-select-stock\src\auto_select_stock\predict\data.py:76: RuntimeWarning: invalid value encountered in divide
  result["bb_position"] = np.where(bb_upper != bb_lower, (close - bb_lower) / (bb_upper - bb_lower), 0.5)
Collect signals 1462/3317:  44%|¨€¨€¨€¨€¨…     | 1461/3317 [1:17:36<1:46:16,  3.44s/stock]Collect signals 1462/3317:  44%|¨€¨€¨€¨€¨…     | 1462/3317 [1:17:36<1:41:58,  3.30s/stock]D:\Projects\auto-select-stock\src\auto_select_stock\predict\data.py:76: RuntimeWarning: invalid value encountered in divide
  result["bb_position"] = np.where(bb_upper != bb_lower, (close - bb_lower) / (bb_upper - bb_lower), 0.5)
Collect signals 1463/3317:  44%|¨€¨€¨€¨€¨…     | 1462/3317 [1:17:39<1:41:58,  3.30s/stock]Collect signals 1463/3317:  44%|¨€¨€¨€¨€¨…     | 1463/3317 [1:17:39<1:43:26,  3.35s/stock]D:\Projects\auto-select-stock\src\auto_select_stock\predict\data.py:76: RuntimeWarning: invalid value encountered in divide
  result["bb_position"] = np.where(bb_upper != bb_lower, (close - bb_lower) / (bb_upper - bb_lower), 0.5)
Collect signals 1464/3317:  44%|¨€¨€¨€¨€¨…     | 1463/3317 [1:17:42<1:43:26,  3.35s/stock]Collect signals 1464/3317:  44%|¨€¨€¨€¨€¨…     | 1464/3317 [1:17:42<1:40:57,  3.27s/stock]D:\Projects\auto-select-stock\src\auto_select_stock\predict\data.py:76: RuntimeWarning: invalid value encountered in divide
  result["bb_position"] = np.where(bb_upper != bb_lower, (close - bb_lower) / (bb_upper - bb_lower), 0.5)
Collect signals 1465/3317:  44%|¨€¨€¨€¨€¨…     | 1464/3317 [1:17:46<1:40:57,  3.27s/stock]Collect signals 1465/3317:  44%|¨€¨€¨€¨€¨…     | 1465/3317 [1:17:46<1:42:44,  3.33s/stock]D:\Projects\auto-select-stock\src\auto_select_stock\predict\data.py:76: RuntimeWarning: invalid value encountered in divide
  result["bb_position"] = np.where(bb_upper != bb_lower, (close - bb_lower) / (bb_upper - bb_lower), 0.5)
Collect signals 1466/3317:  44%|¨€¨€¨€¨€¨…     | 1465/3317 [1:17:49<1:42:44,  3.33s/stock]Collect signals 1466/3317:  44%|¨€¨€¨€¨€¨…     | 1466/3317 [1:17:49<1:40:58,  3.27s/stock]D:\Projects\auto-select-stock\src\auto_select_stock\predict\data.py:76: RuntimeWarning: invalid value encountered in divide
  result["bb_position"] = np.where(bb_upper != bb_lower, (close - bb_lower) / (bb_upper - bb_lower), 0.5)
Collect signals 1467/3317:  44%|¨€¨€¨€¨€¨…     | 1466/3317 [1:17:52<1:40:58,  3.27s/stock]Collect signals 1467/3317:  44%|¨€¨€¨€¨€¨…     | 1467/3317 [1:17:52<1:43:36,  3.36s/stock]D:\Projects\auto-select-stock\src\auto_select_stock\predict\data.py:76: RuntimeWarning: invalid value encountered in divide
  result["bb_position"] = np.where(bb_upper != bb_lower, (close - bb_lower) / (bb_upper - bb_lower), 0.5)
Collect signals 1468/3317:  44%|¨€¨€¨€¨€¨…     | 1467/3317 [1:17:56<1:43:36,  3.36s/stock]Collect signals 1468/3317:  44%|¨€¨€¨€¨€¨…     | 1468/3317 [1:17:56<1:41:26,  3.29s/stock]D:\Projects\auto-select-stock\src\auto_select_stock\predict\data.py:76: RuntimeWarning: invalid value encountered in divide
  result["bb_position"] = np.where(bb_upper != bb_lower, (close - bb_lower) / (bb_upper - bb_lower), 0.5)
Collect signals 1469/3317:  44%|¨€¨€¨€¨€¨…     | 1468/3317 [1:17:59<1:41:26,  3.29s/stock]Collect signals 1469/3317:  44%|¨€¨€¨€¨€¨…     | 1469/3317 [1:17:59<1:43:26,  3.36s/stock]D:\Projects\auto-select-stock\src\auto_select_stock\predict\data.py:76: RuntimeWarning: invalid value encountered in divide
  result["bb_position"] = np.where(bb_upper != bb_lower, (close - bb_lower) / (bb_upper - bb_lower), 0.5)
Collect signals 1470/3317:  44%|¨€¨€¨€¨€¨…     | 1469/3317 [1:18:02<1:43:26,  3.36s/stock]Collect signals 1470/3317:  44%|¨€¨€¨€¨€¨…     | 1470/3317 [1:18:02<1:43:56,  3.38s/stock]D:\Projects\auto-select-stock\src\auto_select_stock\predict\data.py:76: RuntimeWarning: invalid value encountered in divide
  result["bb_position"] = np.where(bb_upper != bb_lower, (close - bb_lower) / (bb_upper - bb_lower), 0.5)
Collect signals 1471/3317:  44%|¨€¨€¨€¨€¨…     | 1470/3317 [1:18:06<1:43:56,  3.38s/stock]Collect signals 1471/3317:  44%|¨€¨€¨€¨€¨…     | 1471/3317 [1:18:06<1:40:59,  3.28s/stock]D:\Projects\auto-select-stock\src\auto_select_stock\predict\data.py:76: RuntimeWarning: invalid value encountered in divide
  result["bb_position"] = np.where(bb_upper != bb_lower, (close - bb_lower) / (bb_upper - bb_lower), 0.5)
Collect signals 1472/3317:  44%|¨€¨€¨€¨€¨…     | 1471/3317 [1:18:09<1:40:59,  3.28s/stock]Collect signals 1472/3317:  44%|¨€¨€¨€¨€¨…     | 1472/3317 [1:18:09<1:42:33,  3.34s/stock]D:\Projects\auto-select-stock\src\auto_select_stock\predict\data.py:76: RuntimeWarning: invalid value encountered in divide
  result["bb_position"] = np.where(bb_upper != bb_lower, (close - bb_lower) / (bb_upper - bb_lower), 0.5)
Collect signals 1473/3317:  44%|¨€¨€¨€¨€¨…     | 1472/3317 [1:18:12<1:42:33,  3.34s/stock]Collect signals 1473/3317:  44%|¨€¨€¨€¨€¨…     | 1473/3317 [1:18:12<1:40:08,  3.26s/stock]D:\Projects\auto-select-stock\src\auto_select_stock\predict\data.py:76: RuntimeWarning: invalid value encountered in divide
  result["bb_position"] = np.where(bb_upper != bb_lower, (close - bb_lower) / (bb_upper - bb_lower), 0.5)
Collect signals 1474/3317:  44%|¨€¨€¨€¨€¨…     | 1473/3317 [1:18:16<1:40:08,  3.26s/stock]Collect signals 1474/3317:  44%|¨€¨€¨€¨€¨…     | 1474/3317 [1:18:16<1:42:35,  3.34s/stock]D:\Projects\auto-select-stock\src\auto_select_stock\predict\data.py:76: RuntimeWarning: invalid value encountered in divide
  result["bb_position"] = np.where(bb_upper != bb_lower, (close - bb_lower) / (bb_upper - bb_lower), 0.5)
Collect signals 1475/3317:  44%|¨€¨€¨€¨€¨…     | 1474/3317 [1:18:19<1:42:35,  3.34s/stock]Collect signals 1475/3317:  44%|¨€¨€¨€¨€¨…     | 1475/3317 [1:18:19<1:40:13,  3.26s/stock]D:\Projects\auto-select-stock\src\auto_select_stock\predict\data.py:76: RuntimeWarning: invalid value encountered in divide
  result["bb_position"] = np.where(bb_upper != bb_lower, (close - bb_lower) / (bb_upper - bb_lower), 0.5)
Collect signals 1476/3317:  44%|¨€¨€¨€¨€¨…     | 1475/3317 [1:18:22<1:40:13,  3.26s/stock]Collect signals 1476/3317:  44%|¨€¨€¨€¨€¨…     | 1476/3317 [1:18:22<1:42:08,  3.33s/stock]D:\Projects\auto-select-stock\src\auto_select_stock\predict\data.py:76: RuntimeWarning: invalid value encountered in divide
  result["bb_position"] = np.where(bb_upper != bb_lower, (close - bb_lower) / (bb_upper - bb_lower), 0.5)
Collect signals 1477/3317:  44%|¨€¨€¨€¨€¨…     | 1476/3317 [1:18:26<1:42:08,  3.33s/stock]Collect signals 1477/3317:  45%|¨€¨€¨€¨€¨…     | 1477/3317 [1:18:26<1:43:50,  3.39s/stock]D:\Projects\auto-select-stock\src\auto_select_stock\predict\data.py:76: RuntimeWarning: invalid value encountered in divide
  result["bb_position"] = np.where(bb_upper != bb_lower, (close - bb_lower) / (bb_upper - bb_lower), 0.5)
Collect signals 1478/3317:  45%|¨€¨€¨€¨€¨…     | 1477/3317 [1:18:29<1:43:50,  3.39s/stock]Collect signals 1478/3317:  45%|¨€¨€¨€¨€¨…     | 1478/3317 [1:18:29<1:40:55,  3.29s/stock]D:\Projects\auto-select-stock\src\auto_select_stock\predict\data.py:76: RuntimeWarning: invalid value encountered in divide
  result["bb_position"] = np.where(bb_upper != bb_lower, (close - bb_lower) / (bb_upper - bb_lower), 0.5)
Collect signals 1479/3317:  45%|¨€¨€¨€¨€¨…     | 1478/3317 [1:18:32<1:40:55,  3.29s/stock]Collect signals 1479/3317:  45%|¨€¨€¨€¨€¨…     | 1479/3317 [1:18:32<1:43:02,  3.36s/stock]D:\Projects\auto-select-stock\src\auto_select_stock\predict\data.py:76: RuntimeWarning: invalid value encountered in divide
  result["bb_position"] = np.where(bb_upper != bb_lower, (close - bb_lower) / (bb_upper - bb_lower), 0.5)
Collect signals 1480/3317:  45%|¨€¨€¨€¨€¨…     | 1479/3317 [1:18:35<1:43:02,  3.36s/stock]Collect signals 1480/3317:  45%|¨€¨€¨€¨€¨…     | 1480/3317 [1:18:35<1:40:38,  3.29s/stock]D:\Projects\auto-select-stock\src\auto_select_stock\predict\data.py:76: RuntimeWarning: invalid value encountered in divide
  result["bb_position"] = np.where(bb_upper != bb_lower, (close - bb_lower) / (bb_upper - bb_lower), 0.5)
Collect signals 1481/3317:  45%|¨€¨€¨€¨€¨…     | 1480/3317 [1:18:39<1:40:38,  3.29s/stock]Collect signals 1481/3317:  45%|¨€¨€¨€¨€¨…     | 1481/3317 [1:18:39<1:42:00,  3.33s/stock]D:\Projects\auto-select-stock\src\auto_select_stock\predict\data.py:76: RuntimeWarning: invalid value encountered in divide
  result["bb_position"] = np.where(bb_upper != bb_lower, (close - bb_lower) / (bb_upper - bb_lower), 0.5)
Collect signals 1482/3317:  45%|¨€¨€¨€¨€¨…     | 1481/3317 [1:18:42<1:42:00,  3.33s/stock]Collect signals 1482/3317:  45%|¨€¨€¨€¨€¨…     | 1482/3317 [1:18:42<1:39:41,  3.26s/stock]D:\Projects\auto-select-stock\src\auto_select_stock\predict\data.py:76: RuntimeWarning: invalid value encountered in divide
  result["bb_position"] = np.where(bb_upper != bb_lower, (close - bb_lower) / (bb_upper - bb_lower), 0.5)
Collect signals 1483/3317:  45%|¨€¨€¨€¨€¨…     | 1482/3317 [1:18:45<1:39:41,  3.26s/stock]Collect signals 1483/3317:  45%|¨€¨€¨€¨€¨…     | 1483/3317 [1:18:45<1:41:44,  3.33s/stock]D:\Projects\auto-select-stock\src\auto_select_stock\predict\data.py:76: RuntimeWarning: invalid value encountered in divide
  result["bb_position"] = np.where(bb_upper != bb_lower, (close - bb_lower) / (bb_upper - bb_lower), 0.5)
Collect signals 1484/3317:  45%|¨€¨€¨€¨€¨…     | 1483/3317 [1:18:48<1:41:44,  3.33s/stock]Collect signals 1484/3317:  45%|¨€¨€¨€¨€¨…     | 1484/3317 [1:18:48<1:38:35,  3.23s/stock]D:\Projects\auto-select-stock\src\auto_select_stock\predict\data.py:76: RuntimeWarning: invalid value encountered in divide
  result["bb_position"] = np.where(bb_upper != bb_lower, (close - bb_lower) / (bb_upper - bb_lower), 0.5)
Collect signals 1485/3317:  45%|¨€¨€¨€¨€¨…     | 1484/3317 [1:18:52<1:38:35,  3.23s/stock]Collect signals 1485/3317:  45%|¨€¨€¨€¨€¨…     | 1485/3317 [1:18:52<1:41:48,  3.33s/stock]D:\Projects\auto-select-stock\src\auto_select_stock\predict\data.py:76: RuntimeWarning: invalid value encountered in divide
  result["bb_position"] = np.where(bb_upper != bb_lower, (close - bb_lower) / (bb_upper - bb_lower), 0.5)
Collect signals 1486/3317:  45%|¨€¨€¨€¨€¨…     | 1485/3317 [1:18:55<1:41:48,  3.33s/stock]Collect signals 1486/3317:  45%|¨€¨€¨€¨€¨…     | 1486/3317 [1:18:55<1:43:03,  3.38s/stock]D:\Projects\auto-select-stock\src\auto_select_stock\predict\data.py:76: RuntimeWarning: invalid value encountered in divide
  result["bb_position"] = np.where(bb_upper != bb_lower, (close - bb_lower) / (bb_upper - bb_lower), 0.5)
Collect signals 1487/3317:  45%|¨€¨€¨€¨€¨…     | 1486/3317 [1:18:59<1:43:03,  3.38s/stock]Collect signals 1487/3317:  45%|¨€¨€¨€¨€¨…     | 1487/3317 [1:18:59<1:40:32,  3.30s/stock]D:\Projects\auto-select-stock\src\auto_select_stock\predict\data.py:76: RuntimeWarning: invalid value encountered in divide
  result["bb_position"] = np.where(bb_upper != bb_lower, (close - bb_lower) / (bb_upper - bb_lower), 0.5)
Collect signals 1488/3317:  45%|¨€¨€¨€¨€¨…     | 1487/3317 [1:19:02<1:40:32,  3.30s/stock]Collect signals 1488/3317:  45%|¨€¨€¨€¨€¨…     | 1488/3317 [1:19:02<1:42:22,  3.36s/stock]D:\Projects\auto-select-stock\src\auto_select_stock\predict\data.py:76: RuntimeWarning: invalid value encountered in divide
  result["bb_position"] = np.where(bb_upper != bb_lower, (close - bb_lower) / (bb_upper - bb_lower), 0.5)
Collect signals 1489/3317:  45%|¨€¨€¨€¨€¨…     | 1488/3317 [1:19:05<1:42:22,  3.36s/stock]Collect signals 1489/3317:  45%|¨€¨€¨€¨€¨…     | 1489/3317 [1:19:05<1:39:25,  3.26s/stock]D:\Projects\auto-select-stock\src\auto_select_stock\predict\data.py:76: RuntimeWarning: invalid value encountered in divide
  result["bb_position"] = np.where(bb_upper != bb_lower, (close - bb_lower) / (bb_upper - bb_lower), 0.5)
Collect signals 1490/3317:  45%|¨€¨€¨€¨€¨…     | 1489/3317 [1:19:09<1:39:25,  3.26s/stock]Collect signals 1490/3317:  45%|¨€¨€¨€¨€¨…     | 1490/3317 [1:19:09<1:42:17,  3.36s/stock]D:\Projects\auto-select-stock\src\auto_select_stock\predict\data.py:76: RuntimeWarning: invalid value encountered in divide
  result["bb_position"] = np.where(bb_upper != bb_lower, (close - bb_lower) / (bb_upper - bb_lower), 0.5)
Collect signals 1491/3317:  45%|¨€¨€¨€¨€¨…     | 1490/3317 [1:19:12<1:42:17,  3.36s/stock]Collect signals 1491/3317:  45%|¨€¨€¨€¨€¨…     | 1491/3317 [1:19:12<1:40:01,  3.29s/stock]D:\Projects\auto-select-stock\src\auto_select_stock\predict\data.py:76: RuntimeWarning: invalid value encountered in divide
  result["bb_position"] = np.where(bb_upper != bb_lower, (close - bb_lower) / (bb_upper - bb_lower), 0.5)
Collect signals 1492/3317:  45%|¨€¨€¨€¨€¨…     | 1491/3317 [1:19:16<1:40:01,  3.29s/stock]Collect signals 1492/3317:  45%|¨€¨€¨€¨€¨…     | 1492/3317 [1:19:16<1:43:53,  3.42s/stock]D:\Projects\auto-select-stock\src\auto_select_stock\predict\data.py:76: RuntimeWarning: invalid value encountered in divide
  result["bb_position"] = np.where(bb_upper != bb_lower, (close - bb_lower) / (bb_upper - bb_lower), 0.5)
Collect signals 1493/3317:  45%|¨€¨€¨€¨€¨…     | 1492/3317 [1:19:19<1:43:53,  3.42s/stock]Collect signals 1493/3317:  45%|¨€¨€¨€¨€¨„     | 1493/3317 [1:19:19<1:42:58,  3.39s/stock]D:\Projects\auto-select-stock\src\auto_select_stock\predict\data.py:76: RuntimeWarning: invalid value encountered in divide
  result["bb_position"] = np.where(bb_upper != bb_lower, (close - bb_lower) / (bb_upper - bb_lower), 0.5)
Collect signals 1494/3317:  45%|¨€¨€¨€¨€¨„     | 1493/3317 [1:19:23<1:42:58,  3.39s/stock]Collect signals 1494/3317:  45%|¨€¨€¨€¨€¨„     | 1494/3317 [1:19:23<1:47:57,  3.55s/stock]D:\Projects\auto-select-stock\src\auto_select_stock\predict\data.py:76: RuntimeWarning: invalid value encountered in divide
  result["bb_position"] = np.where(bb_upper != bb_lower, (close - bb_lower) / (bb_upper - bb_lower), 0.5)
Collect signals 1495/3317:  45%|¨€¨€¨€¨€¨„     | 1494/3317 [1:19:27<1:47:57,  3.55s/stock]Collect signals 1495/3317:  45%|¨€¨€¨€¨€¨„     | 1495/3317 [1:19:27<1:51:42,  3.68s/stock]D:\Projects\auto-select-stock\src\auto_select_stock\predict\data.py:76: RuntimeWarning: invalid value encountered in divide
  result["bb_position"] = np.where(bb_upper != bb_lower, (close - bb_lower) / (bb_upper - bb_lower), 0.5)
Collect signals 1496/3317:  45%|¨€¨€¨€¨€¨„     | 1495/3317 [1:19:30<1:51:42,  3.68s/stock]Collect signals 1496/3317:  45%|¨€¨€¨€¨€¨„     | 1496/3317 [1:19:30<1:49:22,  3.60s/stock]D:\Projects\auto-select-stock\src\auto_select_stock\predict\data.py:76: RuntimeWarning: invalid value encountered in divide
  result["bb_position"] = np.where(bb_upper != bb_lower, (close - bb_lower) / (bb_upper - bb_lower), 0.5)
Collect signals 1497/3317:  45%|¨€¨€¨€¨€¨„     | 1496/3317 [1:19:34<1:49:22,  3.60s/stock]Collect signals 1497/3317:  45%|¨€¨€¨€¨€¨„     | 1497/3317 [1:19:34<1:54:36,  3.78s/stock]D:\Projects\auto-select-stock\src\auto_select_stock\predict\data.py:76: RuntimeWarning: invalid value encountered in divide
  result["bb_position"] = np.where(bb_upper != bb_lower, (close - bb_lower) / (bb_upper - bb_lower), 0.5)
Collect signals 1498/3317:  45%|¨€¨€¨€¨€¨„     | 1497/3317 [1:19:38<1:54:36,  3.78s/stock]Collect signals 1498/3317:  45%|¨€¨€¨€¨€¨„     | 1498/3317 [1:19:38<1:51:15,  3.67s/stock]D:\Projects\auto-select-stock\src\auto_select_stock\predict\data.py:76: RuntimeWarning: invalid value encountered in divide
  result["bb_position"] = np.where(bb_upper != bb_lower, (close - bb_lower) / (bb_upper - bb_lower), 0.5)
Collect signals 1499/3317:  45%|¨€¨€¨€¨€¨„     | 1498/3317 [1:19:42<1:51:15,  3.67s/stock]Collect signals 1499/3317:  45%|¨€¨€¨€¨€¨„     | 1499/3317 [1:19:42<1:56:02,  3.83s/stock]D:\Projects\auto-select-stock\src\auto_select_stock\predict\data.py:76: RuntimeWarning: invalid value encountered in divide
  result["bb_position"] = np.where(bb_upper != bb_lower, (close - bb_lower) / (bb_upper - bb_lower), 0.5)
Collect signals 1500/3317:  45%|¨€¨€¨€¨€¨„     | 1499/3317 [1:19:45<1:56:02,  3.83s/stock]Collect signals 1500/3317:  45%|¨€¨€¨€¨€¨„     | 1500/3317 [1:19:45<1:52:18,  3.71s/stock]D:\Projects\auto-select-stock\src\auto_select_stock\predict\data.py:76: RuntimeWarning: invalid value encountered in divide
  result["bb_position"] = np.where(bb_upper != bb_lower, (close - bb_lower) / (bb_upper - bb_lower), 0.5)
Collect signals 1501/3317:  45%|¨€¨€¨€¨€¨„     | 1500/3317 [1:19:49<1:52:18,  3.71s/stock]Collect signals 1501/3317:  45%|¨€¨€¨€¨€¨„     | 1501/3317 [1:19:49<1:54:04,  3.77s/stock]D:\Projects\auto-select-stock\src\auto_select_stock\predict\data.py:76: RuntimeWarning: invalid value encountered in divide
  result["bb_position"] = np.where(bb_upper != bb_lower, (close - bb_lower) / (bb_upper - bb_lower), 0.5)
D:\Projects\auto-select-stock\src\auto_select_stock\predict\data.py:95: RuntimeWarning: invalid value encountered in divide
  stoch_k = np.where(highest_high != lowest_low, 100 * (close - lowest_low) / (highest_high - lowest_low), 50)
Collect signals 1502/3317:  45%|¨€¨€¨€¨€¨„     | 1501/3317 [1:19:53<1:54:04,  3.77s/stock]Collect signals 1502/3317:  45%|¨€¨€¨€¨€¨„     | 1502/3317 [1:19:53<1:52:02,  3.70s/stock]D:\Projects\auto-select-stock\src\auto_select_stock\predict\data.py:76: RuntimeWarning: invalid value encountered in divide
  result["bb_position"] = np.where(bb_upper != bb_lower, (close - bb_lower) / (bb_upper - bb_lower), 0.5)
Collect signals 1503/3317:  45%|¨€¨€¨€¨€¨„     | 1502/3317 [1:19:57<1:52:02,  3.70s/stock]Collect signals 1503/3317:  45%|¨€¨€¨€¨€¨„     | 1503/3317 [1:19:57<1:56:22,  3.85s/stock]D:\Projects\auto-select-stock\src\auto_select_stock\predict\data.py:76: RuntimeWarning: invalid value encountered in divide
  result["bb_position"] = np.where(bb_upper != bb_lower, (close - bb_lower) / (bb_upper - bb_lower), 0.5)
Collect signals 1504/3317:  45%|¨€¨€¨€¨€¨„     | 1503/3317 [1:20:01<1:56:22,  3.85s/stock]Collect signals 1504/3317:  45%|¨€¨€¨€¨€¨„     | 1504/3317 [1:20:01<1:56:10,  3.84s/stock]D:\Projects\auto-select-stock\src\auto_select_stock\predict\data.py:76: RuntimeWarning: invalid value encountered in divide
  result["bb_position"] = np.where(bb_upper != bb_lower, (close - bb_lower) / (bb_upper - bb_lower), 0.5)
Collect signals 1505/3317:  45%|¨€¨€¨€¨€¨„     | 1504/3317 [1:20:04<1:56:10,  3.84s/stock]Collect signals 1505/3317:  45%|¨€¨€¨€¨€¨„     | 1505/3317 [1:20:04<1:52:49,  3.74s/stock]D:\Projects\auto-select-stock\src\auto_select_stock\predict\data.py:76: RuntimeWarning: invalid value encountered in divide
  result["bb_position"] = np.where(bb_upper != bb_lower, (close - bb_lower) / (bb_upper - bb_lower), 0.5)
Collect signals 1506/3317:  45%|¨€¨€¨€¨€¨„     | 1505/3317 [1:20:08<1:52:49,  3.74s/stock]Collect signals 1506/3317:  45%|¨€¨€¨€¨€¨„     | 1506/3317 [1:20:08<1:53:18,  3.75s/stock]D:\Projects\auto-select-stock\src\auto_select_stock\predict\data.py:76: RuntimeWarning: invalid value encountered in divide
  result["bb_position"] = np.where(bb_upper != bb_lower, (close - bb_lower) / (bb_upper - bb_lower), 0.5)
Collect signals 1507/3317:  45%|¨€¨€¨€¨€¨„     | 1506/3317 [1:20:12<1:53:18,  3.75s/stock]Collect signals 1507/3317:  45%|¨€¨€¨€¨€¨„     | 1507/3317 [1:20:12<1:51:42,  3.70s/stock]D:\Projects\auto-select-stock\src\auto_select_stock\predict\data.py:76: RuntimeWarning: invalid value encountered in divide
  result["bb_position"] = np.where(bb_upper != bb_lower, (close - bb_lower) / (bb_upper - bb_lower), 0.5)
Collect signals 1508/3317:  45%|¨€¨€¨€¨€¨„     | 1507/3317 [1:20:16<1:51:42,  3.70s/stock]Collect signals 1508/3317:  45%|¨€¨€¨€¨€¨„     | 1508/3317 [1:20:16<1:53:02,  3.75s/stock]D:\Projects\auto-select-stock\src\auto_select_stock\predict\data.py:76: RuntimeWarning: invalid value encountered in divide
  result["bb_position"] = np.where(bb_upper != bb_lower, (close - bb_lower) / (bb_upper - bb_lower), 0.5)
Collect signals 1509/3317:  45%|¨€¨€¨€¨€¨„     | 1508/3317 [1:20:19<1:53:02,  3.75s/stock]Collect signals 1509/3317:  45%|¨€¨€¨€¨€¨„     | 1509/3317 [1:20:19<1:47:57,  3.58s/stock]D:\Projects\auto-select-stock\src\auto_select_stock\predict\data.py:76: RuntimeWarning: invalid value encountered in divide
  result["bb_position"] = np.where(bb_upper != bb_lower, (close - bb_lower) / (bb_upper - bb_lower), 0.5)
Collect signals 1510/3317:  45%|¨€¨€¨€¨€¨„     | 1509/3317 [1:20:22<1:47:57,  3.58s/stock]Collect signals 1510/3317:  46%|¨€¨€¨€¨€¨„     | 1510/3317 [1:20:22<1:44:27,  3.47s/stock]D:\Projects\auto-select-stock\src\auto_select_stock\predict\data.py:76: RuntimeWarning: invalid value encountered in divide
  result["bb_position"] = np.where(bb_upper != bb_lower, (close - bb_lower) / (bb_upper - bb_lower), 0.5)
Collect signals 1511/3317:  46%|¨€¨€¨€¨€¨„     | 1510/3317 [1:20:25<1:44:27,  3.47s/stock]Collect signals 1511/3317:  46%|¨€¨€¨€¨€¨„     | 1511/3317 [1:20:25<1:42:55,  3.42s/stock]D:\Projects\auto-select-stock\src\auto_select_stock\predict\data.py:76: RuntimeWarning: invalid value encountered in divide
  result["bb_position"] = np.where(bb_upper != bb_lower, (close - bb_lower) / (bb_upper - bb_lower), 0.5)
Collect signals 1512/3317:  46%|¨€¨€¨€¨€¨„     | 1511/3317 [1:20:28<1:42:55,  3.42s/stock]Collect signals 1512/3317:  46%|¨€¨€¨€¨€¨„     | 1512/3317 [1:20:28<1:37:46,  3.25s/stock]D:\Projects\auto-select-stock\src\auto_select_stock\predict\data.py:76: RuntimeWarning: invalid value encountered in divide
  result["bb_position"] = np.where(bb_upper != bb_lower, (close - bb_lower) / (bb_upper - bb_lower), 0.5)
Collect signals 1513/3317:  46%|¨€¨€¨€¨€¨„     | 1512/3317 [1:20:32<1:37:46,  3.25s/stock]Collect signals 1513/3317:  46%|¨€¨€¨€¨€¨„     | 1513/3317 [1:20:32<1:39:52,  3.32s/stock]D:\Projects\auto-select-stock\src\auto_select_stock\predict\data.py:76: RuntimeWarning: invalid value encountered in divide
  result["bb_position"] = np.where(bb_upper != bb_lower, (close - bb_lower) / (bb_upper - bb_lower), 0.5)
Collect signals 1514/3317:  46%|¨€¨€¨€¨€¨„     | 1513/3317 [1:20:35<1:39:52,  3.32s/stock]Collect signals 1514/3317:  46%|¨€¨€¨€¨€¨„     | 1514/3317 [1:20:35<1:38:42,  3.28s/stock]D:\Projects\auto-select-stock\src\auto_select_stock\predict\data.py:76: RuntimeWarning: invalid value encountered in divide
  result["bb_position"] = np.where(bb_upper != bb_lower, (close - bb_lower) / (bb_upper - bb_lower), 0.5)
Collect signals 1515/3317:  46%|¨€¨€¨€¨€¨„     | 1514/3317 [1:20:38<1:38:42,  3.28s/stock]Collect signals 1515/3317:  46%|¨€¨€¨€¨€¨„     | 1515/3317 [1:20:38<1:39:11,  3.30s/stock]D:\Projects\auto-select-stock\src\auto_select_stock\predict\data.py:76: RuntimeWarning: invalid value encountered in divide
  result["bb_position"] = np.where(bb_upper != bb_lower, (close - bb_lower) / (bb_upper - bb_lower), 0.5)
Collect signals 1516/3317:  46%|¨€¨€¨€¨€¨„     | 1515/3317 [1:20:42<1:39:11,  3.30s/stock]Collect signals 1516/3317:  46%|¨€¨€¨€¨€¨„     | 1516/3317 [1:20:42<1:39:13,  3.31s/stock]D:\Projects\auto-select-stock\src\auto_select_stock\predict\data.py:76: RuntimeWarning: invalid value encountered in divide
  result["bb_position"] = np.where(bb_upper != bb_lower, (close - bb_lower) / (bb_upper - bb_lower), 0.5)
Collect signals 1517/3317:  46%|¨€¨€¨€¨€¨„     | 1516/3317 [1:20:45<1:39:13,  3.31s/stock]Collect signals 1517/3317:  46%|¨€¨€¨€¨€¨„     | 1517/3317 [1:20:45<1:40:20,  3.34s/stock]D:\Projects\auto-select-stock\src\auto_select_stock\predict\data.py:76: RuntimeWarning: invalid value encountered in divide
  result["bb_position"] = np.where(bb_upper != bb_lower, (close - bb_lower) / (bb_upper - bb_lower), 0.5)
Collect signals 1518/3317:  46%|¨€¨€¨€¨€¨„     | 1517/3317 [1:20:48<1:40:20,  3.34s/stock]Collect signals 1518/3317:  46%|¨€¨€¨€¨€¨„     | 1518/3317 [1:20:48<1:36:10,  3.21s/stock]D:\Projects\auto-select-stock\src\auto_select_stock\predict\data.py:76: RuntimeWarning: invalid value encountered in divide
  result["bb_position"] = np.where(bb_upper != bb_lower, (close - bb_lower) / (bb_upper - bb_lower), 0.5)
Collect signals 1519/3317:  46%|¨€¨€¨€¨€¨„     | 1518/3317 [1:20:51<1:36:10,  3.21s/stock]Collect signals 1519/3317:  46%|¨€¨€¨€¨€¨„     | 1519/3317 [1:20:51<1:37:55,  3.27s/stock]D:\Projects\auto-select-stock\src\auto_select_stock\predict\data.py:76: RuntimeWarning: invalid value encountered in divide
  result["bb_position"] = np.where(bb_upper != bb_lower, (close - bb_lower) / (bb_upper - bb_lower), 0.5)
Collect signals 1520/3317:  46%|¨€¨€¨€¨€¨„     | 1519/3317 [1:20:55<1:37:55,  3.27s/stock]Collect signals 1520/3317:  46%|¨€¨€¨€¨€¨„     | 1520/3317 [1:20:55<1:37:38,  3.26s/stock]D:\Projects\auto-select-stock\src\auto_select_stock\predict\data.py:76: RuntimeWarning: invalid value encountered in divide
  result["bb_position"] = np.where(bb_upper != bb_lower, (close - bb_lower) / (bb_upper - bb_lower), 0.5)
Collect signals 1521/3317:  46%|¨€¨€¨€¨€¨„     | 1520/3317 [1:20:57<1:37:38,  3.26s/stock]Collect signals 1521/3317:  46%|¨€¨€¨€¨€¨„     | 1521/3317 [1:20:57<1:34:27,  3.16s/stock]D:\Projects\auto-select-stock\src\auto_select_stock\predict\data.py:76: RuntimeWarning: invalid value encountered in divide
  result["bb_position"] = np.where(bb_upper != bb_lower, (close - bb_lower) / (bb_upper - bb_lower), 0.5)
D:\Projects\auto-select-stock\src\auto_select_stock\predict\data.py:95: RuntimeWarning: invalid value encountered in divide
  stoch_k = np.where(highest_high != lowest_low, 100 * (close - lowest_low) / (highest_high - lowest_low), 50)
Collect signals 1522/3317:  46%|¨€¨€¨€¨€¨„     | 1521/3317 [1:21:01<1:34:27,  3.16s/stock]Collect signals 1522/3317:  46%|¨€¨€¨€¨€¨„     | 1522/3317 [1:21:01<1:35:56,  3.21s/stock]D:\Projects\auto-select-stock\src\auto_select_stock\predict\data.py:76: RuntimeWarning: invalid value encountered in divide
  result["bb_position"] = np.where(bb_upper != bb_lower, (close - bb_lower) / (bb_upper - bb_lower), 0.5)
Collect signals 1523/3317:  46%|¨€¨€¨€¨€¨„     | 1522/3317 [1:21:04<1:35:56,  3.21s/stock]Collect signals 1523/3317:  46%|¨€¨€¨€¨€¨„     | 1523/3317 [1:21:04<1:33:11,  3.12s/stock]D:\Projects\auto-select-stock\src\auto_select_stock\predict\data.py:76: RuntimeWarning: invalid value encountered in divide
  result["bb_position"] = np.where(bb_upper != bb_lower, (close - bb_lower) / (bb_upper - bb_lower), 0.5)
Collect signals 1524/3317:  46%|¨€¨€¨€¨€¨„     | 1523/3317 [1:21:07<1:33:11,  3.12s/stock]Collect signals 1524/3317:  46%|¨€¨€¨€¨€¨„     | 1524/3317 [1:21:07<1:35:10,  3.18s/stock]D:\Projects\auto-select-stock\src\auto_select_stock\predict\data.py:76: RuntimeWarning: invalid value encountered in divide
  result["bb_position"] = np.where(bb_upper != bb_lower, (close - bb_lower) / (bb_upper - bb_lower), 0.5)
Collect signals 1525/3317:  46%|¨€¨€¨€¨€¨„     | 1524/3317 [1:21:10<1:35:10,  3.18s/stock]Collect signals 1525/3317:  46%|¨€¨€¨€¨€¨„     | 1525/3317 [1:21:10<1:33:55,  3.14s/stock]D:\Projects\auto-select-stock\src\auto_select_stock\predict\data.py:76: RuntimeWarning: invalid value encountered in divide
  result["bb_position"] = np.where(bb_upper != bb_lower, (close - bb_lower) / (bb_upper - bb_lower), 0.5)
Collect signals 1526/3317:  46%|¨€¨€¨€¨€¨„     | 1525/3317 [1:21:14<1:33:55,  3.14s/stock]Collect signals 1526/3317:  46%|¨€¨€¨€¨€¨„     | 1526/3317 [1:21:14<1:37:09,  3.26s/stock]D:\Projects\auto-select-stock\src\auto_select_stock\predict\data.py:76: RuntimeWarning: invalid value encountered in divide
  result["bb_position"] = np.where(bb_upper != bb_lower, (close - bb_lower) / (bb_upper - bb_lower), 0.5)
Collect signals 1527/3317:  46%|¨€¨€¨€¨€¨„     | 1526/3317 [1:21:17<1:37:09,  3.26s/stock]Collect signals 1527/3317:  46%|¨€¨€¨€¨€¨„     | 1527/3317 [1:21:17<1:38:41,  3.31s/stock]D:\Projects\auto-select-stock\src\auto_select_stock\predict\data.py:76: RuntimeWarning: invalid value encountered in divide
  result["bb_position"] = np.where(bb_upper != bb_lower, (close - bb_lower) / (bb_upper - bb_lower), 0.5)
Collect signals 1528/3317:  46%|¨€¨€¨€¨€¨„     | 1527/3317 [1:21:20<1:38:41,  3.31s/stock]Collect signals 1528/3317:  46%|¨€¨€¨€¨€¨„     | 1528/3317 [1:21:20<1:36:08,  3.22s/stock]D:\Projects\auto-select-stock\src\auto_select_stock\predict\data.py:76: RuntimeWarning: invalid value encountered in divide
  result["bb_position"] = np.where(bb_upper != bb_lower, (close - bb_lower) / (bb_upper - bb_lower), 0.5)
Collect signals 1529/3317:  46%|¨€¨€¨€¨€¨„     | 1528/3317 [1:21:23<1:36:08,  3.22s/stock]Collect signals 1529/3317:  46%|¨€¨€¨€¨€¨„     | 1529/3317 [1:21:23<1:38:03,  3.29s/stock]D:\Projects\auto-select-stock\src\auto_select_stock\predict\data.py:76: RuntimeWarning: invalid value encountered in divide
  result["bb_position"] = np.where(bb_upper != bb_lower, (close - bb_lower) / (bb_upper - bb_lower), 0.5)
Collect signals 1530/3317:  46%|¨€¨€¨€¨€¨„     | 1529/3317 [1:21:26<1:38:03,  3.29s/stock]Collect signals 1530/3317:  46%|¨€¨€¨€¨€¨„     | 1530/3317 [1:21:27<1:35:44,  3.21s/stock]D:\Projects\auto-select-stock\src\auto_select_stock\predict\data.py:76: RuntimeWarning: invalid value encountered in divide
  result["bb_position"] = np.where(bb_upper != bb_lower, (close - bb_lower) / (bb_upper - bb_lower), 0.5)
Collect signals 1531/3317:  46%|¨€¨€¨€¨€¨„     | 1530/3317 [1:21:30<1:35:44,  3.21s/stock]Collect signals 1531/3317:  46%|¨€¨€¨€¨€¨„     | 1531/3317 [1:21:30<1:36:42,  3.25s/stock]D:\Projects\auto-select-stock\src\auto_select_stock\predict\data.py:76: RuntimeWarning: invalid value encountered in divide
  result["bb_position"] = np.where(bb_upper != bb_lower, (close - bb_lower) / (bb_upper - bb_lower), 0.5)
Collect signals 1532/3317:  46%|¨€¨€¨€¨€¨„     | 1531/3317 [1:21:33<1:36:42,  3.25s/stock]Collect signals 1532/3317:  46%|¨€¨€¨€¨€¨„     | 1532/3317 [1:21:33<1:33:45,  3.15s/stock]D:\Projects\auto-select-stock\src\auto_select_stock\predict\data.py:76: RuntimeWarning: invalid value encountered in divide
  result["bb_position"] = np.where(bb_upper != bb_lower, (close - bb_lower) / (bb_upper - bb_lower), 0.5)
Collect signals 1533/3317:  46%|¨€¨€¨€¨€¨„     | 1532/3317 [1:21:36<1:33:45,  3.15s/stock]Collect signals 1533/3317:  46%|¨€¨€¨€¨€¨„     | 1533/3317 [1:21:36<1:35:07,  3.20s/stock]D:\Projects\auto-select-stock\src\auto_select_stock\predict\data.py:76: RuntimeWarning: invalid value encountered in divide
  result["bb_position"] = np.where(bb_upper != bb_lower, (close - bb_lower) / (bb_upper - bb_lower), 0.5)
Collect signals 1534/3317:  46%|¨€¨€¨€¨€¨„     | 1533/3317 [1:21:39<1:35:07,  3.20s/stock]Collect signals 1534/3317:  46%|¨€¨€¨€¨€¨„     | 1534/3317 [1:21:39<1:32:32,  3.11s/stock]D:\Projects\auto-select-stock\src\auto_select_stock\predict\data.py:76: RuntimeWarning: invalid value encountered in divide
  result["bb_position"] = np.where(bb_upper != bb_lower, (close - bb_lower) / (bb_upper - bb_lower), 0.5)
Collect signals 1535/3317:  46%|¨€¨€¨€¨€¨„     | 1534/3317 [1:21:42<1:32:32,  3.11s/stock]Collect signals 1535/3317:  46%|¨€¨€¨€¨€¨ƒ     | 1535/3317 [1:21:42<1:34:26,  3.18s/stock]D:\Projects\auto-select-stock\src\auto_select_stock\predict\data.py:76: RuntimeWarning: invalid value encountered in divide
  result["bb_position"] = np.where(bb_upper != bb_lower, (close - bb_lower) / (bb_upper - bb_lower), 0.5)
Collect signals 1536/3317:  46%|¨€¨€¨€¨€¨ƒ     | 1535/3317 [1:21:46<1:34:26,  3.18s/stock]Collect signals 1536/3317:  46%|¨€¨€¨€¨€¨ƒ     | 1536/3317 [1:21:46<1:36:13,  3.24s/stock]D:\Projects\auto-select-stock\src\auto_select_stock\predict\data.py:76: RuntimeWarning: invalid value encountered in divide
  result["bb_position"] = np.where(bb_upper != bb_lower, (close - bb_lower) / (bb_upper - bb_lower), 0.5)
Collect signals 1537/3317:  46%|¨€¨€¨€¨€¨ƒ     | 1536/3317 [1:21:49<1:36:13,  3.24s/stock]Collect signals 1537/3317:  46%|¨€¨€¨€¨€¨ƒ     | 1537/3317 [1:21:49<1:37:02,  3.27s/stock]D:\Projects\auto-select-stock\src\auto_select_stock\predict\data.py:76: RuntimeWarning: invalid value encountered in divide
  result["bb_position"] = np.where(bb_upper != bb_lower, (close - bb_lower) / (bb_upper - bb_lower), 0.5)
Collect signals 1538/3317:  46%|¨€¨€¨€¨€¨ƒ     | 1537/3317 [1:21:52<1:37:02,  3.27s/stock]Collect signals 1538/3317:  46%|¨€¨€¨€¨€¨ƒ     | 1538/3317 [1:21:52<1:38:27,  3.32s/stock]D:\Projects\auto-select-stock\src\auto_select_stock\predict\data.py:76: RuntimeWarning: invalid value encountered in divide
  result["bb_position"] = np.where(bb_upper != bb_lower, (close - bb_lower) / (bb_upper - bb_lower), 0.5)
Collect signals 1539/3317:  46%|¨€¨€¨€¨€¨ƒ     | 1538/3317 [1:21:56<1:38:27,  3.32s/stock]Collect signals 1539/3317:  46%|¨€¨€¨€¨€¨ƒ     | 1539/3317 [1:21:56<1:36:19,  3.25s/stock]D:\Projects\auto-select-stock\src\auto_select_stock\predict\data.py:76: RuntimeWarning: invalid value encountered in divide
  result["bb_position"] = np.where(bb_upper != bb_lower, (close - bb_lower) / (bb_upper - bb_lower), 0.5)
Collect signals 1540/3317:  46%|¨€¨€¨€¨€¨ƒ     | 1539/3317 [1:21:59<1:36:19,  3.25s/stock]Collect signals 1540/3317:  46%|¨€¨€¨€¨€¨ƒ     | 1540/3317 [1:21:59<1:38:31,  3.33s/stock]D:\Projects\auto-select-stock\src\auto_select_stock\predict\data.py:76: RuntimeWarning: invalid value encountered in divide
  result["bb_position"] = np.where(bb_upper != bb_lower, (close - bb_lower) / (bb_upper - bb_lower), 0.5)
Collect signals 1541/3317:  46%|¨€¨€¨€¨€¨ƒ     | 1540/3317 [1:22:02<1:38:31,  3.33s/stock]Collect signals 1541/3317:  46%|¨€¨€¨€¨€¨ƒ     | 1541/3317 [1:22:02<1:35:08,  3.21s/stock]D:\Projects\auto-select-stock\src\auto_select_stock\predict\data.py:76: RuntimeWarning: invalid value encountered in divide
  result["bb_position"] = np.where(bb_upper != bb_lower, (close - bb_lower) / (bb_upper - bb_lower), 0.5)
Collect signals 1542/3317:  46%|¨€¨€¨€¨€¨ƒ     | 1541/3317 [1:22:05<1:35:08,  3.21s/stock]Collect signals 1542/3317:  46%|¨€¨€¨€¨€¨ƒ     | 1542/3317 [1:22:05<1:36:18,  3.26s/stock]D:\Projects\auto-select-stock\src\auto_select_stock\predict\data.py:76: RuntimeWarning: invalid value encountered in divide
  result["bb_position"] = np.where(bb_upper != bb_lower, (close - bb_lower) / (bb_upper - bb_lower), 0.5)
Collect signals 1543/3317:  46%|¨€¨€¨€¨€¨ƒ     | 1542/3317 [1:22:09<1:36:18,  3.26s/stock]Collect signals 1543/3317:  47%|¨€¨€¨€¨€¨ƒ     | 1543/3317 [1:22:09<1:39:39,  3.37s/stock]D:\Projects\auto-select-stock\src\auto_select_stock\predict\data.py:76: RuntimeWarning: invalid value encountered in divide
  result["bb_position"] = np.where(bb_upper != bb_lower, (close - bb_lower) / (bb_upper - bb_lower), 0.5)
Collect signals 1544/3317:  47%|¨€¨€¨€¨€¨ƒ     | 1543/3317 [1:22:12<1:39:39,  3.37s/stock]Collect signals 1544/3317:  47%|¨€¨€¨€¨€¨ƒ     | 1544/3317 [1:22:12<1:38:07,  3.32s/stock]D:\Projects\auto-select-stock\src\auto_select_stock\predict\data.py:76: RuntimeWarning: invalid value encountered in divide
  result["bb_position"] = np.where(bb_upper != bb_lower, (close - bb_lower) / (bb_upper - bb_lower), 0.5)
Collect signals 1545/3317:  47%|¨€¨€¨€¨€¨ƒ     | 1544/3317 [1:22:16<1:38:07,  3.32s/stock]Collect signals 1545/3317:  47%|¨€¨€¨€¨€¨ƒ     | 1545/3317 [1:22:16<1:40:41,  3.41s/stock]D:\Projects\auto-select-stock\src\auto_select_stock\predict\data.py:76: RuntimeWarning: invalid value encountered in divide
  result["bb_position"] = np.where(bb_upper != bb_lower, (close - bb_lower) / (bb_upper - bb_lower), 0.5)
Collect signals 1546/3317:  47%|¨€¨€¨€¨€¨ƒ     | 1545/3317 [1:22:19<1:40:41,  3.41s/stock]Collect signals 1546/3317:  47%|¨€¨€¨€¨€¨ƒ     | 1546/3317 [1:22:19<1:37:06,  3.29s/stock]D:\Projects\auto-select-stock\src\auto_select_stock\predict\data.py:76: RuntimeWarning: invalid value encountered in divide
  result["bb_position"] = np.where(bb_upper != bb_lower, (close - bb_lower) / (bb_upper - bb_lower), 0.5)
Collect signals 1547/3317:  47%|¨€¨€¨€¨€¨ƒ     | 1546/3317 [1:22:23<1:37:06,  3.29s/stock]Collect signals 1547/3317:  47%|¨€¨€¨€¨€¨ƒ     | 1547/3317 [1:22:23<1:40:43,  3.41s/stock]D:\Projects\auto-select-stock\src\auto_select_stock\predict\data.py:76: RuntimeWarning: invalid value encountered in divide
  result["bb_position"] = np.where(bb_upper != bb_lower, (close - bb_lower) / (bb_upper - bb_lower), 0.5)
Collect signals 1548/3317:  47%|¨€¨€¨€¨€¨ƒ     | 1547/3317 [1:22:26<1:40:43,  3.41s/stock]Collect signals 1548/3317:  47%|¨€¨€¨€¨€¨ƒ     | 1548/3317 [1:22:26<1:36:59,  3.29s/stock]D:\Projects\auto-select-stock\src\auto_select_stock\predict\data.py:76: RuntimeWarning: invalid value encountered in divide
  result["bb_position"] = np.where(bb_upper != bb_lower, (close - bb_lower) / (bb_upper - bb_lower), 0.5)
Collect signals 1549/3317:  47%|¨€¨€¨€¨€¨ƒ     | 1548/3317 [1:22:29<1:36:59,  3.29s/stock]Collect signals 1549/3317:  47%|¨€¨€¨€¨€¨ƒ     | 1549/3317 [1:22:29<1:38:38,  3.35s/stock]D:\Projects\auto-select-stock\src\auto_select_stock\predict\data.py:76: RuntimeWarning: invalid value encountered in divide
  result["bb_position"] = np.where(bb_upper != bb_lower, (close - bb_lower) / (bb_upper - bb_lower), 0.5)
Collect signals 1550/3317:  47%|¨€¨€¨€¨€¨ƒ     | 1549/3317 [1:22:32<1:38:38,  3.35s/stock]Collect signals 1550/3317:  47%|¨€¨€¨€¨€¨ƒ     | 1550/3317 [1:22:32<1:35:44,  3.25s/stock]D:\Projects\auto-select-stock\src\auto_select_stock\predict\data.py:76: RuntimeWarning: invalid value encountered in divide
  result["bb_position"] = np.where(bb_upper != bb_lower, (close - bb_lower) / (bb_upper - bb_lower), 0.5)
Collect signals 1551/3317:  47%|¨€¨€¨€¨€¨ƒ     | 1550/3317 [1:22:35<1:35:44,  3.25s/stock]Collect signals 1551/3317:  47%|¨€¨€¨€¨€¨ƒ     | 1551/3317 [1:22:35<1:36:57,  3.29s/stock]D:\Projects\auto-select-stock\src\auto_select_stock\predict\data.py:76: RuntimeWarning: invalid value encountered in divide
  result["bb_position"] = np.where(bb_upper != bb_lower, (close - bb_lower) / (bb_upper - bb_lower), 0.5)
Collect signals 1552/3317:  47%|¨€¨€¨€¨€¨ƒ     | 1551/3317 [1:22:39<1:36:57,  3.29s/stock]Collect signals 1552/3317:  47%|¨€¨€¨€¨€¨ƒ     | 1552/3317 [1:22:39<1:38:44,  3.36s/stock]D:\Projects\auto-select-stock\src\auto_select_stock\predict\data.py:76: RuntimeWarning: invalid value encountered in divide
  result["bb_position"] = np.where(bb_upper != bb_lower, (close - bb_lower) / (bb_upper - bb_lower), 0.5)
Collect signals 1553/3317:  47%|¨€¨€¨€¨€¨ƒ     | 1552/3317 [1:22:42<1:38:44,  3.36s/stock]Collect signals 1553/3317:  47%|¨€¨€¨€¨€¨ƒ     | 1553/3317 [1:22:42<1:36:44,  3.29s/stock]D:\Projects\auto-select-stock\src\auto_select_stock\predict\data.py:76: RuntimeWarning: invalid value encountered in divide
  result["bb_position"] = np.where(bb_upper != bb_lower, (close - bb_lower) / (bb_upper - bb_lower), 0.5)
Collect signals 1554/3317:  47%|¨€¨€¨€¨€¨ƒ     | 1553/3317 [1:22:46<1:36:44,  3.29s/stock]Collect signals 1554/3317:  47%|¨€¨€¨€¨€¨ƒ     | 1554/3317 [1:22:46<1:37:51,  3.33s/stock]D:\Projects\auto-select-stock\src\auto_select_stock\predict\data.py:76: RuntimeWarning: invalid value encountered in divide
  result["bb_position"] = np.where(bb_upper != bb_lower, (close - bb_lower) / (bb_upper - bb_lower), 0.5)
Collect signals 1555/3317:  47%|¨€¨€¨€¨€¨ƒ     | 1554/3317 [1:22:48<1:37:51,  3.33s/stock]Collect signals 1555/3317:  47%|¨€¨€¨€¨€¨ƒ     | 1555/3317 [1:22:48<1:34:18,  3.21s/stock]D:\Projects\auto-select-stock\src\auto_select_stock\predict\data.py:76: RuntimeWarning: invalid value encountered in divide
  result["bb_position"] = np.where(bb_upper != bb_lower, (close - bb_lower) / (bb_upper - bb_lower), 0.5)
Collect signals 1556/3317:  47%|¨€¨€¨€¨€¨ƒ     | 1555/3317 [1:22:52<1:34:18,  3.21s/stock]Collect signals 1556/3317:  47%|¨€¨€¨€¨€¨ƒ     | 1556/3317 [1:22:52<1:36:40,  3.29s/stock]D:\Projects\auto-select-stock\src\auto_select_stock\predict\data.py:76: RuntimeWarning: invalid value encountered in divide
  result["bb_position"] = np.where(bb_upper != bb_lower, (close - bb_lower) / (bb_upper - bb_lower), 0.5)
Collect signals 1557/3317:  47%|¨€¨€¨€¨€¨ƒ     | 1556/3317 [1:22:55<1:36:40,  3.29s/stock]Collect signals 1557/3317:  47%|¨€¨€¨€¨€¨ƒ     | 1557/3317 [1:22:55<1:34:37,  3.23s/stock]D:\Projects\auto-select-stock\src\auto_select_stock\predict\data.py:76: RuntimeWarning: invalid value encountered in divide
  result["bb_position"] = np.where(bb_upper != bb_lower, (close - bb_lower) / (bb_upper - bb_lower), 0.5)
D:\Projects\auto-select-stock\src\auto_select_stock\predict\data.py:95: RuntimeWarning: invalid value encountered in divide
  stoch_k = np.where(highest_high != lowest_low, 100 * (close - lowest_low) / (highest_high - lowest_low), 50)
Collect signals 1558/3317:  47%|¨€¨€¨€¨€¨ƒ     | 1557/3317 [1:22:58<1:34:37,  3.23s/stock]Collect signals 1558/3317:  47%|¨€¨€¨€¨€¨ƒ     | 1558/3317 [1:22:58<1:35:53,  3.27s/stock]D:\Projects\auto-select-stock\src\auto_select_stock\predict\data.py:76: RuntimeWarning: invalid value encountered in divide
  result["bb_position"] = np.where(bb_upper != bb_lower, (close - bb_lower) / (bb_upper - bb_lower), 0.5)
Collect signals 1559/3317:  47%|¨€¨€¨€¨€¨ƒ     | 1558/3317 [1:23:02<1:35:53,  3.27s/stock]Collect signals 1559/3317:  47%|¨€¨€¨€¨€¨ƒ     | 1559/3317 [1:23:02<1:37:07,  3.31s/stock]D:\Projects\auto-select-stock\src\auto_select_stock\predict\data.py:76: RuntimeWarning: invalid value encountered in divide
  result["bb_position"] = np.where(bb_upper != bb_lower, (close - bb_lower) / (bb_upper - bb_lower), 0.5)
Collect signals 1560/3317:  47%|¨€¨€¨€¨€¨ƒ     | 1559/3317 [1:23:05<1:37:07,  3.31s/stock]Collect signals 1560/3317:  47%|¨€¨€¨€¨€¨ƒ     | 1560/3317 [1:23:05<1:34:26,  3.23s/stock]D:\Projects\auto-select-stock\src\auto_select_stock\predict\data.py:76: RuntimeWarning: invalid value encountered in divide
  result["bb_position"] = np.where(bb_upper != bb_lower, (close - bb_lower) / (bb_upper - bb_lower), 0.5)
Collect signals 1561/3317:  47%|¨€¨€¨€¨€¨ƒ     | 1560/3317 [1:23:08<1:34:26,  3.23s/stock]Collect signals 1561/3317:  47%|¨€¨€¨€¨€¨ƒ     | 1561/3317 [1:23:08<1:35:51,  3.28s/stock]D:\Projects\auto-select-stock\src\auto_select_stock\predict\data.py:76: RuntimeWarning: invalid value encountered in divide
  result["bb_position"] = np.where(bb_upper != bb_lower, (close - bb_lower) / (bb_upper - bb_lower), 0.5)
Collect signals 1562/3317:  47%|¨€¨€¨€¨€¨ƒ     | 1561/3317 [1:23:11<1:35:51,  3.28s/stock]Collect signals 1562/3317:  47%|¨€¨€¨€¨€¨ƒ     | 1562/3317 [1:23:11<1:33:17,  3.19s/stock]D:\Projects\auto-select-stock\src\auto_select_stock\predict\data.py:76: RuntimeWarning: invalid value encountered in divide
  result["bb_position"] = np.where(bb_upper != bb_lower, (close - bb_lower) / (bb_upper - bb_lower), 0.5)
Collect signals 1563/3317:  47%|¨€¨€¨€¨€¨ƒ     | 1562/3317 [1:23:15<1:33:17,  3.19s/stock]Collect signals 1563/3317:  47%|¨€¨€¨€¨€¨ƒ     | 1563/3317 [1:23:15<1:35:16,  3.26s/stock]D:\Projects\auto-select-stock\src\auto_select_stock\predict\data.py:76: RuntimeWarning: invalid value encountered in divide
  result["bb_position"] = np.where(bb_upper != bb_lower, (close - bb_lower) / (bb_upper - bb_lower), 0.5)
Collect signals 1564/3317:  47%|¨€¨€¨€¨€¨ƒ     | 1563/3317 [1:23:18<1:35:16,  3.26s/stock]Collect signals 1564/3317:  47%|¨€¨€¨€¨€¨ƒ     | 1564/3317 [1:23:18<1:33:15,  3.19s/stock]D:\Projects\auto-select-stock\src\auto_select_stock\predict\data.py:76: RuntimeWarning: invalid value encountered in divide
  result["bb_position"] = np.where(bb_upper != bb_lower, (close - bb_lower) / (bb_upper - bb_lower), 0.5)
Collect signals 1565/3317:  47%|¨€¨€¨€¨€¨ƒ     | 1564/3317 [1:23:21<1:33:15,  3.19s/stock]Collect signals 1565/3317:  47%|¨€¨€¨€¨€¨ƒ     | 1565/3317 [1:23:21<1:33:44,  3.21s/stock]D:\Projects\auto-select-stock\src\auto_select_stock\predict\data.py:76: RuntimeWarning: invalid value encountered in divide
  result["bb_position"] = np.where(bb_upper != bb_lower, (close - bb_lower) / (bb_upper - bb_lower), 0.5)
Collect signals 1566/3317:  47%|¨€¨€¨€¨€¨ƒ     | 1565/3317 [1:23:24<1:33:44,  3.21s/stock]Collect signals 1566/3317:  47%|¨€¨€¨€¨€¨ƒ     | 1566/3317 [1:23:24<1:29:29,  3.07s/stock]D:\Projects\auto-select-stock\src\auto_select_stock\predict\data.py:76: RuntimeWarning: invalid value encountered in divide
  result["bb_position"] = np.where(bb_upper != bb_lower, (close - bb_lower) / (bb_upper - bb_lower), 0.5)
Collect signals 1567/3317:  47%|¨€¨€¨€¨€¨ƒ     | 1566/3317 [1:23:27<1:29:29,  3.07s/stock]Collect signals 1567/3317:  47%|¨€¨€¨€¨€¨ƒ     | 1567/3317 [1:23:27<1:30:15,  3.09s/stock]D:\Projects\auto-select-stock\src\auto_select_stock\predict\data.py:76: RuntimeWarning: invalid value encountered in divide
  result["bb_position"] = np.where(bb_upper != bb_lower, (close - bb_lower) / (bb_upper - bb_lower), 0.5)
Collect signals 1568/3317:  47%|¨€¨€¨€¨€¨ƒ     | 1567/3317 [1:23:30<1:30:15,  3.09s/stock]Collect signals 1568/3317:  47%|¨€¨€¨€¨€¨ƒ     | 1568/3317 [1:23:30<1:29:39,  3.08s/stock]D:\Projects\auto-select-stock\src\auto_select_stock\predict\data.py:76: RuntimeWarning: invalid value encountered in divide
  result["bb_position"] = np.where(bb_upper != bb_lower, (close - bb_lower) / (bb_upper - bb_lower), 0.5)
Collect signals 1569/3317:  47%|¨€¨€¨€¨€¨ƒ     | 1568/3317 [1:23:33<1:29:39,  3.08s/stock]Collect signals 1569/3317:  47%|¨€¨€¨€¨€¨ƒ     | 1569/3317 [1:23:33<1:26:56,  2.98s/stock]D:\Projects\auto-select-stock\src\auto_select_stock\predict\data.py:76: RuntimeWarning: invalid value encountered in divide
  result["bb_position"] = np.where(bb_upper != bb_lower, (close - bb_lower) / (bb_upper - bb_lower), 0.5)
Collect signals 1570/3317:  47%|¨€¨€¨€¨€¨ƒ     | 1569/3317 [1:23:36<1:26:56,  2.98s/stock]Collect signals 1570/3317:  47%|¨€¨€¨€¨€¨ƒ     | 1570/3317 [1:23:36<1:29:30,  3.07s/stock]D:\Projects\auto-select-stock\src\auto_select_stock\predict\data.py:76: RuntimeWarning: invalid value encountered in divide
  result["bb_position"] = np.where(bb_upper != bb_lower, (close - bb_lower) / (bb_upper - bb_lower), 0.5)
Collect signals 1571/3317:  47%|¨€¨€¨€¨€¨ƒ     | 1570/3317 [1:23:39<1:29:30,  3.07s/stock]Collect signals 1571/3317:  47%|¨€¨€¨€¨€¨ƒ     | 1571/3317 [1:23:39<1:26:47,  2.98s/stock]D:\Projects\auto-select-stock\src\auto_select_stock\predict\data.py:76: RuntimeWarning: invalid value encountered in divide
  result["bb_position"] = np.where(bb_upper != bb_lower, (close - bb_lower) / (bb_upper - bb_lower), 0.5)
Collect signals 1572/3317:  47%|¨€¨€¨€¨€¨ƒ     | 1571/3317 [1:23:42<1:26:47,  2.98s/stock]Collect signals 1572/3317:  47%|¨€¨€¨€¨€¨ƒ     | 1572/3317 [1:23:42<1:33:34,  3.22s/stock]D:\Projects\auto-select-stock\src\auto_select_stock\predict\data.py:76: RuntimeWarning: invalid value encountered in divide
  result["bb_position"] = np.where(bb_upper != bb_lower, (close - bb_lower) / (bb_upper - bb_lower), 0.5)
Collect signals 1573/3317:  47%|¨€¨€¨€¨€¨ƒ     | 1572/3317 [1:23:45<1:33:34,  3.22s/stock]Collect signals 1573/3317:  47%|¨€¨€¨€¨€¨ƒ     | 1573/3317 [1:23:45<1:29:30,  3.08s/stock]D:\Projects\auto-select-stock\src\auto_select_stock\predict\data.py:76: RuntimeWarning: invalid value encountered in divide
  result["bb_position"] = np.where(bb_upper != bb_lower, (close - bb_lower) / (bb_upper - bb_lower), 0.5)
Collect signals 1574/3317:  47%|¨€¨€¨€¨€¨ƒ     | 1573/3317 [1:23:48<1:29:30,  3.08s/stock]Collect signals 1574/3317:  47%|¨€¨€¨€¨€¨ƒ     | 1574/3317 [1:23:48<1:30:07,  3.10s/stock]D:\Projects\auto-select-stock\src\auto_select_stock\predict\data.py:76: RuntimeWarning: invalid value encountered in divide
  result["bb_position"] = np.where(bb_upper != bb_lower, (close - bb_lower) / (bb_upper - bb_lower), 0.5)
Collect signals 1575/3317:  47%|¨€¨€¨€¨€¨ƒ     | 1574/3317 [1:23:51<1:30:07,  3.10s/stock]Collect signals 1575/3317:  47%|¨€¨€¨€¨€¨ƒ     | 1575/3317 [1:23:51<1:26:13,  2.97s/stock]D:\Projects\auto-select-stock\src\auto_select_stock\predict\data.py:76: RuntimeWarning: invalid value encountered in divide
  result["bb_position"] = np.where(bb_upper != bb_lower, (close - bb_lower) / (bb_upper - bb_lower), 0.5)
Collect signals 1576/3317:  47%|¨€¨€¨€¨€¨ƒ     | 1575/3317 [1:23:54<1:26:13,  2.97s/stock]Collect signals 1576/3317:  48%|¨€¨€¨€¨€¨‚     | 1576/3317 [1:23:54<1:26:37,  2.99s/stock]D:\Projects\auto-select-stock\src\auto_select_stock\predict\data.py:76: RuntimeWarning: invalid value encountered in divide
  result["bb_position"] = np.where(bb_upper != bb_lower, (close - bb_lower) / (bb_upper - bb_lower), 0.5)
Collect signals 1577/3317:  48%|¨€¨€¨€¨€¨‚     | 1576/3317 [1:23:57<1:26:37,  2.99s/stock]Collect signals 1577/3317:  48%|¨€¨€¨€¨€¨‚     | 1577/3317 [1:23:57<1:27:53,  3.03s/stock]D:\Projects\auto-select-stock\src\auto_select_stock\predict\data.py:76: RuntimeWarning: invalid value encountered in divide
  result["bb_position"] = np.where(bb_upper != bb_lower, (close - bb_lower) / (bb_upper - bb_lower), 0.5)
Collect signals 1578/3317:  48%|¨€¨€¨€¨€¨‚     | 1577/3317 [1:24:00<1:27:53,  3.03s/stock]Collect signals 1578/3317:  48%|¨€¨€¨€¨€¨‚     | 1578/3317 [1:24:00<1:25:53,  2.96s/stock]D:\Projects\auto-select-stock\src\auto_select_stock\predict\data.py:76: RuntimeWarning: invalid value encountered in divide
  result["bb_position"] = np.where(bb_upper != bb_lower, (close - bb_lower) / (bb_upper - bb_lower), 0.5)
Collect signals 1579/3317:  48%|¨€¨€¨€¨€¨‚     | 1578/3317 [1:24:03<1:25:53,  2.96s/stock]Collect signals 1579/3317:  48%|¨€¨€¨€¨€¨‚     | 1579/3317 [1:24:03<1:25:57,  2.97s/stock]D:\Projects\auto-select-stock\src\auto_select_stock\predict\data.py:76: RuntimeWarning: invalid value encountered in divide
  result["bb_position"] = np.where(bb_upper != bb_lower, (close - bb_lower) / (bb_upper - bb_lower), 0.5)
Collect signals 1580/3317:  48%|¨€¨€¨€¨€¨‚     | 1579/3317 [1:24:06<1:25:57,  2.97s/stock]Collect signals 1580/3317:  48%|¨€¨€¨€¨€¨‚     | 1580/3317 [1:24:06<1:24:24,  2.92s/stock]D:\Projects\auto-select-stock\src\auto_select_stock\predict\data.py:76: RuntimeWarning: invalid value encountered in divide
  result["bb_position"] = np.where(bb_upper != bb_lower, (close - bb_lower) / (bb_upper - bb_lower), 0.5)
Collect signals 1581/3317:  48%|¨€¨€¨€¨€¨‚     | 1580/3317 [1:24:09<1:24:24,  2.92s/stock]Collect signals 1581/3317:  48%|¨€¨€¨€¨€¨‚     | 1581/3317 [1:24:09<1:25:16,  2.95s/stock]D:\Projects\auto-select-stock\src\auto_select_stock\predict\data.py:76: RuntimeWarning: invalid value encountered in divide
  result["bb_position"] = np.where(bb_upper != bb_lower, (close - bb_lower) / (bb_upper - bb_lower), 0.5)
Collect signals 1582/3317:  48%|¨€¨€¨€¨€¨‚     | 1581/3317 [1:24:12<1:25:16,  2.95s/stock]Collect signals 1582/3317:  48%|¨€¨€¨€¨€¨‚     | 1582/3317 [1:24:12<1:23:34,  2.89s/stock]D:\Projects\auto-select-stock\src\auto_select_stock\predict\data.py:76: RuntimeWarning: invalid value encountered in divide
  result["bb_position"] = np.where(bb_upper != bb_lower, (close - bb_lower) / (bb_upper - bb_lower), 0.5)
Collect signals 1583/3317:  48%|¨€¨€¨€¨€¨‚     | 1582/3317 [1:24:14<1:23:34,  2.89s/stock]Collect signals 1583/3317:  48%|¨€¨€¨€¨€¨‚     | 1583/3317 [1:24:14<1:24:19,  2.92s/stock]D:\Projects\auto-select-stock\src\auto_select_stock\predict\data.py:76: RuntimeWarning: invalid value encountered in divide
  result["bb_position"] = np.where(bb_upper != bb_lower, (close - bb_lower) / (bb_upper - bb_lower), 0.5)
Collect signals 1584/3317:  48%|¨€¨€¨€¨€¨‚     | 1583/3317 [1:24:18<1:24:19,  2.92s/stock]Collect signals 1584/3317:  48%|¨€¨€¨€¨€¨‚     | 1584/3317 [1:24:18<1:25:18,  2.95s/stock]D:\Projects\auto-select-stock\src\auto_select_stock\predict\data.py:76: RuntimeWarning: invalid value encountered in divide
  result["bb_position"] = np.where(bb_upper != bb_lower, (close - bb_lower) / (bb_upper - bb_lower), 0.5)
Collect signals 1585/3317:  48%|¨€¨€¨€¨€¨‚     | 1584/3317 [1:24:20<1:25:18,  2.95s/stock]Collect signals 1585/3317:  48%|¨€¨€¨€¨€¨‚     | 1585/3317 [1:24:20<1:23:37,  2.90s/stock]D:\Projects\auto-select-stock\src\auto_select_stock\predict\data.py:76: RuntimeWarning: invalid value encountered in divide
  result["bb_position"] = np.where(bb_upper != bb_lower, (close - bb_lower) / (bb_upper - bb_lower), 0.5)
Collect signals 1586/3317:  48%|¨€¨€¨€¨€¨‚     | 1585/3317 [1:24:23<1:23:37,  2.90s/stock]Collect signals 1586/3317:  48%|¨€¨€¨€¨€¨‚     | 1586/3317 [1:24:23<1:25:47,  2.97s/stock]D:\Projects\auto-select-stock\src\auto_select_stock\predict\data.py:76: RuntimeWarning: invalid value encountered in divide
  result["bb_position"] = np.where(bb_upper != bb_lower, (close - bb_lower) / (bb_upper - bb_lower), 0.5)
Collect signals 1587/3317:  48%|¨€¨€¨€¨€¨‚     | 1586/3317 [1:24:26<1:25:47,  2.97s/stock]Collect signals 1587/3317:  48%|¨€¨€¨€¨€¨‚     | 1587/3317 [1:24:26<1:23:46,  2.91s/stock]D:\Projects\auto-select-stock\src\auto_select_stock\predict\data.py:76: RuntimeWarning: invalid value encountered in divide
  result["bb_position"] = np.where(bb_upper != bb_lower, (close - bb_lower) / (bb_upper - bb_lower), 0.5)
Collect signals 1588/3317:  48%|¨€¨€¨€¨€¨‚     | 1587/3317 [1:24:29<1:23:46,  2.91s/stock]Collect signals 1588/3317:  48%|¨€¨€¨€¨€¨‚     | 1588/3317 [1:24:29<1:24:40,  2.94s/stock]D:\Projects\auto-select-stock\src\auto_select_stock\predict\data.py:76: RuntimeWarning: invalid value encountered in divide
  result["bb_position"] = np.where(bb_upper != bb_lower, (close - bb_lower) / (bb_upper - bb_lower), 0.5)
Collect signals 1589/3317:  48%|¨€¨€¨€¨€¨‚     | 1588/3317 [1:24:32<1:24:40,  2.94s/stock]Collect signals 1589/3317:  48%|¨€¨€¨€¨€¨‚     | 1589/3317 [1:24:32<1:22:06,  2.85s/stock]D:\Projects\auto-select-stock\src\auto_select_stock\predict\data.py:76: RuntimeWarning: invalid value encountered in divide
  result["bb_position"] = np.where(bb_upper != bb_lower, (close - bb_lower) / (bb_upper - bb_lower), 0.5)
Collect signals 1590/3317:  48%|¨€¨€¨€¨€¨‚     | 1589/3317 [1:24:35<1:22:06,  2.85s/stock]Collect signals 1590/3317:  48%|¨€¨€¨€¨€¨‚     | 1590/3317 [1:24:35<1:23:45,  2.91s/stock]D:\Projects\auto-select-stock\src\auto_select_stock\predict\data.py:76: RuntimeWarning: invalid value encountered in divide
  result["bb_position"] = np.where(bb_upper != bb_lower, (close - bb_lower) / (bb_upper - bb_lower), 0.5)
Collect signals 1591/3317:  48%|¨€¨€¨€¨€¨‚     | 1590/3317 [1:24:38<1:23:45,  2.91s/stock]Collect signals 1591/3317:  48%|¨€¨€¨€¨€¨‚     | 1591/3317 [1:24:38<1:21:15,  2.82s/stock]D:\Projects\auto-select-stock\src\auto_select_stock\predict\data.py:76: RuntimeWarning: invalid value encountered in divide
  result["bb_position"] = np.where(bb_upper != bb_lower, (close - bb_lower) / (bb_upper - bb_lower), 0.5)
Collect signals 1592/3317:  48%|¨€¨€¨€¨€¨‚     | 1591/3317 [1:24:41<1:21:15,  2.82s/stock]Collect signals 1592/3317:  48%|¨€¨€¨€¨€¨‚     | 1592/3317 [1:24:41<1:22:50,  2.88s/stock]D:\Projects\auto-select-stock\src\auto_select_stock\predict\data.py:76: RuntimeWarning: invalid value encountered in divide
  result["bb_position"] = np.where(bb_upper != bb_lower, (close - bb_lower) / (bb_upper - bb_lower), 0.5)
Collect signals 1593/3317:  48%|¨€¨€¨€¨€¨‚     | 1592/3317 [1:24:44<1:22:50,  2.88s/stock]Collect signals 1593/3317:  48%|¨€¨€¨€¨€¨‚     | 1593/3317 [1:24:44<1:25:32,  2.98s/stock]D:\Projects\auto-select-stock\src\auto_select_stock\predict\data.py:76: RuntimeWarning: invalid value encountered in divide
  result["bb_position"] = np.where(bb_upper != bb_lower, (close - bb_lower) / (bb_upper - bb_lower), 0.5)
Collect signals 1594/3317:  48%|¨€¨€¨€¨€¨‚     | 1593/3317 [1:24:47<1:25:32,  2.98s/stock]Collect signals 1594/3317:  48%|¨€¨€¨€¨€¨‚     | 1594/3317 [1:24:47<1:23:41,  2.91s/stock]D:\Projects\auto-select-stock\src\auto_select_stock\predict\data.py:76: RuntimeWarning: invalid value encountered in divide
  result["bb_position"] = np.where(bb_upper != bb_lower, (close - bb_lower) / (bb_upper - bb_lower), 0.5)
Collect signals 1595/3317:  48%|¨€¨€¨€¨€¨‚     | 1594/3317 [1:24:50<1:23:41,  2.91s/stock]Collect signals 1595/3317:  48%|¨€¨€¨€¨€¨‚     | 1595/3317 [1:24:50<1:24:53,  2.96s/stock]D:\Projects\auto-select-stock\src\auto_select_stock\predict\data.py:76: RuntimeWarning: invalid value encountered in divide
  result["bb_position"] = np.where(bb_upper != bb_lower, (close - bb_lower) / (bb_upper - bb_lower), 0.5)
Collect signals 1596/3317:  48%|¨€¨€¨€¨€¨‚     | 1595/3317 [1:24:52<1:24:53,  2.96s/stock]Collect signals 1596/3317:  48%|¨€¨€¨€¨€¨‚     | 1596/3317 [1:24:52<1:23:16,  2.90s/stock]D:\Projects\auto-select-stock\src\auto_select_stock\predict\data.py:76: RuntimeWarning: invalid value encountered in divide
  result["bb_position"] = np.where(bb_upper != bb_lower, (close - bb_lower) / (bb_upper - bb_lower), 0.5)
Collect signals 1597/3317:  48%|¨€¨€¨€¨€¨‚     | 1596/3317 [1:24:55<1:23:16,  2.90s/stock]Collect signals 1597/3317:  48%|¨€¨€¨€¨€¨‚     | 1597/3317 [1:24:55<1:24:37,  2.95s/stock]D:\Projects\auto-select-stock\src\auto_select_stock\predict\data.py:76: RuntimeWarning: invalid value encountered in divide
  result["bb_position"] = np.where(bb_upper != bb_lower, (close - bb_lower) / (bb_upper - bb_lower), 0.5)
Collect signals 1598/3317:  48%|¨€¨€¨€¨€¨‚     | 1597/3317 [1:24:58<1:24:37,  2.95s/stock]Collect signals 1598/3317:  48%|¨€¨€¨€¨€¨‚     | 1598/3317 [1:24:58<1:23:11,  2.90s/stock]D:\Projects\auto-select-stock\src\auto_select_stock\predict\data.py:76: RuntimeWarning: invalid value encountered in divide
  result["bb_position"] = np.where(bb_upper != bb_lower, (close - bb_lower) / (bb_upper - bb_lower), 0.5)
Collect signals 1599/3317:  48%|¨€¨€¨€¨€¨‚     | 1598/3317 [1:25:01<1:23:11,  2.90s/stock]Collect signals 1599/3317:  48%|¨€¨€¨€¨€¨‚     | 1599/3317 [1:25:01<1:24:40,  2.96s/stock]D:\Projects\auto-select-stock\src\auto_select_stock\predict\data.py:76: RuntimeWarning: invalid value encountered in divide
  result["bb_position"] = np.where(bb_upper != bb_lower, (close - bb_lower) / (bb_upper - bb_lower), 0.5)
Collect signals 1600/3317:  48%|¨€¨€¨€¨€¨‚     | 1599/3317 [1:25:04<1:24:40,  2.96s/stock]Collect signals 1600/3317:  48%|¨€¨€¨€¨€¨‚     | 1600/3317 [1:25:04<1:22:46,  2.89s/stock]D:\Projects\auto-select-stock\src\auto_select_stock\predict\data.py:76: RuntimeWarning: invalid value encountered in divide
  result["bb_position"] = np.where(bb_upper != bb_lower, (close - bb_lower) / (bb_upper - bb_lower), 0.5)
Collect signals 1601/3317:  48%|¨€¨€¨€¨€¨‚     | 1600/3317 [1:25:07<1:22:46,  2.89s/stock]Collect signals 1601/3317:  48%|¨€¨€¨€¨€¨‚     | 1601/3317 [1:25:07<1:24:08,  2.94s/stock]D:\Projects\auto-select-stock\src\auto_select_stock\predict\data.py:76: RuntimeWarning: invalid value encountered in divide
  result["bb_position"] = np.where(bb_upper != bb_lower, (close - bb_lower) / (bb_upper - bb_lower), 0.5)
Collect signals 1602/3317:  48%|¨€¨€¨€¨€¨‚     | 1601/3317 [1:25:10<1:24:08,  2.94s/stock]Collect signals 1602/3317:  48%|¨€¨€¨€¨€¨‚     | 1602/3317 [1:25:10<1:21:24,  2.85s/stock]D:\Projects\auto-select-stock\src\auto_select_stock\predict\data.py:76: RuntimeWarning: invalid value encountered in divide
  result["bb_position"] = np.where(bb_upper != bb_lower, (close - bb_lower) / (bb_upper - bb_lower), 0.5)
Collect signals 1603/3317:  48%|¨€¨€¨€¨€¨‚     | 1602/3317 [1:25:13<1:21:24,  2.85s/stock]Collect signals 1603/3317:  48%|¨€¨€¨€¨€¨‚     | 1603/3317 [1:25:13<1:22:50,  2.90s/stock]D:\Projects\auto-select-stock\src\auto_select_stock\predict\data.py:76: RuntimeWarning: invalid value encountered in divide
  result["bb_position"] = np.where(bb_upper != bb_lower, (close - bb_lower) / (bb_upper - bb_lower), 0.5)
Collect signals 1604/3317:  48%|¨€¨€¨€¨€¨‚     | 1603/3317 [1:25:16<1:22:50,  2.90s/stock]Collect signals 1604/3317:  48%|¨€¨€¨€¨€¨‚     | 1604/3317 [1:25:16<1:25:42,  3.00s/stock]D:\Projects\auto-select-stock\src\auto_select_stock\predict\data.py:76: RuntimeWarning: invalid value encountered in divide
  result["bb_position"] = np.where(bb_upper != bb_lower, (close - bb_lower) / (bb_upper - bb_lower), 0.5)
Collect signals 1605/3317:  48%|¨€¨€¨€¨€¨‚     | 1604/3317 [1:25:19<1:25:42,  3.00s/stock]Collect signals 1605/3317:  48%|¨€¨€¨€¨€¨‚     | 1605/3317 [1:25:19<1:23:03,  2.91s/stock]D:\Projects\auto-select-stock\src\auto_select_stock\predict\data.py:76: RuntimeWarning: invalid value encountered in divide
  result["bb_position"] = np.where(bb_upper != bb_lower, (close - bb_lower) / (bb_upper - bb_lower), 0.5)
Collect signals 1606/3317:  48%|¨€¨€¨€¨€¨‚     | 1605/3317 [1:25:22<1:23:03,  2.91s/stock]Collect signals 1606/3317:  48%|¨€¨€¨€¨€¨‚     | 1606/3317 [1:25:22<1:23:36,  2.93s/stock]D:\Projects\auto-select-stock\src\auto_select_stock\predict\data.py:76: RuntimeWarning: invalid value encountered in divide
  result["bb_position"] = np.where(bb_upper != bb_lower, (close - bb_lower) / (bb_upper - bb_lower), 0.5)
Collect signals 1607/3317:  48%|¨€¨€¨€¨€¨‚     | 1606/3317 [1:25:24<1:23:36,  2.93s/stock]Collect signals 1607/3317:  48%|¨€¨€¨€¨€¨‚     | 1607/3317 [1:25:24<1:21:05,  2.85s/stock]D:\Projects\auto-select-stock\src\auto_select_stock\predict\data.py:76: RuntimeWarning: invalid value encountered in divide
  result["bb_position"] = np.where(bb_upper != bb_lower, (close - bb_lower) / (bb_upper - bb_lower), 0.5)
Collect signals 1608/3317:  48%|¨€¨€¨€¨€¨‚     | 1607/3317 [1:25:27<1:21:05,  2.85s/stock]Collect signals 1608/3317:  48%|¨€¨€¨€¨€¨‚     | 1608/3317 [1:25:27<1:22:24,  2.89s/stock]D:\Projects\auto-select-stock\src\auto_select_stock\predict\data.py:76: RuntimeWarning: invalid value encountered in divide
  result["bb_position"] = np.where(bb_upper != bb_lower, (close - bb_lower) / (bb_upper - bb_lower), 0.5)
Collect signals 1609/3317:  48%|¨€¨€¨€¨€¨‚     | 1608/3317 [1:25:30<1:22:24,  2.89s/stock]Collect signals 1609/3317:  49%|¨€¨€¨€¨€¨‚     | 1609/3317 [1:25:30<1:20:22,  2.82s/stock]D:\Projects\auto-select-stock\src\auto_select_stock\predict\data.py:76: RuntimeWarning: invalid value encountered in divide
  result["bb_position"] = np.where(bb_upper != bb_lower, (close - bb_lower) / (bb_upper - bb_lower), 0.5)
Collect signals 1610/3317:  49%|¨€¨€¨€¨€¨‚     | 1609/3317 [1:25:33<1:20:22,  2.82s/stock]Collect signals 1610/3317:  49%|¨€¨€¨€¨€¨‚     | 1610/3317 [1:25:33<1:21:56,  2.88s/stock]D:\Projects\auto-select-stock\src\auto_select_stock\predict\data.py:76: RuntimeWarning: invalid value encountered in divide
  result["bb_position"] = np.where(bb_upper != bb_lower, (close - bb_lower) / (bb_upper - bb_lower), 0.5)
Collect signals 1611/3317:  49%|¨€¨€¨€¨€¨‚     | 1610/3317 [1:25:36<1:21:56,  2.88s/stock]Collect signals 1611/3317:  49%|¨€¨€¨€¨€¨‚     | 1611/3317 [1:25:36<1:21:12,  2.86s/stock]D:\Projects\auto-select-stock\src\auto_select_stock\predict\data.py:76: RuntimeWarning: invalid value encountered in divide
  result["bb_position"] = np.where(bb_upper != bb_lower, (close - bb_lower) / (bb_upper - bb_lower), 0.5)
Collect signals 1612/3317:  49%|¨€¨€¨€¨€¨‚     | 1611/3317 [1:25:39<1:21:12,  2.86s/stock]Collect signals 1612/3317:  49%|¨€¨€¨€¨€¨‚     | 1612/3317 [1:25:39<1:22:37,  2.91s/stock]D:\Projects\auto-select-stock\src\auto_select_stock\predict\data.py:76: RuntimeWarning: invalid value encountered in divide
  result["bb_position"] = np.where(bb_upper != bb_lower, (close - bb_lower) / (bb_upper - bb_lower), 0.5)
Collect signals 1613/3317:  49%|¨€¨€¨€¨€¨‚     | 1612/3317 [1:25:42<1:22:37,  2.91s/stock]Collect signals 1613/3317:  49%|¨€¨€¨€¨€¨‚     | 1613/3317 [1:25:42<1:23:35,  2.94s/stock]D:\Projects\auto-select-stock\src\auto_select_stock\predict\data.py:76: RuntimeWarning: invalid value encountered in divide
  result["bb_position"] = np.where(bb_upper != bb_lower, (close - bb_lower) / (bb_upper - bb_lower), 0.5)
Collect signals 1614/3317:  49%|¨€¨€¨€¨€¨‚     | 1613/3317 [1:25:44<1:23:35,  2.94s/stock]Collect signals 1614/3317:  49%|¨€¨€¨€¨€¨‚     | 1614/3317 [1:25:44<1:21:03,  2.86s/stock]D:\Projects\auto-select-stock\src\auto_select_stock\predict\data.py:76: RuntimeWarning: invalid value encountered in divide
  result["bb_position"] = np.where(bb_upper != bb_lower, (close - bb_lower) / (bb_upper - bb_lower), 0.5)
Collect signals 1615/3317:  49%|¨€¨€¨€¨€¨‚     | 1614/3317 [1:25:48<1:21:03,  2.86s/stock]Collect signals 1615/3317:  49%|¨€¨€¨€¨€¨‚     | 1615/3317 [1:25:48<1:23:27,  2.94s/stock]D:\Projects\auto-select-stock\src\auto_select_stock\predict\data.py:76: RuntimeWarning: invalid value encountered in divide
  result["bb_position"] = np.where(bb_upper != bb_lower, (close - bb_lower) / (bb_upper - bb_lower), 0.5)
Collect signals 1616/3317:  49%|¨€¨€¨€¨€¨‚     | 1615/3317 [1:25:50<1:23:27,  2.94s/stock]Collect signals 1616/3317:  49%|¨€¨€¨€¨€¨‚     | 1616/3317 [1:25:50<1:22:45,  2.92s/stock]D:\Projects\auto-select-stock\src\auto_select_stock\predict\data.py:76: RuntimeWarning: invalid value encountered in divide
  result["bb_position"] = np.where(bb_upper != bb_lower, (close - bb_lower) / (bb_upper - bb_lower), 0.5)
Collect signals 1617/3317:  49%|¨€¨€¨€¨€¨‚     | 1616/3317 [1:25:54<1:22:45,  2.92s/stock]Collect signals 1617/3317:  49%|¨€¨€¨€¨€¨‚     | 1617/3317 [1:25:54<1:27:52,  3.10s/stock]D:\Projects\auto-select-stock\src\auto_select_stock\predict\data.py:76: RuntimeWarning: invalid value encountered in divide
  result["bb_position"] = np.where(bb_upper != bb_lower, (close - bb_lower) / (bb_upper - bb_lower), 0.5)
Collect signals 1618/3317:  49%|¨€¨€¨€¨€¨‚     | 1617/3317 [1:25:57<1:27:52,  3.10s/stock]Collect signals 1618/3317:  49%|¨€¨€¨€¨€¨     | 1618/3317 [1:25:57<1:28:15,  3.12s/stock]D:\Projects\auto-select-stock\src\auto_select_stock\predict\data.py:76: RuntimeWarning: invalid value encountered in divide
  result["bb_position"] = np.where(bb_upper != bb_lower, (close - bb_lower) / (bb_upper - bb_lower), 0.5)
Collect signals 1619/3317:  49%|¨€¨€¨€¨€¨     | 1618/3317 [1:26:00<1:28:15,  3.12s/stock]Collect signals 1619/3317:  49%|¨€¨€¨€¨€¨     | 1619/3317 [1:26:00<1:29:55,  3.18s/stock]D:\Projects\auto-select-stock\src\auto_select_stock\predict\data.py:76: RuntimeWarning: invalid value encountered in divide
  result["bb_position"] = np.where(bb_upper != bb_lower, (close - bb_lower) / (bb_upper - bb_lower), 0.5)
D:\Projects\auto-select-stock\src\auto_select_stock\predict\data.py:95: RuntimeWarning: invalid value encountered in divide
  stoch_k = np.where(highest_high != lowest_low, 100 * (close - lowest_low) / (highest_high - lowest_low), 50)
Collect signals 1620/3317:  49%|¨€¨€¨€¨€¨     | 1619/3317 [1:26:03<1:29:55,  3.18s/stock]Collect signals 1620/3317:  49%|¨€¨€¨€¨€¨     | 1620/3317 [1:26:03<1:25:13,  3.01s/stock]D:\Projects\auto-select-stock\src\auto_select_stock\predict\data.py:76: RuntimeWarning: invalid value encountered in divide
  result["bb_position"] = np.where(bb_upper != bb_lower, (close - bb_lower) / (bb_upper - bb_lower), 0.5)
Collect signals 1621/3317:  49%|¨€¨€¨€¨€¨     | 1620/3317 [1:26:06<1:25:13,  3.01s/stock]Collect signals 1621/3317:  49%|¨€¨€¨€¨€¨     | 1621/3317 [1:26:06<1:25:41,  3.03s/stock]D:\Projects\auto-select-stock\src\auto_select_stock\predict\data.py:76: RuntimeWarning: invalid value encountered in divide
  result["bb_position"] = np.where(bb_upper != bb_lower, (close - bb_lower) / (bb_upper - bb_lower), 0.5)
Collect signals 1622/3317:  49%|¨€¨€¨€¨€¨     | 1621/3317 [1:26:09<1:25:41,  3.03s/stock]Collect signals 1622/3317:  49%|¨€¨€¨€¨€¨     | 1622/3317 [1:26:09<1:25:08,  3.01s/stock]D:\Projects\auto-select-stock\src\auto_select_stock\predict\data.py:76: RuntimeWarning: invalid value encountered in divide
  result["bb_position"] = np.where(bb_upper != bb_lower, (close - bb_lower) / (bb_upper - bb_lower), 0.5)
Collect signals 1623/3317:  49%|¨€¨€¨€¨€¨     | 1622/3317 [1:26:12<1:25:08,  3.01s/stock]Collect signals 1623/3317:  49%|¨€¨€¨€¨€¨     | 1623/3317 [1:26:12<1:26:57,  3.08s/stock]D:\Projects\auto-select-stock\src\auto_select_stock\predict\data.py:76: RuntimeWarning: invalid value encountered in divide
  result["bb_position"] = np.where(bb_upper != bb_lower, (close - bb_lower) / (bb_upper - bb_lower), 0.5)
Collect signals 1624/3317:  49%|¨€¨€¨€¨€¨     | 1623/3317 [1:26:16<1:26:57,  3.08s/stock]Collect signals 1624/3317:  49%|¨€¨€¨€¨€¨     | 1624/3317 [1:26:16<1:27:29,  3.10s/stock]D:\Projects\auto-select-stock\src\auto_select_stock\predict\data.py:76: RuntimeWarning: invalid value encountered in divide
  result["bb_position"] = np.where(bb_upper != bb_lower, (close - bb_lower) / (bb_upper - bb_lower), 0.5)
Collect signals 1625/3317:  49%|¨€¨€¨€¨€¨     | 1624/3317 [1:26:18<1:27:29,  3.10s/stock]Collect signals 1625/3317:  49%|¨€¨€¨€¨€¨     | 1625/3317 [1:26:18<1:24:51,  3.01s/stock]D:\Projects\auto-select-stock\src\auto_select_stock\predict\data.py:76: RuntimeWarning: invalid value encountered in divide
  result["bb_position"] = np.where(bb_upper != bb_lower, (close - bb_lower) / (bb_upper - bb_lower), 0.5)
Collect signals 1626/3317:  49%|¨€¨€¨€¨€¨     | 1625/3317 [1:26:22<1:24:51,  3.01s/stock]Collect signals 1626/3317:  49%|¨€¨€¨€¨€¨     | 1626/3317 [1:26:22<1:27:40,  3.11s/stock]D:\Projects\auto-select-stock\src\auto_select_stock\predict\data.py:76: RuntimeWarning: invalid value encountered in divide
  result["bb_position"] = np.where(bb_upper != bb_lower, (close - bb_lower) / (bb_upper - bb_lower), 0.5)
Collect signals 1627/3317:  49%|¨€¨€¨€¨€¨     | 1626/3317 [1:26:25<1:27:40,  3.11s/stock]Collect signals 1627/3317:  49%|¨€¨€¨€¨€¨     | 1627/3317 [1:26:25<1:25:23,  3.03s/stock]D:\Projects\auto-select-stock\src\auto_select_stock\predict\data.py:76: RuntimeWarning: invalid value encountered in divide
  result["bb_position"] = np.where(bb_upper != bb_lower, (close - bb_lower) / (bb_upper - bb_lower), 0.5)
Collect signals 1628/3317:  49%|¨€¨€¨€¨€¨     | 1627/3317 [1:26:28<1:25:23,  3.03s/stock]Collect signals 1628/3317:  49%|¨€¨€¨€¨€¨     | 1628/3317 [1:26:28<1:26:55,  3.09s/stock]D:\Projects\auto-select-stock\src\auto_select_stock\predict\data.py:76: RuntimeWarning: invalid value encountered in divide
  result["bb_position"] = np.where(bb_upper != bb_lower, (close - bb_lower) / (bb_upper - bb_lower), 0.5)
Collect signals 1629/3317:  49%|¨€¨€¨€¨€¨     | 1628/3317 [1:26:31<1:26:55,  3.09s/stock]Collect signals 1629/3317:  49%|¨€¨€¨€¨€¨     | 1629/3317 [1:26:31<1:24:46,  3.01s/stock]D:\Projects\auto-select-stock\src\auto_select_stock\predict\data.py:76: RuntimeWarning: invalid value encountered in divide
  result["bb_position"] = np.where(bb_upper != bb_lower, (close - bb_lower) / (bb_upper - bb_lower), 0.5)
Collect signals 1630/3317:  49%|¨€¨€¨€¨€¨     | 1629/3317 [1:26:34<1:24:46,  3.01s/stock]Collect signals 1630/3317:  49%|¨€¨€¨€¨€¨     | 1630/3317 [1:26:34<1:25:50,  3.05s/stock]D:\Projects\auto-select-stock\src\auto_select_stock\predict\data.py:76: RuntimeWarning: invalid value encountered in divide
  result["bb_position"] = np.where(bb_upper != bb_lower, (close - bb_lower) / (bb_upper - bb_lower), 0.5)
Collect signals 1631/3317:  49%|¨€¨€¨€¨€¨     | 1630/3317 [1:26:37<1:25:50,  3.05s/stock]Collect signals 1631/3317:  49%|¨€¨€¨€¨€¨     | 1631/3317 [1:26:37<1:25:46,  3.05s/stock]D:\Projects\auto-select-stock\src\auto_select_stock\predict\data.py:76: RuntimeWarning: invalid value encountered in divide
  result["bb_position"] = np.where(bb_upper != bb_lower, (close - bb_lower) / (bb_upper - bb_lower), 0.5)
D:\Projects\auto-select-stock\src\auto_select_stock\predict\data.py:95: RuntimeWarning: invalid value encountered in divide
  stoch_k = np.where(highest_high != lowest_low, 100 * (close - lowest_low) / (highest_high - lowest_low), 50)
Collect signals 1632/3317:  49%|¨€¨€¨€¨€¨     | 1631/3317 [1:26:40<1:25:46,  3.05s/stock]Collect signals 1632/3317:  49%|¨€¨€¨€¨€¨     | 1632/3317 [1:26:40<1:27:23,  3.11s/stock]D:\Projects\auto-select-stock\src\auto_select_stock\predict\data.py:76: RuntimeWarning: invalid value encountered in divide
  result["bb_position"] = np.where(bb_upper != bb_lower, (close - bb_lower) / (bb_upper - bb_lower), 0.5)
Collect signals 1633/3317:  49%|¨€¨€¨€¨€¨     | 1632/3317 [1:26:43<1:27:23,  3.11s/stock]Collect signals 1633/3317:  49%|¨€¨€¨€¨€¨     | 1633/3317 [1:26:43<1:23:32,  2.98s/stock]D:\Projects\auto-select-stock\src\auto_select_stock\predict\data.py:76: RuntimeWarning: invalid value encountered in divide
  result["bb_position"] = np.where(bb_upper != bb_lower, (close - bb_lower) / (bb_upper - bb_lower), 0.5)
Collect signals 1634/3317:  49%|¨€¨€¨€¨€¨     | 1633/3317 [1:26:46<1:23:32,  2.98s/stock]Collect signals 1634/3317:  49%|¨€¨€¨€¨€¨     | 1634/3317 [1:26:46<1:25:32,  3.05s/stock]D:\Projects\auto-select-stock\src\auto_select_stock\predict\data.py:76: RuntimeWarning: invalid value encountered in divide
  result["bb_position"] = np.where(bb_upper != bb_lower, (close - bb_lower) / (bb_upper - bb_lower), 0.5)
Collect signals 1635/3317:  49%|¨€¨€¨€¨€¨     | 1634/3317 [1:26:49<1:25:32,  3.05s/stock]Collect signals 1635/3317:  49%|¨€¨€¨€¨€¨     | 1635/3317 [1:26:49<1:27:37,  3.13s/stock]D:\Projects\auto-select-stock\src\auto_select_stock\predict\data.py:76: RuntimeWarning: invalid value encountered in divide
  result["bb_position"] = np.where(bb_upper != bb_lower, (close - bb_lower) / (bb_upper - bb_lower), 0.5)
Collect signals 1636/3317:  49%|¨€¨€¨€¨€¨     | 1635/3317 [1:26:52<1:27:37,  3.13s/stock]Collect signals 1636/3317:  49%|¨€¨€¨€¨€¨     | 1636/3317 [1:26:52<1:24:43,  3.02s/stock]D:\Projects\auto-select-stock\src\auto_select_stock\predict\data.py:76: RuntimeWarning: invalid value encountered in divide
  result["bb_position"] = np.where(bb_upper != bb_lower, (close - bb_lower) / (bb_upper - bb_lower), 0.5)
Collect signals 1637/3317:  49%|¨€¨€¨€¨€¨     | 1636/3317 [1:26:55<1:24:43,  3.02s/stock]Collect signals 1637/3317:  49%|¨€¨€¨€¨€¨     | 1637/3317 [1:26:55<1:26:26,  3.09s/stock]D:\Projects\auto-select-stock\src\auto_select_stock\predict\data.py:76: RuntimeWarning: invalid value encountered in divide
  result["bb_position"] = np.where(bb_upper != bb_lower, (close - bb_lower) / (bb_upper - bb_lower), 0.5)
Collect signals 1638/3317:  49%|¨€¨€¨€¨€¨     | 1637/3317 [1:26:58<1:26:26,  3.09s/stock]Collect signals 1638/3317:  49%|¨€¨€¨€¨€¨     | 1638/3317 [1:26:58<1:24:39,  3.03s/stock]D:\Projects\auto-select-stock\src\auto_select_stock\predict\data.py:76: RuntimeWarning: invalid value encountered in divide
  result["bb_position"] = np.where(bb_upper != bb_lower, (close - bb_lower) / (bb_upper - bb_lower), 0.5)
Collect signals 1639/3317:  49%|¨€¨€¨€¨€¨     | 1638/3317 [1:27:02<1:24:39,  3.03s/stock]Collect signals 1639/3317:  49%|¨€¨€¨€¨€¨     | 1639/3317 [1:27:02<1:28:25,  3.16s/stock]D:\Projects\auto-select-stock\src\auto_select_stock\predict\data.py:76: RuntimeWarning: invalid value encountered in divide
  result["bb_position"] = np.where(bb_upper != bb_lower, (close - bb_lower) / (bb_upper - bb_lower), 0.5)
Collect signals 1640/3317:  49%|¨€¨€¨€¨€¨     | 1639/3317 [1:27:05<1:28:25,  3.16s/stock]Collect signals 1640/3317:  49%|¨€¨€¨€¨€¨     | 1640/3317 [1:27:05<1:27:13,  3.12s/stock]D:\Projects\auto-select-stock\src\auto_select_stock\predict\data.py:76: RuntimeWarning: invalid value encountered in divide
  result["bb_position"] = np.where(bb_upper != bb_lower, (close - bb_lower) / (bb_upper - bb_lower), 0.5)
Collect signals 1641/3317:  49%|¨€¨€¨€¨€¨     | 1640/3317 [1:27:08<1:27:13,  3.12s/stock]Collect signals 1641/3317:  49%|¨€¨€¨€¨€¨     | 1641/3317 [1:27:08<1:29:47,  3.21s/stock]D:\Projects\auto-select-stock\src\auto_select_stock\predict\data.py:76: RuntimeWarning: invalid value encountered in divide
  result["bb_position"] = np.where(bb_upper != bb_lower, (close - bb_lower) / (bb_upper - bb_lower), 0.5)
Collect signals 1642/3317:  49%|¨€¨€¨€¨€¨     | 1641/3317 [1:27:11<1:29:47,  3.21s/stock]Collect signals 1642/3317:  50%|¨€¨€¨€¨€¨     | 1642/3317 [1:27:11<1:27:17,  3.13s/stock]D:\Projects\auto-select-stock\src\auto_select_stock\predict\data.py:76: RuntimeWarning: invalid value encountered in divide
  result["bb_position"] = np.where(bb_upper != bb_lower, (close - bb_lower) / (bb_upper - bb_lower), 0.5)
Collect signals 1643/3317:  50%|¨€¨€¨€¨€¨     | 1642/3317 [1:27:14<1:27:17,  3.13s/stock]Collect signals 1643/3317:  50%|¨€¨€¨€¨€¨     | 1643/3317 [1:27:14<1:28:24,  3.17s/stock]D:\Projects\auto-select-stock\src\auto_select_stock\predict\data.py:76: RuntimeWarning: invalid value encountered in divide
  result["bb_position"] = np.where(bb_upper != bb_lower, (close - bb_lower) / (bb_upper - bb_lower), 0.5)
Collect signals 1644/3317:  50%|¨€¨€¨€¨€¨     | 1643/3317 [1:27:17<1:28:24,  3.17s/stock]Collect signals 1644/3317:  50%|¨€¨€¨€¨€¨     | 1644/3317 [1:27:17<1:24:08,  3.02s/stock]D:\Projects\auto-select-stock\src\auto_select_stock\predict\data.py:76: RuntimeWarning: invalid value encountered in divide
  result["bb_position"] = np.where(bb_upper != bb_lower, (close - bb_lower) / (bb_upper - bb_lower), 0.5)
Collect signals 1645/3317:  50%|¨€¨€¨€¨€¨     | 1644/3317 [1:27:20<1:24:08,  3.02s/stock]Collect signals 1645/3317:  50%|¨€¨€¨€¨€¨     | 1645/3317 [1:27:20<1:24:32,  3.03s/stock]D:\Projects\auto-select-stock\src\auto_select_stock\predict\data.py:76: RuntimeWarning: invalid value encountered in divide
  result["bb_position"] = np.where(bb_upper != bb_lower, (close - bb_lower) / (bb_upper - bb_lower), 0.5)
D:\Projects\auto-select-stock\src\auto_select_stock\predict\data.py:95: RuntimeWarning: invalid value encountered in divide
  stoch_k = np.where(highest_high != lowest_low, 100 * (close - lowest_low) / (highest_high - lowest_low), 50)
Collect signals 1646/3317:  50%|¨€¨€¨€¨€¨     | 1645/3317 [1:27:23<1:24:32,  3.03s/stock]Collect signals 1646/3317:  50%|¨€¨€¨€¨€¨     | 1646/3317 [1:27:23<1:23:56,  3.01s/stock]D:\Projects\auto-select-stock\src\auto_select_stock\predict\data.py:76: RuntimeWarning: invalid value encountered in divide
  result["bb_position"] = np.where(bb_upper != bb_lower, (close - bb_lower) / (bb_upper - bb_lower), 0.5)
Collect signals 1647/3317:  50%|¨€¨€¨€¨€¨     | 1646/3317 [1:27:26<1:23:56,  3.01s/stock]Collect signals 1647/3317:  50%|¨€¨€¨€¨€¨     | 1647/3317 [1:27:26<1:25:18,  3.07s/stock]D:\Projects\auto-select-stock\src\auto_select_stock\predict\data.py:76: RuntimeWarning: invalid value encountered in divide
  result["bb_position"] = np.where(bb_upper != bb_lower, (close - bb_lower) / (bb_upper - bb_lower), 0.5)
Collect signals 1648/3317:  50%|¨€¨€¨€¨€¨     | 1647/3317 [1:27:29<1:25:18,  3.07s/stock]Collect signals 1648/3317:  50%|¨€¨€¨€¨€¨     | 1648/3317 [1:27:29<1:25:38,  3.08s/stock]D:\Projects\auto-select-stock\src\auto_select_stock\predict\data.py:76: RuntimeWarning: invalid value encountered in divide
  result["bb_position"] = np.where(bb_upper != bb_lower, (close - bb_lower) / (bb_upper - bb_lower), 0.5)
Collect signals 1649/3317:  50%|¨€¨€¨€¨€¨     | 1648/3317 [1:27:32<1:25:38,  3.08s/stock]Collect signals 1649/3317:  50%|¨€¨€¨€¨€¨     | 1649/3317 [1:27:32<1:23:47,  3.01s/stock]D:\Projects\auto-select-stock\src\auto_select_stock\predict\data.py:76: RuntimeWarning: invalid value encountered in divide
  result["bb_position"] = np.where(bb_upper != bb_lower, (close - bb_lower) / (bb_upper - bb_lower), 0.5)
Collect signals 1650/3317:  50%|¨€¨€¨€¨€¨     | 1649/3317 [1:27:35<1:23:47,  3.01s/stock]Collect signals 1650/3317:  50%|¨€¨€¨€¨€¨     | 1650/3317 [1:27:35<1:24:38,  3.05s/stock]D:\Projects\auto-select-stock\src\auto_select_stock\predict\data.py:76: RuntimeWarning: invalid value encountered in divide
  result["bb_position"] = np.where(bb_upper != bb_lower, (close - bb_lower) / (bb_upper - bb_lower), 0.5)
Collect signals 1651/3317:  50%|¨€¨€¨€¨€¨     | 1650/3317 [1:27:38<1:24:38,  3.05s/stock]Collect signals 1651/3317:  50%|¨€¨€¨€¨€¨     | 1651/3317 [1:27:38<1:23:08,  2.99s/stock]D:\Projects\auto-select-stock\src\auto_select_stock\predict\data.py:76: RuntimeWarning: invalid value encountered in divide
  result["bb_position"] = np.where(bb_upper != bb_lower, (close - bb_lower) / (bb_upper - bb_lower), 0.5)
Collect signals 1652/3317:  50%|¨€¨€¨€¨€¨     | 1651/3317 [1:27:41<1:23:08,  2.99s/stock]Collect signals 1652/3317:  50%|¨€¨€¨€¨€¨     | 1652/3317 [1:27:41<1:25:24,  3.08s/stock]D:\Projects\auto-select-stock\src\auto_select_stock\predict\data.py:76: RuntimeWarning: invalid value encountered in divide
  result["bb_position"] = np.where(bb_upper != bb_lower, (close - bb_lower) / (bb_upper - bb_lower), 0.5)
Collect signals 1653/3317:  50%|¨€¨€¨€¨€¨     | 1652/3317 [1:27:44<1:25:24,  3.08s/stock]Collect signals 1653/3317:  50%|¨€¨€¨€¨€¨     | 1653/3317 [1:27:44<1:24:08,  3.03s/stock]D:\Projects\auto-select-stock\src\auto_select_stock\predict\data.py:76: RuntimeWarning: invalid value encountered in divide
  result["bb_position"] = np.where(bb_upper != bb_lower, (close - bb_lower) / (bb_upper - bb_lower), 0.5)
Collect signals 1654/3317:  50%|¨€¨€¨€¨€¨     | 1653/3317 [1:27:48<1:24:08,  3.03s/stock]Collect signals 1654/3317:  50%|¨€¨€¨€¨€¨     | 1654/3317 [1:27:48<1:26:14,  3.11s/stock]D:\Projects\auto-select-stock\src\auto_select_stock\predict\data.py:76: RuntimeWarning: invalid value encountered in divide
  result["bb_position"] = np.where(bb_upper != bb_lower, (close - bb_lower) / (bb_upper - bb_lower), 0.5)
Collect signals 1655/3317:  50%|¨€¨€¨€¨€¨     | 1654/3317 [1:27:51<1:26:14,  3.11s/stock]Collect signals 1655/3317:  50%|¨€¨€¨€¨€¨     | 1655/3317 [1:27:51<1:28:46,  3.21s/stock]D:\Projects\auto-select-stock\src\auto_select_stock\predict\data.py:76: RuntimeWarning: invalid value encountered in divide
  result["bb_position"] = np.where(bb_upper != bb_lower, (close - bb_lower) / (bb_upper - bb_lower), 0.5)
Collect signals 1656/3317:  50%|¨€¨€¨€¨€¨     | 1655/3317 [1:27:54<1:28:46,  3.21s/stock]Collect signals 1656/3317:  50%|¨€¨€¨€¨€¨     | 1656/3317 [1:27:54<1:25:58,  3.11s/stock]D:\Projects\auto-select-stock\src\auto_select_stock\predict\data.py:76: RuntimeWarning: invalid value encountered in divide
  result["bb_position"] = np.where(bb_upper != bb_lower, (close - bb_lower) / (bb_upper - bb_lower), 0.5)
Collect signals 1657/3317:  50%|¨€¨€¨€¨€¨     | 1656/3317 [1:27:57<1:25:58,  3.11s/stock]Collect signals 1657/3317:  50%|¨€¨€¨€¨€¨     | 1657/3317 [1:27:57<1:28:11,  3.19s/stock]D:\Projects\auto-select-stock\src\auto_select_stock\predict\data.py:76: RuntimeWarning: invalid value encountered in divide
  result["bb_position"] = np.where(bb_upper != bb_lower, (close - bb_lower) / (bb_upper - bb_lower), 0.5)
Collect signals 1658/3317:  50%|¨€¨€¨€¨€¨     | 1657/3317 [1:28:00<1:28:11,  3.19s/stock]Collect signals 1658/3317:  50%|¨€¨€¨€¨€¨     | 1658/3317 [1:28:00<1:26:00,  3.11s/stock]D:\Projects\auto-select-stock\src\auto_select_stock\predict\data.py:76: RuntimeWarning: invalid value encountered in divide
  result["bb_position"] = np.where(bb_upper != bb_lower, (close - bb_lower) / (bb_upper - bb_lower), 0.5)
Collect signals 1659/3317:  50%|¨€¨€¨€¨€¨     | 1658/3317 [1:28:04<1:26:00,  3.11s/stock]Collect signals 1659/3317:  50%|¨€¨€¨€¨€¨€     | 1659/3317 [1:28:04<1:27:31,  3.17s/stock]D:\Projects\auto-select-stock\src\auto_select_stock\predict\data.py:76: RuntimeWarning: invalid value encountered in divide
  result["bb_position"] = np.where(bb_upper != bb_lower, (close - bb_lower) / (bb_upper - bb_lower), 0.5)
Collect signals 1660/3317:  50%|¨€¨€¨€¨€¨€     | 1659/3317 [1:28:07<1:27:31,  3.17s/stock]Collect signals 1660/3317:  50%|¨€¨€¨€¨€¨€     | 1660/3317 [1:28:07<1:25:55,  3.11s/stock]D:\Projects\auto-select-stock\src\auto_select_stock\predict\data.py:76: RuntimeWarning: invalid value encountered in divide
  result["bb_position"] = np.where(bb_upper != bb_lower, (close - bb_lower) / (bb_upper - bb_lower), 0.5)
Collect signals 1661/3317:  50%|¨€¨€¨€¨€¨€     | 1660/3317 [1:28:10<1:25:55,  3.11s/stock]Collect signals 1661/3317:  50%|¨€¨€¨€¨€¨€     | 1661/3317 [1:28:10<1:29:33,  3.24s/stock]D:\Projects\auto-select-stock\src\auto_select_stock\predict\data.py:76: RuntimeWarning: invalid value encountered in divide
  result["bb_position"] = np.where(bb_upper != bb_lower, (close - bb_lower) / (bb_upper - bb_lower), 0.5)
Collect signals 1662/3317:  50%|¨€¨€¨€¨€¨€     | 1661/3317 [1:28:13<1:29:33,  3.24s/stock]Collect signals 1662/3317:  50%|¨€¨€¨€¨€¨€     | 1662/3317 [1:28:13<1:27:22,  3.17s/stock]D:\Projects\auto-select-stock\src\auto_select_stock\predict\data.py:76: RuntimeWarning: invalid value encountered in divide
  result["bb_position"] = np.where(bb_upper != bb_lower, (close - bb_lower) / (bb_upper - bb_lower), 0.5)
Collect signals 1663/3317:  50%|¨€¨€¨€¨€¨€     | 1662/3317 [1:28:17<1:27:22,  3.17s/stock]Collect signals 1663/3317:  50%|¨€¨€¨€¨€¨€     | 1663/3317 [1:28:17<1:30:18,  3.28s/stock]D:\Projects\auto-select-stock\src\auto_select_stock\predict\data.py:76: RuntimeWarning: invalid value encountered in divide
  result["bb_position"] = np.where(bb_upper != bb_lower, (close - bb_lower) / (bb_upper - bb_lower), 0.5)
Collect signals 1664/3317:  50%|¨€¨€¨€¨€¨€     | 1663/3317 [1:28:20<1:30:18,  3.28s/stock]Collect signals 1664/3317:  50%|¨€¨€¨€¨€¨€     | 1664/3317 [1:28:20<1:31:37,  3.33s/stock]D:\Projects\auto-select-stock\src\auto_select_stock\predict\data.py:76: RuntimeWarning: invalid value encountered in divide
  result["bb_position"] = np.where(bb_upper != bb_lower, (close - bb_lower) / (bb_upper - bb_lower), 0.5)
Collect signals 1665/3317:  50%|¨€¨€¨€¨€¨€     | 1664/3317 [1:28:23<1:31:37,  3.33s/stock]Collect signals 1665/3317:  50%|¨€¨€¨€¨€¨€     | 1665/3317 [1:28:23<1:29:04,  3.24s/stock]D:\Projects\auto-select-stock\src\auto_select_stock\predict\data.py:76: RuntimeWarning: invalid value encountered in divide
  result["bb_position"] = np.where(bb_upper != bb_lower, (close - bb_lower) / (bb_upper - bb_lower), 0.5)
Collect signals 1666/3317:  50%|¨€¨€¨€¨€¨€     | 1665/3317 [1:28:26<1:29:04,  3.24s/stock]Collect signals 1666/3317:  50%|¨€¨€¨€¨€¨€     | 1666/3317 [1:28:26<1:30:14,  3.28s/stock]D:\Projects\auto-select-stock\src\auto_select_stock\predict\data.py:76: RuntimeWarning: invalid value encountered in divide
  result["bb_position"] = np.where(bb_upper != bb_lower, (close - bb_lower) / (bb_upper - bb_lower), 0.5)
Collect signals 1667/3317:  50%|¨€¨€¨€¨€¨€     | 1666/3317 [1:28:29<1:30:14,  3.28s/stock]Collect signals 1667/3317:  50%|¨€¨€¨€¨€¨€     | 1667/3317 [1:28:29<1:27:27,  3.18s/stock]D:\Projects\auto-select-stock\src\auto_select_stock\predict\data.py:76: RuntimeWarning: invalid value encountered in divide
  result["bb_position"] = np.where(bb_upper != bb_lower, (close - bb_lower) / (bb_upper - bb_lower), 0.5)
Collect signals 1668/3317:  50%|¨€¨€¨€¨€¨€     | 1667/3317 [1:28:33<1:27:27,  3.18s/stock]Collect signals 1668/3317:  50%|¨€¨€¨€¨€¨€     | 1668/3317 [1:28:33<1:28:18,  3.21s/stock]D:\Projects\auto-select-stock\src\auto_select_stock\predict\data.py:76: RuntimeWarning: invalid value encountered in divide
  result["bb_position"] = np.where(bb_upper != bb_lower, (close - bb_lower) / (bb_upper - bb_lower), 0.5)
Collect signals 1669/3317:  50%|¨€¨€¨€¨€¨€     | 1668/3317 [1:28:36<1:28:18,  3.21s/stock]Collect signals 1669/3317:  50%|¨€¨€¨€¨€¨€     | 1669/3317 [1:28:36<1:25:49,  3.12s/stock]D:\Projects\auto-select-stock\src\auto_select_stock\predict\data.py:76: RuntimeWarning: invalid value encountered in divide
  result["bb_position"] = np.where(bb_upper != bb_lower, (close - bb_lower) / (bb_upper - bb_lower), 0.5)
Collect signals 1670/3317:  50%|¨€¨€¨€¨€¨€     | 1669/3317 [1:28:39<1:25:49,  3.12s/stock]Collect signals 1670/3317:  50%|¨€¨€¨€¨€¨€     | 1670/3317 [1:28:39<1:27:22,  3.18s/stock]D:\Projects\auto-select-stock\src\auto_select_stock\predict\data.py:76: RuntimeWarning: invalid value encountered in divide
  result["bb_position"] = np.where(bb_upper != bb_lower, (close - bb_lower) / (bb_upper - bb_lower), 0.5)
Collect signals 1671/3317:  50%|¨€¨€¨€¨€¨€     | 1670/3317 [1:28:42<1:27:22,  3.18s/stock]Collect signals 1671/3317:  50%|¨€¨€¨€¨€¨€     | 1671/3317 [1:28:42<1:29:35,  3.27s/stock]D:\Projects\auto-select-stock\src\auto_select_stock\predict\data.py:76: RuntimeWarning: invalid value encountered in divide
  result["bb_position"] = np.where(bb_upper != bb_lower, (close - bb_lower) / (bb_upper - bb_lower), 0.5)
Collect signals 1672/3317:  50%|¨€¨€¨€¨€¨€     | 1671/3317 [1:28:46<1:29:35,  3.27s/stock]Collect signals 1672/3317:  50%|¨€¨€¨€¨€¨€     | 1672/3317 [1:28:46<1:28:55,  3.24s/stock]D:\Projects\auto-select-stock\src\auto_select_stock\predict\data.py:76: RuntimeWarning: invalid value encountered in divide
  result["bb_position"] = np.where(bb_upper != bb_lower, (close - bb_lower) / (bb_upper - bb_lower), 0.5)
Collect signals 1673/3317:  50%|¨€¨€¨€¨€¨€     | 1672/3317 [1:28:49<1:28:55,  3.24s/stock]Collect signals 1673/3317:  50%|¨€¨€¨€¨€¨€     | 1673/3317 [1:28:49<1:29:29,  3.27s/stock]D:\Projects\auto-select-stock\src\auto_select_stock\predict\data.py:76: RuntimeWarning: invalid value encountered in divide
  result["bb_position"] = np.where(bb_upper != bb_lower, (close - bb_lower) / (bb_upper - bb_lower), 0.5)
Collect signals 1674/3317:  50%|¨€¨€¨€¨€¨€     | 1673/3317 [1:28:52<1:29:29,  3.27s/stock]Collect signals 1674/3317:  50%|¨€¨€¨€¨€¨€     | 1674/3317 [1:28:52<1:26:57,  3.18s/stock]D:\Projects\auto-select-stock\src\auto_select_stock\predict\data.py:76: RuntimeWarning: invalid value encountered in divide
  result["bb_position"] = np.where(bb_upper != bb_lower, (close - bb_lower) / (bb_upper - bb_lower), 0.5)
Collect signals 1675/3317:  50%|¨€¨€¨€¨€¨€     | 1674/3317 [1:28:55<1:26:57,  3.18s/stock]Collect signals 1675/3317:  50%|¨€¨€¨€¨€¨€     | 1675/3317 [1:28:55<1:30:07,  3.29s/stock]D:\Projects\auto-select-stock\src\auto_select_stock\predict\data.py:76: RuntimeWarning: invalid value encountered in divide
  result["bb_position"] = np.where(bb_upper != bb_lower, (close - bb_lower) / (bb_upper - bb_lower), 0.5)
Collect signals 1676/3317:  50%|¨€¨€¨€¨€¨€     | 1675/3317 [1:28:58<1:30:07,  3.29s/stock]Collect signals 1676/3317:  51%|¨€¨€¨€¨€¨€     | 1676/3317 [1:28:58<1:26:39,  3.17s/stock]D:\Projects\auto-select-stock\src\auto_select_stock\predict\data.py:76: RuntimeWarning: invalid value encountered in divide
  result["bb_position"] = np.where(bb_upper != bb_lower, (close - bb_lower) / (bb_upper - bb_lower), 0.5)
Collect signals 1677/3317:  51%|¨€¨€¨€¨€¨€     | 1676/3317 [1:29:02<1:26:39,  3.17s/stock]Collect signals 1677/3317:  51%|¨€¨€¨€¨€¨€     | 1677/3317 [1:29:02<1:27:45,  3.21s/stock]D:\Projects\auto-select-stock\src\auto_select_stock\predict\data.py:76: RuntimeWarning: invalid value encountered in divide
  result["bb_position"] = np.where(bb_upper != bb_lower, (close - bb_lower) / (bb_upper - bb_lower), 0.5)
Collect signals 1678/3317:  51%|¨€¨€¨€¨€¨€     | 1677/3317 [1:29:04<1:27:45,  3.21s/stock]Collect signals 1678/3317:  51%|¨€¨€¨€¨€¨€     | 1678/3317 [1:29:04<1:24:51,  3.11s/stock]D:\Projects\auto-select-stock\src\auto_select_stock\predict\data.py:76: RuntimeWarning: invalid value encountered in divide
  result["bb_position"] = np.where(bb_upper != bb_lower, (close - bb_lower) / (bb_upper - bb_lower), 0.5)
Collect signals 1679/3317:  51%|¨€¨€¨€¨€¨€     | 1678/3317 [1:29:08<1:24:51,  3.11s/stock]Collect signals 1679/3317:  51%|¨€¨€¨€¨€¨€     | 1679/3317 [1:29:08<1:26:36,  3.17s/stock]D:\Projects\auto-select-stock\src\auto_select_stock\predict\data.py:76: RuntimeWarning: invalid value encountered in divide
  result["bb_position"] = np.where(bb_upper != bb_lower, (close - bb_lower) / (bb_upper - bb_lower), 0.5)
Collect signals 1680/3317:  51%|¨€¨€¨€¨€¨€     | 1679/3317 [1:29:11<1:26:36,  3.17s/stock]Collect signals 1680/3317:  51%|¨€¨€¨€¨€¨€     | 1680/3317 [1:29:11<1:24:48,  3.11s/stock]D:\Projects\auto-select-stock\src\auto_select_stock\predict\data.py:76: RuntimeWarning: invalid value encountered in divide
  result["bb_position"] = np.where(bb_upper != bb_lower, (close - bb_lower) / (bb_upper - bb_lower), 0.5)
Collect signals 1681/3317:  51%|¨€¨€¨€¨€¨€     | 1680/3317 [1:29:14<1:24:48,  3.11s/stock]Collect signals 1681/3317:  51%|¨€¨€¨€¨€¨€     | 1681/3317 [1:29:14<1:27:00,  3.19s/stock]D:\Projects\auto-select-stock\src\auto_select_stock\predict\data.py:76: RuntimeWarning: invalid value encountered in divide
  result["bb_position"] = np.where(bb_upper != bb_lower, (close - bb_lower) / (bb_upper - bb_lower), 0.5)
Collect signals 1682/3317:  51%|¨€¨€¨€¨€¨€     | 1681/3317 [1:29:18<1:27:00,  3.19s/stock]Collect signals 1682/3317:  51%|¨€¨€¨€¨€¨€     | 1682/3317 [1:29:18<1:29:07,  3.27s/stock]D:\Projects\auto-select-stock\src\auto_select_stock\predict\data.py:76: RuntimeWarning: invalid value encountered in divide
  result["bb_position"] = np.where(bb_upper != bb_lower, (close - bb_lower) / (bb_upper - bb_lower), 0.5)
Collect signals 1683/3317:  51%|¨€¨€¨€¨€¨€     | 1682/3317 [1:29:21<1:29:07,  3.27s/stock]Collect signals 1683/3317:  51%|¨€¨€¨€¨€¨€     | 1683/3317 [1:29:21<1:27:45,  3.22s/stock]D:\Projects\auto-select-stock\src\auto_select_stock\predict\data.py:76: RuntimeWarning: invalid value encountered in divide
  result["bb_position"] = np.where(bb_upper != bb_lower, (close - bb_lower) / (bb_upper - bb_lower), 0.5)
Collect signals 1684/3317:  51%|¨€¨€¨€¨€¨€     | 1683/3317 [1:29:24<1:27:45,  3.22s/stock]Collect signals 1684/3317:  51%|¨€¨€¨€¨€¨€     | 1684/3317 [1:29:24<1:30:38,  3.33s/stock]D:\Projects\auto-select-stock\src\auto_select_stock\predict\data.py:76: RuntimeWarning: invalid value encountered in divide
  result["bb_position"] = np.where(bb_upper != bb_lower, (close - bb_lower) / (bb_upper - bb_lower), 0.5)
Collect signals 1685/3317:  51%|¨€¨€¨€¨€¨€     | 1684/3317 [1:29:27<1:30:38,  3.33s/stock]Collect signals 1685/3317:  51%|¨€¨€¨€¨€¨€     | 1685/3317 [1:29:27<1:29:04,  3.27s/stock]D:\Projects\auto-select-stock\src\auto_select_stock\predict\data.py:76: RuntimeWarning: invalid value encountered in divide
  result["bb_position"] = np.where(bb_upper != bb_lower, (close - bb_lower) / (bb_upper - bb_lower), 0.5)
Collect signals 1686/3317:  51%|¨€¨€¨€¨€¨€     | 1685/3317 [1:29:31<1:29:04,  3.27s/stock]Collect signals 1686/3317:  51%|¨€¨€¨€¨€¨€     | 1686/3317 [1:29:31<1:30:24,  3.33s/stock]D:\Projects\auto-select-stock\src\auto_select_stock\predict\data.py:76: RuntimeWarning: invalid value encountered in divide
  result["bb_position"] = np.where(bb_upper != bb_lower, (close - bb_lower) / (bb_upper - bb_lower), 0.5)
Collect signals 1687/3317:  51%|¨€¨€¨€¨€¨€     | 1686/3317 [1:29:34<1:30:24,  3.33s/stock]Collect signals 1687/3317:  51%|¨€¨€¨€¨€¨€     | 1687/3317 [1:29:34<1:28:59,  3.28s/stock]D:\Projects\auto-select-stock\src\auto_select_stock\predict\data.py:76: RuntimeWarning: invalid value encountered in divide
  result["bb_position"] = np.where(bb_upper != bb_lower, (close - bb_lower) / (bb_upper - bb_lower), 0.5)
Collect signals 1688/3317:  51%|¨€¨€¨€¨€¨€     | 1687/3317 [1:29:37<1:28:59,  3.28s/stock]Collect signals 1688/3317:  51%|¨€¨€¨€¨€¨€     | 1688/3317 [1:29:37<1:29:54,  3.31s/stock]D:\Projects\auto-select-stock\src\auto_select_stock\predict\data.py:76: RuntimeWarning: invalid value encountered in divide
  result["bb_position"] = np.where(bb_upper != bb_lower, (close - bb_lower) / (bb_upper - bb_lower), 0.5)
Collect signals 1689/3317:  51%|¨€¨€¨€¨€¨€     | 1688/3317 [1:29:40<1:29:54,  3.31s/stock]Collect signals 1689/3317:  51%|¨€¨€¨€¨€¨€     | 1689/3317 [1:29:40<1:27:42,  3.23s/stock]D:\Projects\auto-select-stock\src\auto_select_stock\predict\data.py:76: RuntimeWarning: invalid value encountered in divide
  result["bb_position"] = np.where(bb_upper != bb_lower, (close - bb_lower) / (bb_upper - bb_lower), 0.5)
Collect signals 1690/3317:  51%|¨€¨€¨€¨€¨€     | 1689/3317 [1:29:44<1:27:42,  3.23s/stock]Collect signals 1690/3317:  51%|¨€¨€¨€¨€¨€     | 1690/3317 [1:29:44<1:29:32,  3.30s/stock]D:\Projects\auto-select-stock\src\auto_select_stock\predict\data.py:76: RuntimeWarning: invalid value encountered in divide
  result["bb_position"] = np.where(bb_upper != bb_lower, (close - bb_lower) / (bb_upper - bb_lower), 0.5)
Collect signals 1691/3317:  51%|¨€¨€¨€¨€¨€     | 1690/3317 [1:29:47<1:29:32,  3.30s/stock]Collect signals 1691/3317:  51%|¨€¨€¨€¨€¨€     | 1691/3317 [1:29:47<1:30:23,  3.34s/stock]D:\Projects\auto-select-stock\src\auto_select_stock\predict\data.py:76: RuntimeWarning: invalid value encountered in divide
  result["bb_position"] = np.where(bb_upper != bb_lower, (close - bb_lower) / (bb_upper - bb_lower), 0.5)
Collect signals 1692/3317:  51%|¨€¨€¨€¨€¨€     | 1691/3317 [1:29:50<1:30:23,  3.34s/stock]Collect signals 1692/3317:  51%|¨€¨€¨€¨€¨€     | 1692/3317 [1:29:50<1:27:39,  3.24s/stock]D:\Projects\auto-select-stock\src\auto_select_stock\predict\data.py:76: RuntimeWarning: invalid value encountered in divide
  result["bb_position"] = np.where(bb_upper != bb_lower, (close - bb_lower) / (bb_upper - bb_lower), 0.5)
Collect signals 1693/3317:  51%|¨€¨€¨€¨€¨€     | 1692/3317 [1:29:54<1:27:39,  3.24s/stock]Collect signals 1693/3317:  51%|¨€¨€¨€¨€¨€     | 1693/3317 [1:29:54<1:29:12,  3.30s/stock]D:\Projects\auto-select-stock\src\auto_select_stock\predict\data.py:76: RuntimeWarning: invalid value encountered in divide
  result["bb_position"] = np.where(bb_upper != bb_lower, (close - bb_lower) / (bb_upper - bb_lower), 0.5)
Collect signals 1694/3317:  51%|¨€¨€¨€¨€¨€     | 1693/3317 [1:29:57<1:29:12,  3.30s/stock]Collect signals 1694/3317:  51%|¨€¨€¨€¨€¨€     | 1694/3317 [1:29:57<1:26:54,  3.21s/stock]D:\Projects\auto-select-stock\src\auto_select_stock\predict\data.py:76: RuntimeWarning: invalid value encountered in divide
  result["bb_position"] = np.where(bb_upper != bb_lower, (close - bb_lower) / (bb_upper - bb_lower), 0.5)
Collect signals 1695/3317:  51%|¨€¨€¨€¨€¨€     | 1694/3317 [1:30:00<1:26:54,  3.21s/stock]Collect signals 1695/3317:  51%|¨€¨€¨€¨€¨€     | 1695/3317 [1:30:00<1:28:21,  3.27s/stock]D:\Projects\auto-select-stock\src\auto_select_stock\predict\data.py:76: RuntimeWarning: invalid value encountered in divide
  result["bb_position"] = np.where(bb_upper != bb_lower, (close - bb_lower) / (bb_upper - bb_lower), 0.5)
Collect signals 1696/3317:  51%|¨€¨€¨€¨€¨€     | 1695/3317 [1:30:03<1:28:21,  3.27s/stock]Collect signals 1696/3317:  51%|¨€¨€¨€¨€¨€     | 1696/3317 [1:30:03<1:25:47,  3.18s/stock]D:\Projects\auto-select-stock\src\auto_select_stock\predict\data.py:76: RuntimeWarning: invalid value encountered in divide
  result["bb_position"] = np.where(bb_upper != bb_lower, (close - bb_lower) / (bb_upper - bb_lower), 0.5)
Collect signals 1697/3317:  51%|¨€¨€¨€¨€¨€     | 1696/3317 [1:30:06<1:25:47,  3.18s/stock]Collect signals 1697/3317:  51%|¨€¨€¨€¨€¨€     | 1697/3317 [1:30:06<1:26:47,  3.21s/stock]D:\Projects\auto-select-stock\src\auto_select_stock\predict\data.py:76: RuntimeWarning: invalid value encountered in divide
  result["bb_position"] = np.where(bb_upper != bb_lower, (close - bb_lower) / (bb_upper - bb_lower), 0.5)
Collect signals 1698/3317:  51%|¨€¨€¨€¨€¨€     | 1697/3317 [1:30:09<1:26:47,  3.21s/stock]Collect signals 1698/3317:  51%|¨€¨€¨€¨€¨€     | 1698/3317 [1:30:09<1:24:56,  3.15s/stock]D:\Projects\auto-select-stock\src\auto_select_stock\predict\data.py:76: RuntimeWarning: invalid value encountered in divide
  result["bb_position"] = np.where(bb_upper != bb_lower, (close - bb_lower) / (bb_upper - bb_lower), 0.5)
Collect signals 1699/3317:  51%|¨€¨€¨€¨€¨€     | 1698/3317 [1:30:13<1:24:56,  3.15s/stock]Collect signals 1699/3317:  51%|¨€¨€¨€¨€¨€     | 1699/3317 [1:30:13<1:26:11,  3.20s/stock]D:\Projects\auto-select-stock\src\auto_select_stock\predict\data.py:76: RuntimeWarning: invalid value encountered in divide
  result["bb_position"] = np.where(bb_upper != bb_lower, (close - bb_lower) / (bb_upper - bb_lower), 0.5)
Collect signals 1700/3317:  51%|¨€¨€¨€¨€¨€     | 1699/3317 [1:30:16<1:26:11,  3.20s/stock]Collect signals 1700/3317:  51%|¨€¨€¨€¨€¨€¨‡    | 1700/3317 [1:30:16<1:27:22,  3.24s/stock]D:\Projects\auto-select-stock\src\auto_select_stock\predict\data.py:76: RuntimeWarning: invalid value encountered in divide
  result["bb_position"] = np.where(bb_upper != bb_lower, (close - bb_lower) / (bb_upper - bb_lower), 0.5)
Collect signals 1701/3317:  51%|¨€¨€¨€¨€¨€¨‡    | 1700/3317 [1:30:19<1:27:22,  3.24s/stock]Collect signals 1701/3317:  51%|¨€¨€¨€¨€¨€¨‡    | 1701/3317 [1:30:19<1:25:15,  3.17s/stock]D:\Projects\auto-select-stock\src\auto_select_stock\predict\data.py:76: RuntimeWarning: invalid value encountered in divide
  result["bb_position"] = np.where(bb_upper != bb_lower, (close - bb_lower) / (bb_upper - bb_lower), 0.5)
Collect signals 1702/3317:  51%|¨€¨€¨€¨€¨€¨‡    | 1701/3317 [1:30:22<1:25:15,  3.17s/stock]Collect signals 1702/3317:  51%|¨€¨€¨€¨€¨€¨‡    | 1702/3317 [1:30:22<1:26:51,  3.23s/stock]D:\Projects\auto-select-stock\src\auto_select_stock\predict\data.py:76: RuntimeWarning: invalid value encountered in divide
  result["bb_position"] = np.where(bb_upper != bb_lower, (close - bb_lower) / (bb_upper - bb_lower), 0.5)
Collect signals 1703/3317:  51%|¨€¨€¨€¨€¨€¨‡    | 1702/3317 [1:30:26<1:26:51,  3.23s/stock]Collect signals 1703/3317:  51%|¨€¨€¨€¨€¨€¨‡    | 1703/3317 [1:30:26<1:25:23,  3.17s/stock]D:\Projects\auto-select-stock\src\auto_select_stock\predict\data.py:76: RuntimeWarning: invalid value encountered in divide
  result["bb_position"] = np.where(bb_upper != bb_lower, (close - bb_lower) / (bb_upper - bb_lower), 0.5)
Collect signals 1704/3317:  51%|¨€¨€¨€¨€¨€¨‡    | 1703/3317 [1:30:29<1:25:23,  3.17s/stock]Collect signals 1704/3317:  51%|¨€¨€¨€¨€¨€¨‡    | 1704/3317 [1:30:29<1:31:06,  3.39s/stock]D:\Projects\auto-select-stock\src\auto_select_stock\predict\data.py:76: RuntimeWarning: invalid value encountered in divide
  result["bb_position"] = np.where(bb_upper != bb_lower, (close - bb_lower) / (bb_upper - bb_lower), 0.5)
Collect signals 1705/3317:  51%|¨€¨€¨€¨€¨€¨‡    | 1704/3317 [1:30:33<1:31:06,  3.39s/stock]Collect signals 1705/3317:  51%|¨€¨€¨€¨€¨€¨‡    | 1705/3317 [1:30:33<1:33:07,  3.47s/stock]D:\Projects\auto-select-stock\src\auto_select_stock\predict\data.py:76: RuntimeWarning: invalid value encountered in divide
  result["bb_position"] = np.where(bb_upper != bb_lower, (close - bb_lower) / (bb_upper - bb_lower), 0.5)
Collect signals 1706/3317:  51%|¨€¨€¨€¨€¨€¨‡    | 1705/3317 [1:30:37<1:33:07,  3.47s/stock]Collect signals 1706/3317:  51%|¨€¨€¨€¨€¨€¨‡    | 1706/3317 [1:30:37<1:35:41,  3.56s/stock]D:\Projects\auto-select-stock\src\auto_select_stock\predict\data.py:76: RuntimeWarning: invalid value encountered in divide
  result["bb_position"] = np.where(bb_upper != bb_lower, (close - bb_lower) / (bb_upper - bb_lower), 0.5)
Collect signals 1707/3317:  51%|¨€¨€¨€¨€¨€¨‡    | 1706/3317 [1:30:40<1:35:41,  3.56s/stock]Collect signals 1707/3317:  51%|¨€¨€¨€¨€¨€¨‡    | 1707/3317 [1:30:40<1:34:59,  3.54s/stock]D:\Projects\auto-select-stock\src\auto_select_stock\predict\data.py:76: RuntimeWarning: invalid value encountered in divide
  result["bb_position"] = np.where(bb_upper != bb_lower, (close - bb_lower) / (bb_upper - bb_lower), 0.5)
Collect signals 1708/3317:  51%|¨€¨€¨€¨€¨€¨‡    | 1707/3317 [1:30:43<1:34:59,  3.54s/stock]Collect signals 1708/3317:  51%|¨€¨€¨€¨€¨€¨‡    | 1708/3317 [1:30:43<1:30:50,  3.39s/stock]D:\Projects\auto-select-stock\src\auto_select_stock\predict\data.py:76: RuntimeWarning: invalid value encountered in divide
  result["bb_position"] = np.where(bb_upper != bb_lower, (close - bb_lower) / (bb_upper - bb_lower), 0.5)
Collect signals 1709/3317:  51%|¨€¨€¨€¨€¨€¨‡    | 1708/3317 [1:30:47<1:30:50,  3.39s/stock]Collect signals 1709/3317:  52%|¨€¨€¨€¨€¨€¨‡    | 1709/3317 [1:30:47<1:31:26,  3.41s/stock]D:\Projects\auto-select-stock\src\auto_select_stock\predict\data.py:76: RuntimeWarning: invalid value encountered in divide
  result["bb_position"] = np.where(bb_upper != bb_lower, (close - bb_lower) / (bb_upper - bb_lower), 0.5)
Collect signals 1710/3317:  52%|¨€¨€¨€¨€¨€¨‡    | 1709/3317 [1:30:50<1:31:26,  3.41s/stock]Collect signals 1710/3317:  52%|¨€¨€¨€¨€¨€¨‡    | 1710/3317 [1:30:50<1:27:38,  3.27s/stock]D:\Projects\auto-select-stock\src\auto_select_stock\predict\data.py:76: RuntimeWarning: invalid value encountered in divide
  result["bb_position"] = np.where(bb_upper != bb_lower, (close - bb_lower) / (bb_upper - bb_lower), 0.5)
Collect signals 1711/3317:  52%|¨€¨€¨€¨€¨€¨‡    | 1710/3317 [1:30:53<1:27:38,  3.27s/stock]Collect signals 1711/3317:  52%|¨€¨€¨€¨€¨€¨‡    | 1711/3317 [1:30:53<1:28:32,  3.31s/stock]D:\Projects\auto-select-stock\src\auto_select_stock\predict\data.py:76: RuntimeWarning: invalid value encountered in divide
  result["bb_position"] = np.where(bb_upper != bb_lower, (close - bb_lower) / (bb_upper - bb_lower), 0.5)
Collect signals 1712/3317:  52%|¨€¨€¨€¨€¨€¨‡    | 1711/3317 [1:30:56<1:28:32,  3.31s/stock]Collect signals 1712/3317:  52%|¨€¨€¨€¨€¨€¨‡    | 1712/3317 [1:30:56<1:26:29,  3.23s/stock]D:\Projects\auto-select-stock\src\auto_select_stock\predict\data.py:76: RuntimeWarning: invalid value encountered in divide
  result["bb_position"] = np.where(bb_upper != bb_lower, (close - bb_lower) / (bb_upper - bb_lower), 0.5)
Collect signals 1713/3317:  52%|¨€¨€¨€¨€¨€¨‡    | 1712/3317 [1:31:00<1:26:29,  3.23s/stock]Collect signals 1713/3317:  52%|¨€¨€¨€¨€¨€¨‡    | 1713/3317 [1:31:00<1:30:25,  3.38s/stock]D:\Projects\auto-select-stock\src\auto_select_stock\predict\data.py:76: RuntimeWarning: invalid value encountered in divide
  result["bb_position"] = np.where(bb_upper != bb_lower, (close - bb_lower) / (bb_upper - bb_lower), 0.5)
Collect signals 1714/3317:  52%|¨€¨€¨€¨€¨€¨‡    | 1713/3317 [1:31:03<1:30:25,  3.38s/stock]Collect signals 1714/3317:  52%|¨€¨€¨€¨€¨€¨‡    | 1714/3317 [1:31:03<1:27:24,  3.27s/stock]D:\Projects\auto-select-stock\src\auto_select_stock\predict\data.py:76: RuntimeWarning: invalid value encountered in divide
  result["bb_position"] = np.where(bb_upper != bb_lower, (close - bb_lower) / (bb_upper - bb_lower), 0.5)
Collect signals 1715/3317:  52%|¨€¨€¨€¨€¨€¨‡    | 1714/3317 [1:31:07<1:27:24,  3.27s/stock]Collect signals 1715/3317:  52%|¨€¨€¨€¨€¨€¨‡    | 1715/3317 [1:31:07<1:30:02,  3.37s/stock]D:\Projects\auto-select-stock\src\auto_select_stock\predict\data.py:76: RuntimeWarning: invalid value encountered in divide
  result["bb_position"] = np.where(bb_upper != bb_lower, (close - bb_lower) / (bb_upper - bb_lower), 0.5)
Collect signals 1716/3317:  52%|¨€¨€¨€¨€¨€¨‡    | 1715/3317 [1:31:10<1:30:02,  3.37s/stock]Collect signals 1716/3317:  52%|¨€¨€¨€¨€¨€¨‡    | 1716/3317 [1:31:10<1:31:00,  3.41s/stock]D:\Projects\auto-select-stock\src\auto_select_stock\predict\data.py:76: RuntimeWarning: invalid value encountered in divide
  result["bb_position"] = np.where(bb_upper != bb_lower, (close - bb_lower) / (bb_upper - bb_lower), 0.5)
Collect signals 1717/3317:  52%|¨€¨€¨€¨€¨€¨‡    | 1716/3317 [1:31:13<1:31:00,  3.41s/stock]Collect signals 1717/3317:  52%|¨€¨€¨€¨€¨€¨‡    | 1717/3317 [1:31:13<1:28:36,  3.32s/stock]D:\Projects\auto-select-stock\src\auto_select_stock\predict\data.py:76: RuntimeWarning: invalid value encountered in divide
  result["bb_position"] = np.where(bb_upper != bb_lower, (close - bb_lower) / (bb_upper - bb_lower), 0.5)
Collect signals 1718/3317:  52%|¨€¨€¨€¨€¨€¨‡    | 1717/3317 [1:31:17<1:28:36,  3.32s/stock]Collect signals 1718/3317:  52%|¨€¨€¨€¨€¨€¨‡    | 1718/3317 [1:31:17<1:30:08,  3.38s/stock]D:\Projects\auto-select-stock\src\auto_select_stock\predict\data.py:76: RuntimeWarning: invalid value encountered in divide
  result["bb_position"] = np.where(bb_upper != bb_lower, (close - bb_lower) / (bb_upper - bb_lower), 0.5)
Collect signals 1719/3317:  52%|¨€¨€¨€¨€¨€¨‡    | 1718/3317 [1:31:20<1:30:08,  3.38s/stock]Collect signals 1719/3317:  52%|¨€¨€¨€¨€¨€¨‡    | 1719/3317 [1:31:20<1:27:50,  3.30s/stock]D:\Projects\auto-select-stock\src\auto_select_stock\predict\data.py:76: RuntimeWarning: invalid value encountered in divide
  result["bb_position"] = np.where(bb_upper != bb_lower, (close - bb_lower) / (bb_upper - bb_lower), 0.5)
Collect signals 1720/3317:  52%|¨€¨€¨€¨€¨€¨‡    | 1719/3317 [1:31:23<1:27:50,  3.30s/stock]Collect signals 1720/3317:  52%|¨€¨€¨€¨€¨€¨‡    | 1720/3317 [1:31:23<1:29:56,  3.38s/stock]D:\Projects\auto-select-stock\src\auto_select_stock\predict\data.py:76: RuntimeWarning: invalid value encountered in divide
  result["bb_position"] = np.where(bb_upper != bb_lower, (close - bb_lower) / (bb_upper - bb_lower), 0.5)
Collect signals 1721/3317:  52%|¨€¨€¨€¨€¨€¨‡    | 1720/3317 [1:31:26<1:29:56,  3.38s/stock]Collect signals 1721/3317:  52%|¨€¨€¨€¨€¨€¨‡    | 1721/3317 [1:31:26<1:27:30,  3.29s/stock]D:\Projects\auto-select-stock\src\auto_select_stock\predict\data.py:76: RuntimeWarning: invalid value encountered in divide
  result["bb_position"] = np.where(bb_upper != bb_lower, (close - bb_lower) / (bb_upper - bb_lower), 0.5)
Collect signals 1722/3317:  52%|¨€¨€¨€¨€¨€¨‡    | 1721/3317 [1:31:30<1:27:30,  3.29s/stock]Collect signals 1722/3317:  52%|¨€¨€¨€¨€¨€¨‡    | 1722/3317 [1:31:30<1:29:01,  3.35s/stock]D:\Projects\auto-select-stock\src\auto_select_stock\predict\data.py:76: RuntimeWarning: invalid value encountered in divide
  result["bb_position"] = np.where(bb_upper != bb_lower, (close - bb_lower) / (bb_upper - bb_lower), 0.5)
Collect signals 1723/3317:  52%|¨€¨€¨€¨€¨€¨‡    | 1722/3317 [1:31:33<1:29:01,  3.35s/stock]Collect signals 1723/3317:  52%|¨€¨€¨€¨€¨€¨‡    | 1723/3317 [1:31:33<1:29:46,  3.38s/stock]D:\Projects\auto-select-stock\src\auto_select_stock\predict\data.py:76: RuntimeWarning: invalid value encountered in divide
  result["bb_position"] = np.where(bb_upper != bb_lower, (close - bb_lower) / (bb_upper - bb_lower), 0.5)
Collect signals 1724/3317:  52%|¨€¨€¨€¨€¨€¨‡    | 1723/3317 [1:31:37<1:29:46,  3.38s/stock]Collect signals 1724/3317:  52%|¨€¨€¨€¨€¨€¨‡    | 1724/3317 [1:31:37<1:27:49,  3.31s/stock]D:\Projects\auto-select-stock\src\auto_select_stock\predict\data.py:76: RuntimeWarning: invalid value encountered in divide
  result["bb_position"] = np.where(bb_upper != bb_lower, (close - bb_lower) / (bb_upper - bb_lower), 0.5)
Collect signals 1725/3317:  52%|¨€¨€¨€¨€¨€¨‡    | 1724/3317 [1:31:40<1:27:49,  3.31s/stock]Collect signals 1725/3317:  52%|¨€¨€¨€¨€¨€¨‡    | 1725/3317 [1:31:40<1:28:48,  3.35s/stock]D:\Projects\auto-select-stock\src\auto_select_stock\predict\data.py:76: RuntimeWarning: invalid value encountered in divide
  result["bb_position"] = np.where(bb_upper != bb_lower, (close - bb_lower) / (bb_upper - bb_lower), 0.5)
Collect signals 1726/3317:  52%|¨€¨€¨€¨€¨€¨‡    | 1725/3317 [1:31:43<1:28:48,  3.35s/stock]Collect signals 1726/3317:  52%|¨€¨€¨€¨€¨€¨‡    | 1726/3317 [1:31:43<1:26:07,  3.25s/stock]D:\Projects\auto-select-stock\src\auto_select_stock\predict\data.py:76: RuntimeWarning: invalid value encountered in divide
  result["bb_position"] = np.where(bb_upper != bb_lower, (close - bb_lower) / (bb_upper - bb_lower), 0.5)
Collect signals 1727/3317:  52%|¨€¨€¨€¨€¨€¨‡    | 1726/3317 [1:31:46<1:26:07,  3.25s/stock]Collect signals 1727/3317:  52%|¨€¨€¨€¨€¨€¨‡    | 1727/3317 [1:31:46<1:27:45,  3.31s/stock]D:\Projects\auto-select-stock\src\auto_select_stock\predict\data.py:76: RuntimeWarning: invalid value encountered in divide
  result["bb_position"] = np.where(bb_upper != bb_lower, (close - bb_lower) / (bb_upper - bb_lower), 0.5)
Collect signals 1728/3317:  52%|¨€¨€¨€¨€¨€¨‡    | 1727/3317 [1:31:50<1:27:45,  3.31s/stock]Collect signals 1728/3317:  52%|¨€¨€¨€¨€¨€¨‡    | 1728/3317 [1:31:50<1:27:11,  3.29s/stock]D:\Projects\auto-select-stock\src\auto_select_stock\predict\data.py:76: RuntimeWarning: invalid value encountered in divide
  result["bb_position"] = np.where(bb_upper != bb_lower, (close - bb_lower) / (bb_upper - bb_lower), 0.5)
Collect signals 1729/3317:  52%|¨€¨€¨€¨€¨€¨‡    | 1728/3317 [1:31:53<1:27:11,  3.29s/stock]Collect signals 1729/3317:  52%|¨€¨€¨€¨€¨€¨‡    | 1729/3317 [1:31:53<1:28:52,  3.36s/stock]D:\Projects\auto-select-stock\src\auto_select_stock\predict\data.py:76: RuntimeWarning: invalid value encountered in divide
  result["bb_position"] = np.where(bb_upper != bb_lower, (close - bb_lower) / (bb_upper - bb_lower), 0.5)
Collect signals 1730/3317:  52%|¨€¨€¨€¨€¨€¨‡    | 1729/3317 [1:31:56<1:28:52,  3.36s/stock]Collect signals 1730/3317:  52%|¨€¨€¨€¨€¨€¨‡    | 1730/3317 [1:31:56<1:27:26,  3.31s/stock]D:\Projects\auto-select-stock\src\auto_select_stock\predict\data.py:76: RuntimeWarning: invalid value encountered in divide
  result["bb_position"] = np.where(bb_upper != bb_lower, (close - bb_lower) / (bb_upper - bb_lower), 0.5)
Collect signals 1731/3317:  52%|¨€¨€¨€¨€¨€¨‡    | 1730/3317 [1:32:00<1:27:26,  3.31s/stock]Collect signals 1731/3317:  52%|¨€¨€¨€¨€¨€¨‡    | 1731/3317 [1:32:00<1:28:53,  3.36s/stock]D:\Projects\auto-select-stock\src\auto_select_stock\predict\data.py:76: RuntimeWarning: invalid value encountered in divide
  result["bb_position"] = np.where(bb_upper != bb_lower, (close - bb_lower) / (bb_upper - bb_lower), 0.5)
Collect signals 1732/3317:  52%|¨€¨€¨€¨€¨€¨‡    | 1731/3317 [1:32:03<1:28:53,  3.36s/stock]Collect signals 1732/3317:  52%|¨€¨€¨€¨€¨€¨‡    | 1732/3317 [1:32:03<1:30:03,  3.41s/stock]D:\Projects\auto-select-stock\src\auto_select_stock\predict\data.py:76: RuntimeWarning: invalid value encountered in divide
  result["bb_position"] = np.where(bb_upper != bb_lower, (close - bb_lower) / (bb_upper - bb_lower), 0.5)
Collect signals 1733/3317:  52%|¨€¨€¨€¨€¨€¨‡    | 1732/3317 [1:32:07<1:30:03,  3.41s/stock]Collect signals 1733/3317:  52%|¨€¨€¨€¨€¨€¨‡    | 1733/3317 [1:32:07<1:28:10,  3.34s/stock]D:\Projects\auto-select-stock\src\auto_select_stock\predict\data.py:76: RuntimeWarning: invalid value encountered in divide
  result["bb_position"] = np.where(bb_upper != bb_lower, (close - bb_lower) / (bb_upper - bb_lower), 0.5)
Collect signals 1734/3317:  52%|¨€¨€¨€¨€¨€¨‡    | 1733/3317 [1:32:10<1:28:10,  3.34s/stock]Collect signals 1734/3317:  52%|¨€¨€¨€¨€¨€¨‡    | 1734/3317 [1:32:10<1:30:17,  3.42s/stock]D:\Projects\auto-select-stock\src\auto_select_stock\predict\data.py:76: RuntimeWarning: invalid value encountered in divide
  result["bb_position"] = np.where(bb_upper != bb_lower, (close - bb_lower) / (bb_upper - bb_lower), 0.5)
Collect signals 1735/3317:  52%|¨€¨€¨€¨€¨€¨‡    | 1734/3317 [1:32:13<1:30:17,  3.42s/stock]Collect signals 1735/3317:  52%|¨€¨€¨€¨€¨€¨‡    | 1735/3317 [1:32:13<1:28:10,  3.34s/stock]D:\Projects\auto-select-stock\src\auto_select_stock\predict\data.py:76: RuntimeWarning: invalid value encountered in divide
  result["bb_position"] = np.where(bb_upper != bb_lower, (close - bb_lower) / (bb_upper - bb_lower), 0.5)
Collect signals 1736/3317:  52%|¨€¨€¨€¨€¨€¨‡    | 1735/3317 [1:32:17<1:28:10,  3.34s/stock]Collect signals 1736/3317:  52%|¨€¨€¨€¨€¨€¨‡    | 1736/3317 [1:32:17<1:30:05,  3.42s/stock]D:\Projects\auto-select-stock\src\auto_select_stock\predict\data.py:76: RuntimeWarning: invalid value encountered in divide
  result["bb_position"] = np.where(bb_upper != bb_lower, (close - bb_lower) / (bb_upper - bb_lower), 0.5)
Collect signals 1737/3317:  52%|¨€¨€¨€¨€¨€¨‡    | 1736/3317 [1:32:20<1:30:05,  3.42s/stock]Collect signals 1737/3317:  52%|¨€¨€¨€¨€¨€¨‡    | 1737/3317 [1:32:20<1:28:29,  3.36s/stock]D:\Projects\auto-select-stock\src\auto_select_stock\predict\data.py:76: RuntimeWarning: invalid value encountered in divide
  result["bb_position"] = np.where(bb_upper != bb_lower, (close - bb_lower) / (bb_upper - bb_lower), 0.5)
Collect signals 1738/3317:  52%|¨€¨€¨€¨€¨€¨‡    | 1737/3317 [1:32:24<1:28:29,  3.36s/stock]Collect signals 1738/3317:  52%|¨€¨€¨€¨€¨€¨‡    | 1738/3317 [1:32:24<1:29:41,  3.41s/stock]D:\Projects\auto-select-stock\src\auto_select_stock\predict\data.py:76: RuntimeWarning: invalid value encountered in divide
  result["bb_position"] = np.where(bb_upper != bb_lower, (close - bb_lower) / (bb_upper - bb_lower), 0.5)
Collect signals 1739/3317:  52%|¨€¨€¨€¨€¨€¨‡    | 1738/3317 [1:32:27<1:29:41,  3.41s/stock]Collect signals 1739/3317:  52%|¨€¨€¨€¨€¨€¨‡    | 1739/3317 [1:32:27<1:27:23,  3.32s/stock]D:\Projects\auto-select-stock\src\auto_select_stock\predict\data.py:76: RuntimeWarning: invalid value encountered in divide
  result["bb_position"] = np.where(bb_upper != bb_lower, (close - bb_lower) / (bb_upper - bb_lower), 0.5)
Collect signals 1740/3317:  52%|¨€¨€¨€¨€¨€¨‡    | 1739/3317 [1:32:30<1:27:23,  3.32s/stock]Collect signals 1740/3317:  52%|¨€¨€¨€¨€¨€¨‡    | 1740/3317 [1:32:30<1:29:29,  3.40s/stock]D:\Projects\auto-select-stock\src\auto_select_stock\predict\data.py:76: RuntimeWarning: invalid value encountered in divide
  result["bb_position"] = np.where(bb_upper != bb_lower, (close - bb_lower) / (bb_upper - bb_lower), 0.5)
Collect signals 1741/3317:  52%|¨€¨€¨€¨€¨€¨‡    | 1740/3317 [1:32:34<1:29:29,  3.40s/stock]Collect signals 1741/3317:  52%|¨€¨€¨€¨€¨€¨‡    | 1741/3317 [1:32:34<1:30:21,  3.44s/stock]D:\Projects\auto-select-stock\src\auto_select_stock\predict\data.py:76: RuntimeWarning: invalid value encountered in divide
  result["bb_position"] = np.where(bb_upper != bb_lower, (close - bb_lower) / (bb_upper - bb_lower), 0.5)
Collect signals 1742/3317:  52%|¨€¨€¨€¨€¨€¨‡    | 1741/3317 [1:32:37<1:30:21,  3.44s/stock]Collect signals 1742/3317:  53%|¨€¨€¨€¨€¨€¨†    | 1742/3317 [1:32:37<1:27:57,  3.35s/stock]D:\Projects\auto-select-stock\src\auto_select_stock\predict\data.py:76: RuntimeWarning: invalid value encountered in divide
  result["bb_position"] = np.where(bb_upper != bb_lower, (close - bb_lower) / (bb_upper - bb_lower), 0.5)
Collect signals 1743/3317:  53%|¨€¨€¨€¨€¨€¨†    | 1742/3317 [1:32:41<1:27:57,  3.35s/stock]Collect signals 1743/3317:  53%|¨€¨€¨€¨€¨€¨†    | 1743/3317 [1:32:41<1:28:41,  3.38s/stock]D:\Projects\auto-select-stock\src\auto_select_stock\predict\data.py:76: RuntimeWarning: invalid value encountered in divide
  result["bb_position"] = np.where(bb_upper != bb_lower, (close - bb_lower) / (bb_upper - bb_lower), 0.5)
Collect signals 1744/3317:  53%|¨€¨€¨€¨€¨€¨†    | 1743/3317 [1:32:44<1:28:41,  3.38s/stock]Collect signals 1744/3317:  53%|¨€¨€¨€¨€¨€¨†    | 1744/3317 [1:32:44<1:26:50,  3.31s/stock]D:\Projects\auto-select-stock\src\auto_select_stock\predict\data.py:76: RuntimeWarning: invalid value encountered in divide
  result["bb_position"] = np.where(bb_upper != bb_lower, (close - bb_lower) / (bb_upper - bb_lower), 0.5)
Collect signals 1745/3317:  53%|¨€¨€¨€¨€¨€¨†    | 1744/3317 [1:32:47<1:26:50,  3.31s/stock]Collect signals 1745/3317:  53%|¨€¨€¨€¨€¨€¨†    | 1745/3317 [1:32:47<1:28:26,  3.38s/stock]D:\Projects\auto-select-stock\src\auto_select_stock\predict\data.py:76: RuntimeWarning: invalid value encountered in divide
  result["bb_position"] = np.where(bb_upper != bb_lower, (close - bb_lower) / (bb_upper - bb_lower), 0.5)
Collect signals 1746/3317:  53%|¨€¨€¨€¨€¨€¨†    | 1745/3317 [1:32:50<1:28:26,  3.38s/stock]Collect signals 1746/3317:  53%|¨€¨€¨€¨€¨€¨†    | 1746/3317 [1:32:50<1:26:33,  3.31s/stock]D:\Projects\auto-select-stock\src\auto_select_stock\predict\data.py:76: RuntimeWarning: invalid value encountered in divide
  result["bb_position"] = np.where(bb_upper != bb_lower, (close - bb_lower) / (bb_upper - bb_lower), 0.5)
Collect signals 1747/3317:  53%|¨€¨€¨€¨€¨€¨†    | 1746/3317 [1:32:54<1:26:33,  3.31s/stock]Collect signals 1747/3317:  53%|¨€¨€¨€¨€¨€¨†    | 1747/3317 [1:32:54<1:28:18,  3.37s/stock]D:\Projects\auto-select-stock\src\auto_select_stock\predict\data.py:76: RuntimeWarning: invalid value encountered in divide
  result["bb_position"] = np.where(bb_upper != bb_lower, (close - bb_lower) / (bb_upper - bb_lower), 0.5)
Collect signals 1748/3317:  53%|¨€¨€¨€¨€¨€¨†    | 1747/3317 [1:32:57<1:28:18,  3.37s/stock]Collect signals 1748/3317:  53%|¨€¨€¨€¨€¨€¨†    | 1748/3317 [1:32:57<1:25:40,  3.28s/stock]D:\Projects\auto-select-stock\src\auto_select_stock\predict\data.py:76: RuntimeWarning: invalid value encountered in divide
  result["bb_position"] = np.where(bb_upper != bb_lower, (close - bb_lower) / (bb_upper - bb_lower), 0.5)
Collect signals 1749/3317:  53%|¨€¨€¨€¨€¨€¨†    | 1748/3317 [1:33:01<1:25:40,  3.28s/stock]Collect signals 1749/3317:  53%|¨€¨€¨€¨€¨€¨†    | 1749/3317 [1:33:01<1:29:29,  3.42s/stock]D:\Projects\auto-select-stock\src\auto_select_stock\predict\data.py:76: RuntimeWarning: invalid value encountered in divide
  result["bb_position"] = np.where(bb_upper != bb_lower, (close - bb_lower) / (bb_upper - bb_lower), 0.5)
Collect signals 1750/3317:  53%|¨€¨€¨€¨€¨€¨†    | 1749/3317 [1:33:04<1:29:29,  3.42s/stock]Collect signals 1750/3317:  53%|¨€¨€¨€¨€¨€¨†    | 1750/3317 [1:33:04<1:28:01,  3.37s/stock]D:\Projects\auto-select-stock\src\auto_select_stock\predict\data.py:76: RuntimeWarning: invalid value encountered in divide
  result["bb_position"] = np.where(bb_upper != bb_lower, (close - bb_lower) / (bb_upper - bb_lower), 0.5)
Collect signals 1751/3317:  53%|¨€¨€¨€¨€¨€¨†    | 1750/3317 [1:33:08<1:28:01,  3.37s/stock]Collect signals 1751/3317:  53%|¨€¨€¨€¨€¨€¨†    | 1751/3317 [1:33:08<1:30:01,  3.45s/stock]D:\Projects\auto-select-stock\src\auto_select_stock\predict\data.py:76: RuntimeWarning: invalid value encountered in divide
  result["bb_position"] = np.where(bb_upper != bb_lower, (close - bb_lower) / (bb_upper - bb_lower), 0.5)
Collect signals 1752/3317:  53%|¨€¨€¨€¨€¨€¨†    | 1751/3317 [1:33:11<1:30:01,  3.45s/stock]Collect signals 1752/3317:  53%|¨€¨€¨€¨€¨€¨†    | 1752/3317 [1:33:11<1:31:27,  3.51s/stock]D:\Projects\auto-select-stock\src\auto_select_stock\predict\data.py:76: RuntimeWarning: invalid value encountered in divide
  result["bb_position"] = np.where(bb_upper != bb_lower, (close - bb_lower) / (bb_upper - bb_lower), 0.5)
Collect signals 1753/3317:  53%|¨€¨€¨€¨€¨€¨†    | 1752/3317 [1:33:14<1:31:27,  3.51s/stock]Collect signals 1753/3317:  53%|¨€¨€¨€¨€¨€¨†    | 1753/3317 [1:33:14<1:28:35,  3.40s/stock]D:\Projects\auto-select-stock\src\auto_select_stock\predict\data.py:76: RuntimeWarning: invalid value encountered in divide
  result["bb_position"] = np.where(bb_upper != bb_lower, (close - bb_lower) / (bb_upper - bb_lower), 0.5)
Collect signals 1754/3317:  53%|¨€¨€¨€¨€¨€¨†    | 1753/3317 [1:33:18<1:28:35,  3.40s/stock]Collect signals 1754/3317:  53%|¨€¨€¨€¨€¨€¨†    | 1754/3317 [1:33:18<1:31:39,  3.52s/stock]D:\Projects\auto-select-stock\src\auto_select_stock\predict\data.py:76: RuntimeWarning: invalid value encountered in divide
  result["bb_position"] = np.where(bb_upper != bb_lower, (close - bb_lower) / (bb_upper - bb_lower), 0.5)
Collect signals 1755/3317:  53%|¨€¨€¨€¨€¨€¨†    | 1754/3317 [1:33:21<1:31:39,  3.52s/stock]Collect signals 1755/3317:  53%|¨€¨€¨€¨€¨€¨†    | 1755/3317 [1:33:21<1:28:52,  3.41s/stock]D:\Projects\auto-select-stock\src\auto_select_stock\predict\data.py:76: RuntimeWarning: invalid value encountered in divide
  result["bb_position"] = np.where(bb_upper != bb_lower, (close - bb_lower) / (bb_upper - bb_lower), 0.5)
Collect signals 1756/3317:  53%|¨€¨€¨€¨€¨€¨†    | 1755/3317 [1:33:25<1:28:52,  3.41s/stock]Collect signals 1756/3317:  53%|¨€¨€¨€¨€¨€¨†    | 1756/3317 [1:33:25<1:31:05,  3.50s/stock]D:\Projects\auto-select-stock\src\auto_select_stock\predict\data.py:76: RuntimeWarning: invalid value encountered in divide
  result["bb_position"] = np.where(bb_upper != bb_lower, (close - bb_lower) / (bb_upper - bb_lower), 0.5)
Collect signals 1757/3317:  53%|¨€¨€¨€¨€¨€¨†    | 1756/3317 [1:33:28<1:31:05,  3.50s/stock]Collect signals 1757/3317:  53%|¨€¨€¨€¨€¨€¨†    | 1757/3317 [1:33:28<1:28:14,  3.39s/stock]D:\Projects\auto-select-stock\src\auto_select_stock\predict\data.py:76: RuntimeWarning: invalid value encountered in divide
  result["bb_position"] = np.where(bb_upper != bb_lower, (close - bb_lower) / (bb_upper - bb_lower), 0.5)
Collect signals 1758/3317:  53%|¨€¨€¨€¨€¨€¨†    | 1757/3317 [1:33:32<1:28:14,  3.39s/stock]Collect signals 1758/3317:  53%|¨€¨€¨€¨€¨€¨†    | 1758/3317 [1:33:32<1:30:57,  3.50s/stock]D:\Projects\auto-select-stock\src\auto_select_stock\predict\data.py:76: RuntimeWarning: invalid value encountered in divide
  result["bb_position"] = np.where(bb_upper != bb_lower, (close - bb_lower) / (bb_upper - bb_lower), 0.5)
Collect signals 1759/3317:  53%|¨€¨€¨€¨€¨€¨†    | 1758/3317 [1:33:35<1:30:57,  3.50s/stock]Collect signals 1759/3317:  53%|¨€¨€¨€¨€¨€¨†    | 1759/3317 [1:33:35<1:29:34,  3.45s/stock]D:\Projects\auto-select-stock\src\auto_select_stock\predict\data.py:76: RuntimeWarning: invalid value encountered in divide
  result["bb_position"] = np.where(bb_upper != bb_lower, (close - bb_lower) / (bb_upper - bb_lower), 0.5)
Collect signals 1760/3317:  53%|¨€¨€¨€¨€¨€¨†    | 1759/3317 [1:33:39<1:29:34,  3.45s/stock]Collect signals 1760/3317:  53%|¨€¨€¨€¨€¨€¨†    | 1760/3317 [1:33:39<1:32:41,  3.57s/stock]D:\Projects\auto-select-stock\src\auto_select_stock\predict\data.py:76: RuntimeWarning: invalid value encountered in divide
  result["bb_position"] = np.where(bb_upper != bb_lower, (close - bb_lower) / (bb_upper - bb_lower), 0.5)
Collect signals 1761/3317:  53%|¨€¨€¨€¨€¨€¨†    | 1760/3317 [1:33:43<1:32:41,  3.57s/stock]Collect signals 1761/3317:  53%|¨€¨€¨€¨€¨€¨†    | 1761/3317 [1:33:43<1:34:38,  3.65s/stock]D:\Projects\auto-select-stock\src\auto_select_stock\predict\data.py:76: RuntimeWarning: invalid value encountered in divide
  result["bb_position"] = np.where(bb_upper != bb_lower, (close - bb_lower) / (bb_upper - bb_lower), 0.5)
Collect signals 1762/3317:  53%|¨€¨€¨€¨€¨€¨†    | 1761/3317 [1:33:46<1:34:38,  3.65s/stock]Collect signals 1762/3317:  53%|¨€¨€¨€¨€¨€¨†    | 1762/3317 [1:33:46<1:32:38,  3.57s/stock]D:\Projects\auto-select-stock\src\auto_select_stock\predict\data.py:76: RuntimeWarning: invalid value encountered in divide
  result["bb_position"] = np.where(bb_upper != bb_lower, (close - bb_lower) / (bb_upper - bb_lower), 0.5)
Collect signals 1763/3317:  53%|¨€¨€¨€¨€¨€¨†    | 1762/3317 [1:33:50<1:32:38,  3.57s/stock]Collect signals 1763/3317:  53%|¨€¨€¨€¨€¨€¨†    | 1763/3317 [1:33:50<1:35:20,  3.68s/stock]D:\Projects\auto-select-stock\src\auto_select_stock\predict\data.py:76: RuntimeWarning: invalid value encountered in divide
  result["bb_position"] = np.where(bb_upper != bb_lower, (close - bb_lower) / (bb_upper - bb_lower), 0.5)
Collect signals 1764/3317:  53%|¨€¨€¨€¨€¨€¨†    | 1763/3317 [1:33:54<1:35:20,  3.68s/stock]Collect signals 1764/3317:  53%|¨€¨€¨€¨€¨€¨†    | 1764/3317 [1:33:54<1:34:10,  3.64s/stock]D:\Projects\auto-select-stock\src\auto_select_stock\predict\data.py:76: RuntimeWarning: invalid value encountered in divide
  result["bb_position"] = np.where(bb_upper != bb_lower, (close - bb_lower) / (bb_upper - bb_lower), 0.5)
Collect signals 1765/3317:  53%|¨€¨€¨€¨€¨€¨†    | 1764/3317 [1:33:58<1:34:10,  3.64s/stock]Collect signals 1765/3317:  53%|¨€¨€¨€¨€¨€¨†    | 1765/3317 [1:33:58<1:37:57,  3.79s/stock]D:\Projects\auto-select-stock\src\auto_select_stock\predict\data.py:76: RuntimeWarning: invalid value encountered in divide
  result["bb_position"] = np.where(bb_upper != bb_lower, (close - bb_lower) / (bb_upper - bb_lower), 0.5)
Collect signals 1766/3317:  53%|¨€¨€¨€¨€¨€¨†    | 1765/3317 [1:34:02<1:37:57,  3.79s/stock]Collect signals 1766/3317:  53%|¨€¨€¨€¨€¨€¨†    | 1766/3317 [1:34:02<1:37:32,  3.77s/stock]D:\Projects\auto-select-stock\src\auto_select_stock\predict\data.py:76: RuntimeWarning: invalid value encountered in divide
  result["bb_position"] = np.where(bb_upper != bb_lower, (close - bb_lower) / (bb_upper - bb_lower), 0.5)
Collect signals 1767/3317:  53%|¨€¨€¨€¨€¨€¨†    | 1766/3317 [1:34:06<1:37:32,  3.77s/stock]Collect signals 1767/3317:  53%|¨€¨€¨€¨€¨€¨†    | 1767/3317 [1:34:06<1:37:56,  3.79s/stock]D:\Projects\auto-select-stock\src\auto_select_stock\predict\data.py:76: RuntimeWarning: invalid value encountered in divide
  result["bb_position"] = np.where(bb_upper != bb_lower, (close - bb_lower) / (bb_upper - bb_lower), 0.5)
Collect signals 1768/3317:  53%|¨€¨€¨€¨€¨€¨†    | 1767/3317 [1:34:10<1:37:56,  3.79s/stock]Collect signals 1768/3317:  53%|¨€¨€¨€¨€¨€¨†    | 1768/3317 [1:34:10<1:39:10,  3.84s/stock]D:\Projects\auto-select-stock\src\auto_select_stock\predict\data.py:76: RuntimeWarning: invalid value encountered in divide
  result["bb_position"] = np.where(bb_upper != bb_lower, (close - bb_lower) / (bb_upper - bb_lower), 0.5)
Collect signals 1769/3317:  53%|¨€¨€¨€¨€¨€¨†    | 1768/3317 [1:34:13<1:39:10,  3.84s/stock]Collect signals 1769/3317:  53%|¨€¨€¨€¨€¨€¨†    | 1769/3317 [1:34:13<1:37:31,  3.78s/stock]D:\Projects\auto-select-stock\src\auto_select_stock\predict\data.py:76: RuntimeWarning: invalid value encountered in divide
  result["bb_position"] = np.where(bb_upper != bb_lower, (close - bb_lower) / (bb_upper - bb_lower), 0.5)
Collect signals 1770/3317:  53%|¨€¨€¨€¨€¨€¨†    | 1769/3317 [1:34:17<1:37:31,  3.78s/stock]Collect signals 1770/3317:  53%|¨€¨€¨€¨€¨€¨†    | 1770/3317 [1:34:17<1:37:56,  3.80s/stock]D:\Projects\auto-select-stock\src\auto_select_stock\predict\data.py:76: RuntimeWarning: invalid value encountered in divide
  result["bb_position"] = np.where(bb_upper != bb_lower, (close - bb_lower) / (bb_upper - bb_lower), 0.5)
Collect signals 1771/3317:  53%|¨€¨€¨€¨€¨€¨†    | 1770/3317 [1:34:21<1:37:56,  3.80s/stock]Collect signals 1771/3317:  53%|¨€¨€¨€¨€¨€¨†    | 1771/3317 [1:34:21<1:37:19,  3.78s/stock]D:\Projects\auto-select-stock\src\auto_select_stock\predict\data.py:76: RuntimeWarning: invalid value encountered in divide
  result["bb_position"] = np.where(bb_upper != bb_lower, (close - bb_lower) / (bb_upper - bb_lower), 0.5)
Collect signals 1772/3317:  53%|¨€¨€¨€¨€¨€¨†    | 1771/3317 [1:34:25<1:37:19,  3.78s/stock]Collect signals 1772/3317:  53%|¨€¨€¨€¨€¨€¨†    | 1772/3317 [1:34:25<1:39:31,  3.87s/stock]D:\Projects\auto-select-stock\src\auto_select_stock\predict\data.py:76: RuntimeWarning: invalid value encountered in divide
  result["bb_position"] = np.where(bb_upper != bb_lower, (close - bb_lower) / (bb_upper - bb_lower), 0.5)
Collect signals 1773/3317:  53%|¨€¨€¨€¨€¨€¨†    | 1772/3317 [1:34:29<1:39:31,  3.87s/stock]Collect signals 1773/3317:  53%|¨€¨€¨€¨€¨€¨†    | 1773/3317 [1:34:29<1:38:33,  3.83s/stock]D:\Projects\auto-select-stock\src\auto_select_stock\predict\data.py:76: RuntimeWarning: invalid value encountered in divide
  result["bb_position"] = np.where(bb_upper != bb_lower, (close - bb_lower) / (bb_upper - bb_lower), 0.5)
Collect signals 1774/3317:  53%|¨€¨€¨€¨€¨€¨†    | 1773/3317 [1:34:32<1:38:33,  3.83s/stock]Collect signals 1774/3317:  53%|¨€¨€¨€¨€¨€¨†    | 1774/3317 [1:34:32<1:39:30,  3.87s/stock]D:\Projects\auto-select-stock\src\auto_select_stock\predict\data.py:76: RuntimeWarning: invalid value encountered in divide
  result["bb_position"] = np.where(bb_upper != bb_lower, (close - bb_lower) / (bb_upper - bb_lower), 0.5)
Collect signals 1775/3317:  53%|¨€¨€¨€¨€¨€¨†    | 1774/3317 [1:34:36<1:39:30,  3.87s/stock]Collect signals 1775/3317:  54%|¨€¨€¨€¨€¨€¨†    | 1775/3317 [1:34:36<1:38:45,  3.84s/stock]D:\Projects\auto-select-stock\src\auto_select_stock\predict\data.py:76: RuntimeWarning: invalid value encountered in divide
  result["bb_position"] = np.where(bb_upper != bb_lower, (close - bb_lower) / (bb_upper - bb_lower), 0.5)
Collect signals 1776/3317:  54%|¨€¨€¨€¨€¨€¨†    | 1775/3317 [1:34:40<1:38:45,  3.84s/stock]Collect signals 1776/3317:  54%|¨€¨€¨€¨€¨€¨†    | 1776/3317 [1:34:40<1:40:44,  3.92s/stock]D:\Projects\auto-select-stock\src\auto_select_stock\predict\data.py:76: RuntimeWarning: invalid value encountered in divide
  result["bb_position"] = np.where(bb_upper != bb_lower, (close - bb_lower) / (bb_upper - bb_lower), 0.5)
Collect signals 1777/3317:  54%|¨€¨€¨€¨€¨€¨†    | 1776/3317 [1:34:44<1:40:44,  3.92s/stock]Collect signals 1777/3317:  54%|¨€¨€¨€¨€¨€¨†    | 1777/3317 [1:34:44<1:41:59,  3.97s/stock]D:\Projects\auto-select-stock\src\auto_select_stock\predict\data.py:76: RuntimeWarning: invalid value encountered in divide
  result["bb_position"] = np.where(bb_upper != bb_lower, (close - bb_lower) / (bb_upper - bb_lower), 0.5)
Collect signals 1778/3317:  54%|¨€¨€¨€¨€¨€¨†    | 1777/3317 [1:34:48<1:41:59,  3.97s/stock]Collect signals 1778/3317:  54%|¨€¨€¨€¨€¨€¨†    | 1778/3317 [1:34:48<1:39:28,  3.88s/stock]D:\Projects\auto-select-stock\src\auto_select_stock\predict\data.py:76: RuntimeWarning: invalid value encountered in divide
  result["bb_position"] = np.where(bb_upper != bb_lower, (close - bb_lower) / (bb_upper - bb_lower), 0.5)
Collect signals 1779/3317:  54%|¨€¨€¨€¨€¨€¨†    | 1778/3317 [1:34:52<1:39:28,  3.88s/stock]Collect signals 1779/3317:  54%|¨€¨€¨€¨€¨€¨†    | 1779/3317 [1:34:52<1:41:38,  3.97s/stock]D:\Projects\auto-select-stock\src\auto_select_stock\predict\data.py:76: RuntimeWarning: invalid value encountered in divide
  result["bb_position"] = np.where(bb_upper != bb_lower, (close - bb_lower) / (bb_upper - bb_lower), 0.5)
Collect signals 1780/3317:  54%|¨€¨€¨€¨€¨€¨†    | 1779/3317 [1:34:56<1:41:38,  3.97s/stock]Collect signals 1780/3317:  54%|¨€¨€¨€¨€¨€¨†    | 1780/3317 [1:34:56<1:37:11,  3.79s/stock]D:\Projects\auto-select-stock\src\auto_select_stock\predict\data.py:76: RuntimeWarning: invalid value encountered in divide
  result["bb_position"] = np.where(bb_upper != bb_lower, (close - bb_lower) / (bb_upper - bb_lower), 0.5)
Collect signals 1781/3317:  54%|¨€¨€¨€¨€¨€¨†    | 1780/3317 [1:34:59<1:37:11,  3.79s/stock]Collect signals 1781/3317:  54%|¨€¨€¨€¨€¨€¨†    | 1781/3317 [1:34:59<1:37:02,  3.79s/stock]D:\Projects\auto-select-stock\src\auto_select_stock\predict\data.py:76: RuntimeWarning: invalid value encountered in divide
  result["bb_position"] = np.where(bb_upper != bb_lower, (close - bb_lower) / (bb_upper - bb_lower), 0.5)
Collect signals 1782/3317:  54%|¨€¨€¨€¨€¨€¨†    | 1781/3317 [1:35:03<1:37:02,  3.79s/stock]Collect signals 1782/3317:  54%|¨€¨€¨€¨€¨€¨†    | 1782/3317 [1:35:03<1:32:55,  3.63s/stock]D:\Projects\auto-select-stock\src\auto_select_stock\predict\data.py:76: RuntimeWarning: invalid value encountered in divide
  result["bb_position"] = np.where(bb_upper != bb_lower, (close - bb_lower) / (bb_upper - bb_lower), 0.5)
Collect signals 1783/3317:  54%|¨€¨€¨€¨€¨€¨†    | 1782/3317 [1:35:06<1:32:55,  3.63s/stock]Collect signals 1783/3317:  54%|¨€¨€¨€¨€¨€¨…    | 1783/3317 [1:35:06<1:33:39,  3.66s/stock]D:\Projects\auto-select-stock\src\auto_select_stock\predict\data.py:76: RuntimeWarning: invalid value encountered in divide
  result["bb_position"] = np.where(bb_upper != bb_lower, (close - bb_lower) / (bb_upper - bb_lower), 0.5)
Collect signals 1784/3317:  54%|¨€¨€¨€¨€¨€¨…    | 1783/3317 [1:35:10<1:33:39,  3.66s/stock]Collect signals 1784/3317:  54%|¨€¨€¨€¨€¨€¨…    | 1784/3317 [1:35:10<1:30:44,  3.55s/stock]D:\Projects\auto-select-stock\src\auto_select_stock\predict\data.py:76: RuntimeWarning: invalid value encountered in divide
  result["bb_position"] = np.where(bb_upper != bb_lower, (close - bb_lower) / (bb_upper - bb_lower), 0.5)
Collect signals 1785/3317:  54%|¨€¨€¨€¨€¨€¨…    | 1784/3317 [1:35:13<1:30:44,  3.55s/stock]Collect signals 1785/3317:  54%|¨€¨€¨€¨€¨€¨…    | 1785/3317 [1:35:13<1:32:01,  3.60s/stock]D:\Projects\auto-select-stock\src\auto_select_stock\predict\data.py:76: RuntimeWarning: invalid value encountered in divide
  result["bb_position"] = np.where(bb_upper != bb_lower, (close - bb_lower) / (bb_upper - bb_lower), 0.5)
Collect signals 1786/3317:  54%|¨€¨€¨€¨€¨€¨…    | 1785/3317 [1:35:17<1:32:01,  3.60s/stock]Collect signals 1786/3317:  54%|¨€¨€¨€¨€¨€¨…    | 1786/3317 [1:35:17<1:29:51,  3.52s/stock]D:\Projects\auto-select-stock\src\auto_select_stock\predict\data.py:76: RuntimeWarning: invalid value encountered in divide
  result["bb_position"] = np.where(bb_upper != bb_lower, (close - bb_lower) / (bb_upper - bb_lower), 0.5)
Collect signals 1787/3317:  54%|¨€¨€¨€¨€¨€¨…    | 1786/3317 [1:35:20<1:29:51,  3.52s/stock]Collect signals 1787/3317:  54%|¨€¨€¨€¨€¨€¨…    | 1787/3317 [1:35:20<1:30:44,  3.56s/stock]D:\Projects\auto-select-stock\src\auto_select_stock\predict\data.py:76: RuntimeWarning: invalid value encountered in divide
  result["bb_position"] = np.where(bb_upper != bb_lower, (close - bb_lower) / (bb_upper - bb_lower), 0.5)
Collect signals 1788/3317:  54%|¨€¨€¨€¨€¨€¨…    | 1787/3317 [1:35:24<1:30:44,  3.56s/stock]Collect signals 1788/3317:  54%|¨€¨€¨€¨€¨€¨…    | 1788/3317 [1:35:24<1:32:05,  3.61s/stock]D:\Projects\auto-select-stock\src\auto_select_stock\predict\data.py:76: RuntimeWarning: invalid value encountered in divide
  result["bb_position"] = np.where(bb_upper != bb_lower, (close - bb_lower) / (bb_upper - bb_lower), 0.5)
Collect signals 1789/3317:  54%|¨€¨€¨€¨€¨€¨…    | 1788/3317 [1:35:28<1:32:05,  3.61s/stock]Collect signals 1789/3317:  54%|¨€¨€¨€¨€¨€¨…    | 1789/3317 [1:35:28<1:30:12,  3.54s/stock]D:\Projects\auto-select-stock\src\auto_select_stock\predict\data.py:76: RuntimeWarning: invalid value encountered in divide
  result["bb_position"] = np.where(bb_upper != bb_lower, (close - bb_lower) / (bb_upper - bb_lower), 0.5)
Collect signals 1790/3317:  54%|¨€¨€¨€¨€¨€¨…    | 1789/3317 [1:35:31<1:30:12,  3.54s/stock]Collect signals 1790/3317:  54%|¨€¨€¨€¨€¨€¨…    | 1790/3317 [1:35:31<1:31:51,  3.61s/stock]D:\Projects\auto-select-stock\src\auto_select_stock\predict\data.py:76: RuntimeWarning: invalid value encountered in divide
  result["bb_position"] = np.where(bb_upper != bb_lower, (close - bb_lower) / (bb_upper - bb_lower), 0.5)
Collect signals 1791/3317:  54%|¨€¨€¨€¨€¨€¨…    | 1790/3317 [1:35:35<1:31:51,  3.61s/stock]Collect signals 1791/3317:  54%|¨€¨€¨€¨€¨€¨…    | 1791/3317 [1:35:35<1:30:04,  3.54s/stock]D:\Projects\auto-select-stock\src\auto_select_stock\predict\data.py:76: RuntimeWarning: invalid value encountered in divide
  result["bb_position"] = np.where(bb_upper != bb_lower, (close - bb_lower) / (bb_upper - bb_lower), 0.5)
Collect signals 1792/3317:  54%|¨€¨€¨€¨€¨€¨…    | 1791/3317 [1:35:39<1:30:04,  3.54s/stock]Collect signals 1792/3317:  54%|¨€¨€¨€¨€¨€¨…    | 1792/3317 [1:35:39<1:33:06,  3.66s/stock]D:\Projects\auto-select-stock\src\auto_select_stock\predict\data.py:76: RuntimeWarning: invalid value encountered in divide
  result["bb_position"] = np.where(bb_upper != bb_lower, (close - bb_lower) / (bb_upper - bb_lower), 0.5)
Collect signals 1793/3317:  54%|¨€¨€¨€¨€¨€¨…    | 1792/3317 [1:35:42<1:33:06,  3.66s/stock]Collect signals 1793/3317:  54%|¨€¨€¨€¨€¨€¨…    | 1793/3317 [1:35:42<1:33:22,  3.68s/stock]D:\Projects\auto-select-stock\src\auto_select_stock\predict\data.py:76: RuntimeWarning: invalid value encountered in divide
  result["bb_position"] = np.where(bb_upper != bb_lower, (close - bb_lower) / (bb_upper - bb_lower), 0.5)
Collect signals 1794/3317:  54%|¨€¨€¨€¨€¨€¨…    | 1793/3317 [1:35:46<1:33:22,  3.68s/stock]Collect signals 1794/3317:  54%|¨€¨€¨€¨€¨€¨…    | 1794/3317 [1:35:46<1:36:34,  3.80s/stock]D:\Projects\auto-select-stock\src\auto_select_stock\predict\data.py:76: RuntimeWarning: invalid value encountered in divide
  result["bb_position"] = np.where(bb_upper != bb_lower, (close - bb_lower) / (bb_upper - bb_lower), 0.5)
Collect signals 1795/3317:  54%|¨€¨€¨€¨€¨€¨…    | 1794/3317 [1:35:50<1:36:34,  3.80s/stock]Collect signals 1795/3317:  54%|¨€¨€¨€¨€¨€¨…    | 1795/3317 [1:35:50<1:33:40,  3.69s/stock]D:\Projects\auto-select-stock\src\auto_select_stock\predict\data.py:76: RuntimeWarning: invalid value encountered in divide
  result["bb_position"] = np.where(bb_upper != bb_lower, (close - bb_lower) / (bb_upper - bb_lower), 0.5)
Collect signals 1796/3317:  54%|¨€¨€¨€¨€¨€¨…    | 1795/3317 [1:35:54<1:33:40,  3.69s/stock]Collect signals 1796/3317:  54%|¨€¨€¨€¨€¨€¨…    | 1796/3317 [1:35:54<1:35:30,  3.77s/stock]D:\Projects\auto-select-stock\src\auto_select_stock\predict\data.py:76: RuntimeWarning: invalid value encountered in divide
  result["bb_position"] = np.where(bb_upper != bb_lower, (close - bb_lower) / (bb_upper - bb_lower), 0.5)
Collect signals 1797/3317:  54%|¨€¨€¨€¨€¨€¨…    | 1796/3317 [1:35:57<1:35:30,  3.77s/stock]Collect signals 1797/3317:  54%|¨€¨€¨€¨€¨€¨…    | 1797/3317 [1:35:57<1:34:06,  3.71s/stock]D:\Projects\auto-select-stock\src\auto_select_stock\predict\data.py:76: RuntimeWarning: invalid value encountered in divide
  result["bb_position"] = np.where(bb_upper != bb_lower, (close - bb_lower) / (bb_upper - bb_lower), 0.5)
Collect signals 1798/3317:  54%|¨€¨€¨€¨€¨€¨…    | 1797/3317 [1:36:01<1:34:06,  3.71s/stock]Collect signals 1798/3317:  54%|¨€¨€¨€¨€¨€¨…    | 1798/3317 [1:36:01<1:32:11,  3.64s/stock]D:\Projects\auto-select-stock\src\auto_select_stock\predict\data.py:76: RuntimeWarning: invalid value encountered in divide
  result["bb_position"] = np.where(bb_upper != bb_lower, (close - bb_lower) / (bb_upper - bb_lower), 0.5)
Collect signals 1799/3317:  54%|¨€¨€¨€¨€¨€¨…    | 1798/3317 [1:36:05<1:32:11,  3.64s/stock]Collect signals 1799/3317:  54%|¨€¨€¨€¨€¨€¨…    | 1799/3317 [1:36:05<1:34:27,  3.73s/stock]D:\Projects\auto-select-stock\src\auto_select_stock\predict\data.py:76: RuntimeWarning: invalid value encountered in divide
  result["bb_position"] = np.where(bb_upper != bb_lower, (close - bb_lower) / (bb_upper - bb_lower), 0.5)
Collect signals 1800/3317:  54%|¨€¨€¨€¨€¨€¨…    | 1799/3317 [1:36:08<1:34:27,  3.73s/stock]Collect signals 1800/3317:  54%|¨€¨€¨€¨€¨€¨…    | 1800/3317 [1:36:08<1:33:15,  3.69s/stock]D:\Projects\auto-select-stock\src\auto_select_stock\predict\data.py:76: RuntimeWarning: invalid value encountered in divide
  result["bb_position"] = np.where(bb_upper != bb_lower, (close - bb_lower) / (bb_upper - bb_lower), 0.5)
Collect signals 1801/3317:  54%|¨€¨€¨€¨€¨€¨…    | 1800/3317 [1:36:13<1:33:15,  3.69s/stock]Collect signals 1801/3317:  54%|¨€¨€¨€¨€¨€¨…    | 1801/3317 [1:36:13<1:37:15,  3.85s/stock]D:\Projects\auto-select-stock\src\auto_select_stock\predict\data.py:76: RuntimeWarning: invalid value encountered in divide
  result["bb_position"] = np.where(bb_upper != bb_lower, (close - bb_lower) / (bb_upper - bb_lower), 0.5)
Collect signals 1802/3317:  54%|¨€¨€¨€¨€¨€¨…    | 1801/3317 [1:36:16<1:37:15,  3.85s/stock]Collect signals 1802/3317:  54%|¨€¨€¨€¨€¨€¨…    | 1802/3317 [1:36:16<1:33:41,  3.71s/stock]D:\Projects\auto-select-stock\src\auto_select_stock\predict\data.py:76: RuntimeWarning: invalid value encountered in divide
  result["bb_position"] = np.where(bb_upper != bb_lower, (close - bb_lower) / (bb_upper - bb_lower), 0.5)
Collect signals 1803/3317:  54%|¨€¨€¨€¨€¨€¨…    | 1802/3317 [1:36:20<1:33:41,  3.71s/stock]Collect signals 1803/3317:  54%|¨€¨€¨€¨€¨€¨…    | 1803/3317 [1:36:20<1:35:18,  3.78s/stock]D:\Projects\auto-select-stock\src\auto_select_stock\predict\data.py:76: RuntimeWarning: invalid value encountered in divide
  result["bb_position"] = np.where(bb_upper != bb_lower, (close - bb_lower) / (bb_upper - bb_lower), 0.5)
Collect signals 1804/3317:  54%|¨€¨€¨€¨€¨€¨…    | 1803/3317 [1:36:24<1:35:18,  3.78s/stock]Collect signals 1804/3317:  54%|¨€¨€¨€¨€¨€¨…    | 1804/3317 [1:36:24<1:36:47,  3.84s/stock]D:\Projects\auto-select-stock\src\auto_select_stock\predict\data.py:76: RuntimeWarning: invalid value encountered in divide
  result["bb_position"] = np.where(bb_upper != bb_lower, (close - bb_lower) / (bb_upper - bb_lower), 0.5)
Collect signals 1805/3317:  54%|¨€¨€¨€¨€¨€¨…    | 1804/3317 [1:36:28<1:36:47,  3.84s/stock]Collect signals 1805/3317:  54%|¨€¨€¨€¨€¨€¨…    | 1805/3317 [1:36:28<1:35:02,  3.77s/stock]D:\Projects\auto-select-stock\src\auto_select_stock\predict\data.py:76: RuntimeWarning: invalid value encountered in divide
  result["bb_position"] = np.where(bb_upper != bb_lower, (close - bb_lower) / (bb_upper - bb_lower), 0.5)
Collect signals 1806/3317:  54%|¨€¨€¨€¨€¨€¨…    | 1805/3317 [1:36:32<1:35:02,  3.77s/stock]Collect signals 1806/3317:  54%|¨€¨€¨€¨€¨€¨…    | 1806/3317 [1:36:32<1:36:55,  3.85s/stock]D:\Projects\auto-select-stock\src\auto_select_stock\predict\data.py:76: RuntimeWarning: invalid value encountered in divide
  result["bb_position"] = np.where(bb_upper != bb_lower, (close - bb_lower) / (bb_upper - bb_lower), 0.5)
Collect signals 1807/3317:  54%|¨€¨€¨€¨€¨€¨…    | 1806/3317 [1:36:35<1:36:55,  3.85s/stock]Collect signals 1807/3317:  54%|¨€¨€¨€¨€¨€¨…    | 1807/3317 [1:36:35<1:36:07,  3.82s/stock]D:\Projects\auto-select-stock\src\auto_select_stock\predict\data.py:76: RuntimeWarning: invalid value encountered in divide
  result["bb_position"] = np.where(bb_upper != bb_lower, (close - bb_lower) / (bb_upper - bb_lower), 0.5)
Collect signals 1808/3317:  54%|¨€¨€¨€¨€¨€¨…    | 1807/3317 [1:36:39<1:36:07,  3.82s/stock]Collect signals 1808/3317:  55%|¨€¨€¨€¨€¨€¨…    | 1808/3317 [1:36:39<1:35:52,  3.81s/stock]D:\Projects\auto-select-stock\src\auto_select_stock\predict\data.py:76: RuntimeWarning: invalid value encountered in divide
  result["bb_position"] = np.where(bb_upper != bb_lower, (close - bb_lower) / (bb_upper - bb_lower), 0.5)
Collect signals 1809/3317:  55%|¨€¨€¨€¨€¨€¨…    | 1808/3317 [1:36:43<1:35:52,  3.81s/stock]Collect signals 1809/3317:  55%|¨€¨€¨€¨€¨€¨…    | 1809/3317 [1:36:43<1:33:51,  3.73s/stock]D:\Projects\auto-select-stock\src\auto_select_stock\predict\data.py:76: RuntimeWarning: invalid value encountered in divide
  result["bb_position"] = np.where(bb_upper != bb_lower, (close - bb_lower) / (bb_upper - bb_lower), 0.5)
Collect signals 1810/3317:  55%|¨€¨€¨€¨€¨€¨…    | 1809/3317 [1:36:47<1:33:51,  3.73s/stock]Collect signals 1810/3317:  55%|¨€¨€¨€¨€¨€¨…    | 1810/3317 [1:36:47<1:39:11,  3.95s/stock]D:\Projects\auto-select-stock\src\auto_select_stock\predict\data.py:76: RuntimeWarning: invalid value encountered in divide
  result["bb_position"] = np.where(bb_upper != bb_lower, (close - bb_lower) / (bb_upper - bb_lower), 0.5)
Collect signals 1811/3317:  55%|¨€¨€¨€¨€¨€¨…    | 1810/3317 [1:36:51<1:39:11,  3.95s/stock]Collect signals 1811/3317:  55%|¨€¨€¨€¨€¨€¨…    | 1811/3317 [1:36:51<1:37:24,  3.88s/stock]D:\Projects\auto-select-stock\src\auto_select_stock\predict\data.py:76: RuntimeWarning: invalid value encountered in divide
  result["bb_position"] = np.where(bb_upper != bb_lower, (close - bb_lower) / (bb_upper - bb_lower), 0.5)
Collect signals 1812/3317:  55%|¨€¨€¨€¨€¨€¨…    | 1811/3317 [1:36:55<1:37:24,  3.88s/stock]Collect signals 1812/3317:  55%|¨€¨€¨€¨€¨€¨…    | 1812/3317 [1:36:55<1:38:02,  3.91s/stock]D:\Projects\auto-select-stock\src\auto_select_stock\predict\data.py:76: RuntimeWarning: invalid value encountered in divide
  result["bb_position"] = np.where(bb_upper != bb_lower, (close - bb_lower) / (bb_upper - bb_lower), 0.5)
Collect signals 1813/3317:  55%|¨€¨€¨€¨€¨€¨…    | 1812/3317 [1:36:59<1:38:02,  3.91s/stock]Collect signals 1813/3317:  55%|¨€¨€¨€¨€¨€¨…    | 1813/3317 [1:36:59<1:36:47,  3.86s/stock]D:\Projects\auto-select-stock\src\auto_select_stock\predict\data.py:76: RuntimeWarning: invalid value encountered in divide
  result["bb_position"] = np.where(bb_upper != bb_lower, (close - bb_lower) / (bb_upper - bb_lower), 0.5)
Collect signals 1814/3317:  55%|¨€¨€¨€¨€¨€¨…    | 1813/3317 [1:37:03<1:36:47,  3.86s/stock]Collect signals 1814/3317:  55%|¨€¨€¨€¨€¨€¨…    | 1814/3317 [1:37:03<1:40:33,  4.01s/stock]D:\Projects\auto-select-stock\src\auto_select_stock\predict\data.py:76: RuntimeWarning: invalid value encountered in divide
  result["bb_position"] = np.where(bb_upper != bb_lower, (close - bb_lower) / (bb_upper - bb_lower), 0.5)
Collect signals 1815/3317:  55%|¨€¨€¨€¨€¨€¨…    | 1814/3317 [1:37:07<1:40:33,  4.01s/stock]Collect signals 1815/3317:  55%|¨€¨€¨€¨€¨€¨…    | 1815/3317 [1:37:07<1:43:53,  4.15s/stock]D:\Projects\auto-select-stock\src\auto_select_stock\predict\data.py:76: RuntimeWarning: invalid value encountered in divide
  result["bb_position"] = np.where(bb_upper != bb_lower, (close - bb_lower) / (bb_upper - bb_lower), 0.5)
Collect signals 1816/3317:  55%|¨€¨€¨€¨€¨€¨…    | 1815/3317 [1:37:11<1:43:53,  4.15s/stock]Collect signals 1816/3317:  55%|¨€¨€¨€¨€¨€¨…    | 1816/3317 [1:37:11<1:42:00,  4.08s/stock]D:\Projects\auto-select-stock\src\auto_select_stock\predict\data.py:76: RuntimeWarning: invalid value encountered in divide
  result["bb_position"] = np.where(bb_upper != bb_lower, (close - bb_lower) / (bb_upper - bb_lower), 0.5)
Collect signals 1817/3317:  55%|¨€¨€¨€¨€¨€¨…    | 1816/3317 [1:37:15<1:42:00,  4.08s/stock]Collect signals 1817/3317:  55%|¨€¨€¨€¨€¨€¨…    | 1817/3317 [1:37:15<1:39:31,  3.98s/stock]D:\Projects\auto-select-stock\src\auto_select_stock\predict\data.py:76: RuntimeWarning: invalid value encountered in divide
  result["bb_position"] = np.where(bb_upper != bb_lower, (close - bb_lower) / (bb_upper - bb_lower), 0.5)
Collect signals 1818/3317:  55%|¨€¨€¨€¨€¨€¨…    | 1817/3317 [1:37:18<1:39:31,  3.98s/stock]Collect signals 1818/3317:  55%|¨€¨€¨€¨€¨€¨…    | 1818/3317 [1:37:18<1:34:50,  3.80s/stock]D:\Projects\auto-select-stock\src\auto_select_stock\predict\data.py:76: RuntimeWarning: invalid value encountered in divide
  result["bb_position"] = np.where(bb_upper != bb_lower, (close - bb_lower) / (bb_upper - bb_lower), 0.5)
Collect signals 1819/3317:  55%|¨€¨€¨€¨€¨€¨…    | 1818/3317 [1:37:22<1:34:50,  3.80s/stock]Collect signals 1819/3317:  55%|¨€¨€¨€¨€¨€¨…    | 1819/3317 [1:37:22<1:31:48,  3.68s/stock]D:\Projects\auto-select-stock\src\auto_select_stock\predict\data.py:76: RuntimeWarning: invalid value encountered in divide
  result["bb_position"] = np.where(bb_upper != bb_lower, (close - bb_lower) / (bb_upper - bb_lower), 0.5)
Collect signals 1820/3317:  55%|¨€¨€¨€¨€¨€¨…    | 1819/3317 [1:37:25<1:31:48,  3.68s/stock]Collect signals 1820/3317:  55%|¨€¨€¨€¨€¨€¨…    | 1820/3317 [1:37:25<1:27:06,  3.49s/stock]D:\Projects\auto-select-stock\src\auto_select_stock\predict\data.py:76: RuntimeWarning: invalid value encountered in divide
  result["bb_position"] = np.where(bb_upper != bb_lower, (close - bb_lower) / (bb_upper - bb_lower), 0.5)
Collect signals 1821/3317:  55%|¨€¨€¨€¨€¨€¨…    | 1820/3317 [1:37:28<1:27:06,  3.49s/stock]Collect signals 1821/3317:  55%|¨€¨€¨€¨€¨€¨…    | 1821/3317 [1:37:28<1:25:08,  3.41s/stock]D:\Projects\auto-select-stock\src\auto_select_stock\predict\data.py:76: RuntimeWarning: invalid value encountered in divide
  result["bb_position"] = np.where(bb_upper != bb_lower, (close - bb_lower) / (bb_upper - bb_lower), 0.5)
Collect signals 1822/3317:  55%|¨€¨€¨€¨€¨€¨…    | 1821/3317 [1:37:32<1:25:08,  3.41s/stock]Collect signals 1822/3317:  55%|¨€¨€¨€¨€¨€¨…    | 1822/3317 [1:37:32<1:24:49,  3.40s/stock]D:\Projects\auto-select-stock\src\auto_select_stock\predict\data.py:76: RuntimeWarning: invalid value encountered in divide
  result["bb_position"] = np.where(bb_upper != bb_lower, (close - bb_lower) / (bb_upper - bb_lower), 0.5)
Collect signals 1823/3317:  55%|¨€¨€¨€¨€¨€¨…    | 1822/3317 [1:37:35<1:24:49,  3.40s/stock]Collect signals 1823/3317:  55%|¨€¨€¨€¨€¨€¨…    | 1823/3317 [1:37:35<1:23:04,  3.34s/stock]D:\Projects\auto-select-stock\src\auto_select_stock\predict\data.py:76: RuntimeWarning: invalid value encountered in divide
  result["bb_position"] = np.where(bb_upper != bb_lower, (close - bb_lower) / (bb_upper - bb_lower), 0.5)
Collect signals 1824/3317:  55%|¨€¨€¨€¨€¨€¨…    | 1823/3317 [1:37:38<1:23:04,  3.34s/stock]Collect signals 1824/3317:  55%|¨€¨€¨€¨€¨€¨…    | 1824/3317 [1:37:38<1:23:26,  3.35s/stock]D:\Projects\auto-select-stock\src\auto_select_stock\predict\data.py:76: RuntimeWarning: invalid value encountered in divide
  result["bb_position"] = np.where(bb_upper != bb_lower, (close - bb_lower) / (bb_upper - bb_lower), 0.5)
Collect signals 1825/3317:  55%|¨€¨€¨€¨€¨€¨…    | 1824/3317 [1:37:41<1:23:26,  3.35s/stock]Collect signals 1825/3317:  55%|¨€¨€¨€¨€¨€¨„    | 1825/3317 [1:37:41<1:19:43,  3.21s/stock]D:\Projects\auto-select-stock\src\auto_select_stock\predict\data.py:76: RuntimeWarning: invalid value encountered in divide
  result["bb_position"] = np.where(bb_upper != bb_lower, (close - bb_lower) / (bb_upper - bb_lower), 0.5)
Collect signals 1826/3317:  55%|¨€¨€¨€¨€¨€¨„    | 1825/3317 [1:37:44<1:19:43,  3.21s/stock]Collect signals 1826/3317:  55%|¨€¨€¨€¨€¨€¨„    | 1826/3317 [1:37:44<1:21:10,  3.27s/stock]D:\Projects\auto-select-stock\src\auto_select_stock\predict\data.py:76: RuntimeWarning: invalid value encountered in divide
  result["bb_position"] = np.where(bb_upper != bb_lower, (close - bb_lower) / (bb_upper - bb_lower), 0.5)
Collect signals 1827/3317:  55%|¨€¨€¨€¨€¨€¨„    | 1826/3317 [1:37:47<1:21:10,  3.27s/stock]Collect signals 1827/3317:  55%|¨€¨€¨€¨€¨€¨„    | 1827/3317 [1:37:47<1:18:54,  3.18s/stock]D:\Projects\auto-select-stock\src\auto_select_stock\predict\data.py:76: RuntimeWarning: invalid value encountered in divide
  result["bb_position"] = np.where(bb_upper != bb_lower, (close - bb_lower) / (bb_upper - bb_lower), 0.5)
Collect signals 1828/3317:  55%|¨€¨€¨€¨€¨€¨„    | 1827/3317 [1:37:51<1:18:54,  3.18s/stock]Collect signals 1828/3317:  55%|¨€¨€¨€¨€¨€¨„    | 1828/3317 [1:37:51<1:20:58,  3.26s/stock]D:\Projects\auto-select-stock\src\auto_select_stock\predict\data.py:76: RuntimeWarning: invalid value encountered in divide
  result["bb_position"] = np.where(bb_upper != bb_lower, (close - bb_lower) / (bb_upper - bb_lower), 0.5)
Collect signals 1829/3317:  55%|¨€¨€¨€¨€¨€¨„    | 1828/3317 [1:37:54<1:20:58,  3.26s/stock]Collect signals 1829/3317:  55%|¨€¨€¨€¨€¨€¨„    | 1829/3317 [1:37:54<1:19:37,  3.21s/stock]D:\Projects\auto-select-stock\src\auto_select_stock\predict\data.py:76: RuntimeWarning: invalid value encountered in divide
  result["bb_position"] = np.where(bb_upper != bb_lower, (close - bb_lower) / (bb_upper - bb_lower), 0.5)
Collect signals 1830/3317:  55%|¨€¨€¨€¨€¨€¨„    | 1829/3317 [1:37:57<1:19:37,  3.21s/stock]Collect signals 1830/3317:  55%|¨€¨€¨€¨€¨€¨„    | 1830/3317 [1:37:57<1:20:21,  3.24s/stock]D:\Projects\auto-select-stock\src\auto_select_stock\predict\data.py:76: RuntimeWarning: invalid value encountered in divide
  result["bb_position"] = np.where(bb_upper != bb_lower, (close - bb_lower) / (bb_upper - bb_lower), 0.5)
Collect signals 1831/3317:  55%|¨€¨€¨€¨€¨€¨„    | 1830/3317 [1:38:01<1:20:21,  3.24s/stock]Collect signals 1831/3317:  55%|¨€¨€¨€¨€¨€¨„    | 1831/3317 [1:38:01<1:22:08,  3.32s/stock]D:\Projects\auto-select-stock\src\auto_select_stock\predict\data.py:76: RuntimeWarning: invalid value encountered in divide
  result["bb_position"] = np.where(bb_upper != bb_lower, (close - bb_lower) / (bb_upper - bb_lower), 0.5)
Collect signals 1832/3317:  55%|¨€¨€¨€¨€¨€¨„    | 1831/3317 [1:38:04<1:22:08,  3.32s/stock]Collect signals 1832/3317:  55%|¨€¨€¨€¨€¨€¨„    | 1832/3317 [1:38:04<1:19:44,  3.22s/stock]D:\Projects\auto-select-stock\src\auto_select_stock\predict\data.py:76: RuntimeWarning: invalid value encountered in divide
  result["bb_position"] = np.where(bb_upper != bb_lower, (close - bb_lower) / (bb_upper - bb_lower), 0.5)
Collect signals 1833/3317:  55%|¨€¨€¨€¨€¨€¨„    | 1832/3317 [1:38:07<1:19:44,  3.22s/stock]Collect signals 1833/3317:  55%|¨€¨€¨€¨€¨€¨„    | 1833/3317 [1:38:07<1:21:00,  3.28s/stock]D:\Projects\auto-select-stock\src\auto_select_stock\predict\data.py:76: RuntimeWarning: invalid value encountered in divide
  result["bb_position"] = np.where(bb_upper != bb_lower, (close - bb_lower) / (bb_upper - bb_lower), 0.5)
Collect signals 1834/3317:  55%|¨€¨€¨€¨€¨€¨„    | 1833/3317 [1:38:10<1:21:00,  3.28s/stock]Collect signals 1834/3317:  55%|¨€¨€¨€¨€¨€¨„    | 1834/3317 [1:38:10<1:18:59,  3.20s/stock]D:\Projects\auto-select-stock\src\auto_select_stock\predict\data.py:76: RuntimeWarning: invalid value encountered in divide
  result["bb_position"] = np.where(bb_upper != bb_lower, (close - bb_lower) / (bb_upper - bb_lower), 0.5)
Collect signals 1835/3317:  55%|¨€¨€¨€¨€¨€¨„    | 1834/3317 [1:38:14<1:18:59,  3.20s/stock]Collect signals 1835/3317:  55%|¨€¨€¨€¨€¨€¨„    | 1835/3317 [1:38:14<1:20:59,  3.28s/stock]D:\Projects\auto-select-stock\src\auto_select_stock\predict\data.py:76: RuntimeWarning: invalid value encountered in divide
  result["bb_position"] = np.where(bb_upper != bb_lower, (close - bb_lower) / (bb_upper - bb_lower), 0.5)
Collect signals 1836/3317:  55%|¨€¨€¨€¨€¨€¨„    | 1835/3317 [1:38:17<1:20:59,  3.28s/stock]Collect signals 1836/3317:  55%|¨€¨€¨€¨€¨€¨„    | 1836/3317 [1:38:17<1:18:53,  3.20s/stock]D:\Projects\auto-select-stock\src\auto_select_stock\predict\data.py:76: RuntimeWarning: invalid value encountered in divide
  result["bb_position"] = np.where(bb_upper != bb_lower, (close - bb_lower) / (bb_upper - bb_lower), 0.5)
Collect signals 1837/3317:  55%|¨€¨€¨€¨€¨€¨„    | 1836/3317 [1:38:20<1:18:53,  3.20s/stock]Collect signals 1837/3317:  55%|¨€¨€¨€¨€¨€¨„    | 1837/3317 [1:38:20<1:19:28,  3.22s/stock]D:\Projects\auto-select-stock\src\auto_select_stock\predict\data.py:76: RuntimeWarning: invalid value encountered in divide
  result["bb_position"] = np.where(bb_upper != bb_lower, (close - bb_lower) / (bb_upper - bb_lower), 0.5)
Collect signals 1838/3317:  55%|¨€¨€¨€¨€¨€¨„    | 1837/3317 [1:38:23<1:19:28,  3.22s/stock]Collect signals 1838/3317:  55%|¨€¨€¨€¨€¨€¨„    | 1838/3317 [1:38:23<1:17:37,  3.15s/stock]D:\Projects\auto-select-stock\src\auto_select_stock\predict\data.py:76: RuntimeWarning: invalid value encountered in divide
  result["bb_position"] = np.where(bb_upper != bb_lower, (close - bb_lower) / (bb_upper - bb_lower), 0.5)
Collect signals 1839/3317:  55%|¨€¨€¨€¨€¨€¨„    | 1838/3317 [1:38:26<1:17:37,  3.15s/stock]Collect signals 1839/3317:  55%|¨€¨€¨€¨€¨€¨„    | 1839/3317 [1:38:26<1:18:48,  3.20s/stock]D:\Projects\auto-select-stock\src\auto_select_stock\predict\data.py:76: RuntimeWarning: invalid value encountered in divide
  result["bb_position"] = np.where(bb_upper != bb_lower, (close - bb_lower) / (bb_upper - bb_lower), 0.5)
Collect signals 1840/3317:  55%|¨€¨€¨€¨€¨€¨„    | 1839/3317 [1:38:30<1:18:48,  3.20s/stock]Collect signals 1840/3317:  55%|¨€¨€¨€¨€¨€¨„    | 1840/3317 [1:38:30<1:19:37,  3.23s/stock]D:\Projects\auto-select-stock\src\auto_select_stock\predict\data.py:76: RuntimeWarning: invalid value encountered in divide
  result["bb_position"] = np.where(bb_upper != bb_lower, (close - bb_lower) / (bb_upper - bb_lower), 0.5)
Collect signals 1841/3317:  55%|¨€¨€¨€¨€¨€¨„    | 1840/3317 [1:38:32<1:19:37,  3.23s/stock]Collect signals 1841/3317:  56%|¨€¨€¨€¨€¨€¨„    | 1841/3317 [1:38:32<1:17:27,  3.15s/stock]D:\Projects\auto-select-stock\src\auto_select_stock\predict\data.py:76: RuntimeWarning: invalid value encountered in divide
  result["bb_position"] = np.where(bb_upper != bb_lower, (close - bb_lower) / (bb_upper - bb_lower), 0.5)
Collect signals 1842/3317:  56%|¨€¨€¨€¨€¨€¨„    | 1841/3317 [1:38:36<1:17:27,  3.15s/stock]Collect signals 1842/3317:  56%|¨€¨€¨€¨€¨€¨„    | 1842/3317 [1:38:36<1:18:57,  3.21s/stock]D:\Projects\auto-select-stock\src\auto_select_stock\predict\data.py:76: RuntimeWarning: invalid value encountered in divide
  result["bb_position"] = np.where(bb_upper != bb_lower, (close - bb_lower) / (bb_upper - bb_lower), 0.5)
Collect signals 1843/3317:  56%|¨€¨€¨€¨€¨€¨„    | 1842/3317 [1:38:39<1:18:57,  3.21s/stock]Collect signals 1843/3317:  56%|¨€¨€¨€¨€¨€¨„    | 1843/3317 [1:38:39<1:16:57,  3.13s/stock]D:\Projects\auto-select-stock\src\auto_select_stock\predict\data.py:76: RuntimeWarning: invalid value encountered in divide
  result["bb_position"] = np.where(bb_upper != bb_lower, (close - bb_lower) / (bb_upper - bb_lower), 0.5)
Collect signals 1844/3317:  56%|¨€¨€¨€¨€¨€¨„    | 1843/3317 [1:38:42<1:16:57,  3.13s/stock]Collect signals 1844/3317:  56%|¨€¨€¨€¨€¨€¨„    | 1844/3317 [1:38:42<1:18:04,  3.18s/stock]D:\Projects\auto-select-stock\src\auto_select_stock\predict\data.py:76: RuntimeWarning: invalid value encountered in divide
  result["bb_position"] = np.where(bb_upper != bb_lower, (close - bb_lower) / (bb_upper - bb_lower), 0.5)
Collect signals 1845/3317:  56%|¨€¨€¨€¨€¨€¨„    | 1844/3317 [1:38:45<1:18:04,  3.18s/stock]Collect signals 1845/3317:  56%|¨€¨€¨€¨€¨€¨„    | 1845/3317 [1:38:45<1:15:56,  3.10s/stock]D:\Projects\auto-select-stock\src\auto_select_stock\predict\data.py:76: RuntimeWarning: invalid value encountered in divide
  result["bb_position"] = np.where(bb_upper != bb_lower, (close - bb_lower) / (bb_upper - bb_lower), 0.5)
Collect signals 1846/3317:  56%|¨€¨€¨€¨€¨€¨„    | 1845/3317 [1:38:48<1:15:56,  3.10s/stock]Collect signals 1846/3317:  56%|¨€¨€¨€¨€¨€¨„    | 1846/3317 [1:38:48<1:17:37,  3.17s/stock]D:\Projects\auto-select-stock\src\auto_select_stock\predict\data.py:76: RuntimeWarning: invalid value encountered in divide
  result["bb_position"] = np.where(bb_upper != bb_lower, (close - bb_lower) / (bb_upper - bb_lower), 0.5)
Collect signals 1847/3317:  56%|¨€¨€¨€¨€¨€¨„    | 1846/3317 [1:38:52<1:17:37,  3.17s/stock]Collect signals 1847/3317:  56%|¨€¨€¨€¨€¨€¨„    | 1847/3317 [1:38:52<1:19:25,  3.24s/stock]D:\Projects\auto-select-stock\src\auto_select_stock\predict\data.py:76: RuntimeWarning: invalid value encountered in divide
  result["bb_position"] = np.where(bb_upper != bb_lower, (close - bb_lower) / (bb_upper - bb_lower), 0.5)
Collect signals 1848/3317:  56%|¨€¨€¨€¨€¨€¨„    | 1847/3317 [1:38:55<1:19:25,  3.24s/stock]Collect signals 1848/3317:  56%|¨€¨€¨€¨€¨€¨„    | 1848/3317 [1:38:55<1:17:53,  3.18s/stock]D:\Projects\auto-select-stock\src\auto_select_stock\predict\data.py:76: RuntimeWarning: invalid value encountered in divide
  result["bb_position"] = np.where(bb_upper != bb_lower, (close - bb_lower) / (bb_upper - bb_lower), 0.5)
Collect signals 1849/3317:  56%|¨€¨€¨€¨€¨€¨„    | 1848/3317 [1:38:58<1:17:53,  3.18s/stock]Collect signals 1849/3317:  56%|¨€¨€¨€¨€¨€¨„    | 1849/3317 [1:38:58<1:19:23,  3.24s/stock]D:\Projects\auto-select-stock\src\auto_select_stock\predict\data.py:76: RuntimeWarning: invalid value encountered in divide
  result["bb_position"] = np.where(bb_upper != bb_lower, (close - bb_lower) / (bb_upper - bb_lower), 0.5)
Collect signals 1850/3317:  56%|¨€¨€¨€¨€¨€¨„    | 1849/3317 [1:39:01<1:19:23,  3.24s/stock]Collect signals 1850/3317:  56%|¨€¨€¨€¨€¨€¨„    | 1850/3317 [1:39:01<1:17:42,  3.18s/stock]D:\Projects\auto-select-stock\src\auto_select_stock\predict\data.py:76: RuntimeWarning: invalid value encountered in divide
  result["bb_position"] = np.where(bb_upper != bb_lower, (close - bb_lower) / (bb_upper - bb_lower), 0.5)
Collect signals 1851/3317:  56%|¨€¨€¨€¨€¨€¨„    | 1850/3317 [1:39:05<1:17:42,  3.18s/stock]Collect signals 1851/3317:  56%|¨€¨€¨€¨€¨€¨„    | 1851/3317 [1:39:05<1:19:23,  3.25s/stock]D:\Projects\auto-select-stock\src\auto_select_stock\predict\data.py:76: RuntimeWarning: invalid value encountered in divide
  result["bb_position"] = np.where(bb_upper != bb_lower, (close - bb_lower) / (bb_upper - bb_lower), 0.5)
Collect signals 1852/3317:  56%|¨€¨€¨€¨€¨€¨„    | 1851/3317 [1:39:08<1:19:23,  3.25s/stock]Collect signals 1852/3317:  56%|¨€¨€¨€¨€¨€¨„    | 1852/3317 [1:39:08<1:17:19,  3.17s/stock]D:\Projects\auto-select-stock\src\auto_select_stock\predict\data.py:76: RuntimeWarning: invalid value encountered in divide
  result["bb_position"] = np.where(bb_upper != bb_lower, (close - bb_lower) / (bb_upper - bb_lower), 0.5)
Collect signals 1853/3317:  56%|¨€¨€¨€¨€¨€¨„    | 1852/3317 [1:39:11<1:17:19,  3.17s/stock]Collect signals 1853/3317:  56%|¨€¨€¨€¨€¨€¨„    | 1853/3317 [1:39:11<1:18:30,  3.22s/stock]D:\Projects\auto-select-stock\src\auto_select_stock\predict\data.py:76: RuntimeWarning: invalid value encountered in divide
  result["bb_position"] = np.where(bb_upper != bb_lower, (close - bb_lower) / (bb_upper - bb_lower), 0.5)
Collect signals 1854/3317:  56%|¨€¨€¨€¨€¨€¨„    | 1853/3317 [1:39:14<1:18:30,  3.22s/stock]Collect signals 1854/3317:  56%|¨€¨€¨€¨€¨€¨„    | 1854/3317 [1:39:14<1:16:57,  3.16s/stock]D:\Projects\auto-select-stock\src\auto_select_stock\predict\data.py:76: RuntimeWarning: invalid value encountered in divide
  result["bb_position"] = np.where(bb_upper != bb_lower, (close - bb_lower) / (bb_upper - bb_lower), 0.5)
Collect signals 1855/3317:  56%|¨€¨€¨€¨€¨€¨„    | 1854/3317 [1:39:17<1:16:57,  3.16s/stock]Collect signals 1855/3317:  56%|¨€¨€¨€¨€¨€¨„    | 1855/3317 [1:39:17<1:18:53,  3.24s/stock]D:\Projects\auto-select-stock\src\auto_select_stock\predict\data.py:76: RuntimeWarning: invalid value encountered in divide
  result["bb_position"] = np.where(bb_upper != bb_lower, (close - bb_lower) / (bb_upper - bb_lower), 0.5)
Collect signals 1856/3317:  56%|¨€¨€¨€¨€¨€¨„    | 1855/3317 [1:39:21<1:18:53,  3.24s/stock]Collect signals 1856/3317:  56%|¨€¨€¨€¨€¨€¨„    | 1856/3317 [1:39:21<1:20:12,  3.29s/stock]D:\Projects\auto-select-stock\src\auto_select_stock\predict\data.py:76: RuntimeWarning: invalid value encountered in divide
  result["bb_position"] = np.where(bb_upper != bb_lower, (close - bb_lower) / (bb_upper - bb_lower), 0.5)
Collect signals 1857/3317:  56%|¨€¨€¨€¨€¨€¨„    | 1856/3317 [1:39:24<1:20:12,  3.29s/stock]Collect signals 1857/3317:  56%|¨€¨€¨€¨€¨€¨„    | 1857/3317 [1:39:24<1:17:54,  3.20s/stock]D:\Projects\auto-select-stock\src\auto_select_stock\predict\data.py:76: RuntimeWarning: invalid value encountered in divide
  result["bb_position"] = np.where(bb_upper != bb_lower, (close - bb_lower) / (bb_upper - bb_lower), 0.5)
Collect signals 1858/3317:  56%|¨€¨€¨€¨€¨€¨„    | 1857/3317 [1:39:27<1:17:54,  3.20s/stock]Collect signals 1858/3317:  56%|¨€¨€¨€¨€¨€¨„    | 1858/3317 [1:39:27<1:18:31,  3.23s/stock]D:\Projects\auto-select-stock\src\auto_select_stock\predict\data.py:76: RuntimeWarning: invalid value encountered in divide
  result["bb_position"] = np.where(bb_upper != bb_lower, (close - bb_lower) / (bb_upper - bb_lower), 0.5)
Collect signals 1859/3317:  56%|¨€¨€¨€¨€¨€¨„    | 1858/3317 [1:39:30<1:18:31,  3.23s/stock]Collect signals 1859/3317:  56%|¨€¨€¨€¨€¨€¨„    | 1859/3317 [1:39:30<1:16:46,  3.16s/stock]D:\Projects\auto-select-stock\src\auto_select_stock\predict\data.py:76: RuntimeWarning: invalid value encountered in divide
  result["bb_position"] = np.where(bb_upper != bb_lower, (close - bb_lower) / (bb_upper - bb_lower), 0.5)
Collect signals 1860/3317:  56%|¨€¨€¨€¨€¨€¨„    | 1859/3317 [1:39:33<1:16:46,  3.16s/stock]Collect signals 1860/3317:  56%|¨€¨€¨€¨€¨€¨„    | 1860/3317 [1:39:33<1:17:49,  3.20s/stock]D:\Projects\auto-select-stock\src\auto_select_stock\predict\data.py:76: RuntimeWarning: invalid value encountered in divide
  result["bb_position"] = np.where(bb_upper != bb_lower, (close - bb_lower) / (bb_upper - bb_lower), 0.5)
Collect signals 1861/3317:  56%|¨€¨€¨€¨€¨€¨„    | 1860/3317 [1:39:36<1:17:49,  3.20s/stock]Collect signals 1861/3317:  56%|¨€¨€¨€¨€¨€¨„    | 1861/3317 [1:39:36<1:15:26,  3.11s/stock]D:\Projects\auto-select-stock\src\auto_select_stock\predict\data.py:76: RuntimeWarning: invalid value encountered in divide
  result["bb_position"] = np.where(bb_upper != bb_lower, (close - bb_lower) / (bb_upper - bb_lower), 0.5)
Collect signals 1862/3317:  56%|¨€¨€¨€¨€¨€¨„    | 1861/3317 [1:39:40<1:15:26,  3.11s/stock]Collect signals 1862/3317:  56%|¨€¨€¨€¨€¨€¨„    | 1862/3317 [1:39:40<1:17:02,  3.18s/stock]D:\Projects\auto-select-stock\src\auto_select_stock\predict\data.py:76: RuntimeWarning: invalid value encountered in divide
  result["bb_position"] = np.where(bb_upper != bb_lower, (close - bb_lower) / (bb_upper - bb_lower), 0.5)
Collect signals 1863/3317:  56%|¨€¨€¨€¨€¨€¨„    | 1862/3317 [1:39:43<1:17:02,  3.18s/stock]Collect signals 1863/3317:  56%|¨€¨€¨€¨€¨€¨„    | 1863/3317 [1:39:43<1:18:22,  3.23s/stock]D:\Projects\auto-select-stock\src\auto_select_stock\predict\data.py:76: RuntimeWarning: invalid value encountered in divide
  result["bb_position"] = np.where(bb_upper != bb_lower, (close - bb_lower) / (bb_upper - bb_lower), 0.5)
Collect signals 1864/3317:  56%|¨€¨€¨€¨€¨€¨„    | 1863/3317 [1:39:46<1:18:22,  3.23s/stock]Collect signals 1864/3317:  56%|¨€¨€¨€¨€¨€¨„    | 1864/3317 [1:39:46<1:16:25,  3.16s/stock]D:\Projects\auto-select-stock\src\auto_select_stock\predict\data.py:76: RuntimeWarning: invalid value encountered in divide
  result["bb_position"] = np.where(bb_upper != bb_lower, (close - bb_lower) / (bb_upper - bb_lower), 0.5)
Collect signals 1865/3317:  56%|¨€¨€¨€¨€¨€¨„    | 1864/3317 [1:39:49<1:16:25,  3.16s/stock]Collect signals 1865/3317:  56%|¨€¨€¨€¨€¨€¨„    | 1865/3317 [1:39:49<1:18:09,  3.23s/stock]D:\Projects\auto-select-stock\src\auto_select_stock\predict\data.py:76: RuntimeWarning: invalid value encountered in divide
  result["bb_position"] = np.where(bb_upper != bb_lower, (close - bb_lower) / (bb_upper - bb_lower), 0.5)
Collect signals 1866/3317:  56%|¨€¨€¨€¨€¨€¨„    | 1865/3317 [1:39:52<1:18:09,  3.23s/stock]Collect signals 1866/3317:  56%|¨€¨€¨€¨€¨€¨ƒ    | 1866/3317 [1:39:52<1:16:19,  3.16s/stock]D:\Projects\auto-select-stock\src\auto_select_stock\predict\data.py:76: RuntimeWarning: invalid value encountered in divide
  result["bb_position"] = np.where(bb_upper != bb_lower, (close - bb_lower) / (bb_upper - bb_lower), 0.5)
Collect signals 1867/3317:  56%|¨€¨€¨€¨€¨€¨ƒ    | 1866/3317 [1:39:56<1:16:19,  3.16s/stock]Collect signals 1867/3317:  56%|¨€¨€¨€¨€¨€¨ƒ    | 1867/3317 [1:39:56<1:17:51,  3.22s/stock]D:\Projects\auto-select-stock\src\auto_select_stock\predict\data.py:76: RuntimeWarning: invalid value encountered in divide
  result["bb_position"] = np.where(bb_upper != bb_lower, (close - bb_lower) / (bb_upper - bb_lower), 0.5)
Collect signals 1868/3317:  56%|¨€¨€¨€¨€¨€¨ƒ    | 1867/3317 [1:39:59<1:17:51,  3.22s/stock]Collect signals 1868/3317:  56%|¨€¨€¨€¨€¨€¨ƒ    | 1868/3317 [1:39:59<1:15:59,  3.15s/stock]D:\Projects\auto-select-stock\src\auto_select_stock\predict\data.py:76: RuntimeWarning: invalid value encountered in divide
  result["bb_position"] = np.where(bb_upper != bb_lower, (close - bb_lower) / (bb_upper - bb_lower), 0.5)
Collect signals 1869/3317:  56%|¨€¨€¨€¨€¨€¨ƒ    | 1868/3317 [1:40:02<1:15:59,  3.15s/stock]Collect signals 1869/3317:  56%|¨€¨€¨€¨€¨€¨ƒ    | 1869/3317 [1:40:02<1:17:30,  3.21s/stock]D:\Projects\auto-select-stock\src\auto_select_stock\predict\data.py:76: RuntimeWarning: invalid value encountered in divide
  result["bb_position"] = np.where(bb_upper != bb_lower, (close - bb_lower) / (bb_upper - bb_lower), 0.5)
Collect signals 1870/3317:  56%|¨€¨€¨€¨€¨€¨ƒ    | 1869/3317 [1:40:05<1:17:30,  3.21s/stock]Collect signals 1870/3317:  56%|¨€¨€¨€¨€¨€¨ƒ    | 1870/3317 [1:40:05<1:15:28,  3.13s/stock]D:\Projects\auto-select-stock\src\auto_select_stock\predict\data.py:76: RuntimeWarning: invalid value encountered in divide
  result["bb_position"] = np.where(bb_upper != bb_lower, (close - bb_lower) / (bb_upper - bb_lower), 0.5)
Collect signals 1871/3317:  56%|¨€¨€¨€¨€¨€¨ƒ    | 1870/3317 [1:40:08<1:15:28,  3.13s/stock]Collect signals 1871/3317:  56%|¨€¨€¨€¨€¨€¨ƒ    | 1871/3317 [1:40:08<1:16:29,  3.17s/stock]D:\Projects\auto-select-stock\src\auto_select_stock\predict\data.py:76: RuntimeWarning: invalid value encountered in divide
  result["bb_position"] = np.where(bb_upper != bb_lower, (close - bb_lower) / (bb_upper - bb_lower), 0.5)
Collect signals 1872/3317:  56%|¨€¨€¨€¨€¨€¨ƒ    | 1871/3317 [1:40:11<1:16:29,  3.17s/stock]Collect signals 1872/3317:  56%|¨€¨€¨€¨€¨€¨ƒ    | 1872/3317 [1:40:11<1:16:15,  3.17s/stock]D:\Projects\auto-select-stock\src\auto_select_stock\predict\data.py:76: RuntimeWarning: invalid value encountered in divide
  result["bb_position"] = np.where(bb_upper != bb_lower, (close - bb_lower) / (bb_upper - bb_lower), 0.5)
Collect signals 1873/3317:  56%|¨€¨€¨€¨€¨€¨ƒ    | 1872/3317 [1:40:14<1:16:15,  3.17s/stock]Collect signals 1873/3317:  56%|¨€¨€¨€¨€¨€¨ƒ    | 1873/3317 [1:40:14<1:13:03,  3.04s/stock]D:\Projects\auto-select-stock\src\auto_select_stock\predict\data.py:76: RuntimeWarning: invalid value encountered in divide
  result["bb_position"] = np.where(bb_upper != bb_lower, (close - bb_lower) / (bb_upper - bb_lower), 0.5)
Collect signals 1874/3317:  56%|¨€¨€¨€¨€¨€¨ƒ    | 1873/3317 [1:40:17<1:13:03,  3.04s/stock]Collect signals 1874/3317:  56%|¨€¨€¨€¨€¨€¨ƒ    | 1874/3317 [1:40:17<1:13:18,  3.05s/stock]D:\Projects\auto-select-stock\src\auto_select_stock\predict\data.py:76: RuntimeWarning: invalid value encountered in divide
  result["bb_position"] = np.where(bb_upper != bb_lower, (close - bb_lower) / (bb_upper - bb_lower), 0.5)
Collect signals 1875/3317:  56%|¨€¨€¨€¨€¨€¨ƒ    | 1874/3317 [1:40:20<1:13:18,  3.05s/stock]Collect signals 1875/3317:  57%|¨€¨€¨€¨€¨€¨ƒ    | 1875/3317 [1:40:20<1:10:49,  2.95s/stock]D:\Projects\auto-select-stock\src\auto_select_stock\predict\data.py:76: RuntimeWarning: invalid value encountered in divide
  result["bb_position"] = np.where(bb_upper != bb_lower, (close - bb_lower) / (bb_upper - bb_lower), 0.5)
Collect signals 1876/3317:  57%|¨€¨€¨€¨€¨€¨ƒ    | 1875/3317 [1:40:23<1:10:49,  2.95s/stock]Collect signals 1876/3317:  57%|¨€¨€¨€¨€¨€¨ƒ    | 1876/3317 [1:40:23<1:12:42,  3.03s/stock]D:\Projects\auto-select-stock\src\auto_select_stock\predict\data.py:76: RuntimeWarning: invalid value encountered in divide
  result["bb_position"] = np.where(bb_upper != bb_lower, (close - bb_lower) / (bb_upper - bb_lower), 0.5)
Collect signals 1877/3317:  57%|¨€¨€¨€¨€¨€¨ƒ    | 1876/3317 [1:40:26<1:12:42,  3.03s/stock]Collect signals 1877/3317:  57%|¨€¨€¨€¨€¨€¨ƒ    | 1877/3317 [1:40:26<1:11:01,  2.96s/stock]D:\Projects\auto-select-stock\src\auto_select_stock\predict\data.py:76: RuntimeWarning: invalid value encountered in divide
  result["bb_position"] = np.where(bb_upper != bb_lower, (close - bb_lower) / (bb_upper - bb_lower), 0.5)
Collect signals 1878/3317:  57%|¨€¨€¨€¨€¨€¨ƒ    | 1877/3317 [1:40:29<1:11:01,  2.96s/stock]Collect signals 1878/3317:  57%|¨€¨€¨€¨€¨€¨ƒ    | 1878/3317 [1:40:29<1:12:47,  3.03s/stock]D:\Projects\auto-select-stock\src\auto_select_stock\predict\data.py:76: RuntimeWarning: invalid value encountered in divide
  result["bb_position"] = np.where(bb_upper != bb_lower, (close - bb_lower) / (bb_upper - bb_lower), 0.5)
Collect signals 1879/3317:  57%|¨€¨€¨€¨€¨€¨ƒ    | 1878/3317 [1:40:32<1:12:47,  3.03s/stock]Collect signals 1879/3317:  57%|¨€¨€¨€¨€¨€¨ƒ    | 1879/3317 [1:40:32<1:10:21,  2.94s/stock]D:\Projects\auto-select-stock\src\auto_select_stock\predict\data.py:76: RuntimeWarning: invalid value encountered in divide
  result["bb_position"] = np.where(bb_upper != bb_lower, (close - bb_lower) / (bb_upper - bb_lower), 0.5)
Collect signals 1880/3317:  57%|¨€¨€¨€¨€¨€¨ƒ    | 1879/3317 [1:40:35<1:10:21,  2.94s/stock]Collect signals 1880/3317:  57%|¨€¨€¨€¨€¨€¨ƒ    | 1880/3317 [1:40:35<1:11:30,  2.99s/stock]D:\Projects\auto-select-stock\src\auto_select_stock\predict\data.py:76: RuntimeWarning: invalid value encountered in divide
  result["bb_position"] = np.where(bb_upper != bb_lower, (close - bb_lower) / (bb_upper - bb_lower), 0.5)
Collect signals 1881/3317:  57%|¨€¨€¨€¨€¨€¨ƒ    | 1880/3317 [1:40:38<1:11:30,  2.99s/stock]Collect signals 1881/3317:  57%|¨€¨€¨€¨€¨€¨ƒ    | 1881/3317 [1:40:38<1:12:37,  3.03s/stock]D:\Projects\auto-select-stock\src\auto_select_stock\predict\data.py:76: RuntimeWarning: invalid value encountered in divide
  result["bb_position"] = np.where(bb_upper != bb_lower, (close - bb_lower) / (bb_upper - bb_lower), 0.5)
Collect signals 1882/3317:  57%|¨€¨€¨€¨€¨€¨ƒ    | 1881/3317 [1:40:41<1:12:37,  3.03s/stock]Collect signals 1882/3317:  57%|¨€¨€¨€¨€¨€¨ƒ    | 1882/3317 [1:40:41<1:10:08,  2.93s/stock]D:\Projects\auto-select-stock\src\auto_select_stock\predict\data.py:76: RuntimeWarning: invalid value encountered in divide
  result["bb_position"] = np.where(bb_upper != bb_lower, (close - bb_lower) / (bb_upper - bb_lower), 0.5)
Collect signals 1883/3317:  57%|¨€¨€¨€¨€¨€¨ƒ    | 1882/3317 [1:40:44<1:10:08,  2.93s/stock]Collect signals 1883/3317:  57%|¨€¨€¨€¨€¨€¨ƒ    | 1883/3317 [1:40:44<1:11:11,  2.98s/stock]D:\Projects\auto-select-stock\src\auto_select_stock\predict\data.py:76: RuntimeWarning: invalid value encountered in divide
  result["bb_position"] = np.where(bb_upper != bb_lower, (close - bb_lower) / (bb_upper - bb_lower), 0.5)
Collect signals 1884/3317:  57%|¨€¨€¨€¨€¨€¨ƒ    | 1883/3317 [1:40:47<1:11:11,  2.98s/stock]Collect signals 1884/3317:  57%|¨€¨€¨€¨€¨€¨ƒ    | 1884/3317 [1:40:47<1:08:50,  2.88s/stock]D:\Projects\auto-select-stock\src\auto_select_stock\predict\data.py:76: RuntimeWarning: invalid value encountered in divide
  result["bb_position"] = np.where(bb_upper != bb_lower, (close - bb_lower) / (bb_upper - bb_lower), 0.5)
Collect signals 1885/3317:  57%|¨€¨€¨€¨€¨€¨ƒ    | 1884/3317 [1:40:50<1:08:50,  2.88s/stock]Collect signals 1885/3317:  57%|¨€¨€¨€¨€¨€¨ƒ    | 1885/3317 [1:40:50<1:10:30,  2.95s/stock]D:\Projects\auto-select-stock\src\auto_select_stock\predict\data.py:76: RuntimeWarning: invalid value encountered in divide
  result["bb_position"] = np.where(bb_upper != bb_lower, (close - bb_lower) / (bb_upper - bb_lower), 0.5)
Collect signals 1886/3317:  57%|¨€¨€¨€¨€¨€¨ƒ    | 1885/3317 [1:40:52<1:10:30,  2.95s/stock]Collect signals 1886/3317:  57%|¨€¨€¨€¨€¨€¨ƒ    | 1886/3317 [1:40:52<1:08:48,  2.88s/stock]D:\Projects\auto-select-stock\src\auto_select_stock\predict\data.py:76: RuntimeWarning: invalid value encountered in divide
  result["bb_position"] = np.where(bb_upper != bb_lower, (close - bb_lower) / (bb_upper - bb_lower), 0.5)
Collect signals 1887/3317:  57%|¨€¨€¨€¨€¨€¨ƒ    | 1886/3317 [1:40:55<1:08:48,  2.88s/stock]Collect signals 1887/3317:  57%|¨€¨€¨€¨€¨€¨ƒ    | 1887/3317 [1:40:55<1:10:34,  2.96s/stock]D:\Projects\auto-select-stock\src\auto_select_stock\predict\data.py:76: RuntimeWarning: invalid value encountered in divide
  result["bb_position"] = np.where(bb_upper != bb_lower, (close - bb_lower) / (bb_upper - bb_lower), 0.5)
Collect signals 1888/3317:  57%|¨€¨€¨€¨€¨€¨ƒ    | 1887/3317 [1:40:58<1:10:34,  2.96s/stock]Collect signals 1888/3317:  57%|¨€¨€¨€¨€¨€¨ƒ    | 1888/3317 [1:40:58<1:08:55,  2.89s/stock]D:\Projects\auto-select-stock\src\auto_select_stock\predict\data.py:76: RuntimeWarning: invalid value encountered in divide
  result["bb_position"] = np.where(bb_upper != bb_lower, (close - bb_lower) / (bb_upper - bb_lower), 0.5)
Collect signals 1889/3317:  57%|¨€¨€¨€¨€¨€¨ƒ    | 1888/3317 [1:41:01<1:08:55,  2.89s/stock]Collect signals 1889/3317:  57%|¨€¨€¨€¨€¨€¨ƒ    | 1889/3317 [1:41:01<1:10:25,  2.96s/stock]D:\Projects\auto-select-stock\src\auto_select_stock\predict\data.py:76: RuntimeWarning: invalid value encountered in divide
  result["bb_position"] = np.where(bb_upper != bb_lower, (close - bb_lower) / (bb_upper - bb_lower), 0.5)
Collect signals 1890/3317:  57%|¨€¨€¨€¨€¨€¨ƒ    | 1889/3317 [1:41:04<1:10:25,  2.96s/stock]Collect signals 1890/3317:  57%|¨€¨€¨€¨€¨€¨ƒ    | 1890/3317 [1:41:04<1:11:37,  3.01s/stock]D:\Projects\auto-select-stock\src\auto_select_stock\predict\data.py:76: RuntimeWarning: invalid value encountered in divide
  result["bb_position"] = np.where(bb_upper != bb_lower, (close - bb_lower) / (bb_upper - bb_lower), 0.5)
Collect signals 1891/3317:  57%|¨€¨€¨€¨€¨€¨ƒ    | 1890/3317 [1:41:07<1:11:37,  3.01s/stock]Collect signals 1891/3317:  57%|¨€¨€¨€¨€¨€¨ƒ    | 1891/3317 [1:41:07<1:09:14,  2.91s/stock]D:\Projects\auto-select-stock\src\auto_select_stock\predict\data.py:76: RuntimeWarning: invalid value encountered in divide
  result["bb_position"] = np.where(bb_upper != bb_lower, (close - bb_lower) / (bb_upper - bb_lower), 0.5)
Collect signals 1892/3317:  57%|¨€¨€¨€¨€¨€¨ƒ    | 1891/3317 [1:41:10<1:09:14,  2.91s/stock]Collect signals 1892/3317:  57%|¨€¨€¨€¨€¨€¨ƒ    | 1892/3317 [1:41:10<1:10:19,  2.96s/stock]D:\Projects\auto-select-stock\src\auto_select_stock\predict\data.py:76: RuntimeWarning: invalid value encountered in divide
  result["bb_position"] = np.where(bb_upper != bb_lower, (close - bb_lower) / (bb_upper - bb_lower), 0.5)
Collect signals 1893/3317:  57%|¨€¨€¨€¨€¨€¨ƒ    | 1892/3317 [1:41:13<1:10:19,  2.96s/stock]Collect signals 1893/3317:  57%|¨€¨€¨€¨€¨€¨ƒ    | 1893/3317 [1:41:13<1:08:32,  2.89s/stock]D:\Projects\auto-select-stock\src\auto_select_stock\predict\data.py:76: RuntimeWarning: invalid value encountered in divide
  result["bb_position"] = np.where(bb_upper != bb_lower, (close - bb_lower) / (bb_upper - bb_lower), 0.5)
Collect signals 1894/3317:  57%|¨€¨€¨€¨€¨€¨ƒ    | 1893/3317 [1:41:16<1:08:32,  2.89s/stock]Collect signals 1894/3317:  57%|¨€¨€¨€¨€¨€¨ƒ    | 1894/3317 [1:41:16<1:09:38,  2.94s/stock]D:\Projects\auto-select-stock\src\auto_select_stock\predict\data.py:76: RuntimeWarning: invalid value encountered in divide
  result["bb_position"] = np.where(bb_upper != bb_lower, (close - bb_lower) / (bb_upper - bb_lower), 0.5)
Collect signals 1895/3317:  57%|¨€¨€¨€¨€¨€¨ƒ    | 1894/3317 [1:41:19<1:09:38,  2.94s/stock]Collect signals 1895/3317:  57%|¨€¨€¨€¨€¨€¨ƒ    | 1895/3317 [1:41:19<1:07:56,  2.87s/stock]D:\Projects\auto-select-stock\src\auto_select_stock\predict\data.py:76: RuntimeWarning: invalid value encountered in divide
  result["bb_position"] = np.where(bb_upper != bb_lower, (close - bb_lower) / (bb_upper - bb_lower), 0.5)
Collect signals 1896/3317:  57%|¨€¨€¨€¨€¨€¨ƒ    | 1895/3317 [1:41:22<1:07:56,  2.87s/stock]Collect signals 1896/3317:  57%|¨€¨€¨€¨€¨€¨ƒ    | 1896/3317 [1:41:22<1:09:12,  2.92s/stock]D:\Projects\auto-select-stock\src\auto_select_stock\predict\data.py:76: RuntimeWarning: invalid value encountered in divide
  result["bb_position"] = np.where(bb_upper != bb_lower, (close - bb_lower) / (bb_upper - bb_lower), 0.5)
Collect signals 1897/3317:  57%|¨€¨€¨€¨€¨€¨ƒ    | 1896/3317 [1:41:25<1:09:12,  2.92s/stock]Collect signals 1897/3317:  57%|¨€¨€¨€¨€¨€¨ƒ    | 1897/3317 [1:41:25<1:09:56,  2.96s/stock]D:\Projects\auto-select-stock\src\auto_select_stock\predict\data.py:76: RuntimeWarning: invalid value encountered in divide
  result["bb_position"] = np.where(bb_upper != bb_lower, (close - bb_lower) / (bb_upper - bb_lower), 0.5)
Collect signals 1898/3317:  57%|¨€¨€¨€¨€¨€¨ƒ    | 1897/3317 [1:41:27<1:09:56,  2.96s/stock]Collect signals 1898/3317:  57%|¨€¨€¨€¨€¨€¨ƒ    | 1898/3317 [1:41:27<1:08:00,  2.88s/stock]D:\Projects\auto-select-stock\src\auto_select_stock\predict\data.py:76: RuntimeWarning: invalid value encountered in divide
  result["bb_position"] = np.where(bb_upper != bb_lower, (close - bb_lower) / (bb_upper - bb_lower), 0.5)
Collect signals 1899/3317:  57%|¨€¨€¨€¨€¨€¨ƒ    | 1898/3317 [1:41:30<1:08:00,  2.88s/stock]Collect signals 1899/3317:  57%|¨€¨€¨€¨€¨€¨ƒ    | 1899/3317 [1:41:30<1:08:55,  2.92s/stock]D:\Projects\auto-select-stock\src\auto_select_stock\predict\data.py:76: RuntimeWarning: invalid value encountered in divide
  result["bb_position"] = np.where(bb_upper != bb_lower, (close - bb_lower) / (bb_upper - bb_lower), 0.5)
Collect signals 1900/3317:  57%|¨€¨€¨€¨€¨€¨ƒ    | 1899/3317 [1:41:33<1:08:55,  2.92s/stock]Collect signals 1900/3317:  57%|¨€¨€¨€¨€¨€¨ƒ    | 1900/3317 [1:41:33<1:07:12,  2.85s/stock]D:\Projects\auto-select-stock\src\auto_select_stock\predict\data.py:76: RuntimeWarning: invalid value encountered in divide
  result["bb_position"] = np.where(bb_upper != bb_lower, (close - bb_lower) / (bb_upper - bb_lower), 0.5)
Collect signals 1901/3317:  57%|¨€¨€¨€¨€¨€¨ƒ    | 1900/3317 [1:41:36<1:07:12,  2.85s/stock]Collect signals 1901/3317:  57%|¨€¨€¨€¨€¨€¨ƒ    | 1901/3317 [1:41:36<1:08:45,  2.91s/stock]D:\Projects\auto-select-stock\src\auto_select_stock\predict\data.py:76: RuntimeWarning: invalid value encountered in divide
  result["bb_position"] = np.where(bb_upper != bb_lower, (close - bb_lower) / (bb_upper - bb_lower), 0.5)
Collect signals 1902/3317:  57%|¨€¨€¨€¨€¨€¨ƒ    | 1901/3317 [1:41:39<1:08:45,  2.91s/stock]Collect signals 1902/3317:  57%|¨€¨€¨€¨€¨€¨ƒ    | 1902/3317 [1:41:39<1:07:22,  2.86s/stock]D:\Projects\auto-select-stock\src\auto_select_stock\predict\data.py:76: RuntimeWarning: invalid value encountered in divide
  result["bb_position"] = np.where(bb_upper != bb_lower, (close - bb_lower) / (bb_upper - bb_lower), 0.5)
Collect signals 1903/3317:  57%|¨€¨€¨€¨€¨€¨ƒ    | 1902/3317 [1:41:42<1:07:22,  2.86s/stock]Collect signals 1903/3317:  57%|¨€¨€¨€¨€¨€¨ƒ    | 1903/3317 [1:41:42<1:08:59,  2.93s/stock]D:\Projects\auto-select-stock\src\auto_select_stock\predict\data.py:76: RuntimeWarning: invalid value encountered in divide
  result["bb_position"] = np.where(bb_upper != bb_lower, (close - bb_lower) / (bb_upper - bb_lower), 0.5)
Collect signals 1904/3317:  57%|¨€¨€¨€¨€¨€¨ƒ    | 1903/3317 [1:41:45<1:08:59,  2.93s/stock]Collect signals 1904/3317:  57%|¨€¨€¨€¨€¨€¨ƒ    | 1904/3317 [1:41:45<1:07:43,  2.88s/stock]D:\Projects\auto-select-stock\src\auto_select_stock\predict\data.py:76: RuntimeWarning: invalid value encountered in divide
  result["bb_position"] = np.where(bb_upper != bb_lower, (close - bb_lower) / (bb_upper - bb_lower), 0.5)
Collect signals 1905/3317:  57%|¨€¨€¨€¨€¨€¨ƒ    | 1904/3317 [1:41:48<1:07:43,  2.88s/stock]Collect signals 1905/3317:  57%|¨€¨€¨€¨€¨€¨ƒ    | 1905/3317 [1:41:48<1:09:08,  2.94s/stock]D:\Projects\auto-select-stock\src\auto_select_stock\predict\data.py:76: RuntimeWarning: invalid value encountered in divide
  result["bb_position"] = np.where(bb_upper != bb_lower, (close - bb_lower) / (bb_upper - bb_lower), 0.5)
Collect signals 1906/3317:  57%|¨€¨€¨€¨€¨€¨ƒ    | 1905/3317 [1:41:51<1:09:08,  2.94s/stock]Collect signals 1906/3317:  57%|¨€¨€¨€¨€¨€¨ƒ    | 1906/3317 [1:41:51<1:09:32,  2.96s/stock]D:\Projects\auto-select-stock\src\auto_select_stock\predict\data.py:76: RuntimeWarning: invalid value encountered in divide
  result["bb_position"] = np.where(bb_upper != bb_lower, (close - bb_lower) / (bb_upper - bb_lower), 0.5)
Collect signals 1907/3317:  57%|¨€¨€¨€¨€¨€¨ƒ    | 1906/3317 [1:41:54<1:09:32,  2.96s/stock]Collect signals 1907/3317:  57%|¨€¨€¨€¨€¨€¨ƒ    | 1907/3317 [1:41:54<1:07:27,  2.87s/stock]D:\Projects\auto-select-stock\src\auto_select_stock\predict\data.py:76: RuntimeWarning: invalid value encountered in divide
  result["bb_position"] = np.where(bb_upper != bb_lower, (close - bb_lower) / (bb_upper - bb_lower), 0.5)
Collect signals 1908/3317:  57%|¨€¨€¨€¨€¨€¨ƒ    | 1907/3317 [1:41:57<1:07:27,  2.87s/stock]Collect signals 1908/3317:  58%|¨€¨€¨€¨€¨€¨‚    | 1908/3317 [1:41:57<1:09:09,  2.94s/stock]D:\Projects\auto-select-stock\src\auto_select_stock\predict\data.py:76: RuntimeWarning: invalid value encountered in divide
  result["bb_position"] = np.where(bb_upper != bb_lower, (close - bb_lower) / (bb_upper - bb_lower), 0.5)
Collect signals 1909/3317:  58%|¨€¨€¨€¨€¨€¨‚    | 1908/3317 [1:41:59<1:09:09,  2.94s/stock]Collect signals 1909/3317:  58%|¨€¨€¨€¨€¨€¨‚    | 1909/3317 [1:41:59<1:07:31,  2.88s/stock]D:\Projects\auto-select-stock\src\auto_select_stock\predict\data.py:76: RuntimeWarning: invalid value encountered in divide
  result["bb_position"] = np.where(bb_upper != bb_lower, (close - bb_lower) / (bb_upper - bb_lower), 0.5)
Collect signals 1910/3317:  58%|¨€¨€¨€¨€¨€¨‚    | 1909/3317 [1:42:02<1:07:31,  2.88s/stock]Collect signals 1910/3317:  58%|¨€¨€¨€¨€¨€¨‚    | 1910/3317 [1:42:02<1:08:04,  2.90s/stock]D:\Projects\auto-select-stock\src\auto_select_stock\predict\data.py:76: RuntimeWarning: invalid value encountered in divide
  result["bb_position"] = np.where(bb_upper != bb_lower, (close - bb_lower) / (bb_upper - bb_lower), 0.5)
Collect signals 1911/3317:  58%|¨€¨€¨€¨€¨€¨‚    | 1910/3317 [1:42:05<1:08:04,  2.90s/stock]Collect signals 1911/3317:  58%|¨€¨€¨€¨€¨€¨‚    | 1911/3317 [1:42:05<1:06:54,  2.86s/stock]D:\Projects\auto-select-stock\src\auto_select_stock\predict\data.py:76: RuntimeWarning: invalid value encountered in divide
  result["bb_position"] = np.where(bb_upper != bb_lower, (close - bb_lower) / (bb_upper - bb_lower), 0.5)
Collect signals 1912/3317:  58%|¨€¨€¨€¨€¨€¨‚    | 1911/3317 [1:42:08<1:06:54,  2.86s/stock]Collect signals 1912/3317:  58%|¨€¨€¨€¨€¨€¨‚    | 1912/3317 [1:42:08<1:08:20,  2.92s/stock]D:\Projects\auto-select-stock\src\auto_select_stock\predict\data.py:76: RuntimeWarning: invalid value encountered in divide
  result["bb_position"] = np.where(bb_upper != bb_lower, (close - bb_lower) / (bb_upper - bb_lower), 0.5)
Collect signals 1913/3317:  58%|¨€¨€¨€¨€¨€¨‚    | 1912/3317 [1:42:11<1:08:20,  2.92s/stock]Collect signals 1913/3317:  58%|¨€¨€¨€¨€¨€¨‚    | 1913/3317 [1:42:11<1:09:44,  2.98s/stock]D:\Projects\auto-select-stock\src\auto_select_stock\predict\data.py:76: RuntimeWarning: invalid value encountered in divide
  result["bb_position"] = np.where(bb_upper != bb_lower, (close - bb_lower) / (bb_upper - bb_lower), 0.5)
Collect signals 1914/3317:  58%|¨€¨€¨€¨€¨€¨‚    | 1913/3317 [1:42:14<1:09:44,  2.98s/stock]Collect signals 1914/3317:  58%|¨€¨€¨€¨€¨€¨‚    | 1914/3317 [1:42:14<1:07:55,  2.90s/stock]D:\Projects\auto-select-stock\src\auto_select_stock\predict\data.py:76: RuntimeWarning: invalid value encountered in divide
  result["bb_position"] = np.where(bb_upper != bb_lower, (close - bb_lower) / (bb_upper - bb_lower), 0.5)
Collect signals 1915/3317:  58%|¨€¨€¨€¨€¨€¨‚    | 1914/3317 [1:42:17<1:07:55,  2.90s/stock]Collect signals 1915/3317:  58%|¨€¨€¨€¨€¨€¨‚    | 1915/3317 [1:42:17<1:08:46,  2.94s/stock]D:\Projects\auto-select-stock\src\auto_select_stock\predict\data.py:76: RuntimeWarning: invalid value encountered in divide
  result["bb_position"] = np.where(bb_upper != bb_lower, (close - bb_lower) / (bb_upper - bb_lower), 0.5)
Collect signals 1916/3317:  58%|¨€¨€¨€¨€¨€¨‚    | 1915/3317 [1:42:20<1:08:46,  2.94s/stock]Collect signals 1916/3317:  58%|¨€¨€¨€¨€¨€¨‚    | 1916/3317 [1:42:20<1:07:02,  2.87s/stock]D:\Projects\auto-select-stock\src\auto_select_stock\predict\data.py:76: RuntimeWarning: invalid value encountered in divide
  result["bb_position"] = np.where(bb_upper != bb_lower, (close - bb_lower) / (bb_upper - bb_lower), 0.5)
Collect signals 1917/3317:  58%|¨€¨€¨€¨€¨€¨‚    | 1916/3317 [1:42:23<1:07:02,  2.87s/stock]Collect signals 1917/3317:  58%|¨€¨€¨€¨€¨€¨‚    | 1917/3317 [1:42:23<1:08:14,  2.92s/stock]D:\Projects\auto-select-stock\src\auto_select_stock\predict\data.py:76: RuntimeWarning: invalid value encountered in divide
  result["bb_position"] = np.where(bb_upper != bb_lower, (close - bb_lower) / (bb_upper - bb_lower), 0.5)
Collect signals 1918/3317:  58%|¨€¨€¨€¨€¨€¨‚    | 1917/3317 [1:42:25<1:08:14,  2.92s/stock]Collect signals 1918/3317:  58%|¨€¨€¨€¨€¨€¨‚    | 1918/3317 [1:42:25<1:06:25,  2.85s/stock]D:\Projects\auto-select-stock\src\auto_select_stock\predict\data.py:76: RuntimeWarning: invalid value encountered in divide
  result["bb_position"] = np.where(bb_upper != bb_lower, (close - bb_lower) / (bb_upper - bb_lower), 0.5)
Collect signals 1919/3317:  58%|¨€¨€¨€¨€¨€¨‚    | 1918/3317 [1:42:29<1:06:25,  2.85s/stock]Collect signals 1919/3317:  58%|¨€¨€¨€¨€¨€¨‚    | 1919/3317 [1:42:29<1:07:44,  2.91s/stock]D:\Projects\auto-select-stock\src\auto_select_stock\predict\data.py:76: RuntimeWarning: invalid value encountered in divide
  result["bb_position"] = np.where(bb_upper != bb_lower, (close - bb_lower) / (bb_upper - bb_lower), 0.5)
Collect signals 1920/3317:  58%|¨€¨€¨€¨€¨€¨‚    | 1919/3317 [1:42:31<1:07:44,  2.91s/stock]Collect signals 1920/3317:  58%|¨€¨€¨€¨€¨€¨‚    | 1920/3317 [1:42:31<1:06:17,  2.85s/stock]D:\Projects\auto-select-stock\src\auto_select_stock\predict\data.py:76: RuntimeWarning: invalid value encountered in divide
  result["bb_position"] = np.where(bb_upper != bb_lower, (close - bb_lower) / (bb_upper - bb_lower), 0.5)
Collect signals 1921/3317:  58%|¨€¨€¨€¨€¨€¨‚    | 1920/3317 [1:42:34<1:06:17,  2.85s/stock]Collect signals 1921/3317:  58%|¨€¨€¨€¨€¨€¨‚    | 1921/3317 [1:42:34<1:07:33,  2.90s/stock]D:\Projects\auto-select-stock\src\auto_select_stock\predict\data.py:76: RuntimeWarning: invalid value encountered in divide
  result["bb_position"] = np.where(bb_upper != bb_lower, (close - bb_lower) / (bb_upper - bb_lower), 0.5)
Collect signals 1922/3317:  58%|¨€¨€¨€¨€¨€¨‚    | 1921/3317 [1:42:37<1:07:33,  2.90s/stock]Collect signals 1922/3317:  58%|¨€¨€¨€¨€¨€¨‚    | 1922/3317 [1:42:37<1:08:43,  2.96s/stock]D:\Projects\auto-select-stock\src\auto_select_stock\predict\data.py:76: RuntimeWarning: invalid value encountered in divide
  result["bb_position"] = np.where(bb_upper != bb_lower, (close - bb_lower) / (bb_upper - bb_lower), 0.5)
Collect signals 1923/3317:  58%|¨€¨€¨€¨€¨€¨‚    | 1922/3317 [1:42:40<1:08:43,  2.96s/stock]Collect signals 1923/3317:  58%|¨€¨€¨€¨€¨€¨‚    | 1923/3317 [1:42:40<1:07:21,  2.90s/stock]D:\Projects\auto-select-stock\src\auto_select_stock\predict\data.py:76: RuntimeWarning: invalid value encountered in divide
  result["bb_position"] = np.where(bb_upper != bb_lower, (close - bb_lower) / (bb_upper - bb_lower), 0.5)
Collect signals 1924/3317:  58%|¨€¨€¨€¨€¨€¨‚    | 1923/3317 [1:42:43<1:07:21,  2.90s/stock]Collect signals 1924/3317:  58%|¨€¨€¨€¨€¨€¨‚    | 1924/3317 [1:42:43<1:09:00,  2.97s/stock]D:\Projects\auto-select-stock\src\auto_select_stock\predict\data.py:76: RuntimeWarning: invalid value encountered in divide
  result["bb_position"] = np.where(bb_upper != bb_lower, (close - bb_lower) / (bb_upper - bb_lower), 0.5)
Collect signals 1925/3317:  58%|¨€¨€¨€¨€¨€¨‚    | 1924/3317 [1:42:46<1:09:00,  2.97s/stock]Collect signals 1925/3317:  58%|¨€¨€¨€¨€¨€¨‚    | 1925/3317 [1:42:46<1:07:14,  2.90s/stock]D:\Projects\auto-select-stock\src\auto_select_stock\predict\data.py:76: RuntimeWarning: invalid value encountered in divide
  result["bb_position"] = np.where(bb_upper != bb_lower, (close - bb_lower) / (bb_upper - bb_lower), 0.5)
Collect signals 1926/3317:  58%|¨€¨€¨€¨€¨€¨‚    | 1925/3317 [1:42:49<1:07:14,  2.90s/stock]Collect signals 1926/3317:  58%|¨€¨€¨€¨€¨€¨‚    | 1926/3317 [1:42:49<1:08:07,  2.94s/stock]D:\Projects\auto-select-stock\src\auto_select_stock\predict\data.py:76: RuntimeWarning: invalid value encountered in divide
  result["bb_position"] = np.where(bb_upper != bb_lower, (close - bb_lower) / (bb_upper - bb_lower), 0.5)
Collect signals 1927/3317:  58%|¨€¨€¨€¨€¨€¨‚    | 1926/3317 [1:42:52<1:08:07,  2.94s/stock]Collect signals 1927/3317:  58%|¨€¨€¨€¨€¨€¨‚    | 1927/3317 [1:42:52<1:06:17,  2.86s/stock]D:\Projects\auto-select-stock\src\auto_select_stock\predict\data.py:76: RuntimeWarning: invalid value encountered in divide
  result["bb_position"] = np.where(bb_upper != bb_lower, (close - bb_lower) / (bb_upper - bb_lower), 0.5)
Collect signals 1928/3317:  58%|¨€¨€¨€¨€¨€¨‚    | 1927/3317 [1:42:55<1:06:17,  2.86s/stock]Collect signals 1928/3317:  58%|¨€¨€¨€¨€¨€¨‚    | 1928/3317 [1:42:55<1:07:33,  2.92s/stock]D:\Projects\auto-select-stock\src\auto_select_stock\predict\data.py:76: RuntimeWarning: invalid value encountered in divide
  result["bb_position"] = np.where(bb_upper != bb_lower, (close - bb_lower) / (bb_upper - bb_lower), 0.5)
Collect signals 1929/3317:  58%|¨€¨€¨€¨€¨€¨‚    | 1928/3317 [1:42:57<1:07:33,  2.92s/stock]Collect signals 1929/3317:  58%|¨€¨€¨€¨€¨€¨‚    | 1929/3317 [1:42:57<1:05:58,  2.85s/stock]D:\Projects\auto-select-stock\src\auto_select_stock\predict\data.py:76: RuntimeWarning: invalid value encountered in divide
  result["bb_position"] = np.where(bb_upper != bb_lower, (close - bb_lower) / (bb_upper - bb_lower), 0.5)
Collect signals 1930/3317:  58%|¨€¨€¨€¨€¨€¨‚    | 1929/3317 [1:43:00<1:05:58,  2.85s/stock]Collect signals 1930/3317:  58%|¨€¨€¨€¨€¨€¨‚    | 1930/3317 [1:43:00<1:07:10,  2.91s/stock]D:\Projects\auto-select-stock\src\auto_select_stock\predict\data.py:76: RuntimeWarning: invalid value encountered in divide
  result["bb_position"] = np.where(bb_upper != bb_lower, (close - bb_lower) / (bb_upper - bb_lower), 0.5)
Collect signals 1931/3317:  58%|¨€¨€¨€¨€¨€¨‚    | 1930/3317 [1:43:03<1:07:10,  2.91s/stock]Collect signals 1931/3317:  58%|¨€¨€¨€¨€¨€¨‚    | 1931/3317 [1:43:03<1:05:24,  2.83s/stock]D:\Projects\auto-select-stock\src\auto_select_stock\predict\data.py:76: RuntimeWarning: invalid value encountered in divide
  result["bb_position"] = np.where(bb_upper != bb_lower, (close - bb_lower) / (bb_upper - bb_lower), 0.5)
Collect signals 1932/3317:  58%|¨€¨€¨€¨€¨€¨‚    | 1931/3317 [1:43:06<1:05:24,  2.83s/stock]Collect signals 1932/3317:  58%|¨€¨€¨€¨€¨€¨‚    | 1932/3317 [1:43:06<1:06:29,  2.88s/stock]D:\Projects\auto-select-stock\src\auto_select_stock\predict\data.py:76: RuntimeWarning: invalid value encountered in divide
  result["bb_position"] = np.where(bb_upper != bb_lower, (close - bb_lower) / (bb_upper - bb_lower), 0.5)
Collect signals 1933/3317:  58%|¨€¨€¨€¨€¨€¨‚    | 1932/3317 [1:43:09<1:06:29,  2.88s/stock]Collect signals 1933/3317:  58%|¨€¨€¨€¨€¨€¨‚    | 1933/3317 [1:43:09<1:05:04,  2.82s/stock]D:\Projects\auto-select-stock\src\auto_select_stock\predict\data.py:76: RuntimeWarning: invalid value encountered in divide
  result["bb_position"] = np.where(bb_upper != bb_lower, (close - bb_lower) / (bb_upper - bb_lower), 0.5)
Collect signals 1934/3317:  58%|¨€¨€¨€¨€¨€¨‚    | 1933/3317 [1:43:12<1:05:04,  2.82s/stock]Collect signals 1934/3317:  58%|¨€¨€¨€¨€¨€¨‚    | 1934/3317 [1:43:12<1:06:21,  2.88s/stock]D:\Projects\auto-select-stock\src\auto_select_stock\predict\data.py:76: RuntimeWarning: invalid value encountered in divide
  result["bb_position"] = np.where(bb_upper != bb_lower, (close - bb_lower) / (bb_upper - bb_lower), 0.5)
Collect signals 1935/3317:  58%|¨€¨€¨€¨€¨€¨‚    | 1934/3317 [1:43:15<1:06:21,  2.88s/stock]Collect signals 1935/3317:  58%|¨€¨€¨€¨€¨€¨‚    | 1935/3317 [1:43:15<1:08:14,  2.96s/stock]D:\Projects\auto-select-stock\src\auto_select_stock\predict\data.py:76: RuntimeWarning: invalid value encountered in divide
  result["bb_position"] = np.where(bb_upper != bb_lower, (close - bb_lower) / (bb_upper - bb_lower), 0.5)
Collect signals 1936/3317:  58%|¨€¨€¨€¨€¨€¨‚    | 1935/3317 [1:43:18<1:08:14,  2.96s/stock]Collect signals 1936/3317:  58%|¨€¨€¨€¨€¨€¨‚    | 1936/3317 [1:43:18<1:06:27,  2.89s/stock]D:\Projects\auto-select-stock\src\auto_select_stock\predict\data.py:76: RuntimeWarning: invalid value encountered in divide
  result["bb_position"] = np.where(bb_upper != bb_lower, (close - bb_lower) / (bb_upper - bb_lower), 0.5)
Collect signals 1937/3317:  58%|¨€¨€¨€¨€¨€¨‚    | 1936/3317 [1:43:21<1:06:27,  2.89s/stock]Collect signals 1937/3317:  58%|¨€¨€¨€¨€¨€¨‚    | 1937/3317 [1:43:21<1:07:10,  2.92s/stock]D:\Projects\auto-select-stock\src\auto_select_stock\predict\data.py:76: RuntimeWarning: invalid value encountered in divide
  result["bb_position"] = np.where(bb_upper != bb_lower, (close - bb_lower) / (bb_upper - bb_lower), 0.5)
Collect signals 1938/3317:  58%|¨€¨€¨€¨€¨€¨‚    | 1937/3317 [1:43:23<1:07:10,  2.92s/stock]Collect signals 1938/3317:  58%|¨€¨€¨€¨€¨€¨‚    | 1938/3317 [1:43:23<1:05:23,  2.84s/stock]D:\Projects\auto-select-stock\src\auto_select_stock\predict\data.py:76: RuntimeWarning: invalid value encountered in divide
  result["bb_position"] = np.where(bb_upper != bb_lower, (close - bb_lower) / (bb_upper - bb_lower), 0.5)
Collect signals 1939/3317:  58%|¨€¨€¨€¨€¨€¨‚    | 1938/3317 [1:43:26<1:05:23,  2.84s/stock]Collect signals 1939/3317:  58%|¨€¨€¨€¨€¨€¨‚    | 1939/3317 [1:43:26<1:06:44,  2.91s/stock]D:\Projects\auto-select-stock\src\auto_select_stock\predict\data.py:76: RuntimeWarning: invalid value encountered in divide
  result["bb_position"] = np.where(bb_upper != bb_lower, (close - bb_lower) / (bb_upper - bb_lower), 0.5)
Collect signals 1940/3317:  58%|¨€¨€¨€¨€¨€¨‚    | 1939/3317 [1:43:29<1:06:44,  2.91s/stock]Collect signals 1940/3317:  58%|¨€¨€¨€¨€¨€¨‚    | 1940/3317 [1:43:29<1:05:16,  2.84s/stock]D:\Projects\auto-select-stock\src\auto_select_stock\predict\data.py:76: RuntimeWarning: invalid value encountered in divide
  result["bb_position"] = np.where(bb_upper != bb_lower, (close - bb_lower) / (bb_upper - bb_lower), 0.5)
Collect signals 1941/3317:  58%|¨€¨€¨€¨€¨€¨‚    | 1940/3317 [1:43:32<1:05:16,  2.84s/stock]Collect signals 1941/3317:  59%|¨€¨€¨€¨€¨€¨‚    | 1941/3317 [1:43:32<1:06:42,  2.91s/stock]D:\Projects\auto-select-stock\src\auto_select_stock\predict\data.py:76: RuntimeWarning: invalid value encountered in divide
  result["bb_position"] = np.where(bb_upper != bb_lower, (close - bb_lower) / (bb_upper - bb_lower), 0.5)
Collect signals 1942/3317:  59%|¨€¨€¨€¨€¨€¨‚    | 1941/3317 [1:43:35<1:06:42,  2.91s/stock]Collect signals 1942/3317:  59%|¨€¨€¨€¨€¨€¨‚    | 1942/3317 [1:43:35<1:07:37,  2.95s/stock]D:\Projects\auto-select-stock\src\auto_select_stock\predict\data.py:76: RuntimeWarning: invalid value encountered in divide
  result["bb_position"] = np.where(bb_upper != bb_lower, (close - bb_lower) / (bb_upper - bb_lower), 0.5)
Collect signals 1943/3317:  59%|¨€¨€¨€¨€¨€¨‚    | 1942/3317 [1:43:38<1:07:37,  2.95s/stock]Collect signals 1943/3317:  59%|¨€¨€¨€¨€¨€¨‚    | 1943/3317 [1:43:38<1:05:31,  2.86s/stock]D:\Projects\auto-select-stock\src\auto_select_stock\predict\data.py:76: RuntimeWarning: invalid value encountered in divide
  result["bb_position"] = np.where(bb_upper != bb_lower, (close - bb_lower) / (bb_upper - bb_lower), 0.5)
Collect signals 1944/3317:  59%|¨€¨€¨€¨€¨€¨‚    | 1943/3317 [1:43:41<1:05:31,  2.86s/stock]Collect signals 1944/3317:  59%|¨€¨€¨€¨€¨€¨‚    | 1944/3317 [1:43:41<1:06:46,  2.92s/stock]D:\Projects\auto-select-stock\src\auto_select_stock\predict\data.py:76: RuntimeWarning: invalid value encountered in divide
  result["bb_position"] = np.where(bb_upper != bb_lower, (close - bb_lower) / (bb_upper - bb_lower), 0.5)
Collect signals 1945/3317:  59%|¨€¨€¨€¨€¨€¨‚    | 1944/3317 [1:43:44<1:06:46,  2.92s/stock]Collect signals 1945/3317:  59%|¨€¨€¨€¨€¨€¨‚    | 1945/3317 [1:43:44<1:05:25,  2.86s/stock]D:\Projects\auto-select-stock\src\auto_select_stock\predict\data.py:76: RuntimeWarning: invalid value encountered in divide
  result["bb_position"] = np.where(bb_upper != bb_lower, (close - bb_lower) / (bb_upper - bb_lower), 0.5)
Collect signals 1946/3317:  59%|¨€¨€¨€¨€¨€¨‚    | 1945/3317 [1:43:47<1:05:25,  2.86s/stock]Collect signals 1946/3317:  59%|¨€¨€¨€¨€¨€¨‚    | 1946/3317 [1:43:47<1:06:19,  2.90s/stock]D:\Projects\auto-select-stock\src\auto_select_stock\predict\data.py:76: RuntimeWarning: invalid value encountered in divide
  result["bb_position"] = np.where(bb_upper != bb_lower, (close - bb_lower) / (bb_upper - bb_lower), 0.5)
Collect signals 1947/3317:  59%|¨€¨€¨€¨€¨€¨‚    | 1946/3317 [1:43:49<1:06:19,  2.90s/stock]Collect signals 1947/3317:  59%|¨€¨€¨€¨€¨€¨‚    | 1947/3317 [1:43:49<1:04:32,  2.83s/stock]D:\Projects\auto-select-stock\src\auto_select_stock\predict\data.py:76: RuntimeWarning: invalid value encountered in divide
  result["bb_position"] = np.where(bb_upper != bb_lower, (close - bb_lower) / (bb_upper - bb_lower), 0.5)
Collect signals 1948/3317:  59%|¨€¨€¨€¨€¨€¨‚    | 1947/3317 [1:43:52<1:04:32,  2.83s/stock]Collect signals 1948/3317:  59%|¨€¨€¨€¨€¨€¨‚    | 1948/3317 [1:43:52<1:06:28,  2.91s/stock]D:\Projects\auto-select-stock\src\auto_select_stock\predict\data.py:76: RuntimeWarning: invalid value encountered in divide
  result["bb_position"] = np.where(bb_upper != bb_lower, (close - bb_lower) / (bb_upper - bb_lower), 0.5)
Collect signals 1949/3317:  59%|¨€¨€¨€¨€¨€¨‚    | 1948/3317 [1:43:55<1:06:28,  2.91s/stock]Collect signals 1949/3317:  59%|¨€¨€¨€¨€¨€¨    | 1949/3317 [1:43:55<1:04:43,  2.84s/stock]D:\Projects\auto-select-stock\src\auto_select_stock\predict\data.py:76: RuntimeWarning: invalid value encountered in divide
  result["bb_position"] = np.where(bb_upper != bb_lower, (close - bb_lower) / (bb_upper - bb_lower), 0.5)
Collect signals 1950/3317:  59%|¨€¨€¨€¨€¨€¨    | 1949/3317 [1:43:58<1:04:43,  2.84s/stock]Collect signals 1950/3317:  59%|¨€¨€¨€¨€¨€¨    | 1950/3317 [1:43:58<1:05:44,  2.89s/stock]D:\Projects\auto-select-stock\src\auto_select_stock\predict\data.py:76: RuntimeWarning: invalid value encountered in divide
  result["bb_position"] = np.where(bb_upper != bb_lower, (close - bb_lower) / (bb_upper - bb_lower), 0.5)
Collect signals 1951/3317:  59%|¨€¨€¨€¨€¨€¨    | 1950/3317 [1:44:01<1:05:44,  2.89s/stock]Collect signals 1951/3317:  59%|¨€¨€¨€¨€¨€¨    | 1951/3317 [1:44:01<1:07:26,  2.96s/stock]D:\Projects\auto-select-stock\src\auto_select_stock\predict\data.py:76: RuntimeWarning: invalid value encountered in divide
  result["bb_position"] = np.where(bb_upper != bb_lower, (close - bb_lower) / (bb_upper - bb_lower), 0.5)
Collect signals 1952/3317:  59%|¨€¨€¨€¨€¨€¨    | 1951/3317 [1:44:04<1:07:26,  2.96s/stock]Collect signals 1952/3317:  59%|¨€¨€¨€¨€¨€¨    | 1952/3317 [1:44:04<1:05:39,  2.89s/stock]D:\Projects\auto-select-stock\src\auto_select_stock\predict\data.py:76: RuntimeWarning: invalid value encountered in divide
  result["bb_position"] = np.where(bb_upper != bb_lower, (close - bb_lower) / (bb_upper - bb_lower), 0.5)
Collect signals 1953/3317:  59%|¨€¨€¨€¨€¨€¨    | 1952/3317 [1:44:07<1:05:39,  2.89s/stock]Collect signals 1953/3317:  59%|¨€¨€¨€¨€¨€¨    | 1953/3317 [1:44:07<1:06:35,  2.93s/stock]D:\Projects\auto-select-stock\src\auto_select_stock\predict\data.py:76: RuntimeWarning: invalid value encountered in divide
  result["bb_position"] = np.where(bb_upper != bb_lower, (close - bb_lower) / (bb_upper - bb_lower), 0.5)
Collect signals 1954/3317:  59%|¨€¨€¨€¨€¨€¨    | 1953/3317 [1:44:10<1:06:35,  2.93s/stock]Collect signals 1954/3317:  59%|¨€¨€¨€¨€¨€¨    | 1954/3317 [1:44:10<1:04:35,  2.84s/stock]D:\Projects\auto-select-stock\src\auto_select_stock\predict\data.py:76: RuntimeWarning: invalid value encountered in divide
  result["bb_position"] = np.where(bb_upper != bb_lower, (close - bb_lower) / (bb_upper - bb_lower), 0.5)
Collect signals 1955/3317:  59%|¨€¨€¨€¨€¨€¨    | 1954/3317 [1:44:13<1:04:35,  2.84s/stock]Collect signals 1955/3317:  59%|¨€¨€¨€¨€¨€¨    | 1955/3317 [1:44:13<1:06:13,  2.92s/stock]D:\Projects\auto-select-stock\src\auto_select_stock\predict\data.py:76: RuntimeWarning: invalid value encountered in divide
  result["bb_position"] = np.where(bb_upper != bb_lower, (close - bb_lower) / (bb_upper - bb_lower), 0.5)
Collect signals 1956/3317:  59%|¨€¨€¨€¨€¨€¨    | 1955/3317 [1:44:15<1:06:13,  2.92s/stock]Collect signals 1956/3317:  59%|¨€¨€¨€¨€¨€¨    | 1956/3317 [1:44:15<1:04:34,  2.85s/stock]D:\Projects\auto-select-stock\src\auto_select_stock\predict\data.py:76: RuntimeWarning: invalid value encountered in divide
  result["bb_position"] = np.where(bb_upper != bb_lower, (close - bb_lower) / (bb_upper - bb_lower), 0.5)
Collect signals 1957/3317:  59%|¨€¨€¨€¨€¨€¨    | 1956/3317 [1:44:18<1:04:34,  2.85s/stock]Collect signals 1957/3317:  59%|¨€¨€¨€¨€¨€¨    | 1957/3317 [1:44:18<1:05:56,  2.91s/stock]D:\Projects\auto-select-stock\src\auto_select_stock\predict\data.py:76: RuntimeWarning: invalid value encountered in divide
  result["bb_position"] = np.where(bb_upper != bb_lower, (close - bb_lower) / (bb_upper - bb_lower), 0.5)
Collect signals 1958/3317:  59%|¨€¨€¨€¨€¨€¨    | 1957/3317 [1:44:21<1:05:56,  2.91s/stock]Collect signals 1958/3317:  59%|¨€¨€¨€¨€¨€¨    | 1958/3317 [1:44:21<1:04:53,  2.87s/stock]D:\Projects\auto-select-stock\src\auto_select_stock\predict\data.py:76: RuntimeWarning: invalid value encountered in divide
  result["bb_position"] = np.where(bb_upper != bb_lower, (close - bb_lower) / (bb_upper - bb_lower), 0.5)
Collect signals 1959/3317:  59%|¨€¨€¨€¨€¨€¨    | 1958/3317 [1:44:24<1:04:53,  2.87s/stock]Collect signals 1959/3317:  59%|¨€¨€¨€¨€¨€¨    | 1959/3317 [1:44:24<1:05:42,  2.90s/stock]D:\Projects\auto-select-stock\src\auto_select_stock\predict\data.py:76: RuntimeWarning: invalid value encountered in divide
  result["bb_position"] = np.where(bb_upper != bb_lower, (close - bb_lower) / (bb_upper - bb_lower), 0.5)
Collect signals 1960/3317:  59%|¨€¨€¨€¨€¨€¨    | 1959/3317 [1:44:27<1:05:42,  2.90s/stock]Collect signals 1960/3317:  59%|¨€¨€¨€¨€¨€¨    | 1960/3317 [1:44:27<1:06:21,  2.93s/stock]D:\Projects\auto-select-stock\src\auto_select_stock\predict\data.py:76: RuntimeWarning: invalid value encountered in divide
  result["bb_position"] = np.where(bb_upper != bb_lower, (close - bb_lower) / (bb_upper - bb_lower), 0.5)
Collect signals 1961/3317:  59%|¨€¨€¨€¨€¨€¨    | 1960/3317 [1:44:30<1:06:21,  2.93s/stock]Collect signals 1961/3317:  59%|¨€¨€¨€¨€¨€¨    | 1961/3317 [1:44:30<1:04:29,  2.85s/stock]D:\Projects\auto-select-stock\src\auto_select_stock\predict\data.py:76: RuntimeWarning: invalid value encountered in divide
  result["bb_position"] = np.where(bb_upper != bb_lower, (close - bb_lower) / (bb_upper - bb_lower), 0.5)
Collect signals 1962/3317:  59%|¨€¨€¨€¨€¨€¨    | 1961/3317 [1:44:33<1:04:29,  2.85s/stock]Collect signals 1962/3317:  59%|¨€¨€¨€¨€¨€¨    | 1962/3317 [1:44:33<1:05:46,  2.91s/stock]D:\Projects\auto-select-stock\src\auto_select_stock\predict\data.py:76: RuntimeWarning: invalid value encountered in divide
  result["bb_position"] = np.where(bb_upper != bb_lower, (close - bb_lower) / (bb_upper - bb_lower), 0.5)
Collect signals 1963/3317:  59%|¨€¨€¨€¨€¨€¨    | 1962/3317 [1:44:36<1:05:46,  2.91s/stock]Collect signals 1963/3317:  59%|¨€¨€¨€¨€¨€¨    | 1963/3317 [1:44:36<1:05:37,  2.91s/stock]D:\Projects\auto-select-stock\src\auto_select_stock\predict\data.py:76: RuntimeWarning: invalid value encountered in divide
  result["bb_position"] = np.where(bb_upper != bb_lower, (close - bb_lower) / (bb_upper - bb_lower), 0.5)
Collect signals 1964/3317:  59%|¨€¨€¨€¨€¨€¨    | 1963/3317 [1:44:39<1:05:37,  2.91s/stock]Collect signals 1964/3317:  59%|¨€¨€¨€¨€¨€¨    | 1964/3317 [1:44:39<1:09:37,  3.09s/stock]D:\Projects\auto-select-stock\src\auto_select_stock\predict\data.py:76: RuntimeWarning: invalid value encountered in divide
  result["bb_position"] = np.where(bb_upper != bb_lower, (close - bb_lower) / (bb_upper - bb_lower), 0.5)
Collect signals 1965/3317:  59%|¨€¨€¨€¨€¨€¨    | 1964/3317 [1:44:42<1:09:37,  3.09s/stock]Collect signals 1965/3317:  59%|¨€¨€¨€¨€¨€¨    | 1965/3317 [1:44:42<1:08:08,  3.02s/stock]D:\Projects\auto-select-stock\src\auto_select_stock\predict\data.py:76: RuntimeWarning: invalid value encountered in divide
  result["bb_position"] = np.where(bb_upper != bb_lower, (close - bb_lower) / (bb_upper - bb_lower), 0.5)
Collect signals 1966/3317:  59%|¨€¨€¨€¨€¨€¨    | 1965/3317 [1:44:46<1:08:08,  3.02s/stock]Collect signals 1966/3317:  59%|¨€¨€¨€¨€¨€¨    | 1966/3317 [1:44:46<1:10:31,  3.13s/stock]D:\Projects\auto-select-stock\src\auto_select_stock\predict\data.py:76: RuntimeWarning: invalid value encountered in divide
  result["bb_position"] = np.where(bb_upper != bb_lower, (close - bb_lower) / (bb_upper - bb_lower), 0.5)
Collect signals 1967/3317:  59%|¨€¨€¨€¨€¨€¨    | 1966/3317 [1:44:49<1:10:31,  3.13s/stock]Collect signals 1967/3317:  59%|¨€¨€¨€¨€¨€¨    | 1967/3317 [1:44:49<1:11:22,  3.17s/stock]D:\Projects\auto-select-stock\src\auto_select_stock\predict\data.py:76: RuntimeWarning: invalid value encountered in divide
  result["bb_position"] = np.where(bb_upper != bb_lower, (close - bb_lower) / (bb_upper - bb_lower), 0.5)
Collect signals 1968/3317:  59%|¨€¨€¨€¨€¨€¨    | 1967/3317 [1:44:51<1:11:22,  3.17s/stock]Collect signals 1968/3317:  59%|¨€¨€¨€¨€¨€¨    | 1968/3317 [1:44:51<1:07:50,  3.02s/stock]D:\Projects\auto-select-stock\src\auto_select_stock\predict\data.py:76: RuntimeWarning: invalid value encountered in divide
  result["bb_position"] = np.where(bb_upper != bb_lower, (close - bb_lower) / (bb_upper - bb_lower), 0.5)
Collect signals 1969/3317:  59%|¨€¨€¨€¨€¨€¨    | 1968/3317 [1:44:55<1:07:50,  3.02s/stock]Collect signals 1969/3317:  59%|¨€¨€¨€¨€¨€¨    | 1969/3317 [1:44:55<1:08:29,  3.05s/stock]D:\Projects\auto-select-stock\src\auto_select_stock\predict\data.py:76: RuntimeWarning: invalid value encountered in divide
  result["bb_position"] = np.where(bb_upper != bb_lower, (close - bb_lower) / (bb_upper - bb_lower), 0.5)
Collect signals 1970/3317:  59%|¨€¨€¨€¨€¨€¨    | 1969/3317 [1:44:57<1:08:29,  3.05s/stock]Collect signals 1970/3317:  59%|¨€¨€¨€¨€¨€¨    | 1970/3317 [1:44:57<1:05:56,  2.94s/stock]D:\Projects\auto-select-stock\src\auto_select_stock\predict\data.py:76: RuntimeWarning: invalid value encountered in divide
  result["bb_position"] = np.where(bb_upper != bb_lower, (close - bb_lower) / (bb_upper - bb_lower), 0.5)
Collect signals 1971/3317:  59%|¨€¨€¨€¨€¨€¨    | 1970/3317 [1:45:00<1:05:56,  2.94s/stock]Collect signals 1971/3317:  59%|¨€¨€¨€¨€¨€¨    | 1971/3317 [1:45:00<1:06:56,  2.98s/stock]D:\Projects\auto-select-stock\src\auto_select_stock\predict\data.py:76: RuntimeWarning: invalid value encountered in divide
  result["bb_position"] = np.where(bb_upper != bb_lower, (close - bb_lower) / (bb_upper - bb_lower), 0.5)
Collect signals 1972/3317:  59%|¨€¨€¨€¨€¨€¨    | 1971/3317 [1:45:03<1:06:56,  2.98s/stock]Collect signals 1972/3317:  59%|¨€¨€¨€¨€¨€¨    | 1972/3317 [1:45:03<1:04:52,  2.89s/stock]D:\Projects\auto-select-stock\src\auto_select_stock\predict\data.py:76: RuntimeWarning: invalid value encountered in divide
  result["bb_position"] = np.where(bb_upper != bb_lower, (close - bb_lower) / (bb_upper - bb_lower), 0.5)
Collect signals 1973/3317:  59%|¨€¨€¨€¨€¨€¨    | 1972/3317 [1:45:06<1:04:52,  2.89s/stock]Collect signals 1973/3317:  59%|¨€¨€¨€¨€¨€¨    | 1973/3317 [1:45:06<1:06:17,  2.96s/stock]D:\Projects\auto-select-stock\src\auto_select_stock\predict\data.py:76: RuntimeWarning: invalid value encountered in divide
  result["bb_position"] = np.where(bb_upper != bb_lower, (close - bb_lower) / (bb_upper - bb_lower), 0.5)
Collect signals 1974/3317:  59%|¨€¨€¨€¨€¨€¨    | 1973/3317 [1:45:09<1:06:17,  2.96s/stock]Collect signals 1974/3317:  60%|¨€¨€¨€¨€¨€¨    | 1974/3317 [1:45:09<1:04:37,  2.89s/stock]D:\Projects\auto-select-stock\src\auto_select_stock\predict\data.py:76: RuntimeWarning: invalid value encountered in divide
  result["bb_position"] = np.where(bb_upper != bb_lower, (close - bb_lower) / (bb_upper - bb_lower), 0.5)
Collect signals 1975/3317:  60%|¨€¨€¨€¨€¨€¨    | 1974/3317 [1:45:12<1:04:37,  2.89s/stock]Collect signals 1975/3317:  60%|¨€¨€¨€¨€¨€¨    | 1975/3317 [1:45:12<1:06:06,  2.96s/stock]D:\Projects\auto-select-stock\src\auto_select_stock\predict\data.py:76: RuntimeWarning: invalid value encountered in divide
  result["bb_position"] = np.where(bb_upper != bb_lower, (close - bb_lower) / (bb_upper - bb_lower), 0.5)
Collect signals 1976/3317:  60%|¨€¨€¨€¨€¨€¨    | 1975/3317 [1:45:15<1:06:06,  2.96s/stock]Collect signals 1976/3317:  60%|¨€¨€¨€¨€¨€¨    | 1976/3317 [1:45:15<1:06:54,  2.99s/stock]D:\Projects\auto-select-stock\src\auto_select_stock\predict\data.py:76: RuntimeWarning: invalid value encountered in divide
  result["bb_position"] = np.where(bb_upper != bb_lower, (close - bb_lower) / (bb_upper - bb_lower), 0.5)
Collect signals 1977/3317:  60%|¨€¨€¨€¨€¨€¨    | 1976/3317 [1:45:18<1:06:54,  2.99s/stock]Collect signals 1977/3317:  60%|¨€¨€¨€¨€¨€¨    | 1977/3317 [1:45:18<1:06:40,  2.99s/stock]D:\Projects\auto-select-stock\src\auto_select_stock\predict\data.py:76: RuntimeWarning: invalid value encountered in divide
  result["bb_position"] = np.where(bb_upper != bb_lower, (close - bb_lower) / (bb_upper - bb_lower), 0.5)
Collect signals 1978/3317:  60%|¨€¨€¨€¨€¨€¨    | 1977/3317 [1:45:21<1:06:40,  2.99s/stock]Collect signals 1978/3317:  60%|¨€¨€¨€¨€¨€¨    | 1978/3317 [1:45:21<1:08:38,  3.08s/stock]D:\Projects\auto-select-stock\src\auto_select_stock\predict\data.py:76: RuntimeWarning: invalid value encountered in divide
  result["bb_position"] = np.where(bb_upper != bb_lower, (close - bb_lower) / (bb_upper - bb_lower), 0.5)
Collect signals 1979/3317:  60%|¨€¨€¨€¨€¨€¨    | 1978/3317 [1:45:24<1:08:38,  3.08s/stock]Collect signals 1979/3317:  60%|¨€¨€¨€¨€¨€¨    | 1979/3317 [1:45:24<1:07:21,  3.02s/stock]D:\Projects\auto-select-stock\src\auto_select_stock\predict\data.py:76: RuntimeWarning: invalid value encountered in divide
  result["bb_position"] = np.where(bb_upper != bb_lower, (close - bb_lower) / (bb_upper - bb_lower), 0.5)
Collect signals 1980/3317:  60%|¨€¨€¨€¨€¨€¨    | 1979/3317 [1:45:28<1:07:21,  3.02s/stock]Collect signals 1980/3317:  60%|¨€¨€¨€¨€¨€¨    | 1980/3317 [1:45:28<1:09:52,  3.14s/stock]D:\Projects\auto-select-stock\src\auto_select_stock\predict\data.py:76: RuntimeWarning: invalid value encountered in divide
  result["bb_position"] = np.where(bb_upper != bb_lower, (close - bb_lower) / (bb_upper - bb_lower), 0.5)
Collect signals 1981/3317:  60%|¨€¨€¨€¨€¨€¨    | 1980/3317 [1:45:31<1:09:52,  3.14s/stock]Collect signals 1981/3317:  60%|¨€¨€¨€¨€¨€¨    | 1981/3317 [1:45:31<1:09:01,  3.10s/stock]D:\Projects\auto-select-stock\src\auto_select_stock\predict\data.py:76: RuntimeWarning: invalid value encountered in divide
  result["bb_position"] = np.where(bb_upper != bb_lower, (close - bb_lower) / (bb_upper - bb_lower), 0.5)
Collect signals 1982/3317:  60%|¨€¨€¨€¨€¨€¨    | 1981/3317 [1:45:34<1:09:01,  3.10s/stock]Collect signals 1982/3317:  60%|¨€¨€¨€¨€¨€¨    | 1982/3317 [1:45:34<1:11:05,  3.19s/stock]D:\Projects\auto-select-stock\src\auto_select_stock\predict\data.py:76: RuntimeWarning: invalid value encountered in divide
  result["bb_position"] = np.where(bb_upper != bb_lower, (close - bb_lower) / (bb_upper - bb_lower), 0.5)
Collect signals 1983/3317:  60%|¨€¨€¨€¨€¨€¨    | 1982/3317 [1:45:37<1:11:05,  3.19s/stock]Collect signals 1983/3317:  60%|¨€¨€¨€¨€¨€¨    | 1983/3317 [1:45:37<1:09:50,  3.14s/stock]D:\Projects\auto-select-stock\src\auto_select_stock\predict\data.py:76: RuntimeWarning: invalid value encountered in divide
  result["bb_position"] = np.where(bb_upper != bb_lower, (close - bb_lower) / (bb_upper - bb_lower), 0.5)
Collect signals 1984/3317:  60%|¨€¨€¨€¨€¨€¨    | 1983/3317 [1:45:41<1:09:50,  3.14s/stock]Collect signals 1984/3317:  60%|¨€¨€¨€¨€¨€¨    | 1984/3317 [1:45:41<1:11:59,  3.24s/stock]D:\Projects\auto-select-stock\src\auto_select_stock\predict\data.py:76: RuntimeWarning: invalid value encountered in divide
  result["bb_position"] = np.where(bb_upper != bb_lower, (close - bb_lower) / (bb_upper - bb_lower), 0.5)
Collect signals 1985/3317:  60%|¨€¨€¨€¨€¨€¨    | 1984/3317 [1:45:44<1:11:59,  3.24s/stock]Collect signals 1985/3317:  60%|¨€¨€¨€¨€¨€¨    | 1985/3317 [1:45:44<1:12:41,  3.27s/stock]D:\Projects\auto-select-stock\src\auto_select_stock\predict\data.py:76: RuntimeWarning: invalid value encountered in divide
  result["bb_position"] = np.where(bb_upper != bb_lower, (close - bb_lower) / (bb_upper - bb_lower), 0.5)
Collect signals 1986/3317:  60%|¨€¨€¨€¨€¨€¨    | 1985/3317 [1:45:47<1:12:41,  3.27s/stock]Collect signals 1986/3317:  60%|¨€¨€¨€¨€¨€¨    | 1986/3317 [1:45:47<1:10:31,  3.18s/stock]D:\Projects\auto-select-stock\src\auto_select_stock\predict\data.py:76: RuntimeWarning: invalid value encountered in divide
  result["bb_position"] = np.where(bb_upper != bb_lower, (close - bb_lower) / (bb_upper - bb_lower), 0.5)
Collect signals 1987/3317:  60%|¨€¨€¨€¨€¨€¨    | 1986/3317 [1:45:50<1:10:31,  3.18s/stock]Collect signals 1987/3317:  60%|¨€¨€¨€¨€¨€¨    | 1987/3317 [1:45:50<1:12:00,  3.25s/stock]D:\Projects\auto-select-stock\src\auto_select_stock\predict\data.py:76: RuntimeWarning: invalid value encountered in divide
  result["bb_position"] = np.where(bb_upper != bb_lower, (close - bb_lower) / (bb_upper - bb_lower), 0.5)
Collect signals 1988/3317:  60%|¨€¨€¨€¨€¨€¨    | 1987/3317 [1:45:53<1:12:00,  3.25s/stock]Collect signals 1988/3317:  60%|¨€¨€¨€¨€¨€¨    | 1988/3317 [1:45:53<1:10:10,  3.17s/stock]D:\Projects\auto-select-stock\src\auto_select_stock\predict\data.py:76: RuntimeWarning: invalid value encountered in divide
  result["bb_position"] = np.where(bb_upper != bb_lower, (close - bb_lower) / (bb_upper - bb_lower), 0.5)
Collect signals 1989/3317:  60%|¨€¨€¨€¨€¨€¨    | 1988/3317 [1:45:57<1:10:10,  3.17s/stock]Collect signals 1989/3317:  60%|¨€¨€¨€¨€¨€¨    | 1989/3317 [1:45:57<1:11:50,  3.25s/stock]D:\Projects\auto-select-stock\src\auto_select_stock\predict\data.py:76: RuntimeWarning: invalid value encountered in divide
  result["bb_position"] = np.where(bb_upper != bb_lower, (close - bb_lower) / (bb_upper - bb_lower), 0.5)
Collect signals 1990/3317:  60%|¨€¨€¨€¨€¨€¨    | 1989/3317 [1:46:00<1:11:50,  3.25s/stock]Collect signals 1990/3317:  60%|¨€¨€¨€¨€¨€¨    | 1990/3317 [1:46:00<1:09:23,  3.14s/stock]D:\Projects\auto-select-stock\src\auto_select_stock\predict\data.py:76: RuntimeWarning: invalid value encountered in divide
  result["bb_position"] = np.where(bb_upper != bb_lower, (close - bb_lower) / (bb_upper - bb_lower), 0.5)
Collect signals 1991/3317:  60%|¨€¨€¨€¨€¨€¨    | 1990/3317 [1:46:03<1:09:23,  3.14s/stock]Collect signals 1991/3317:  60%|¨€¨€¨€¨€¨€¨€    | 1991/3317 [1:46:03<1:10:25,  3.19s/stock]D:\Projects\auto-select-stock\src\auto_select_stock\predict\data.py:76: RuntimeWarning: invalid value encountered in divide
  result["bb_position"] = np.where(bb_upper != bb_lower, (close - bb_lower) / (bb_upper - bb_lower), 0.5)
Collect signals 1992/3317:  60%|¨€¨€¨€¨€¨€¨€    | 1991/3317 [1:46:06<1:10:25,  3.19s/stock]Collect signals 1992/3317:  60%|¨€¨€¨€¨€¨€¨€    | 1992/3317 [1:46:06<1:08:27,  3.10s/stock]D:\Projects\auto-select-stock\src\auto_select_stock\predict\data.py:76: RuntimeWarning: invalid value encountered in divide
  result["bb_position"] = np.where(bb_upper != bb_lower, (close - bb_lower) / (bb_upper - bb_lower), 0.5)
Collect signals 1993/3317:  60%|¨€¨€¨€¨€¨€¨€    | 1992/3317 [1:46:09<1:08:27,  3.10s/stock]Collect signals 1993/3317:  60%|¨€¨€¨€¨€¨€¨€    | 1993/3317 [1:46:09<1:09:35,  3.15s/stock]D:\Projects\auto-select-stock\src\auto_select_stock\predict\data.py:76: RuntimeWarning: invalid value encountered in divide
  result["bb_position"] = np.where(bb_upper != bb_lower, (close - bb_lower) / (bb_upper - bb_lower), 0.5)
Collect signals 1994/3317:  60%|¨€¨€¨€¨€¨€¨€    | 1993/3317 [1:46:12<1:09:35,  3.15s/stock]Collect signals 1994/3317:  60%|¨€¨€¨€¨€¨€¨€    | 1994/3317 [1:46:12<1:10:12,  3.18s/stock]D:\Projects\auto-select-stock\src\auto_select_stock\predict\data.py:76: RuntimeWarning: invalid value encountered in divide
  result["bb_position"] = np.where(bb_upper != bb_lower, (close - bb_lower) / (bb_upper - bb_lower), 0.5)
Collect signals 1995/3317:  60%|¨€¨€¨€¨€¨€¨€    | 1994/3317 [1:46:15<1:10:12,  3.18s/stock]Collect signals 1995/3317:  60%|¨€¨€¨€¨€¨€¨€    | 1995/3317 [1:46:15<1:08:31,  3.11s/stock]D:\Projects\auto-select-stock\src\auto_select_stock\predict\data.py:76: RuntimeWarning: invalid value encountered in divide
  result["bb_position"] = np.where(bb_upper != bb_lower, (close - bb_lower) / (bb_upper - bb_lower), 0.5)
Collect signals 1996/3317:  60%|¨€¨€¨€¨€¨€¨€    | 1995/3317 [1:46:19<1:08:31,  3.11s/stock]Collect signals 1996/3317:  60%|¨€¨€¨€¨€¨€¨€    | 1996/3317 [1:46:19<1:10:06,  3.18s/stock]D:\Projects\auto-select-stock\src\auto_select_stock\predict\data.py:76: RuntimeWarning: invalid value encountered in divide
  result["bb_position"] = np.where(bb_upper != bb_lower, (close - bb_lower) / (bb_upper - bb_lower), 0.5)
Collect signals 1997/3317:  60%|¨€¨€¨€¨€¨€¨€    | 1996/3317 [1:46:22<1:10:06,  3.18s/stock]Collect signals 1997/3317:  60%|¨€¨€¨€¨€¨€¨€    | 1997/3317 [1:46:22<1:09:09,  3.14s/stock]D:\Projects\auto-select-stock\src\auto_select_stock\predict\data.py:76: RuntimeWarning: invalid value encountered in divide
  result["bb_position"] = np.where(bb_upper != bb_lower, (close - bb_lower) / (bb_upper - bb_lower), 0.5)
Collect signals 1998/3317:  60%|¨€¨€¨€¨€¨€¨€    | 1997/3317 [1:46:25<1:09:09,  3.14s/stock]Collect signals 1998/3317:  60%|¨€¨€¨€¨€¨€¨€    | 1998/3317 [1:46:25<1:10:29,  3.21s/stock]D:\Projects\auto-select-stock\src\auto_select_stock\predict\data.py:76: RuntimeWarning: invalid value encountered in divide
  result["bb_position"] = np.where(bb_upper != bb_lower, (close - bb_lower) / (bb_upper - bb_lower), 0.5)
Collect signals 1999/3317:  60%|¨€¨€¨€¨€¨€¨€    | 1998/3317 [1:46:28<1:10:29,  3.21s/stock]Collect signals 1999/3317:  60%|¨€¨€¨€¨€¨€¨€    | 1999/3317 [1:46:28<1:08:25,  3.12s/stock]D:\Projects\auto-select-stock\src\auto_select_stock\predict\data.py:76: RuntimeWarning: invalid value encountered in divide
  result["bb_position"] = np.where(bb_upper != bb_lower, (close - bb_lower) / (bb_upper - bb_lower), 0.5)
Collect signals 2000/3317:  60%|¨€¨€¨€¨€¨€¨€    | 1999/3317 [1:46:31<1:08:25,  3.12s/stock]Collect signals 2000/3317:  60%|¨€¨€¨€¨€¨€¨€    | 2000/3317 [1:46:31<1:10:26,  3.21s/stock]D:\Projects\auto-select-stock\src\auto_select_stock\predict\data.py:76: RuntimeWarning: invalid value encountered in divide
  result["bb_position"] = np.where(bb_upper != bb_lower, (close - bb_lower) / (bb_upper - bb_lower), 0.5)
Collect signals 2001/3317:  60%|¨€¨€¨€¨€¨€¨€    | 2000/3317 [1:46:35<1:10:26,  3.21s/stock]Collect signals 2001/3317:  60%|¨€¨€¨€¨€¨€¨€    | 2001/3317 [1:46:35<1:12:02,  3.28s/stock]D:\Projects\auto-select-stock\src\auto_select_stock\predict\data.py:76: RuntimeWarning: invalid value encountered in divide
  result["bb_position"] = np.where(bb_upper != bb_lower, (close - bb_lower) / (bb_upper - bb_lower), 0.5)
Collect signals 2002/3317:  60%|¨€¨€¨€¨€¨€¨€    | 2001/3317 [1:46:38<1:12:02,  3.28s/stock]Collect signals 2002/3317:  60%|¨€¨€¨€¨€¨€¨€    | 2002/3317 [1:46:38<1:11:30,  3.26s/stock]D:\Projects\auto-select-stock\src\auto_select_stock\predict\data.py:76: RuntimeWarning: invalid value encountered in divide
  result["bb_position"] = np.where(bb_upper != bb_lower, (close - bb_lower) / (bb_upper - bb_lower), 0.5)
Collect signals 2003/3317:  60%|¨€¨€¨€¨€¨€¨€    | 2002/3317 [1:46:41<1:11:30,  3.26s/stock]Collect signals 2003/3317:  60%|¨€¨€¨€¨€¨€¨€    | 2003/3317 [1:46:41<1:11:46,  3.28s/stock]D:\Projects\auto-select-stock\src\auto_select_stock\predict\data.py:76: RuntimeWarning: invalid value encountered in divide
  result["bb_position"] = np.where(bb_upper != bb_lower, (close - bb_lower) / (bb_upper - bb_lower), 0.5)
Collect signals 2004/3317:  60%|¨€¨€¨€¨€¨€¨€    | 2003/3317 [1:46:44<1:11:46,  3.28s/stock]Collect signals 2004/3317:  60%|¨€¨€¨€¨€¨€¨€    | 2004/3317 [1:46:44<1:09:30,  3.18s/stock]D:\Projects\auto-select-stock\src\auto_select_stock\predict\data.py:76: RuntimeWarning: invalid value encountered in divide
  result["bb_position"] = np.where(bb_upper != bb_lower, (close - bb_lower) / (bb_upper - bb_lower), 0.5)
Collect signals 2005/3317:  60%|¨€¨€¨€¨€¨€¨€    | 2004/3317 [1:46:48<1:09:30,  3.18s/stock]Collect signals 2005/3317:  60%|¨€¨€¨€¨€¨€¨€    | 2005/3317 [1:46:48<1:11:15,  3.26s/stock]D:\Projects\auto-select-stock\src\auto_select_stock\predict\data.py:76: RuntimeWarning: invalid value encountered in divide
  result["bb_position"] = np.where(bb_upper != bb_lower, (close - bb_lower) / (bb_upper - bb_lower), 0.5)
Collect signals 2006/3317:  60%|¨€¨€¨€¨€¨€¨€    | 2005/3317 [1:46:51<1:11:15,  3.26s/stock]Collect signals 2006/3317:  60%|¨€¨€¨€¨€¨€¨€    | 2006/3317 [1:46:51<1:08:52,  3.15s/stock]D:\Projects\auto-select-stock\src\auto_select_stock\predict\data.py:76: RuntimeWarning: invalid value encountered in divide
  result["bb_position"] = np.where(bb_upper != bb_lower, (close - bb_lower) / (bb_upper - bb_lower), 0.5)
Collect signals 2007/3317:  60%|¨€¨€¨€¨€¨€¨€    | 2006/3317 [1:46:54<1:08:52,  3.15s/stock]Collect signals 2007/3317:  61%|¨€¨€¨€¨€¨€¨€    | 2007/3317 [1:46:54<1:10:44,  3.24s/stock]D:\Projects\auto-select-stock\src\auto_select_stock\predict\data.py:76: RuntimeWarning: invalid value encountered in divide
  result["bb_position"] = np.where(bb_upper != bb_lower, (close - bb_lower) / (bb_upper - bb_lower), 0.5)
Collect signals 2008/3317:  61%|¨€¨€¨€¨€¨€¨€    | 2007/3317 [1:46:57<1:10:44,  3.24s/stock]Collect signals 2008/3317:  61%|¨€¨€¨€¨€¨€¨€    | 2008/3317 [1:46:57<1:08:55,  3.16s/stock]D:\Projects\auto-select-stock\src\auto_select_stock\predict\data.py:76: RuntimeWarning: invalid value encountered in divide
  result["bb_position"] = np.where(bb_upper != bb_lower, (close - bb_lower) / (bb_upper - bb_lower), 0.5)
Collect signals 2009/3317:  61%|¨€¨€¨€¨€¨€¨€    | 2008/3317 [1:47:00<1:08:55,  3.16s/stock]Collect signals 2009/3317:  61%|¨€¨€¨€¨€¨€¨€    | 2009/3317 [1:47:00<1:10:31,  3.23s/stock]D:\Projects\auto-select-stock\src\auto_select_stock\predict\data.py:76: RuntimeWarning: invalid value encountered in divide
  result["bb_position"] = np.where(bb_upper != bb_lower, (close - bb_lower) / (bb_upper - bb_lower), 0.5)
Collect signals 2010/3317:  61%|¨€¨€¨€¨€¨€¨€    | 2009/3317 [1:47:04<1:10:31,  3.23s/stock]Collect signals 2010/3317:  61%|¨€¨€¨€¨€¨€¨€    | 2010/3317 [1:47:04<1:11:05,  3.26s/stock]D:\Projects\auto-select-stock\src\auto_select_stock\predict\data.py:76: RuntimeWarning: invalid value encountered in divide
  result["bb_position"] = np.where(bb_upper != bb_lower, (close - bb_lower) / (bb_upper - bb_lower), 0.5)
Collect signals 2011/3317:  61%|¨€¨€¨€¨€¨€¨€    | 2010/3317 [1:47:07<1:11:05,  3.26s/stock]Collect signals 2011/3317:  61%|¨€¨€¨€¨€¨€¨€    | 2011/3317 [1:47:07<1:08:41,  3.16s/stock]D:\Projects\auto-select-stock\src\auto_select_stock\predict\data.py:76: RuntimeWarning: invalid value encountered in divide
  result["bb_position"] = np.where(bb_upper != bb_lower, (close - bb_lower) / (bb_upper - bb_lower), 0.5)
Collect signals 2012/3317:  61%|¨€¨€¨€¨€¨€¨€    | 2011/3317 [1:47:10<1:08:41,  3.16s/stock]Collect signals 2012/3317:  61%|¨€¨€¨€¨€¨€¨€    | 2012/3317 [1:47:10<1:10:10,  3.23s/stock]D:\Projects\auto-select-stock\src\auto_select_stock\predict\data.py:76: RuntimeWarning: invalid value encountered in divide
  result["bb_position"] = np.where(bb_upper != bb_lower, (close - bb_lower) / (bb_upper - bb_lower), 0.5)
Collect signals 2013/3317:  61%|¨€¨€¨€¨€¨€¨€    | 2012/3317 [1:47:13<1:10:10,  3.23s/stock]Collect signals 2013/3317:  61%|¨€¨€¨€¨€¨€¨€    | 2013/3317 [1:47:13<1:08:02,  3.13s/stock]D:\Projects\auto-select-stock\src\auto_select_stock\predict\data.py:76: RuntimeWarning: invalid value encountered in divide
  result["bb_position"] = np.where(bb_upper != bb_lower, (close - bb_lower) / (bb_upper - bb_lower), 0.5)
Collect signals 2014/3317:  61%|¨€¨€¨€¨€¨€¨€    | 2013/3317 [1:47:16<1:08:02,  3.13s/stock]Collect signals 2014/3317:  61%|¨€¨€¨€¨€¨€¨€    | 2014/3317 [1:47:16<1:09:28,  3.20s/stock]D:\Projects\auto-select-stock\src\auto_select_stock\predict\data.py:76: RuntimeWarning: invalid value encountered in divide
  result["bb_position"] = np.where(bb_upper != bb_lower, (close - bb_lower) / (bb_upper - bb_lower), 0.5)
Collect signals 2015/3317:  61%|¨€¨€¨€¨€¨€¨€    | 2014/3317 [1:47:19<1:09:28,  3.20s/stock]Collect signals 2015/3317:  61%|¨€¨€¨€¨€¨€¨€    | 2015/3317 [1:47:19<1:08:19,  3.15s/stock]D:\Projects\auto-select-stock\src\auto_select_stock\predict\data.py:76: RuntimeWarning: invalid value encountered in divide
  result["bb_position"] = np.where(bb_upper != bb_lower, (close - bb_lower) / (bb_upper - bb_lower), 0.5)
Collect signals 2016/3317:  61%|¨€¨€¨€¨€¨€¨€    | 2015/3317 [1:47:23<1:08:19,  3.15s/stock]Collect signals 2016/3317:  61%|¨€¨€¨€¨€¨€¨€    | 2016/3317 [1:47:23<1:08:50,  3.17s/stock]D:\Projects\auto-select-stock\src\auto_select_stock\predict\data.py:76: RuntimeWarning: invalid value encountered in divide
  result["bb_position"] = np.where(bb_upper != bb_lower, (close - bb_lower) / (bb_upper - bb_lower), 0.5)
Collect signals 2017/3317:  61%|¨€¨€¨€¨€¨€¨€    | 2016/3317 [1:47:26<1:08:50,  3.17s/stock]Collect signals 2017/3317:  61%|¨€¨€¨€¨€¨€¨€    | 2017/3317 [1:47:26<1:07:35,  3.12s/stock]D:\Projects\auto-select-stock\src\auto_select_stock\predict\data.py:76: RuntimeWarning: invalid value encountered in divide
  result["bb_position"] = np.where(bb_upper != bb_lower, (close - bb_lower) / (bb_upper - bb_lower), 0.5)
Collect signals 2018/3317:  61%|¨€¨€¨€¨€¨€¨€    | 2017/3317 [1:47:29<1:07:35,  3.12s/stock]Collect signals 2018/3317:  61%|¨€¨€¨€¨€¨€¨€    | 2018/3317 [1:47:29<1:10:20,  3.25s/stock]D:\Projects\auto-select-stock\src\auto_select_stock\predict\data.py:76: RuntimeWarning: invalid value encountered in divide
  result["bb_position"] = np.where(bb_upper != bb_lower, (close - bb_lower) / (bb_upper - bb_lower), 0.5)
Collect signals 2019/3317:  61%|¨€¨€¨€¨€¨€¨€    | 2018/3317 [1:47:33<1:10:20,  3.25s/stock]Collect signals 2019/3317:  61%|¨€¨€¨€¨€¨€¨€    | 2019/3317 [1:47:33<1:11:20,  3.30s/stock]D:\Projects\auto-select-stock\src\auto_select_stock\predict\data.py:76: RuntimeWarning: invalid value encountered in divide
  result["bb_position"] = np.where(bb_upper != bb_lower, (close - bb_lower) / (bb_upper - bb_lower), 0.5)
Collect signals 2020/3317:  61%|¨€¨€¨€¨€¨€¨€    | 2019/3317 [1:47:35<1:11:20,  3.30s/stock]Collect signals 2020/3317:  61%|¨€¨€¨€¨€¨€¨€    | 2020/3317 [1:47:35<1:08:57,  3.19s/stock]D:\Projects\auto-select-stock\src\auto_select_stock\predict\data.py:76: RuntimeWarning: invalid value encountered in divide
  result["bb_position"] = np.where(bb_upper != bb_lower, (close - bb_lower) / (bb_upper - bb_lower), 0.5)
Collect signals 2021/3317:  61%|¨€¨€¨€¨€¨€¨€    | 2020/3317 [1:47:39<1:08:57,  3.19s/stock]Collect signals 2021/3317:  61%|¨€¨€¨€¨€¨€¨€    | 2021/3317 [1:47:39<1:10:43,  3.27s/stock]D:\Projects\auto-select-stock\src\auto_select_stock\predict\data.py:76: RuntimeWarning: invalid value encountered in divide
  result["bb_position"] = np.where(bb_upper != bb_lower, (close - bb_lower) / (bb_upper - bb_lower), 0.5)
Collect signals 2022/3317:  61%|¨€¨€¨€¨€¨€¨€    | 2021/3317 [1:47:42<1:10:43,  3.27s/stock]Collect signals 2022/3317:  61%|¨€¨€¨€¨€¨€¨€    | 2022/3317 [1:47:42<1:08:19,  3.17s/stock]D:\Projects\auto-select-stock\src\auto_select_stock\predict\data.py:76: RuntimeWarning: invalid value encountered in divide
  result["bb_position"] = np.where(bb_upper != bb_lower, (close - bb_lower) / (bb_upper - bb_lower), 0.5)
Collect signals 2023/3317:  61%|¨€¨€¨€¨€¨€¨€    | 2022/3317 [1:47:45<1:08:19,  3.17s/stock]Collect signals 2023/3317:  61%|¨€¨€¨€¨€¨€¨€    | 2023/3317 [1:47:45<1:09:17,  3.21s/stock]D:\Projects\auto-select-stock\src\auto_select_stock\predict\data.py:76: RuntimeWarning: invalid value encountered in divide
  result["bb_position"] = np.where(bb_upper != bb_lower, (close - bb_lower) / (bb_upper - bb_lower), 0.5)
Collect signals 2024/3317:  61%|¨€¨€¨€¨€¨€¨€    | 2023/3317 [1:47:48<1:09:17,  3.21s/stock]Collect signals 2024/3317:  61%|¨€¨€¨€¨€¨€¨€    | 2024/3317 [1:47:48<1:07:32,  3.13s/stock]D:\Projects\auto-select-stock\src\auto_select_stock\predict\data.py:76: RuntimeWarning: invalid value encountered in divide
  result["bb_position"] = np.where(bb_upper != bb_lower, (close - bb_lower) / (bb_upper - bb_lower), 0.5)
Collect signals 2025/3317:  61%|¨€¨€¨€¨€¨€¨€    | 2024/3317 [1:47:51<1:07:32,  3.13s/stock]Collect signals 2025/3317:  61%|¨€¨€¨€¨€¨€¨€    | 2025/3317 [1:47:51<1:08:31,  3.18s/stock]D:\Projects\auto-select-stock\src\auto_select_stock\predict\data.py:76: RuntimeWarning: invalid value encountered in divide
  result["bb_position"] = np.where(bb_upper != bb_lower, (close - bb_lower) / (bb_upper - bb_lower), 0.5)
Collect signals 2026/3317:  61%|¨€¨€¨€¨€¨€¨€    | 2025/3317 [1:47:55<1:08:31,  3.18s/stock]Collect signals 2026/3317:  61%|¨€¨€¨€¨€¨€¨€    | 2026/3317 [1:47:55<1:12:24,  3.37s/stock]D:\Projects\auto-select-stock\src\auto_select_stock\predict\data.py:76: RuntimeWarning: invalid value encountered in divide
  result["bb_position"] = np.where(bb_upper != bb_lower, (close - bb_lower) / (bb_upper - bb_lower), 0.5)
Collect signals 2027/3317:  61%|¨€¨€¨€¨€¨€¨€    | 2026/3317 [1:47:58<1:12:24,  3.37s/stock]Collect signals 2027/3317:  61%|¨€¨€¨€¨€¨€¨€    | 2027/3317 [1:47:58<1:11:26,  3.32s/stock]D:\Projects\auto-select-stock\src\auto_select_stock\predict\data.py:76: RuntimeWarning: invalid value encountered in divide
  result["bb_position"] = np.where(bb_upper != bb_lower, (close - bb_lower) / (bb_upper - bb_lower), 0.5)
Collect signals 2028/3317:  61%|¨€¨€¨€¨€¨€¨€    | 2027/3317 [1:48:02<1:11:26,  3.32s/stock]Collect signals 2028/3317:  61%|¨€¨€¨€¨€¨€¨€    | 2028/3317 [1:48:02<1:12:29,  3.37s/stock]D:\Projects\auto-select-stock\src\auto_select_stock\predict\data.py:76: RuntimeWarning: invalid value encountered in divide
  result["bb_position"] = np.where(bb_upper != bb_lower, (close - bb_lower) / (bb_upper - bb_lower), 0.5)
Collect signals 2029/3317:  61%|¨€¨€¨€¨€¨€¨€    | 2028/3317 [1:48:05<1:12:29,  3.37s/stock]Collect signals 2029/3317:  61%|¨€¨€¨€¨€¨€¨€    | 2029/3317 [1:48:05<1:10:28,  3.28s/stock]D:\Projects\auto-select-stock\src\auto_select_stock\predict\data.py:76: RuntimeWarning: invalid value encountered in divide
  result["bb_position"] = np.where(bb_upper != bb_lower, (close - bb_lower) / (bb_upper - bb_lower), 0.5)
Collect signals 2030/3317:  61%|¨€¨€¨€¨€¨€¨€    | 2029/3317 [1:48:08<1:10:28,  3.28s/stock]Collect signals 2030/3317:  61%|¨€¨€¨€¨€¨€¨€    | 2030/3317 [1:48:08<1:10:56,  3.31s/stock]D:\Projects\auto-select-stock\src\auto_select_stock\predict\data.py:76: RuntimeWarning: invalid value encountered in divide
  result["bb_position"] = np.where(bb_upper != bb_lower, (close - bb_lower) / (bb_upper - bb_lower), 0.5)
Collect signals 2031/3317:  61%|¨€¨€¨€¨€¨€¨€    | 2030/3317 [1:48:12<1:10:56,  3.31s/stock]Collect signals 2031/3317:  61%|¨€¨€¨€¨€¨€¨€    | 2031/3317 [1:48:12<1:09:50,  3.26s/stock]D:\Projects\auto-select-stock\src\auto_select_stock\predict\data.py:76: RuntimeWarning: invalid value encountered in divide
  result["bb_position"] = np.where(bb_upper != bb_lower, (close - bb_lower) / (bb_upper - bb_lower), 0.5)
Collect signals 2032/3317:  61%|¨€¨€¨€¨€¨€¨€    | 2031/3317 [1:48:15<1:09:50,  3.26s/stock]Collect signals 2032/3317:  61%|¨€¨€¨€¨€¨€¨€¨‡   | 2032/3317 [1:48:15<1:11:39,  3.35s/stock]D:\Projects\auto-select-stock\src\auto_select_stock\predict\data.py:76: RuntimeWarning: invalid value encountered in divide
  result["bb_position"] = np.where(bb_upper != bb_lower, (close - bb_lower) / (bb_upper - bb_lower), 0.5)
Collect signals 2033/3317:  61%|¨€¨€¨€¨€¨€¨€¨‡   | 2032/3317 [1:48:18<1:11:39,  3.35s/stock]Collect signals 2033/3317:  61%|¨€¨€¨€¨€¨€¨€¨‡   | 2033/3317 [1:48:18<1:10:54,  3.31s/stock]D:\Projects\auto-select-stock\src\auto_select_stock\predict\data.py:76: RuntimeWarning: invalid value encountered in divide
  result["bb_position"] = np.where(bb_upper != bb_lower, (close - bb_lower) / (bb_upper - bb_lower), 0.5)
Collect signals 2034/3317:  61%|¨€¨€¨€¨€¨€¨€¨‡   | 2033/3317 [1:48:22<1:10:54,  3.31s/stock]Collect signals 2034/3317:  61%|¨€¨€¨€¨€¨€¨€¨‡   | 2034/3317 [1:48:22<1:12:15,  3.38s/stock]D:\Projects\auto-select-stock\src\auto_select_stock\predict\data.py:76: RuntimeWarning: invalid value encountered in divide
  result["bb_position"] = np.where(bb_upper != bb_lower, (close - bb_lower) / (bb_upper - bb_lower), 0.5)
Collect signals 2035/3317:  61%|¨€¨€¨€¨€¨€¨€¨‡   | 2034/3317 [1:48:26<1:12:15,  3.38s/stock]Collect signals 2035/3317:  61%|¨€¨€¨€¨€¨€¨€¨‡   | 2035/3317 [1:48:26<1:14:03,  3.47s/stock]D:\Projects\auto-select-stock\src\auto_select_stock\predict\data.py:76: RuntimeWarning: invalid value encountered in divide
  result["bb_position"] = np.where(bb_upper != bb_lower, (close - bb_lower) / (bb_upper - bb_lower), 0.5)
Collect signals 2036/3317:  61%|¨€¨€¨€¨€¨€¨€¨‡   | 2035/3317 [1:48:29<1:14:03,  3.47s/stock]Collect signals 2036/3317:  61%|¨€¨€¨€¨€¨€¨€¨‡   | 2036/3317 [1:48:29<1:11:03,  3.33s/stock]D:\Projects\auto-select-stock\src\auto_select_stock\predict\data.py:76: RuntimeWarning: invalid value encountered in divide
  result["bb_position"] = np.where(bb_upper != bb_lower, (close - bb_lower) / (bb_upper - bb_lower), 0.5)
Collect signals 2037/3317:  61%|¨€¨€¨€¨€¨€¨€¨‡   | 2036/3317 [1:48:32<1:11:03,  3.33s/stock]Collect signals 2037/3317:  61%|¨€¨€¨€¨€¨€¨€¨‡   | 2037/3317 [1:48:32<1:13:03,  3.42s/stock]D:\Projects\auto-select-stock\src\auto_select_stock\predict\data.py:76: RuntimeWarning: invalid value encountered in divide
  result["bb_position"] = np.where(bb_upper != bb_lower, (close - bb_lower) / (bb_upper - bb_lower), 0.5)
Collect signals 2038/3317:  61%|¨€¨€¨€¨€¨€¨€¨‡   | 2037/3317 [1:48:35<1:13:03,  3.42s/stock]Collect signals 2038/3317:  61%|¨€¨€¨€¨€¨€¨€¨‡   | 2038/3317 [1:48:35<1:11:20,  3.35s/stock]D:\Projects\auto-select-stock\src\auto_select_stock\predict\data.py:76: RuntimeWarning: invalid value encountered in divide
  result["bb_position"] = np.where(bb_upper != bb_lower, (close - bb_lower) / (bb_upper - bb_lower), 0.5)
Collect signals 2039/3317:  61%|¨€¨€¨€¨€¨€¨€¨‡   | 2038/3317 [1:48:39<1:11:20,  3.35s/stock]Collect signals 2039/3317:  61%|¨€¨€¨€¨€¨€¨€¨‡   | 2039/3317 [1:48:39<1:12:56,  3.42s/stock]D:\Projects\auto-select-stock\src\auto_select_stock\predict\data.py:76: RuntimeWarning: invalid value encountered in divide
  result["bb_position"] = np.where(bb_upper != bb_lower, (close - bb_lower) / (bb_upper - bb_lower), 0.5)
Collect signals 2040/3317:  61%|¨€¨€¨€¨€¨€¨€¨‡   | 2039/3317 [1:48:42<1:12:56,  3.42s/stock]Collect signals 2040/3317:  62%|¨€¨€¨€¨€¨€¨€¨‡   | 2040/3317 [1:48:42<1:10:42,  3.32s/stock]D:\Projects\auto-select-stock\src\auto_select_stock\predict\data.py:76: RuntimeWarning: invalid value encountered in divide
  result["bb_position"] = np.where(bb_upper != bb_lower, (close - bb_lower) / (bb_upper - bb_lower), 0.5)
Collect signals 2041/3317:  62%|¨€¨€¨€¨€¨€¨€¨‡   | 2040/3317 [1:48:46<1:10:42,  3.32s/stock]Collect signals 2041/3317:  62%|¨€¨€¨€¨€¨€¨€¨‡   | 2041/3317 [1:48:46<1:12:18,  3.40s/stock]D:\Projects\auto-select-stock\src\auto_select_stock\predict\data.py:76: RuntimeWarning: invalid value encountered in divide
  result["bb_position"] = np.where(bb_upper != bb_lower, (close - bb_lower) / (bb_upper - bb_lower), 0.5)
Collect signals 2042/3317:  62%|¨€¨€¨€¨€¨€¨€¨‡   | 2041/3317 [1:48:49<1:12:18,  3.40s/stock]Collect signals 2042/3317:  62%|¨€¨€¨€¨€¨€¨€¨‡   | 2042/3317 [1:48:49<1:13:10,  3.44s/stock]D:\Projects\auto-select-stock\src\auto_select_stock\predict\data.py:76: RuntimeWarning: invalid value encountered in divide
  result["bb_position"] = np.where(bb_upper != bb_lower, (close - bb_lower) / (bb_upper - bb_lower), 0.5)
Collect signals 2043/3317:  62%|¨€¨€¨€¨€¨€¨€¨‡   | 2042/3317 [1:48:52<1:13:10,  3.44s/stock]Collect signals 2043/3317:  62%|¨€¨€¨€¨€¨€¨€¨‡   | 2043/3317 [1:48:52<1:12:24,  3.41s/stock]D:\Projects\auto-select-stock\src\auto_select_stock\predict\data.py:76: RuntimeWarning: invalid value encountered in divide
  result["bb_position"] = np.where(bb_upper != bb_lower, (close - bb_lower) / (bb_upper - bb_lower), 0.5)
Collect signals 2044/3317:  62%|¨€¨€¨€¨€¨€¨€¨‡   | 2043/3317 [1:48:56<1:12:24,  3.41s/stock]Collect signals 2044/3317:  62%|¨€¨€¨€¨€¨€¨€¨‡   | 2044/3317 [1:48:56<1:13:07,  3.45s/stock]D:\Projects\auto-select-stock\src\auto_select_stock\predict\data.py:76: RuntimeWarning: invalid value encountered in divide
  result["bb_position"] = np.where(bb_upper != bb_lower, (close - bb_lower) / (bb_upper - bb_lower), 0.5)
Collect signals 2045/3317:  62%|¨€¨€¨€¨€¨€¨€¨‡   | 2044/3317 [1:48:59<1:13:07,  3.45s/stock]Collect signals 2045/3317:  62%|¨€¨€¨€¨€¨€¨€¨‡   | 2045/3317 [1:48:59<1:10:57,  3.35s/stock]D:\Projects\auto-select-stock\src\auto_select_stock\predict\data.py:76: RuntimeWarning: invalid value encountered in divide
  result["bb_position"] = np.where(bb_upper != bb_lower, (close - bb_lower) / (bb_upper - bb_lower), 0.5)
Collect signals 2046/3317:  62%|¨€¨€¨€¨€¨€¨€¨‡   | 2045/3317 [1:49:03<1:10:57,  3.35s/stock]Collect signals 2046/3317:  62%|¨€¨€¨€¨€¨€¨€¨‡   | 2046/3317 [1:49:03<1:12:33,  3.42s/stock]D:\Projects\auto-select-stock\src\auto_select_stock\predict\data.py:76: RuntimeWarning: invalid value encountered in divide
  result["bb_position"] = np.where(bb_upper != bb_lower, (close - bb_lower) / (bb_upper - bb_lower), 0.5)
Collect signals 2047/3317:  62%|¨€¨€¨€¨€¨€¨€¨‡   | 2046/3317 [1:49:06<1:12:33,  3.42s/stock]Collect signals 2047/3317:  62%|¨€¨€¨€¨€¨€¨€¨‡   | 2047/3317 [1:49:06<1:10:34,  3.33s/stock]D:\Projects\auto-select-stock\src\auto_select_stock\predict\data.py:76: RuntimeWarning: invalid value encountered in divide
  result["bb_position"] = np.where(bb_upper != bb_lower, (close - bb_lower) / (bb_upper - bb_lower), 0.5)
Collect signals 2048/3317:  62%|¨€¨€¨€¨€¨€¨€¨‡   | 2047/3317 [1:49:10<1:10:34,  3.33s/stock]Collect signals 2048/3317:  62%|¨€¨€¨€¨€¨€¨€¨‡   | 2048/3317 [1:49:10<1:13:03,  3.45s/stock]D:\Projects\auto-select-stock\src\auto_select_stock\predict\data.py:76: RuntimeWarning: invalid value encountered in divide
  result["bb_position"] = np.where(bb_upper != bb_lower, (close - bb_lower) / (bb_upper - bb_lower), 0.5)
Collect signals 2049/3317:  62%|¨€¨€¨€¨€¨€¨€¨‡   | 2048/3317 [1:49:13<1:13:03,  3.45s/stock]Collect signals 2049/3317:  62%|¨€¨€¨€¨€¨€¨€¨‡   | 2049/3317 [1:49:13<1:12:46,  3.44s/stock]D:\Projects\auto-select-stock\src\auto_select_stock\predict\data.py:76: RuntimeWarning: invalid value encountered in divide
  result["bb_position"] = np.where(bb_upper != bb_lower, (close - bb_lower) / (bb_upper - bb_lower), 0.5)
Collect signals 2050/3317:  62%|¨€¨€¨€¨€¨€¨€¨‡   | 2049/3317 [1:49:17<1:12:46,  3.44s/stock]Collect signals 2050/3317:  62%|¨€¨€¨€¨€¨€¨€¨‡   | 2050/3317 [1:49:17<1:14:24,  3.52s/stock]D:\Projects\auto-select-stock\src\auto_select_stock\predict\data.py:76: RuntimeWarning: invalid value encountered in divide
  result["bb_position"] = np.where(bb_upper != bb_lower, (close - bb_lower) / (bb_upper - bb_lower), 0.5)
Collect signals 2051/3317:  62%|¨€¨€¨€¨€¨€¨€¨‡   | 2050/3317 [1:49:20<1:14:24,  3.52s/stock]Collect signals 2051/3317:  62%|¨€¨€¨€¨€¨€¨€¨‡   | 2051/3317 [1:49:20<1:15:53,  3.60s/stock]D:\Projects\auto-select-stock\src\auto_select_stock\predict\data.py:76: RuntimeWarning: invalid value encountered in divide
  result["bb_position"] = np.where(bb_upper != bb_lower, (close - bb_lower) / (bb_upper - bb_lower), 0.5)
Collect signals 2052/3317:  62%|¨€¨€¨€¨€¨€¨€¨‡   | 2051/3317 [1:49:24<1:15:53,  3.60s/stock]Collect signals 2052/3317:  62%|¨€¨€¨€¨€¨€¨€¨‡   | 2052/3317 [1:49:24<1:13:44,  3.50s/stock]D:\Projects\auto-select-stock\src\auto_select_stock\predict\data.py:76: RuntimeWarning: invalid value encountered in divide
  result["bb_position"] = np.where(bb_upper != bb_lower, (close - bb_lower) / (bb_upper - bb_lower), 0.5)
Collect signals 2053/3317:  62%|¨€¨€¨€¨€¨€¨€¨‡   | 2052/3317 [1:49:27<1:13:44,  3.50s/stock]Collect signals 2053/3317:  62%|¨€¨€¨€¨€¨€¨€¨‡   | 2053/3317 [1:49:27<1:14:19,  3.53s/stock]D:\Projects\auto-select-stock\src\auto_select_stock\predict\data.py:76: RuntimeWarning: invalid value encountered in divide
  result["bb_position"] = np.where(bb_upper != bb_lower, (close - bb_lower) / (bb_upper - bb_lower), 0.5)
Collect signals 2054/3317:  62%|¨€¨€¨€¨€¨€¨€¨‡   | 2053/3317 [1:49:31<1:14:19,  3.53s/stock]Collect signals 2054/3317:  62%|¨€¨€¨€¨€¨€¨€¨‡   | 2054/3317 [1:49:31<1:12:57,  3.47s/stock]D:\Projects\auto-select-stock\src\auto_select_stock\predict\data.py:76: RuntimeWarning: invalid value encountered in divide
  result["bb_position"] = np.where(bb_upper != bb_lower, (close - bb_lower) / (bb_upper - bb_lower), 0.5)
Collect signals 2055/3317:  62%|¨€¨€¨€¨€¨€¨€¨‡   | 2054/3317 [1:49:34<1:12:57,  3.47s/stock]Collect signals 2055/3317:  62%|¨€¨€¨€¨€¨€¨€¨‡   | 2055/3317 [1:49:34<1:14:31,  3.54s/stock]D:\Projects\auto-select-stock\src\auto_select_stock\predict\data.py:76: RuntimeWarning: invalid value encountered in divide
  result["bb_position"] = np.where(bb_upper != bb_lower, (close - bb_lower) / (bb_upper - bb_lower), 0.5)
Collect signals 2056/3317:  62%|¨€¨€¨€¨€¨€¨€¨‡   | 2055/3317 [1:49:38<1:14:31,  3.54s/stock]Collect signals 2056/3317:  62%|¨€¨€¨€¨€¨€¨€¨‡   | 2056/3317 [1:49:38<1:12:45,  3.46s/stock]D:\Projects\auto-select-stock\src\auto_select_stock\predict\data.py:76: RuntimeWarning: invalid value encountered in divide
  result["bb_position"] = np.where(bb_upper != bb_lower, (close - bb_lower) / (bb_upper - bb_lower), 0.5)
Collect signals 2057/3317:  62%|¨€¨€¨€¨€¨€¨€¨‡   | 2056/3317 [1:49:41<1:12:45,  3.46s/stock]Collect signals 2057/3317:  62%|¨€¨€¨€¨€¨€¨€¨‡   | 2057/3317 [1:49:41<1:14:49,  3.56s/stock]D:\Projects\auto-select-stock\src\auto_select_stock\predict\data.py:76: RuntimeWarning: invalid value encountered in divide
  result["bb_position"] = np.where(bb_upper != bb_lower, (close - bb_lower) / (bb_upper - bb_lower), 0.5)
Collect signals 2058/3317:  62%|¨€¨€¨€¨€¨€¨€¨‡   | 2057/3317 [1:49:45<1:14:49,  3.56s/stock]Collect signals 2058/3317:  62%|¨€¨€¨€¨€¨€¨€¨‡   | 2058/3317 [1:49:45<1:16:28,  3.64s/stock]D:\Projects\auto-select-stock\src\auto_select_stock\predict\data.py:76: RuntimeWarning: invalid value encountered in divide
  result["bb_position"] = np.where(bb_upper != bb_lower, (close - bb_lower) / (bb_upper - bb_lower), 0.5)
Collect signals 2059/3317:  62%|¨€¨€¨€¨€¨€¨€¨‡   | 2058/3317 [1:49:49<1:16:28,  3.64s/stock]Collect signals 2059/3317:  62%|¨€¨€¨€¨€¨€¨€¨‡   | 2059/3317 [1:49:49<1:14:31,  3.55s/stock]D:\Projects\auto-select-stock\src\auto_select_stock\predict\data.py:76: RuntimeWarning: invalid value encountered in divide
  result["bb_position"] = np.where(bb_upper != bb_lower, (close - bb_lower) / (bb_upper - bb_lower), 0.5)
Collect signals 2060/3317:  62%|¨€¨€¨€¨€¨€¨€¨‡   | 2059/3317 [1:49:53<1:14:31,  3.55s/stock]Collect signals 2060/3317:  62%|¨€¨€¨€¨€¨€¨€¨‡   | 2060/3317 [1:49:53<1:16:19,  3.64s/stock]D:\Projects\auto-select-stock\src\auto_select_stock\predict\data.py:76: RuntimeWarning: invalid value encountered in divide
  result["bb_position"] = np.where(bb_upper != bb_lower, (close - bb_lower) / (bb_upper - bb_lower), 0.5)
Collect signals 2061/3317:  62%|¨€¨€¨€¨€¨€¨€¨‡   | 2060/3317 [1:49:56<1:16:19,  3.64s/stock]Collect signals 2061/3317:  62%|¨€¨€¨€¨€¨€¨€¨‡   | 2061/3317 [1:49:56<1:14:37,  3.57s/stock]D:\Projects\auto-select-stock\src\auto_select_stock\predict\data.py:76: RuntimeWarning: invalid value encountered in divide
  result["bb_position"] = np.where(bb_upper != bb_lower, (close - bb_lower) / (bb_upper - bb_lower), 0.5)
Collect signals 2062/3317:  62%|¨€¨€¨€¨€¨€¨€¨‡   | 2061/3317 [1:50:00<1:14:37,  3.57s/stock]Collect signals 2062/3317:  62%|¨€¨€¨€¨€¨€¨€¨‡   | 2062/3317 [1:50:00<1:17:21,  3.70s/stock]D:\Projects\auto-select-stock\src\auto_select_stock\predict\data.py:76: RuntimeWarning: invalid value encountered in divide
  result["bb_position"] = np.where(bb_upper != bb_lower, (close - bb_lower) / (bb_upper - bb_lower), 0.5)
Collect signals 2063/3317:  62%|¨€¨€¨€¨€¨€¨€¨‡   | 2062/3317 [1:50:03<1:17:21,  3.70s/stock]Collect signals 2063/3317:  62%|¨€¨€¨€¨€¨€¨€¨‡   | 2063/3317 [1:50:03<1:15:59,  3.64s/stock]D:\Projects\auto-select-stock\src\auto_select_stock\predict\data.py:76: RuntimeWarning: invalid value encountered in divide
  result["bb_position"] = np.where(bb_upper != bb_lower, (close - bb_lower) / (bb_upper - bb_lower), 0.5)
Collect signals 2064/3317:  62%|¨€¨€¨€¨€¨€¨€¨‡   | 2063/3317 [1:50:07<1:15:59,  3.64s/stock]Collect signals 2064/3317:  62%|¨€¨€¨€¨€¨€¨€¨‡   | 2064/3317 [1:50:07<1:16:24,  3.66s/stock]D:\Projects\auto-select-stock\src\auto_select_stock\predict\data.py:76: RuntimeWarning: invalid value encountered in divide
  result["bb_position"] = np.where(bb_upper != bb_lower, (close - bb_lower) / (bb_upper - bb_lower), 0.5)
Collect signals 2065/3317:  62%|¨€¨€¨€¨€¨€¨€¨‡   | 2064/3317 [1:50:10<1:16:24,  3.66s/stock]Collect signals 2065/3317:  62%|¨€¨€¨€¨€¨€¨€¨‡   | 2065/3317 [1:50:10<1:12:53,  3.49s/stock]D:\Projects\auto-select-stock\src\auto_select_stock\predict\data.py:76: RuntimeWarning: invalid value encountered in divide
  result["bb_position"] = np.where(bb_upper != bb_lower, (close - bb_lower) / (bb_upper - bb_lower), 0.5)
Collect signals 2066/3317:  62%|¨€¨€¨€¨€¨€¨€¨‡   | 2065/3317 [1:50:14<1:12:53,  3.49s/stock]Collect signals 2066/3317:  62%|¨€¨€¨€¨€¨€¨€¨‡   | 2066/3317 [1:50:14<1:13:25,  3.52s/stock]D:\Projects\auto-select-stock\src\auto_select_stock\predict\data.py:76: RuntimeWarning: invalid value encountered in divide
  result["bb_position"] = np.where(bb_upper != bb_lower, (close - bb_lower) / (bb_upper - bb_lower), 0.5)
Collect signals 2067/3317:  62%|¨€¨€¨€¨€¨€¨€¨‡   | 2066/3317 [1:50:17<1:13:25,  3.52s/stock]Collect signals 2067/3317:  62%|¨€¨€¨€¨€¨€¨€¨‡   | 2067/3317 [1:50:17<1:11:09,  3.42s/stock]D:\Projects\auto-select-stock\src\auto_select_stock\predict\data.py:76: RuntimeWarning: invalid value encountered in divide
  result["bb_position"] = np.where(bb_upper != bb_lower, (close - bb_lower) / (bb_upper - bb_lower), 0.5)
Collect signals 2068/3317:  62%|¨€¨€¨€¨€¨€¨€¨‡   | 2067/3317 [1:50:21<1:11:09,  3.42s/stock]Collect signals 2068/3317:  62%|¨€¨€¨€¨€¨€¨€¨‡   | 2068/3317 [1:50:21<1:12:59,  3.51s/stock]D:\Projects\auto-select-stock\src\auto_select_stock\predict\data.py:76: RuntimeWarning: invalid value encountered in divide
  result["bb_position"] = np.where(bb_upper != bb_lower, (close - bb_lower) / (bb_upper - bb_lower), 0.5)
Collect signals 2069/3317:  62%|¨€¨€¨€¨€¨€¨€¨‡   | 2068/3317 [1:50:24<1:12:59,  3.51s/stock]Collect signals 2069/3317:  62%|¨€¨€¨€¨€¨€¨€¨‡   | 2069/3317 [1:50:24<1:13:54,  3.55s/stock]D:\Projects\auto-select-stock\src\auto_select_stock\predict\data.py:76: RuntimeWarning: invalid value encountered in divide
  result["bb_position"] = np.where(bb_upper != bb_lower, (close - bb_lower) / (bb_upper - bb_lower), 0.5)
Collect signals 2070/3317:  62%|¨€¨€¨€¨€¨€¨€¨‡   | 2069/3317 [1:50:28<1:13:54,  3.55s/stock]Collect signals 2070/3317:  62%|¨€¨€¨€¨€¨€¨€¨‡   | 2070/3317 [1:50:28<1:12:33,  3.49s/stock]D:\Projects\auto-select-stock\src\auto_select_stock\predict\data.py:76: RuntimeWarning: invalid value encountered in divide
  result["bb_position"] = np.where(bb_upper != bb_lower, (close - bb_lower) / (bb_upper - bb_lower), 0.5)
Collect signals 2071/3317:  62%|¨€¨€¨€¨€¨€¨€¨‡   | 2070/3317 [1:50:32<1:12:33,  3.49s/stock]Collect signals 2071/3317:  62%|¨€¨€¨€¨€¨€¨€¨‡   | 2071/3317 [1:50:32<1:15:54,  3.66s/stock]D:\Projects\auto-select-stock\src\auto_select_stock\predict\data.py:76: RuntimeWarning: invalid value encountered in divide
  result["bb_position"] = np.where(bb_upper != bb_lower, (close - bb_lower) / (bb_upper - bb_lower), 0.5)
Collect signals 2072/3317:  62%|¨€¨€¨€¨€¨€¨€¨‡   | 2071/3317 [1:50:35<1:15:54,  3.66s/stock]Collect signals 2072/3317:  62%|¨€¨€¨€¨€¨€¨€¨‡   | 2072/3317 [1:50:35<1:15:21,  3.63s/stock]D:\Projects\auto-select-stock\src\auto_select_stock\predict\data.py:76: RuntimeWarning: invalid value encountered in divide
  result["bb_position"] = np.where(bb_upper != bb_lower, (close - bb_lower) / (bb_upper - bb_lower), 0.5)
Collect signals 2073/3317:  62%|¨€¨€¨€¨€¨€¨€¨‡   | 2072/3317 [1:50:39<1:15:21,  3.63s/stock]Collect signals 2073/3317:  62%|¨€¨€¨€¨€¨€¨€¨‡   | 2073/3317 [1:50:39<1:16:20,  3.68s/stock]D:\Projects\auto-select-stock\src\auto_select_stock\predict\data.py:76: RuntimeWarning: invalid value encountered in divide
  result["bb_position"] = np.where(bb_upper != bb_lower, (close - bb_lower) / (bb_upper - bb_lower), 0.5)
Collect signals 2074/3317:  62%|¨€¨€¨€¨€¨€¨€¨‡   | 2073/3317 [1:50:43<1:16:20,  3.68s/stock]Collect signals 2074/3317:  63%|¨€¨€¨€¨€¨€¨€¨†   | 2074/3317 [1:50:43<1:15:19,  3.64s/stock]D:\Projects\auto-select-stock\src\auto_select_stock\predict\data.py:76: RuntimeWarning: invalid value encountered in divide
  result["bb_position"] = np.where(bb_upper != bb_lower, (close - bb_lower) / (bb_upper - bb_lower), 0.5)
Collect signals 2075/3317:  63%|¨€¨€¨€¨€¨€¨€¨†   | 2074/3317 [1:50:47<1:15:19,  3.64s/stock]Collect signals 2075/3317:  63%|¨€¨€¨€¨€¨€¨€¨†   | 2075/3317 [1:50:47<1:18:40,  3.80s/stock]D:\Projects\auto-select-stock\src\auto_select_stock\predict\data.py:76: RuntimeWarning: invalid value encountered in divide
  result["bb_position"] = np.where(bb_upper != bb_lower, (close - bb_lower) / (bb_upper - bb_lower), 0.5)
Collect signals 2076/3317:  63%|¨€¨€¨€¨€¨€¨€¨†   | 2075/3317 [1:50:51<1:18:40,  3.80s/stock]Collect signals 2076/3317:  63%|¨€¨€¨€¨€¨€¨€¨†   | 2076/3317 [1:50:51<1:19:28,  3.84s/stock]D:\Projects\auto-select-stock\src\auto_select_stock\predict\data.py:76: RuntimeWarning: invalid value encountered in divide
  result["bb_position"] = np.where(bb_upper != bb_lower, (close - bb_lower) / (bb_upper - bb_lower), 0.5)
Collect signals 2077/3317:  63%|¨€¨€¨€¨€¨€¨€¨†   | 2076/3317 [1:50:55<1:19:28,  3.84s/stock]Collect signals 2077/3317:  63%|¨€¨€¨€¨€¨€¨€¨†   | 2077/3317 [1:50:55<1:19:10,  3.83s/stock]D:\Projects\auto-select-stock\src\auto_select_stock\predict\data.py:76: RuntimeWarning: invalid value encountered in divide
  result["bb_position"] = np.where(bb_upper != bb_lower, (close - bb_lower) / (bb_upper - bb_lower), 0.5)
Collect signals 2078/3317:  63%|¨€¨€¨€¨€¨€¨€¨†   | 2077/3317 [1:50:59<1:19:10,  3.83s/stock]Collect signals 2078/3317:  63%|¨€¨€¨€¨€¨€¨€¨†   | 2078/3317 [1:50:59<1:21:11,  3.93s/stock]D:\Projects\auto-select-stock\src\auto_select_stock\predict\data.py:76: RuntimeWarning: invalid value encountered in divide
  result["bb_position"] = np.where(bb_upper != bb_lower, (close - bb_lower) / (bb_upper - bb_lower), 0.5)
Collect signals 2079/3317:  63%|¨€¨€¨€¨€¨€¨€¨†   | 2078/3317 [1:51:02<1:21:11,  3.93s/stock]Collect signals 2079/3317:  63%|¨€¨€¨€¨€¨€¨€¨†   | 2079/3317 [1:51:02<1:18:14,  3.79s/stock]D:\Projects\auto-select-stock\src\auto_select_stock\predict\data.py:76: RuntimeWarning: invalid value encountered in divide
  result["bb_position"] = np.where(bb_upper != bb_lower, (close - bb_lower) / (bb_upper - bb_lower), 0.5)
Collect signals 2080/3317:  63%|¨€¨€¨€¨€¨€¨€¨†   | 2079/3317 [1:51:06<1:18:14,  3.79s/stock]Collect signals 2080/3317:  63%|¨€¨€¨€¨€¨€¨€¨†   | 2080/3317 [1:51:06<1:20:55,  3.93s/stock]D:\Projects\auto-select-stock\src\auto_select_stock\predict\data.py:76: RuntimeWarning: invalid value encountered in divide
  result["bb_position"] = np.where(bb_upper != bb_lower, (close - bb_lower) / (bb_upper - bb_lower), 0.5)
Collect signals 2081/3317:  63%|¨€¨€¨€¨€¨€¨€¨†   | 2080/3317 [1:51:10<1:20:55,  3.93s/stock]Collect signals 2081/3317:  63%|¨€¨€¨€¨€¨€¨€¨†   | 2081/3317 [1:51:10<1:16:18,  3.70s/stock]D:\Projects\auto-select-stock\src\auto_select_stock\predict\data.py:76: RuntimeWarning: invalid value encountered in divide
  result["bb_position"] = np.where(bb_upper != bb_lower, (close - bb_lower) / (bb_upper - bb_lower), 0.5)
Collect signals 2082/3317:  63%|¨€¨€¨€¨€¨€¨€¨†   | 2081/3317 [1:51:14<1:16:18,  3.70s/stock]Collect signals 2082/3317:  63%|¨€¨€¨€¨€¨€¨€¨†   | 2082/3317 [1:51:14<1:17:53,  3.78s/stock]D:\Projects\auto-select-stock\src\auto_select_stock\predict\data.py:76: RuntimeWarning: invalid value encountered in divide
  result["bb_position"] = np.where(bb_upper != bb_lower, (close - bb_lower) / (bb_upper - bb_lower), 0.5)
Collect signals 2083/3317:  63%|¨€¨€¨€¨€¨€¨€¨†   | 2082/3317 [1:51:17<1:17:53,  3.78s/stock]Collect signals 2083/3317:  63%|¨€¨€¨€¨€¨€¨€¨†   | 2083/3317 [1:51:17<1:17:12,  3.75s/stock]D:\Projects\auto-select-stock\src\auto_select_stock\predict\data.py:76: RuntimeWarning: invalid value encountered in divide
  result["bb_position"] = np.where(bb_upper != bb_lower, (close - bb_lower) / (bb_upper - bb_lower), 0.5)
Collect signals 2084/3317:  63%|¨€¨€¨€¨€¨€¨€¨†   | 2083/3317 [1:51:21<1:17:12,  3.75s/stock]Collect signals 2084/3317:  63%|¨€¨€¨€¨€¨€¨€¨†   | 2084/3317 [1:51:21<1:14:51,  3.64s/stock]D:\Projects\auto-select-stock\src\auto_select_stock\predict\data.py:76: RuntimeWarning: invalid value encountered in divide
  result["bb_position"] = np.where(bb_upper != bb_lower, (close - bb_lower) / (bb_upper - bb_lower), 0.5)
Collect signals 2085/3317:  63%|¨€¨€¨€¨€¨€¨€¨†   | 2084/3317 [1:51:24<1:14:51,  3.64s/stock]Collect signals 2085/3317:  63%|¨€¨€¨€¨€¨€¨€¨†   | 2085/3317 [1:51:24<1:13:16,  3.57s/stock]D:\Projects\auto-select-stock\src\auto_select_stock\predict\data.py:76: RuntimeWarning: invalid value encountered in divide
  result["bb_position"] = np.where(bb_upper != bb_lower, (close - bb_lower) / (bb_upper - bb_lower), 0.5)
Collect signals 2086/3317:  63%|¨€¨€¨€¨€¨€¨€¨†   | 2085/3317 [1:51:27<1:13:16,  3.57s/stock]Collect signals 2086/3317:  63%|¨€¨€¨€¨€¨€¨€¨†   | 2086/3317 [1:51:27<1:09:15,  3.38s/stock]D:\Projects\auto-select-stock\src\auto_select_stock\predict\data.py:76: RuntimeWarning: invalid value encountered in divide
  result["bb_position"] = np.where(bb_upper != bb_lower, (close - bb_lower) / (bb_upper - bb_lower), 0.5)
Collect signals 2087/3317:  63%|¨€¨€¨€¨€¨€¨€¨†   | 2086/3317 [1:51:30<1:09:15,  3.38s/stock]Collect signals 2087/3317:  63%|¨€¨€¨€¨€¨€¨€¨†   | 2087/3317 [1:51:30<1:09:24,  3.39s/stock]D:\Projects\auto-select-stock\src\auto_select_stock\predict\data.py:76: RuntimeWarning: invalid value encountered in divide
  result["bb_position"] = np.where(bb_upper != bb_lower, (close - bb_lower) / (bb_upper - bb_lower), 0.5)
Collect signals 2088/3317:  63%|¨€¨€¨€¨€¨€¨€¨†   | 2087/3317 [1:51:33<1:09:24,  3.39s/stock]Collect signals 2088/3317:  63%|¨€¨€¨€¨€¨€¨€¨†   | 2088/3317 [1:51:33<1:07:20,  3.29s/stock]D:\Projects\auto-select-stock\src\auto_select_stock\predict\data.py:76: RuntimeWarning: invalid value encountered in divide
  result["bb_position"] = np.where(bb_upper != bb_lower, (close - bb_lower) / (bb_upper - bb_lower), 0.5)
Collect signals 2089/3317:  63%|¨€¨€¨€¨€¨€¨€¨†   | 2088/3317 [1:51:37<1:07:20,  3.29s/stock]Collect signals 2089/3317:  63%|¨€¨€¨€¨€¨€¨€¨†   | 2089/3317 [1:51:37<1:07:35,  3.30s/stock]D:\Projects\auto-select-stock\src\auto_select_stock\predict\data.py:76: RuntimeWarning: invalid value encountered in divide
  result["bb_position"] = np.where(bb_upper != bb_lower, (close - bb_lower) / (bb_upper - bb_lower), 0.5)
Collect signals 2090/3317:  63%|¨€¨€¨€¨€¨€¨€¨†   | 2089/3317 [1:51:40<1:07:35,  3.30s/stock]Collect signals 2090/3317:  63%|¨€¨€¨€¨€¨€¨€¨†   | 2090/3317 [1:51:40<1:05:25,  3.20s/stock]D:\Projects\auto-select-stock\src\auto_select_stock\predict\data.py:76: RuntimeWarning: invalid value encountered in divide
  result["bb_position"] = np.where(bb_upper != bb_lower, (close - bb_lower) / (bb_upper - bb_lower), 0.5)
Collect signals 2091/3317:  63%|¨€¨€¨€¨€¨€¨€¨†   | 2090/3317 [1:51:43<1:05:25,  3.20s/stock]Collect signals 2091/3317:  63%|¨€¨€¨€¨€¨€¨€¨†   | 2091/3317 [1:51:43<1:07:32,  3.31s/stock]D:\Projects\auto-select-stock\src\auto_select_stock\predict\data.py:76: RuntimeWarning: invalid value encountered in divide
  result["bb_position"] = np.where(bb_upper != bb_lower, (close - bb_lower) / (bb_upper - bb_lower), 0.5)
Collect signals 2092/3317:  63%|¨€¨€¨€¨€¨€¨€¨†   | 2091/3317 [1:51:46<1:07:32,  3.31s/stock]Collect signals 2092/3317:  63%|¨€¨€¨€¨€¨€¨€¨†   | 2092/3317 [1:51:46<1:05:12,  3.19s/stock]D:\Projects\auto-select-stock\src\auto_select_stock\predict\data.py:76: RuntimeWarning: invalid value encountered in divide
  result["bb_position"] = np.where(bb_upper != bb_lower, (close - bb_lower) / (bb_upper - bb_lower), 0.5)
Collect signals 2093/3317:  63%|¨€¨€¨€¨€¨€¨€¨†   | 2092/3317 [1:51:50<1:05:12,  3.19s/stock]Collect signals 2093/3317:  63%|¨€¨€¨€¨€¨€¨€¨†   | 2093/3317 [1:51:50<1:06:00,  3.24s/stock]D:\Projects\auto-select-stock\src\auto_select_stock\predict\data.py:76: RuntimeWarning: invalid value encountered in divide
  result["bb_position"] = np.where(bb_upper != bb_lower, (close - bb_lower) / (bb_upper - bb_lower), 0.5)
Collect signals 2094/3317:  63%|¨€¨€¨€¨€¨€¨€¨†   | 2093/3317 [1:51:53<1:06:00,  3.24s/stock]Collect signals 2094/3317:  63%|¨€¨€¨€¨€¨€¨€¨†   | 2094/3317 [1:51:53<1:06:10,  3.25s/stock]D:\Projects\auto-select-stock\src\auto_select_stock\predict\data.py:76: RuntimeWarning: invalid value encountered in divide
  result["bb_position"] = np.where(bb_upper != bb_lower, (close - bb_lower) / (bb_upper - bb_lower), 0.5)
Collect signals 2095/3317:  63%|¨€¨€¨€¨€¨€¨€¨†   | 2094/3317 [1:51:56<1:06:10,  3.25s/stock]Collect signals 2095/3317:  63%|¨€¨€¨€¨€¨€¨€¨†   | 2095/3317 [1:51:56<1:03:52,  3.14s/stock]D:\Projects\auto-select-stock\src\auto_select_stock\predict\data.py:76: RuntimeWarning: invalid value encountered in divide
  result["bb_position"] = np.where(bb_upper != bb_lower, (close - bb_lower) / (bb_upper - bb_lower), 0.5)
Collect signals 2096/3317:  63%|¨€¨€¨€¨€¨€¨€¨†   | 2095/3317 [1:51:59<1:03:52,  3.14s/stock]Collect signals 2096/3317:  63%|¨€¨€¨€¨€¨€¨€¨†   | 2096/3317 [1:51:59<1:05:17,  3.21s/stock]D:\Projects\auto-select-stock\src\auto_select_stock\predict\data.py:76: RuntimeWarning: invalid value encountered in divide
  result["bb_position"] = np.where(bb_upper != bb_lower, (close - bb_lower) / (bb_upper - bb_lower), 0.5)
Collect signals 2097/3317:  63%|¨€¨€¨€¨€¨€¨€¨†   | 2096/3317 [1:52:02<1:05:17,  3.21s/stock]Collect signals 2097/3317:  63%|¨€¨€¨€¨€¨€¨€¨†   | 2097/3317 [1:52:02<1:04:08,  3.15s/stock]D:\Projects\auto-select-stock\src\auto_select_stock\predict\data.py:76: RuntimeWarning: invalid value encountered in divide
  result["bb_position"] = np.where(bb_upper != bb_lower, (close - bb_lower) / (bb_upper - bb_lower), 0.5)
Collect signals 2098/3317:  63%|¨€¨€¨€¨€¨€¨€¨†   | 2097/3317 [1:52:06<1:04:08,  3.15s/stock]Collect signals 2098/3317:  63%|¨€¨€¨€¨€¨€¨€¨†   | 2098/3317 [1:52:06<1:05:30,  3.22s/stock]D:\Projects\auto-select-stock\src\auto_select_stock\predict\data.py:76: RuntimeWarning: invalid value encountered in divide
  result["bb_position"] = np.where(bb_upper != bb_lower, (close - bb_lower) / (bb_upper - bb_lower), 0.5)
Collect signals 2099/3317:  63%|¨€¨€¨€¨€¨€¨€¨†   | 2098/3317 [1:52:08<1:05:30,  3.22s/stock]Collect signals 2099/3317:  63%|¨€¨€¨€¨€¨€¨€¨†   | 2099/3317 [1:52:08<1:03:31,  3.13s/stock]D:\Projects\auto-select-stock\src\auto_select_stock\predict\data.py:76: RuntimeWarning: invalid value encountered in divide
  result["bb_position"] = np.where(bb_upper != bb_lower, (close - bb_lower) / (bb_upper - bb_lower), 0.5)
Collect signals 2100/3317:  63%|¨€¨€¨€¨€¨€¨€¨†   | 2099/3317 [1:52:12<1:03:31,  3.13s/stock]Collect signals 2100/3317:  63%|¨€¨€¨€¨€¨€¨€¨†   | 2100/3317 [1:52:12<1:05:14,  3.22s/stock]D:\Projects\auto-select-stock\src\auto_select_stock\predict\data.py:76: RuntimeWarning: invalid value encountered in divide
  result["bb_position"] = np.where(bb_upper != bb_lower, (close - bb_lower) / (bb_upper - bb_lower), 0.5)
Collect signals 2101/3317:  63%|¨€¨€¨€¨€¨€¨€¨†   | 2100/3317 [1:52:15<1:05:14,  3.22s/stock]Collect signals 2101/3317:  63%|¨€¨€¨€¨€¨€¨€¨†   | 2101/3317 [1:52:15<1:03:53,  3.15s/stock]D:\Projects\auto-select-stock\src\auto_select_stock\predict\data.py:76: RuntimeWarning: invalid value encountered in divide
  result["bb_position"] = np.where(bb_upper != bb_lower, (close - bb_lower) / (bb_upper - bb_lower), 0.5)
Collect signals 2102/3317:  63%|¨€¨€¨€¨€¨€¨€¨†   | 2101/3317 [1:52:18<1:03:53,  3.15s/stock]Collect signals 2102/3317:  63%|¨€¨€¨€¨€¨€¨€¨†   | 2102/3317 [1:52:18<1:04:56,  3.21s/stock]D:\Projects\auto-select-stock\src\auto_select_stock\predict\data.py:76: RuntimeWarning: invalid value encountered in divide
  result["bb_position"] = np.where(bb_upper != bb_lower, (close - bb_lower) / (bb_upper - bb_lower), 0.5)
Collect signals 2103/3317:  63%|¨€¨€¨€¨€¨€¨€¨†   | 2102/3317 [1:52:22<1:04:56,  3.21s/stock]Collect signals 2103/3317:  63%|¨€¨€¨€¨€¨€¨€¨†   | 2103/3317 [1:52:22<1:06:29,  3.29s/stock]D:\Projects\auto-select-stock\src\auto_select_stock\predict\data.py:76: RuntimeWarning: invalid value encountered in divide
  result["bb_position"] = np.where(bb_upper != bb_lower, (close - bb_lower) / (bb_upper - bb_lower), 0.5)
Collect signals 2104/3317:  63%|¨€¨€¨€¨€¨€¨€¨†   | 2103/3317 [1:52:25<1:06:29,  3.29s/stock]Collect signals 2104/3317:  63%|¨€¨€¨€¨€¨€¨€¨†   | 2104/3317 [1:52:25<1:04:25,  3.19s/stock]D:\Projects\auto-select-stock\src\auto_select_stock\predict\data.py:76: RuntimeWarning: invalid value encountered in divide
  result["bb_position"] = np.where(bb_upper != bb_lower, (close - bb_lower) / (bb_upper - bb_lower), 0.5)
Collect signals 2105/3317:  63%|¨€¨€¨€¨€¨€¨€¨†   | 2104/3317 [1:52:28<1:04:25,  3.19s/stock]Collect signals 2105/3317:  63%|¨€¨€¨€¨€¨€¨€¨†   | 2105/3317 [1:52:28<1:05:11,  3.23s/stock]D:\Projects\auto-select-stock\src\auto_select_stock\predict\data.py:76: RuntimeWarning: invalid value encountered in divide
  result["bb_position"] = np.where(bb_upper != bb_lower, (close - bb_lower) / (bb_upper - bb_lower), 0.5)
Collect signals 2106/3317:  63%|¨€¨€¨€¨€¨€¨€¨†   | 2105/3317 [1:52:31<1:05:11,  3.23s/stock]Collect signals 2106/3317:  63%|¨€¨€¨€¨€¨€¨€¨†   | 2106/3317 [1:52:31<1:03:58,  3.17s/stock]D:\Projects\auto-select-stock\src\auto_select_stock\predict\data.py:76: RuntimeWarning: invalid value encountered in divide
  result["bb_position"] = np.where(bb_upper != bb_lower, (close - bb_lower) / (bb_upper - bb_lower), 0.5)
Collect signals 2107/3317:  63%|¨€¨€¨€¨€¨€¨€¨†   | 2106/3317 [1:52:34<1:03:58,  3.17s/stock]Collect signals 2107/3317:  64%|¨€¨€¨€¨€¨€¨€¨†   | 2107/3317 [1:52:34<1:04:51,  3.22s/stock]D:\Projects\auto-select-stock\src\auto_select_stock\predict\data.py:76: RuntimeWarning: invalid value encountered in divide
  result["bb_position"] = np.where(bb_upper != bb_lower, (close - bb_lower) / (bb_upper - bb_lower), 0.5)
Collect signals 2108/3317:  64%|¨€¨€¨€¨€¨€¨€¨†   | 2107/3317 [1:52:37<1:04:51,  3.22s/stock]Collect signals 2108/3317:  64%|¨€¨€¨€¨€¨€¨€¨†   | 2108/3317 [1:52:37<1:04:02,  3.18s/stock]D:\Projects\auto-select-stock\src\auto_select_stock\predict\data.py:76: RuntimeWarning: invalid value encountered in divide
  result["bb_position"] = np.where(bb_upper != bb_lower, (close - bb_lower) / (bb_upper - bb_lower), 0.5)
Collect signals 2109/3317:  64%|¨€¨€¨€¨€¨€¨€¨†   | 2108/3317 [1:52:41<1:04:02,  3.18s/stock]Collect signals 2109/3317:  64%|¨€¨€¨€¨€¨€¨€¨†   | 2109/3317 [1:52:41<1:06:13,  3.29s/stock]D:\Projects\auto-select-stock\src\auto_select_stock\predict\data.py:76: RuntimeWarning: invalid value encountered in divide
  result["bb_position"] = np.where(bb_upper != bb_lower, (close - bb_lower) / (bb_upper - bb_lower), 0.5)
Collect signals 2110/3317:  64%|¨€¨€¨€¨€¨€¨€¨†   | 2109/3317 [1:52:44<1:06:13,  3.29s/stock]Collect signals 2110/3317:  64%|¨€¨€¨€¨€¨€¨€¨†   | 2110/3317 [1:52:44<1:06:50,  3.32s/stock]D:\Projects\auto-select-stock\src\auto_select_stock\predict\data.py:76: RuntimeWarning: invalid value encountered in divide
  result["bb_position"] = np.where(bb_upper != bb_lower, (close - bb_lower) / (bb_upper - bb_lower), 0.5)
Collect signals 2111/3317:  64%|¨€¨€¨€¨€¨€¨€¨†   | 2110/3317 [1:52:47<1:06:50,  3.32s/stock]Collect signals 2111/3317:  64%|¨€¨€¨€¨€¨€¨€¨†   | 2111/3317 [1:52:47<1:04:22,  3.20s/stock]D:\Projects\auto-select-stock\src\auto_select_stock\predict\data.py:76: RuntimeWarning: invalid value encountered in divide
  result["bb_position"] = np.where(bb_upper != bb_lower, (close - bb_lower) / (bb_upper - bb_lower), 0.5)
Collect signals 2112/3317:  64%|¨€¨€¨€¨€¨€¨€¨†   | 2111/3317 [1:52:51<1:04:22,  3.20s/stock]Collect signals 2112/3317:  64%|¨€¨€¨€¨€¨€¨€¨†   | 2112/3317 [1:52:51<1:06:18,  3.30s/stock]D:\Projects\auto-select-stock\src\auto_select_stock\predict\data.py:76: RuntimeWarning: invalid value encountered in divide
  result["bb_position"] = np.where(bb_upper != bb_lower, (close - bb_lower) / (bb_upper - bb_lower), 0.5)
Collect signals 2113/3317:  64%|¨€¨€¨€¨€¨€¨€¨†   | 2112/3317 [1:52:54<1:06:18,  3.30s/stock]Collect signals 2113/3317:  64%|¨€¨€¨€¨€¨€¨€¨†   | 2113/3317 [1:52:54<1:05:40,  3.27s/stock]D:\Projects\auto-select-stock\src\auto_select_stock\predict\data.py:76: RuntimeWarning: invalid value encountered in divide
  result["bb_position"] = np.where(bb_upper != bb_lower, (close - bb_lower) / (bb_upper - bb_lower), 0.5)
Collect signals 2114/3317:  64%|¨€¨€¨€¨€¨€¨€¨†   | 2113/3317 [1:52:57<1:05:40,  3.27s/stock]Collect signals 2114/3317:  64%|¨€¨€¨€¨€¨€¨€¨†   | 2114/3317 [1:52:57<1:06:59,  3.34s/stock]D:\Projects\auto-select-stock\src\auto_select_stock\predict\data.py:76: RuntimeWarning: invalid value encountered in divide
  result["bb_position"] = np.where(bb_upper != bb_lower, (close - bb_lower) / (bb_upper - bb_lower), 0.5)
Collect signals 2115/3317:  64%|¨€¨€¨€¨€¨€¨€¨†   | 2114/3317 [1:53:01<1:06:59,  3.34s/stock]Collect signals 2115/3317:  64%|¨€¨€¨€¨€¨€¨€¨…   | 2115/3317 [1:53:01<1:05:17,  3.26s/stock]D:\Projects\auto-select-stock\src\auto_select_stock\predict\data.py:76: RuntimeWarning: invalid value encountered in divide
  result["bb_position"] = np.where(bb_upper != bb_lower, (close - bb_lower) / (bb_upper - bb_lower), 0.5)
Collect signals 2116/3317:  64%|¨€¨€¨€¨€¨€¨€¨…   | 2115/3317 [1:53:04<1:05:17,  3.26s/stock]Collect signals 2116/3317:  64%|¨€¨€¨€¨€¨€¨€¨…   | 2116/3317 [1:53:04<1:06:58,  3.35s/stock]D:\Projects\auto-select-stock\src\auto_select_stock\predict\data.py:76: RuntimeWarning: invalid value encountered in divide
  result["bb_position"] = np.where(bb_upper != bb_lower, (close - bb_lower) / (bb_upper - bb_lower), 0.5)
Collect signals 2117/3317:  64%|¨€¨€¨€¨€¨€¨€¨…   | 2116/3317 [1:53:07<1:06:58,  3.35s/stock]Collect signals 2117/3317:  64%|¨€¨€¨€¨€¨€¨€¨…   | 2117/3317 [1:53:07<1:05:16,  3.26s/stock]D:\Projects\auto-select-stock\src\auto_select_stock\predict\data.py:76: RuntimeWarning: invalid value encountered in divide
  result["bb_position"] = np.where(bb_upper != bb_lower, (close - bb_lower) / (bb_upper - bb_lower), 0.5)
Collect signals 2118/3317:  64%|¨€¨€¨€¨€¨€¨€¨…   | 2117/3317 [1:53:11<1:05:16,  3.26s/stock]Collect signals 2118/3317:  64%|¨€¨€¨€¨€¨€¨€¨…   | 2118/3317 [1:53:11<1:07:46,  3.39s/stock]D:\Projects\auto-select-stock\src\auto_select_stock\predict\data.py:76: RuntimeWarning: invalid value encountered in divide
  result["bb_position"] = np.where(bb_upper != bb_lower, (close - bb_lower) / (bb_upper - bb_lower), 0.5)
Collect signals 2119/3317:  64%|¨€¨€¨€¨€¨€¨€¨…   | 2118/3317 [1:53:14<1:07:46,  3.39s/stock]Collect signals 2119/3317:  64%|¨€¨€¨€¨€¨€¨€¨…   | 2119/3317 [1:53:14<1:08:42,  3.44s/stock]D:\Projects\auto-select-stock\src\auto_select_stock\predict\data.py:76: RuntimeWarning: invalid value encountered in divide
  result["bb_position"] = np.where(bb_upper != bb_lower, (close - bb_lower) / (bb_upper - bb_lower), 0.5)
Collect signals 2120/3317:  64%|¨€¨€¨€¨€¨€¨€¨…   | 2119/3317 [1:53:18<1:08:42,  3.44s/stock]Collect signals 2120/3317:  64%|¨€¨€¨€¨€¨€¨€¨…   | 2120/3317 [1:53:18<1:06:58,  3.36s/stock]D:\Projects\auto-select-stock\src\auto_select_stock\predict\data.py:76: RuntimeWarning: invalid value encountered in divide
  result["bb_position"] = np.where(bb_upper != bb_lower, (close - bb_lower) / (bb_upper - bb_lower), 0.5)
Collect signals 2121/3317:  64%|¨€¨€¨€¨€¨€¨€¨…   | 2120/3317 [1:53:21<1:06:58,  3.36s/stock]Collect signals 2121/3317:  64%|¨€¨€¨€¨€¨€¨€¨…   | 2121/3317 [1:53:21<1:08:17,  3.43s/stock]D:\Projects\auto-select-stock\src\auto_select_stock\predict\data.py:76: RuntimeWarning: invalid value encountered in divide
  result["bb_position"] = np.where(bb_upper != bb_lower, (close - bb_lower) / (bb_upper - bb_lower), 0.5)
Collect signals 2122/3317:  64%|¨€¨€¨€¨€¨€¨€¨…   | 2121/3317 [1:53:24<1:08:17,  3.43s/stock]Collect signals 2122/3317:  64%|¨€¨€¨€¨€¨€¨€¨…   | 2122/3317 [1:53:24<1:06:50,  3.36s/stock]D:\Projects\auto-select-stock\src\auto_select_stock\predict\data.py:76: RuntimeWarning: invalid value encountered in divide
  result["bb_position"] = np.where(bb_upper != bb_lower, (close - bb_lower) / (bb_upper - bb_lower), 0.5)
Collect signals 2123/3317:  64%|¨€¨€¨€¨€¨€¨€¨…   | 2122/3317 [1:53:28<1:06:50,  3.36s/stock]Collect signals 2123/3317:  64%|¨€¨€¨€¨€¨€¨€¨…   | 2123/3317 [1:53:28<1:07:40,  3.40s/stock]D:\Projects\auto-select-stock\src\auto_select_stock\predict\data.py:76: RuntimeWarning: invalid value encountered in divide
  result["bb_position"] = np.where(bb_upper != bb_lower, (close - bb_lower) / (bb_upper - bb_lower), 0.5)
Collect signals 2124/3317:  64%|¨€¨€¨€¨€¨€¨€¨…   | 2123/3317 [1:53:31<1:07:40,  3.40s/stock]Collect signals 2124/3317:  64%|¨€¨€¨€¨€¨€¨€¨…   | 2124/3317 [1:53:31<1:05:05,  3.27s/stock]D:\Projects\auto-select-stock\src\auto_select_stock\predict\data.py:76: RuntimeWarning: invalid value encountered in divide
  result["bb_position"] = np.where(bb_upper != bb_lower, (close - bb_lower) / (bb_upper - bb_lower), 0.5)
Collect signals 2125/3317:  64%|¨€¨€¨€¨€¨€¨€¨…   | 2124/3317 [1:53:34<1:05:05,  3.27s/stock]Collect signals 2125/3317:  64%|¨€¨€¨€¨€¨€¨€¨…   | 2125/3317 [1:53:34<1:06:32,  3.35s/stock]D:\Projects\auto-select-stock\src\auto_select_stock\predict\data.py:76: RuntimeWarning: invalid value encountered in divide
  result["bb_position"] = np.where(bb_upper != bb_lower, (close - bb_lower) / (bb_upper - bb_lower), 0.5)
Collect signals 2126/3317:  64%|¨€¨€¨€¨€¨€¨€¨…   | 2125/3317 [1:53:38<1:06:32,  3.35s/stock]Collect signals 2126/3317:  64%|¨€¨€¨€¨€¨€¨€¨…   | 2126/3317 [1:53:38<1:07:14,  3.39s/stock]D:\Projects\auto-select-stock\src\auto_select_stock\predict\data.py:76: RuntimeWarning: invalid value encountered in divide
  result["bb_position"] = np.where(bb_upper != bb_lower, (close - bb_lower) / (bb_upper - bb_lower), 0.5)
Collect signals 2127/3317:  64%|¨€¨€¨€¨€¨€¨€¨…   | 2126/3317 [1:53:41<1:07:14,  3.39s/stock]Collect signals 2127/3317:  64%|¨€¨€¨€¨€¨€¨€¨…   | 2127/3317 [1:53:41<1:04:51,  3.27s/stock]D:\Projects\auto-select-stock\src\auto_select_stock\predict\data.py:76: RuntimeWarning: invalid value encountered in divide
  result["bb_position"] = np.where(bb_upper != bb_lower, (close - bb_lower) / (bb_upper - bb_lower), 0.5)
Collect signals 2128/3317:  64%|¨€¨€¨€¨€¨€¨€¨…   | 2127/3317 [1:53:44<1:04:51,  3.27s/stock]Collect signals 2128/3317:  64%|¨€¨€¨€¨€¨€¨€¨…   | 2128/3317 [1:53:44<1:06:56,  3.38s/stock]D:\Projects\auto-select-stock\src\auto_select_stock\predict\data.py:76: RuntimeWarning: invalid value encountered in divide
  result["bb_position"] = np.where(bb_upper != bb_lower, (close - bb_lower) / (bb_upper - bb_lower), 0.5)
Collect signals 2129/3317:  64%|¨€¨€¨€¨€¨€¨€¨…   | 2128/3317 [1:53:48<1:06:56,  3.38s/stock]Collect signals 2129/3317:  64%|¨€¨€¨€¨€¨€¨€¨…   | 2129/3317 [1:53:48<1:04:56,  3.28s/stock]D:\Projects\auto-select-stock\src\auto_select_stock\predict\data.py:76: RuntimeWarning: invalid value encountered in divide
  result["bb_position"] = np.where(bb_upper != bb_lower, (close - bb_lower) / (bb_upper - bb_lower), 0.5)
Collect signals 2130/3317:  64%|¨€¨€¨€¨€¨€¨€¨…   | 2129/3317 [1:53:51<1:04:56,  3.28s/stock]Collect signals 2130/3317:  64%|¨€¨€¨€¨€¨€¨€¨…   | 2130/3317 [1:53:51<1:05:57,  3.33s/stock]D:\Projects\auto-select-stock\src\auto_select_stock\predict\data.py:76: RuntimeWarning: invalid value encountered in divide
  result["bb_position"] = np.where(bb_upper != bb_lower, (close - bb_lower) / (bb_upper - bb_lower), 0.5)
Collect signals 2131/3317:  64%|¨€¨€¨€¨€¨€¨€¨…   | 2130/3317 [1:53:54<1:05:57,  3.33s/stock]Collect signals 2131/3317:  64%|¨€¨€¨€¨€¨€¨€¨…   | 2131/3317 [1:53:54<1:04:50,  3.28s/stock]D:\Projects\auto-select-stock\src\auto_select_stock\predict\data.py:76: RuntimeWarning: invalid value encountered in divide
  result["bb_position"] = np.where(bb_upper != bb_lower, (close - bb_lower) / (bb_upper - bb_lower), 0.5)
Collect signals 2132/3317:  64%|¨€¨€¨€¨€¨€¨€¨…   | 2131/3317 [1:53:58<1:04:50,  3.28s/stock]Collect signals 2132/3317:  64%|¨€¨€¨€¨€¨€¨€¨…   | 2132/3317 [1:53:58<1:06:33,  3.37s/stock]D:\Projects\auto-select-stock\src\auto_select_stock\predict\data.py:76: RuntimeWarning: invalid value encountered in divide
  result["bb_position"] = np.where(bb_upper != bb_lower, (close - bb_lower) / (bb_upper - bb_lower), 0.5)
Collect signals 2133/3317:  64%|¨€¨€¨€¨€¨€¨€¨…   | 2132/3317 [1:54:01<1:06:33,  3.37s/stock]Collect signals 2133/3317:  64%|¨€¨€¨€¨€¨€¨€¨…   | 2133/3317 [1:54:01<1:04:59,  3.29s/stock]D:\Projects\auto-select-stock\src\auto_select_stock\predict\data.py:76: RuntimeWarning: invalid value encountered in divide
  result["bb_position"] = np.where(bb_upper != bb_lower, (close - bb_lower) / (bb_upper - bb_lower), 0.5)
Collect signals 2134/3317:  64%|¨€¨€¨€¨€¨€¨€¨…   | 2133/3317 [1:54:04<1:04:59,  3.29s/stock]Collect signals 2134/3317:  64%|¨€¨€¨€¨€¨€¨€¨…   | 2134/3317 [1:54:04<1:05:11,  3.31s/stock]D:\Projects\auto-select-stock\src\auto_select_stock\predict\data.py:76: RuntimeWarning: invalid value encountered in divide
  result["bb_position"] = np.where(bb_upper != bb_lower, (close - bb_lower) / (bb_upper - bb_lower), 0.5)
Collect signals 2135/3317:  64%|¨€¨€¨€¨€¨€¨€¨…   | 2134/3317 [1:54:07<1:05:11,  3.31s/stock]Collect signals 2135/3317:  64%|¨€¨€¨€¨€¨€¨€¨…   | 2135/3317 [1:54:07<1:04:39,  3.28s/stock]D:\Projects\auto-select-stock\src\auto_select_stock\predict\data.py:76: RuntimeWarning: invalid value encountered in divide
  result["bb_position"] = np.where(bb_upper != bb_lower, (close - bb_lower) / (bb_upper - bb_lower), 0.5)
Collect signals 2136/3317:  64%|¨€¨€¨€¨€¨€¨€¨…   | 2135/3317 [1:54:10<1:04:39,  3.28s/stock]Collect signals 2136/3317:  64%|¨€¨€¨€¨€¨€¨€¨…   | 2136/3317 [1:54:10<1:02:31,  3.18s/stock]D:\Projects\auto-select-stock\src\auto_select_stock\predict\data.py:76: RuntimeWarning: invalid value encountered in divide
  result["bb_position"] = np.where(bb_upper != bb_lower, (close - bb_lower) / (bb_upper - bb_lower), 0.5)
Collect signals 2137/3317:  64%|¨€¨€¨€¨€¨€¨€¨…   | 2136/3317 [1:54:14<1:02:31,  3.18s/stock]Collect signals 2137/3317:  64%|¨€¨€¨€¨€¨€¨€¨…   | 2137/3317 [1:54:14<1:03:36,  3.23s/stock]D:\Projects\auto-select-stock\src\auto_select_stock\predict\data.py:76: RuntimeWarning: invalid value encountered in divide
  result["bb_position"] = np.where(bb_upper != bb_lower, (close - bb_lower) / (bb_upper - bb_lower), 0.5)
Collect signals 2138/3317:  64%|¨€¨€¨€¨€¨€¨€¨…   | 2137/3317 [1:54:17<1:03:36,  3.23s/stock]Collect signals 2138/3317:  64%|¨€¨€¨€¨€¨€¨€¨…   | 2138/3317 [1:54:17<1:02:26,  3.18s/stock]D:\Projects\auto-select-stock\src\auto_select_stock\predict\data.py:76: RuntimeWarning: invalid value encountered in divide
  result["bb_position"] = np.where(bb_upper != bb_lower, (close - bb_lower) / (bb_upper - bb_lower), 0.5)
Collect signals 2139/3317:  64%|¨€¨€¨€¨€¨€¨€¨…   | 2138/3317 [1:54:20<1:02:26,  3.18s/stock]Collect signals 2139/3317:  64%|¨€¨€¨€¨€¨€¨€¨…   | 2139/3317 [1:54:20<1:03:05,  3.21s/stock]D:\Projects\auto-select-stock\src\auto_select_stock\predict\data.py:76: RuntimeWarning: invalid value encountered in divide
  result["bb_position"] = np.where(bb_upper != bb_lower, (close - bb_lower) / (bb_upper - bb_lower), 0.5)
Collect signals 2140/3317:  64%|¨€¨€¨€¨€¨€¨€¨…   | 2139/3317 [1:54:23<1:03:05,  3.21s/stock]Collect signals 2140/3317:  65%|¨€¨€¨€¨€¨€¨€¨…   | 2140/3317 [1:54:23<1:01:14,  3.12s/stock]D:\Projects\auto-select-stock\src\auto_select_stock\predict\data.py:76: RuntimeWarning: invalid value encountered in divide
  result["bb_position"] = np.where(bb_upper != bb_lower, (close - bb_lower) / (bb_upper - bb_lower), 0.5)
Collect signals 2141/3317:  65%|¨€¨€¨€¨€¨€¨€¨…   | 2140/3317 [1:54:26<1:01:14,  3.12s/stock]Collect signals 2141/3317:  65%|¨€¨€¨€¨€¨€¨€¨…   | 2141/3317 [1:54:26<1:02:16,  3.18s/stock]D:\Projects\auto-select-stock\src\auto_select_stock\predict\data.py:76: RuntimeWarning: invalid value encountered in divide
  result["bb_position"] = np.where(bb_upper != bb_lower, (close - bb_lower) / (bb_upper - bb_lower), 0.5)
Collect signals 2142/3317:  65%|¨€¨€¨€¨€¨€¨€¨…   | 2141/3317 [1:54:29<1:02:16,  3.18s/stock]Collect signals 2142/3317:  65%|¨€¨€¨€¨€¨€¨€¨…   | 2142/3317 [1:54:29<1:00:18,  3.08s/stock]D:\Projects\auto-select-stock\src\auto_select_stock\predict\data.py:76: RuntimeWarning: invalid value encountered in divide
  result["bb_position"] = np.where(bb_upper != bb_lower, (close - bb_lower) / (bb_upper - bb_lower), 0.5)
Collect signals 2143/3317:  65%|¨€¨€¨€¨€¨€¨€¨…   | 2142/3317 [1:54:32<1:00:18,  3.08s/stock]Collect signals 2143/3317:  65%|¨€¨€¨€¨€¨€¨€¨…   | 2143/3317 [1:54:32<1:01:54,  3.16s/stock]D:\Projects\auto-select-stock\src\auto_select_stock\predict\data.py:76: RuntimeWarning: invalid value encountered in divide
  result["bb_position"] = np.where(bb_upper != bb_lower, (close - bb_lower) / (bb_upper - bb_lower), 0.5)
Collect signals 2144/3317:  65%|¨€¨€¨€¨€¨€¨€¨…   | 2143/3317 [1:54:36<1:01:54,  3.16s/stock]Collect signals 2144/3317:  65%|¨€¨€¨€¨€¨€¨€¨…   | 2144/3317 [1:54:36<1:02:57,  3.22s/stock]D:\Projects\auto-select-stock\src\auto_select_stock\predict\data.py:76: RuntimeWarning: invalid value encountered in divide
  result["bb_position"] = np.where(bb_upper != bb_lower, (close - bb_lower) / (bb_upper - bb_lower), 0.5)
Collect signals 2145/3317:  65%|¨€¨€¨€¨€¨€¨€¨…   | 2144/3317 [1:54:39<1:02:57,  3.22s/stock]Collect signals 2145/3317:  65%|¨€¨€¨€¨€¨€¨€¨…   | 2145/3317 [1:54:39<1:01:48,  3.16s/stock]D:\Projects\auto-select-stock\src\auto_select_stock\predict\data.py:76: RuntimeWarning: invalid value encountered in divide
  result["bb_position"] = np.where(bb_upper != bb_lower, (close - bb_lower) / (bb_upper - bb_lower), 0.5)
Collect signals 2146/3317:  65%|¨€¨€¨€¨€¨€¨€¨…   | 2145/3317 [1:54:42<1:01:48,  3.16s/stock]Collect signals 2146/3317:  65%|¨€¨€¨€¨€¨€¨€¨…   | 2146/3317 [1:54:42<1:02:47,  3.22s/stock]D:\Projects\auto-select-stock\src\auto_select_stock\predict\data.py:76: RuntimeWarning: invalid value encountered in divide
  result["bb_position"] = np.where(bb_upper != bb_lower, (close - bb_lower) / (bb_upper - bb_lower), 0.5)
Collect signals 2147/3317:  65%|¨€¨€¨€¨€¨€¨€¨…   | 2146/3317 [1:54:45<1:02:47,  3.22s/stock]Collect signals 2147/3317:  65%|¨€¨€¨€¨€¨€¨€¨…   | 2147/3317 [1:54:45<1:01:06,  3.13s/stock]D:\Projects\auto-select-stock\src\auto_select_stock\predict\data.py:76: RuntimeWarning: invalid value encountered in divide
  result["bb_position"] = np.where(bb_upper != bb_lower, (close - bb_lower) / (bb_upper - bb_lower), 0.5)
Collect signals 2148/3317:  65%|¨€¨€¨€¨€¨€¨€¨…   | 2147/3317 [1:54:48<1:01:06,  3.13s/stock]Collect signals 2148/3317:  65%|¨€¨€¨€¨€¨€¨€¨…   | 2148/3317 [1:54:48<1:02:27,  3.21s/stock]D:\Projects\auto-select-stock\src\auto_select_stock\predict\data.py:76: RuntimeWarning: invalid value encountered in divide
  result["bb_position"] = np.where(bb_upper != bb_lower, (close - bb_lower) / (bb_upper - bb_lower), 0.5)
Collect signals 2149/3317:  65%|¨€¨€¨€¨€¨€¨€¨…   | 2148/3317 [1:54:51<1:02:27,  3.21s/stock]Collect signals 2149/3317:  65%|¨€¨€¨€¨€¨€¨€¨…   | 2149/3317 [1:54:51<1:01:01,  3.13s/stock]D:\Projects\auto-select-stock\src\auto_select_stock\predict\data.py:76: RuntimeWarning: invalid value encountered in divide
  result["bb_position"] = np.where(bb_upper != bb_lower, (close - bb_lower) / (bb_upper - bb_lower), 0.5)
Collect signals 2150/3317:  65%|¨€¨€¨€¨€¨€¨€¨…   | 2149/3317 [1:54:55<1:01:01,  3.13s/stock]Collect signals 2150/3317:  65%|¨€¨€¨€¨€¨€¨€¨…   | 2150/3317 [1:54:55<1:02:59,  3.24s/stock]D:\Projects\auto-select-stock\src\auto_select_stock\predict\data.py:76: RuntimeWarning: invalid value encountered in divide
  result["bb_position"] = np.where(bb_upper != bb_lower, (close - bb_lower) / (bb_upper - bb_lower), 0.5)
Collect signals 2151/3317:  65%|¨€¨€¨€¨€¨€¨€¨…   | 2150/3317 [1:54:58<1:02:59,  3.24s/stock]Collect signals 2151/3317:  65%|¨€¨€¨€¨€¨€¨€¨…   | 2151/3317 [1:54:58<1:01:05,  3.14s/stock]D:\Projects\auto-select-stock\src\auto_select_stock\predict\data.py:76: RuntimeWarning: invalid value encountered in divide
  result["bb_position"] = np.where(bb_upper != bb_lower, (close - bb_lower) / (bb_upper - bb_lower), 0.5)
Collect signals 2152/3317:  65%|¨€¨€¨€¨€¨€¨€¨…   | 2151/3317 [1:55:01<1:01:05,  3.14s/stock]Collect signals 2152/3317:  65%|¨€¨€¨€¨€¨€¨€¨…   | 2152/3317 [1:55:01<1:01:56,  3.19s/stock]D:\Projects\auto-select-stock\src\auto_select_stock\predict\data.py:76: RuntimeWarning: invalid value encountered in divide
  result["bb_position"] = np.where(bb_upper != bb_lower, (close - bb_lower) / (bb_upper - bb_lower), 0.5)
Collect signals 2153/3317:  65%|¨€¨€¨€¨€¨€¨€¨…   | 2152/3317 [1:55:05<1:01:56,  3.19s/stock]Collect signals 2153/3317:  65%|¨€¨€¨€¨€¨€¨€¨…   | 2153/3317 [1:55:05<1:03:38,  3.28s/stock]D:\Projects\auto-select-stock\src\auto_select_stock\predict\data.py:76: RuntimeWarning: invalid value encountered in divide
  result["bb_position"] = np.where(bb_upper != bb_lower, (close - bb_lower) / (bb_upper - bb_lower), 0.5)
Collect signals 2154/3317:  65%|¨€¨€¨€¨€¨€¨€¨…   | 2153/3317 [1:55:08<1:03:38,  3.28s/stock]Collect signals 2154/3317:  65%|¨€¨€¨€¨€¨€¨€¨…   | 2154/3317 [1:55:08<1:01:31,  3.17s/stock]D:\Projects\auto-select-stock\src\auto_select_stock\predict\data.py:76: RuntimeWarning: invalid value encountered in divide
  result["bb_position"] = np.where(bb_upper != bb_lower, (close - bb_lower) / (bb_upper - bb_lower), 0.5)
Collect signals 2155/3317:  65%|¨€¨€¨€¨€¨€¨€¨…   | 2154/3317 [1:55:11<1:01:31,  3.17s/stock]Collect signals 2155/3317:  65%|¨€¨€¨€¨€¨€¨€¨…   | 2155/3317 [1:55:11<1:02:04,  3.21s/stock]D:\Projects\auto-select-stock\src\auto_select_stock\predict\data.py:76: RuntimeWarning: invalid value encountered in divide
  result["bb_position"] = np.where(bb_upper != bb_lower, (close - bb_lower) / (bb_upper - bb_lower), 0.5)
Collect signals 2156/3317:  65%|¨€¨€¨€¨€¨€¨€¨…   | 2155/3317 [1:55:14<1:02:04,  3.21s/stock]Collect signals 2156/3317:  65%|¨€¨€¨€¨€¨€¨€¨…   | 2156/3317 [1:55:14<1:00:22,  3.12s/stock]D:\Projects\auto-select-stock\src\auto_select_stock\predict\data.py:76: RuntimeWarning: invalid value encountered in divide
  result["bb_position"] = np.where(bb_upper != bb_lower, (close - bb_lower) / (bb_upper - bb_lower), 0.5)
Collect signals 2157/3317:  65%|¨€¨€¨€¨€¨€¨€¨…   | 2156/3317 [1:55:17<1:00:22,  3.12s/stock]Collect signals 2157/3317:  65%|¨€¨€¨€¨€¨€¨€¨„   | 2157/3317 [1:55:17<1:01:26,  3.18s/stock]D:\Projects\auto-select-stock\src\auto_select_stock\predict\data.py:76: RuntimeWarning: invalid value encountered in divide
  result["bb_position"] = np.where(bb_upper != bb_lower, (close - bb_lower) / (bb_upper - bb_lower), 0.5)
Collect signals 2158/3317:  65%|¨€¨€¨€¨€¨€¨€¨„   | 2157/3317 [1:55:20<1:01:26,  3.18s/stock]Collect signals 2158/3317:  65%|¨€¨€¨€¨€¨€¨€¨„   | 2158/3317 [1:55:20<1:00:07,  3.11s/stock]D:\Projects\auto-select-stock\src\auto_select_stock\predict\data.py:76: RuntimeWarning: invalid value encountered in divide
  result["bb_position"] = np.where(bb_upper != bb_lower, (close - bb_lower) / (bb_upper - bb_lower), 0.5)
Collect signals 2159/3317:  65%|¨€¨€¨€¨€¨€¨€¨„   | 2158/3317 [1:55:23<1:00:07,  3.11s/stock]Collect signals 2159/3317:  65%|¨€¨€¨€¨€¨€¨€¨„   | 2159/3317 [1:55:23<1:01:04,  3.16s/stock]D:\Projects\auto-select-stock\src\auto_select_stock\predict\data.py:76: RuntimeWarning: invalid value encountered in divide
  result["bb_position"] = np.where(bb_upper != bb_lower, (close - bb_lower) / (bb_upper - bb_lower), 0.5)
Collect signals 2160/3317:  65%|¨€¨€¨€¨€¨€¨€¨„   | 2159/3317 [1:55:26<1:01:04,  3.16s/stock]Collect signals 2160/3317:  65%|¨€¨€¨€¨€¨€¨€¨„   | 2160/3317 [1:55:26<59:12,  3.07s/stock]  D:\Projects\auto-select-stock\src\auto_select_stock\predict\data.py:76: RuntimeWarning: invalid value encountered in divide
  result["bb_position"] = np.where(bb_upper != bb_lower, (close - bb_lower) / (bb_upper - bb_lower), 0.5)
Collect signals 2161/3317:  65%|¨€¨€¨€¨€¨€¨€¨„   | 2160/3317 [1:55:29<59:12,  3.07s/stock]Collect signals 2161/3317:  65%|¨€¨€¨€¨€¨€¨€¨„   | 2161/3317 [1:55:29<1:00:21,  3.13s/stock]D:\Projects\auto-select-stock\src\auto_select_stock\predict\data.py:76: RuntimeWarning: invalid value encountered in divide
  result["bb_position"] = np.where(bb_upper != bb_lower, (close - bb_lower) / (bb_upper - bb_lower), 0.5)
Collect signals 2162/3317:  65%|¨€¨€¨€¨€¨€¨€¨„   | 2161/3317 [1:55:33<1:00:21,  3.13s/stock]Collect signals 2162/3317:  65%|¨€¨€¨€¨€¨€¨€¨„   | 2162/3317 [1:55:33<1:01:19,  3.19s/stock]D:\Projects\auto-select-stock\src\auto_select_stock\predict\data.py:76: RuntimeWarning: invalid value encountered in divide
  result["bb_position"] = np.where(bb_upper != bb_lower, (close - bb_lower) / (bb_upper - bb_lower), 0.5)
Collect signals 2163/3317:  65%|¨€¨€¨€¨€¨€¨€¨„   | 2162/3317 [1:55:36<1:01:19,  3.19s/stock]Collect signals 2163/3317:  65%|¨€¨€¨€¨€¨€¨€¨„   | 2163/3317 [1:55:36<59:43,  3.11s/stock]  D:\Projects\auto-select-stock\src\auto_select_stock\predict\data.py:76: RuntimeWarning: invalid value encountered in divide
  result["bb_position"] = np.where(bb_upper != bb_lower, (close - bb_lower) / (bb_upper - bb_lower), 0.5)
Collect signals 2164/3317:  65%|¨€¨€¨€¨€¨€¨€¨„   | 2163/3317 [1:55:39<59:43,  3.11s/stock]Collect signals 2164/3317:  65%|¨€¨€¨€¨€¨€¨€¨„   | 2164/3317 [1:55:39<1:01:29,  3.20s/stock]D:\Projects\auto-select-stock\src\auto_select_stock\predict\data.py:76: RuntimeWarning: invalid value encountered in divide
  result["bb_position"] = np.where(bb_upper != bb_lower, (close - bb_lower) / (bb_upper - bb_lower), 0.5)
Collect signals 2165/3317:  65%|¨€¨€¨€¨€¨€¨€¨„   | 2164/3317 [1:55:42<1:01:29,  3.20s/stock]Collect signals 2165/3317:  65%|¨€¨€¨€¨€¨€¨€¨„   | 2165/3317 [1:55:42<1:00:14,  3.14s/stock]D:\Projects\auto-select-stock\src\auto_select_stock\predict\data.py:76: RuntimeWarning: invalid value encountered in divide
  result["bb_position"] = np.where(bb_upper != bb_lower, (close - bb_lower) / (bb_upper - bb_lower), 0.5)
Collect signals 2166/3317:  65%|¨€¨€¨€¨€¨€¨€¨„   | 2165/3317 [1:55:45<1:00:14,  3.14s/stock]Collect signals 2166/3317:  65%|¨€¨€¨€¨€¨€¨€¨„   | 2166/3317 [1:55:45<1:01:23,  3.20s/stock]D:\Projects\auto-select-stock\src\auto_select_stock\predict\data.py:76: RuntimeWarning: invalid value encountered in divide
  result["bb_position"] = np.where(bb_upper != bb_lower, (close - bb_lower) / (bb_upper - bb_lower), 0.5)
Collect signals 2167/3317:  65%|¨€¨€¨€¨€¨€¨€¨„   | 2166/3317 [1:55:48<1:01:23,  3.20s/stock]Collect signals 2167/3317:  65%|¨€¨€¨€¨€¨€¨€¨„   | 2167/3317 [1:55:48<59:04,  3.08s/stock]  D:\Projects\auto-select-stock\src\auto_select_stock\predict\data.py:76: RuntimeWarning: invalid value encountered in divide
  result["bb_position"] = np.where(bb_upper != bb_lower, (close - bb_lower) / (bb_upper - bb_lower), 0.5)
Collect signals 2168/3317:  65%|¨€¨€¨€¨€¨€¨€¨„   | 2167/3317 [1:55:52<59:04,  3.08s/stock]Collect signals 2168/3317:  65%|¨€¨€¨€¨€¨€¨€¨„   | 2168/3317 [1:55:52<1:00:39,  3.17s/stock]D:\Projects\auto-select-stock\src\auto_select_stock\predict\data.py:76: RuntimeWarning: invalid value encountered in divide
  result["bb_position"] = np.where(bb_upper != bb_lower, (close - bb_lower) / (bb_upper - bb_lower), 0.5)
Collect signals 2169/3317:  65%|¨€¨€¨€¨€¨€¨€¨„   | 2168/3317 [1:55:55<1:00:39,  3.17s/stock]Collect signals 2169/3317:  65%|¨€¨€¨€¨€¨€¨€¨„   | 2169/3317 [1:55:55<1:01:58,  3.24s/stock]D:\Projects\auto-select-stock\src\auto_select_stock\predict\data.py:76: RuntimeWarning: invalid value encountered in divide
  result["bb_position"] = np.where(bb_upper != bb_lower, (close - bb_lower) / (bb_upper - bb_lower), 0.5)
Collect signals 2170/3317:  65%|¨€¨€¨€¨€¨€¨€¨„   | 2169/3317 [1:55:58<1:01:58,  3.24s/stock]Collect signals 2170/3317:  65%|¨€¨€¨€¨€¨€¨€¨„   | 2170/3317 [1:55:58<1:00:15,  3.15s/stock]D:\Projects\auto-select-stock\src\auto_select_stock\predict\data.py:76: RuntimeWarning: invalid value encountered in divide
  result["bb_position"] = np.where(bb_upper != bb_lower, (close - bb_lower) / (bb_upper - bb_lower), 0.5)
Collect signals 2171/3317:  65%|¨€¨€¨€¨€¨€¨€¨„   | 2170/3317 [1:56:01<1:00:15,  3.15s/stock]Collect signals 2171/3317:  65%|¨€¨€¨€¨€¨€¨€¨„   | 2171/3317 [1:56:01<1:01:27,  3.22s/stock]D:\Projects\auto-select-stock\src\auto_select_stock\predict\data.py:76: RuntimeWarning: invalid value encountered in divide
  result["bb_position"] = np.where(bb_upper != bb_lower, (close - bb_lower) / (bb_upper - bb_lower), 0.5)
Collect signals 2172/3317:  65%|¨€¨€¨€¨€¨€¨€¨„   | 2171/3317 [1:56:04<1:01:27,  3.22s/stock]Collect signals 2172/3317:  65%|¨€¨€¨€¨€¨€¨€¨„   | 2172/3317 [1:56:04<1:00:13,  3.16s/stock]D:\Projects\auto-select-stock\src\auto_select_stock\predict\data.py:76: RuntimeWarning: invalid value encountered in divide
  result["bb_position"] = np.where(bb_upper != bb_lower, (close - bb_lower) / (bb_upper - bb_lower), 0.5)
Collect signals 2173/3317:  65%|¨€¨€¨€¨€¨€¨€¨„   | 2172/3317 [1:56:08<1:00:13,  3.16s/stock]Collect signals 2173/3317:  66%|¨€¨€¨€¨€¨€¨€¨„   | 2173/3317 [1:56:08<1:01:35,  3.23s/stock]D:\Projects\auto-select-stock\src\auto_select_stock\predict\data.py:76: RuntimeWarning: invalid value encountered in divide
  result["bb_position"] = np.where(bb_upper != bb_lower, (close - bb_lower) / (bb_upper - bb_lower), 0.5)
Collect signals 2174/3317:  66%|¨€¨€¨€¨€¨€¨€¨„   | 2173/3317 [1:56:11<1:01:35,  3.23s/stock]Collect signals 2174/3317:  66%|¨€¨€¨€¨€¨€¨€¨„   | 2174/3317 [1:56:11<1:00:23,  3.17s/stock]D:\Projects\auto-select-stock\src\auto_select_stock\predict\data.py:76: RuntimeWarning: invalid value encountered in divide
  result["bb_position"] = np.where(bb_upper != bb_lower, (close - bb_lower) / (bb_upper - bb_lower), 0.5)
Collect signals 2175/3317:  66%|¨€¨€¨€¨€¨€¨€¨„   | 2174/3317 [1:56:14<1:00:23,  3.17s/stock]Collect signals 2175/3317:  66%|¨€¨€¨€¨€¨€¨€¨„   | 2175/3317 [1:56:14<1:01:27,  3.23s/stock]D:\Projects\auto-select-stock\src\auto_select_stock\predict\data.py:76: RuntimeWarning: invalid value encountered in divide
  result["bb_position"] = np.where(bb_upper != bb_lower, (close - bb_lower) / (bb_upper - bb_lower), 0.5)
Collect signals 2176/3317:  66%|¨€¨€¨€¨€¨€¨€¨„   | 2175/3317 [1:56:17<1:01:27,  3.23s/stock]Collect signals 2176/3317:  66%|¨€¨€¨€¨€¨€¨€¨„   | 2176/3317 [1:56:17<59:31,  3.13s/stock]  D:\Projects\auto-select-stock\src\auto_select_stock\predict\data.py:76: RuntimeWarning: invalid value encountered in divide
  result["bb_position"] = np.where(bb_upper != bb_lower, (close - bb_lower) / (bb_upper - bb_lower), 0.5)
Collect signals 2177/3317:  66%|¨€¨€¨€¨€¨€¨€¨„   | 2176/3317 [1:56:20<59:31,  3.13s/stock]Collect signals 2177/3317:  66%|¨€¨€¨€¨€¨€¨€¨„   | 2177/3317 [1:56:20<1:00:56,  3.21s/stock]D:\Projects\auto-select-stock\src\auto_select_stock\predict\data.py:76: RuntimeWarning: invalid value encountered in divide
  result["bb_position"] = np.where(bb_upper != bb_lower, (close - bb_lower) / (bb_upper - bb_lower), 0.5)
Collect signals 2178/3317:  66%|¨€¨€¨€¨€¨€¨€¨„   | 2177/3317 [1:56:24<1:00:56,  3.21s/stock]Collect signals 2178/3317:  66%|¨€¨€¨€¨€¨€¨€¨„   | 2178/3317 [1:56:24<1:01:46,  3.25s/stock]D:\Projects\auto-select-stock\src\auto_select_stock\predict\data.py:76: RuntimeWarning: invalid value encountered in divide
  result["bb_position"] = np.where(bb_upper != bb_lower, (close - bb_lower) / (bb_upper - bb_lower), 0.5)
Collect signals 2179/3317:  66%|¨€¨€¨€¨€¨€¨€¨„   | 2178/3317 [1:56:27<1:01:46,  3.25s/stock]Collect signals 2179/3317:  66%|¨€¨€¨€¨€¨€¨€¨„   | 2179/3317 [1:56:27<1:00:08,  3.17s/stock]D:\Projects\auto-select-stock\src\auto_select_stock\predict\data.py:76: RuntimeWarning: invalid value encountered in divide
  result["bb_position"] = np.where(bb_upper != bb_lower, (close - bb_lower) / (bb_upper - bb_lower), 0.5)
Collect signals 2180/3317:  66%|¨€¨€¨€¨€¨€¨€¨„   | 2179/3317 [1:56:30<1:00:08,  3.17s/stock]Collect signals 2180/3317:  66%|¨€¨€¨€¨€¨€¨€¨„   | 2180/3317 [1:56:30<1:00:18,  3.18s/stock]D:\Projects\auto-select-stock\src\auto_select_stock\predict\data.py:76: RuntimeWarning: invalid value encountered in divide
  result["bb_position"] = np.where(bb_upper != bb_lower, (close - bb_lower) / (bb_upper - bb_lower), 0.5)
Collect signals 2181/3317:  66%|¨€¨€¨€¨€¨€¨€¨„   | 2180/3317 [1:56:33<1:00:18,  3.18s/stock]Collect signals 2181/3317:  66%|¨€¨€¨€¨€¨€¨€¨„   | 2181/3317 [1:56:33<57:34,  3.04s/stock]  D:\Projects\auto-select-stock\src\auto_select_stock\predict\data.py:76: RuntimeWarning: invalid value encountered in divide
  result["bb_position"] = np.where(bb_upper != bb_lower, (close - bb_lower) / (bb_upper - bb_lower), 0.5)
Collect signals 2182/3317:  66%|¨€¨€¨€¨€¨€¨€¨„   | 2181/3317 [1:56:36<57:34,  3.04s/stock]Collect signals 2182/3317:  66%|¨€¨€¨€¨€¨€¨€¨„   | 2182/3317 [1:56:36<57:57,  3.06s/stock]D:\Projects\auto-select-stock\src\auto_select_stock\predict\data.py:76: RuntimeWarning: invalid value encountered in divide
  result["bb_position"] = np.where(bb_upper != bb_lower, (close - bb_lower) / (bb_upper - bb_lower), 0.5)
Collect signals 2183/3317:  66%|¨€¨€¨€¨€¨€¨€¨„   | 2182/3317 [1:56:39<57:57,  3.06s/stock]Collect signals 2183/3317:  66%|¨€¨€¨€¨€¨€¨€¨„   | 2183/3317 [1:56:39<55:57,  2.96s/stock]D:\Projects\auto-select-stock\src\auto_select_stock\predict\data.py:76: RuntimeWarning: invalid value encountered in divide
  result["bb_position"] = np.where(bb_upper != bb_lower, (close - bb_lower) / (bb_upper - bb_lower), 0.5)
Collect signals 2184/3317:  66%|¨€¨€¨€¨€¨€¨€¨„   | 2183/3317 [1:56:42<55:57,  2.96s/stock]Collect signals 2184/3317:  66%|¨€¨€¨€¨€¨€¨€¨„   | 2184/3317 [1:56:42<57:09,  3.03s/stock]D:\Projects\auto-select-stock\src\auto_select_stock\predict\data.py:76: RuntimeWarning: invalid value encountered in divide
  result["bb_position"] = np.where(bb_upper != bb_lower, (close - bb_lower) / (bb_upper - bb_lower), 0.5)
Collect signals 2185/3317:  66%|¨€¨€¨€¨€¨€¨€¨„   | 2184/3317 [1:56:45<57:09,  3.03s/stock]Collect signals 2185/3317:  66%|¨€¨€¨€¨€¨€¨€¨„   | 2185/3317 [1:56:45<57:50,  3.07s/stock]D:\Projects\auto-select-stock\src\auto_select_stock\predict\data.py:76: RuntimeWarning: invalid value encountered in divide
  result["bb_position"] = np.where(bb_upper != bb_lower, (close - bb_lower) / (bb_upper - bb_lower), 0.5)
Collect signals 2186/3317:  66%|¨€¨€¨€¨€¨€¨€¨„   | 2185/3317 [1:56:48<57:50,  3.07s/stock]Collect signals 2186/3317:  66%|¨€¨€¨€¨€¨€¨€¨„   | 2186/3317 [1:56:48<56:12,  2.98s/stock]D:\Projects\auto-select-stock\src\auto_select_stock\predict\data.py:76: RuntimeWarning: invalid value encountered in divide
  result["bb_position"] = np.where(bb_upper != bb_lower, (close - bb_lower) / (bb_upper - bb_lower), 0.5)
Collect signals 2187/3317:  66%|¨€¨€¨€¨€¨€¨€¨„   | 2186/3317 [1:56:51<56:12,  2.98s/stock]Collect signals 2187/3317:  66%|¨€¨€¨€¨€¨€¨€¨„   | 2187/3317 [1:56:51<56:59,  3.03s/stock]D:\Projects\auto-select-stock\src\auto_select_stock\predict\data.py:76: RuntimeWarning: invalid value encountered in divide
  result["bb_position"] = np.where(bb_upper != bb_lower, (close - bb_lower) / (bb_upper - bb_lower), 0.5)
Collect signals 2188/3317:  66%|¨€¨€¨€¨€¨€¨€¨„   | 2187/3317 [1:56:54<56:59,  3.03s/stock]Collect signals 2188/3317:  66%|¨€¨€¨€¨€¨€¨€¨„   | 2188/3317 [1:56:54<55:21,  2.94s/stock]D:\Projects\auto-select-stock\src\auto_select_stock\predict\data.py:76: RuntimeWarning: invalid value encountered in divide
  result["bb_position"] = np.where(bb_upper != bb_lower, (close - bb_lower) / (bb_upper - bb_lower), 0.5)
Collect signals 2189/3317:  66%|¨€¨€¨€¨€¨€¨€¨„   | 2188/3317 [1:56:57<55:21,  2.94s/stock]Collect signals 2189/3317:  66%|¨€¨€¨€¨€¨€¨€¨„   | 2189/3317 [1:56:57<56:19,  3.00s/stock]D:\Projects\auto-select-stock\src\auto_select_stock\predict\data.py:76: RuntimeWarning: invalid value encountered in divide
  result["bb_position"] = np.where(bb_upper != bb_lower, (close - bb_lower) / (bb_upper - bb_lower), 0.5)
Collect signals 2190/3317:  66%|¨€¨€¨€¨€¨€¨€¨„   | 2189/3317 [1:56:59<56:19,  3.00s/stock]Collect signals 2190/3317:  66%|¨€¨€¨€¨€¨€¨€¨„   | 2190/3317 [1:56:59<54:27,  2.90s/stock]D:\Projects\auto-select-stock\src\auto_select_stock\predict\data.py:76: RuntimeWarning: invalid value encountered in divide
  result["bb_position"] = np.where(bb_upper != bb_lower, (close - bb_lower) / (bb_upper - bb_lower), 0.5)
Collect signals 2191/3317:  66%|¨€¨€¨€¨€¨€¨€¨„   | 2190/3317 [1:57:02<54:27,  2.90s/stock]Collect signals 2191/3317:  66%|¨€¨€¨€¨€¨€¨€¨„   | 2191/3317 [1:57:02<54:56,  2.93s/stock]D:\Projects\auto-select-stock\src\auto_select_stock\predict\data.py:76: RuntimeWarning: invalid value encountered in divide
  result["bb_position"] = np.where(bb_upper != bb_lower, (close - bb_lower) / (bb_upper - bb_lower), 0.5)
Collect signals 2192/3317:  66%|¨€¨€¨€¨€¨€¨€¨„   | 2191/3317 [1:57:05<54:56,  2.93s/stock]Collect signals 2192/3317:  66%|¨€¨€¨€¨€¨€¨€¨„   | 2192/3317 [1:57:05<54:11,  2.89s/stock]D:\Projects\auto-select-stock\src\auto_select_stock\predict\data.py:76: RuntimeWarning: invalid value encountered in divide
  result["bb_position"] = np.where(bb_upper != bb_lower, (close - bb_lower) / (bb_upper - bb_lower), 0.5)
Collect signals 2193/3317:  66%|¨€¨€¨€¨€¨€¨€¨„   | 2192/3317 [1:57:08<54:11,  2.89s/stock]Collect signals 2193/3317:  66%|¨€¨€¨€¨€¨€¨€¨„   | 2193/3317 [1:57:08<55:16,  2.95s/stock]D:\Projects\auto-select-stock\src\auto_select_stock\predict\data.py:76: RuntimeWarning: invalid value encountered in divide
  result["bb_position"] = np.where(bb_upper != bb_lower, (close - bb_lower) / (bb_upper - bb_lower), 0.5)
Collect signals 2194/3317:  66%|¨€¨€¨€¨€¨€¨€¨„   | 2193/3317 [1:57:11<55:16,  2.95s/stock]Collect signals 2194/3317:  66%|¨€¨€¨€¨€¨€¨€¨„   | 2194/3317 [1:57:11<55:31,  2.97s/stock]D:\Projects\auto-select-stock\src\auto_select_stock\predict\data.py:76: RuntimeWarning: invalid value encountered in divide
  result["bb_position"] = np.where(bb_upper != bb_lower, (close - bb_lower) / (bb_upper - bb_lower), 0.5)
Collect signals 2195/3317:  66%|¨€¨€¨€¨€¨€¨€¨„   | 2194/3317 [1:57:14<55:31,  2.97s/stock]Collect signals 2195/3317:  66%|¨€¨€¨€¨€¨€¨€¨„   | 2195/3317 [1:57:14<53:51,  2.88s/stock]D:\Projects\auto-select-stock\src\auto_select_stock\predict\data.py:76: RuntimeWarning: invalid value encountered in divide
  result["bb_position"] = np.where(bb_upper != bb_lower, (close - bb_lower) / (bb_upper - bb_lower), 0.5)
Collect signals 2196/3317:  66%|¨€¨€¨€¨€¨€¨€¨„   | 2195/3317 [1:57:17<53:51,  2.88s/stock]Collect signals 2196/3317:  66%|¨€¨€¨€¨€¨€¨€¨„   | 2196/3317 [1:57:17<54:45,  2.93s/stock]D:\Projects\auto-select-stock\src\auto_select_stock\predict\data.py:76: RuntimeWarning: invalid value encountered in divide
  result["bb_position"] = np.where(bb_upper != bb_lower, (close - bb_lower) / (bb_upper - bb_lower), 0.5)
Collect signals 2197/3317:  66%|¨€¨€¨€¨€¨€¨€¨„   | 2196/3317 [1:57:20<54:45,  2.93s/stock]Collect signals 2197/3317:  66%|¨€¨€¨€¨€¨€¨€¨„   | 2197/3317 [1:57:20<53:41,  2.88s/stock]D:\Projects\auto-select-stock\src\auto_select_stock\predict\data.py:76: RuntimeWarning: invalid value encountered in divide
  result["bb_position"] = np.where(bb_upper != bb_lower, (close - bb_lower) / (bb_upper - bb_lower), 0.5)
Collect signals 2198/3317:  66%|¨€¨€¨€¨€¨€¨€¨„   | 2197/3317 [1:57:23<53:41,  2.88s/stock]Collect signals 2198/3317:  66%|¨€¨€¨€¨€¨€¨€¨ƒ   | 2198/3317 [1:57:23<54:32,  2.92s/stock]D:\Projects\auto-select-stock\src\auto_select_stock\predict\data.py:76: RuntimeWarning: invalid value encountered in divide
  result["bb_position"] = np.where(bb_upper != bb_lower, (close - bb_lower) / (bb_upper - bb_lower), 0.5)
Collect signals 2199/3317:  66%|¨€¨€¨€¨€¨€¨€¨ƒ   | 2198/3317 [1:57:25<54:32,  2.92s/stock]Collect signals 2199/3317:  66%|¨€¨€¨€¨€¨€¨€¨ƒ   | 2199/3317 [1:57:25<53:07,  2.85s/stock]D:\Projects\auto-select-stock\src\auto_select_stock\predict\data.py:76: RuntimeWarning: invalid value encountered in divide
  result["bb_position"] = np.where(bb_upper != bb_lower, (close - bb_lower) / (bb_upper - bb_lower), 0.5)
Collect signals 2200/3317:  66%|¨€¨€¨€¨€¨€¨€¨ƒ   | 2199/3317 [1:57:28<53:07,  2.85s/stock]Collect signals 2200/3317:  66%|¨€¨€¨€¨€¨€¨€¨ƒ   | 2200/3317 [1:57:28<54:04,  2.90s/stock]D:\Projects\auto-select-stock\src\auto_select_stock\predict\data.py:76: RuntimeWarning: invalid value encountered in divide
  result["bb_position"] = np.where(bb_upper != bb_lower, (close - bb_lower) / (bb_upper - bb_lower), 0.5)
Collect signals 2201/3317:  66%|¨€¨€¨€¨€¨€¨€¨ƒ   | 2200/3317 [1:57:31<54:04,  2.90s/stock]Collect signals 2201/3317:  66%|¨€¨€¨€¨€¨€¨€¨ƒ   | 2201/3317 [1:57:31<53:22,  2.87s/stock]D:\Projects\auto-select-stock\src\auto_select_stock\predict\data.py:76: RuntimeWarning: invalid value encountered in divide
  result["bb_position"] = np.where(bb_upper != bb_lower, (close - bb_lower) / (bb_upper - bb_lower), 0.5)
Collect signals 2202/3317:  66%|¨€¨€¨€¨€¨€¨€¨ƒ   | 2201/3317 [1:57:34<53:22,  2.87s/stock]Collect signals 2202/3317:  66%|¨€¨€¨€¨€¨€¨€¨ƒ   | 2202/3317 [1:57:34<54:39,  2.94s/stock]D:\Projects\auto-select-stock\src\auto_select_stock\predict\data.py:76: RuntimeWarning: invalid value encountered in divide
  result["bb_position"] = np.where(bb_upper != bb_lower, (close - bb_lower) / (bb_upper - bb_lower), 0.5)
Collect signals 2203/3317:  66%|¨€¨€¨€¨€¨€¨€¨ƒ   | 2202/3317 [1:57:37<54:39,  2.94s/stock]Collect signals 2203/3317:  66%|¨€¨€¨€¨€¨€¨€¨ƒ   | 2203/3317 [1:57:37<53:02,  2.86s/stock]D:\Projects\auto-select-stock\src\auto_select_stock\predict\data.py:76: RuntimeWarning: invalid value encountered in divide
  result["bb_position"] = np.where(bb_upper != bb_lower, (close - bb_lower) / (bb_upper - bb_lower), 0.5)
Collect signals 2204/3317:  66%|¨€¨€¨€¨€¨€¨€¨ƒ   | 2203/3317 [1:57:40<53:02,  2.86s/stock]Collect signals 2204/3317:  66%|¨€¨€¨€¨€¨€¨€¨ƒ   | 2204/3317 [1:57:40<54:15,  2.92s/stock]D:\Projects\auto-select-stock\src\auto_select_stock\predict\data.py:76: RuntimeWarning: invalid value encountered in divide
  result["bb_position"] = np.where(bb_upper != bb_lower, (close - bb_lower) / (bb_upper - bb_lower), 0.5)
Collect signals 2205/3317:  66%|¨€¨€¨€¨€¨€¨€¨ƒ   | 2204/3317 [1:57:43<54:15,  2.92s/stock]Collect signals 2205/3317:  66%|¨€¨€¨€¨€¨€¨€¨ƒ   | 2205/3317 [1:57:43<55:16,  2.98s/stock]D:\Projects\auto-select-stock\src\auto_select_stock\predict\data.py:76: RuntimeWarning: invalid value encountered in divide
  result["bb_position"] = np.where(bb_upper != bb_lower, (close - bb_lower) / (bb_upper - bb_lower), 0.5)
Collect signals 2206/3317:  66%|¨€¨€¨€¨€¨€¨€¨ƒ   | 2205/3317 [1:57:46<55:16,  2.98s/stock]Collect signals 2206/3317:  67%|¨€¨€¨€¨€¨€¨€¨ƒ   | 2206/3317 [1:57:46<54:10,  2.93s/stock]D:\Projects\auto-select-stock\src\auto_select_stock\predict\data.py:76: RuntimeWarning: invalid value encountered in divide
  result["bb_position"] = np.where(bb_upper != bb_lower, (close - bb_lower) / (bb_upper - bb_lower), 0.5)
Collect signals 2207/3317:  67%|¨€¨€¨€¨€¨€¨€¨ƒ   | 2206/3317 [1:57:49<54:10,  2.93s/stock]Collect signals 2207/3317:  67%|¨€¨€¨€¨€¨€¨€¨ƒ   | 2207/3317 [1:57:49<54:50,  2.96s/stock]D:\Projects\auto-select-stock\src\auto_select_stock\predict\data.py:76: RuntimeWarning: invalid value encountered in divide
  result["bb_position"] = np.where(bb_upper != bb_lower, (close - bb_lower) / (bb_upper - bb_lower), 0.5)
Collect signals 2208/3317:  67%|¨€¨€¨€¨€¨€¨€¨ƒ   | 2207/3317 [1:57:52<54:50,  2.96s/stock]Collect signals 2208/3317:  67%|¨€¨€¨€¨€¨€¨€¨ƒ   | 2208/3317 [1:57:52<52:54,  2.86s/stock]D:\Projects\auto-select-stock\src\auto_select_stock\predict\data.py:76: RuntimeWarning: invalid value encountered in divide
  result["bb_position"] = np.where(bb_upper != bb_lower, (close - bb_lower) / (bb_upper - bb_lower), 0.5)
Collect signals 2209/3317:  67%|¨€¨€¨€¨€¨€¨€¨ƒ   | 2208/3317 [1:57:55<52:54,  2.86s/stock]Collect signals 2209/3317:  67%|¨€¨€¨€¨€¨€¨€¨ƒ   | 2209/3317 [1:57:55<53:45,  2.91s/stock]D:\Projects\auto-select-stock\src\auto_select_stock\predict\data.py:76: RuntimeWarning: invalid value encountered in divide
  result["bb_position"] = np.where(bb_upper != bb_lower, (close - bb_lower) / (bb_upper - bb_lower), 0.5)
Collect signals 2210/3317:  67%|¨€¨€¨€¨€¨€¨€¨ƒ   | 2209/3317 [1:57:57<53:45,  2.91s/stock]Collect signals 2210/3317:  67%|¨€¨€¨€¨€¨€¨€¨ƒ   | 2210/3317 [1:57:57<52:03,  2.82s/stock]D:\Projects\auto-select-stock\src\auto_select_stock\predict\data.py:76: RuntimeWarning: invalid value encountered in divide
  result["bb_position"] = np.where(bb_upper != bb_lower, (close - bb_lower) / (bb_upper - bb_lower), 0.5)
Collect signals 2211/3317:  67%|¨€¨€¨€¨€¨€¨€¨ƒ   | 2210/3317 [1:58:00<52:03,  2.82s/stock]Collect signals 2211/3317:  67%|¨€¨€¨€¨€¨€¨€¨ƒ   | 2211/3317 [1:58:00<53:09,  2.88s/stock]D:\Projects\auto-select-stock\src\auto_select_stock\predict\data.py:76: RuntimeWarning: invalid value encountered in divide
  result["bb_position"] = np.where(bb_upper != bb_lower, (close - bb_lower) / (bb_upper - bb_lower), 0.5)
Collect signals 2212/3317:  67%|¨€¨€¨€¨€¨€¨€¨ƒ   | 2211/3317 [1:58:03<53:09,  2.88s/stock]Collect signals 2212/3317:  67%|¨€¨€¨€¨€¨€¨€¨ƒ   | 2212/3317 [1:58:03<51:42,  2.81s/stock]D:\Projects\auto-select-stock\src\auto_select_stock\predict\data.py:76: RuntimeWarning: invalid value encountered in divide
  result["bb_position"] = np.where(bb_upper != bb_lower, (close - bb_lower) / (bb_upper - bb_lower), 0.5)
Collect signals 2213/3317:  67%|¨€¨€¨€¨€¨€¨€¨ƒ   | 2212/3317 [1:58:06<51:42,  2.81s/stock]Collect signals 2213/3317:  67%|¨€¨€¨€¨€¨€¨€¨ƒ   | 2213/3317 [1:58:06<52:38,  2.86s/stock]D:\Projects\auto-select-stock\src\auto_select_stock\predict\data.py:76: RuntimeWarning: invalid value encountered in divide
  result["bb_position"] = np.where(bb_upper != bb_lower, (close - bb_lower) / (bb_upper - bb_lower), 0.5)
Collect signals 2214/3317:  67%|¨€¨€¨€¨€¨€¨€¨ƒ   | 2213/3317 [1:58:09<52:38,  2.86s/stock]Collect signals 2214/3317:  67%|¨€¨€¨€¨€¨€¨€¨ƒ   | 2214/3317 [1:58:09<51:30,  2.80s/stock]D:\Projects\auto-select-stock\src\auto_select_stock\predict\data.py:76: RuntimeWarning: invalid value encountered in divide
  result["bb_position"] = np.where(bb_upper != bb_lower, (close - bb_lower) / (bb_upper - bb_lower), 0.5)
Collect signals 2215/3317:  67%|¨€¨€¨€¨€¨€¨€¨ƒ   | 2214/3317 [1:58:12<51:30,  2.80s/stock]Collect signals 2215/3317:  67%|¨€¨€¨€¨€¨€¨€¨ƒ   | 2215/3317 [1:58:12<52:46,  2.87s/stock]D:\Projects\auto-select-stock\src\auto_select_stock\predict\data.py:76: RuntimeWarning: invalid value encountered in divide
  result["bb_position"] = np.where(bb_upper != bb_lower, (close - bb_lower) / (bb_upper - bb_lower), 0.5)
Collect signals 2216/3317:  67%|¨€¨€¨€¨€¨€¨€¨ƒ   | 2215/3317 [1:58:15<52:46,  2.87s/stock]Collect signals 2216/3317:  67%|¨€¨€¨€¨€¨€¨€¨ƒ   | 2216/3317 [1:58:15<53:41,  2.93s/stock]D:\Projects\auto-select-stock\src\auto_select_stock\predict\data.py:76: RuntimeWarning: invalid value encountered in divide
  result["bb_position"] = np.where(bb_upper != bb_lower, (close - bb_lower) / (bb_upper - bb_lower), 0.5)
Collect signals 2217/3317:  67%|¨€¨€¨€¨€¨€¨€¨ƒ   | 2216/3317 [1:58:17<53:41,  2.93s/stock]Collect signals 2217/3317:  67%|¨€¨€¨€¨€¨€¨€¨ƒ   | 2217/3317 [1:58:17<52:15,  2.85s/stock]D:\Projects\auto-select-stock\src\auto_select_stock\predict\data.py:76: RuntimeWarning: invalid value encountered in divide
  result["bb_position"] = np.where(bb_upper != bb_lower, (close - bb_lower) / (bb_upper - bb_lower), 0.5)
Collect signals 2218/3317:  67%|¨€¨€¨€¨€¨€¨€¨ƒ   | 2217/3317 [1:58:20<52:15,  2.85s/stock]Collect signals 2218/3317:  67%|¨€¨€¨€¨€¨€¨€¨ƒ   | 2218/3317 [1:58:20<53:11,  2.90s/stock]D:\Projects\auto-select-stock\src\auto_select_stock\predict\data.py:76: RuntimeWarning: invalid value encountered in divide
  result["bb_position"] = np.where(bb_upper != bb_lower, (close - bb_lower) / (bb_upper - bb_lower), 0.5)
Collect signals 2219/3317:  67%|¨€¨€¨€¨€¨€¨€¨ƒ   | 2218/3317 [1:58:23<53:11,  2.90s/stock]Collect signals 2219/3317:  67%|¨€¨€¨€¨€¨€¨€¨ƒ   | 2219/3317 [1:58:23<51:31,  2.82s/stock]D:\Projects\auto-select-stock\src\auto_select_stock\predict\data.py:76: RuntimeWarning: invalid value encountered in divide
  result["bb_position"] = np.where(bb_upper != bb_lower, (close - bb_lower) / (bb_upper - bb_lower), 0.5)
Collect signals 2220/3317:  67%|¨€¨€¨€¨€¨€¨€¨ƒ   | 2219/3317 [1:58:26<51:31,  2.82s/stock]Collect signals 2220/3317:  67%|¨€¨€¨€¨€¨€¨€¨ƒ   | 2220/3317 [1:58:26<52:36,  2.88s/stock]D:\Projects\auto-select-stock\src\auto_select_stock\predict\data.py:76: RuntimeWarning: invalid value encountered in divide
  result["bb_position"] = np.where(bb_upper != bb_lower, (close - bb_lower) / (bb_upper - bb_lower), 0.5)
Collect signals 2221/3317:  67%|¨€¨€¨€¨€¨€¨€¨ƒ   | 2220/3317 [1:58:29<52:36,  2.88s/stock]Collect signals 2221/3317:  67%|¨€¨€¨€¨€¨€¨€¨ƒ   | 2221/3317 [1:58:29<51:18,  2.81s/stock]D:\Projects\auto-select-stock\src\auto_select_stock\predict\data.py:76: RuntimeWarning: invalid value encountered in divide
  result["bb_position"] = np.where(bb_upper != bb_lower, (close - bb_lower) / (bb_upper - bb_lower), 0.5)
Collect signals 2222/3317:  67%|¨€¨€¨€¨€¨€¨€¨ƒ   | 2221/3317 [1:58:32<51:18,  2.81s/stock]Collect signals 2222/3317:  67%|¨€¨€¨€¨€¨€¨€¨ƒ   | 2222/3317 [1:58:32<52:47,  2.89s/stock]D:\Projects\auto-select-stock\src\auto_select_stock\predict\data.py:76: RuntimeWarning: invalid value encountered in divide
  result["bb_position"] = np.where(bb_upper != bb_lower, (close - bb_lower) / (bb_upper - bb_lower), 0.5)
Collect signals 2223/3317:  67%|¨€¨€¨€¨€¨€¨€¨ƒ   | 2222/3317 [1:58:34<52:47,  2.89s/stock]Collect signals 2223/3317:  67%|¨€¨€¨€¨€¨€¨€¨ƒ   | 2223/3317 [1:58:34<51:12,  2.81s/stock]D:\Projects\auto-select-stock\src\auto_select_stock\predict\data.py:76: RuntimeWarning: invalid value encountered in divide
  result["bb_position"] = np.where(bb_upper != bb_lower, (close - bb_lower) / (bb_upper - bb_lower), 0.5)
Collect signals 2224/3317:  67%|¨€¨€¨€¨€¨€¨€¨ƒ   | 2223/3317 [1:58:37<51:12,  2.81s/stock]Collect signals 2224/3317:  67%|¨€¨€¨€¨€¨€¨€¨ƒ   | 2224/3317 [1:58:37<52:15,  2.87s/stock]D:\Projects\auto-select-stock\src\auto_select_stock\predict\data.py:76: RuntimeWarning: invalid value encountered in divide
  result["bb_position"] = np.where(bb_upper != bb_lower, (close - bb_lower) / (bb_upper - bb_lower), 0.5)
Collect signals 2225/3317:  67%|¨€¨€¨€¨€¨€¨€¨ƒ   | 2224/3317 [1:58:37<52:15,  2.87s/stock]D:\Projects\auto-select-stock\src\auto_select_stock\predict\data.py:76: RuntimeWarning: invalid value encountered in divide
  result["bb_position"] = np.where(bb_upper != bb_lower, (close - bb_lower) / (bb_upper - bb_lower), 0.5)
Collect signals 2226/3317:  67%|¨€¨€¨€¨€¨€¨€¨ƒ   | 2225/3317 [1:58:40<52:12,  2.87s/stock]Collect signals 2226/3317:  67%|¨€¨€¨€¨€¨€¨€¨ƒ   | 2226/3317 [1:58:40<40:44,  2.24s/stock]D:\Projects\auto-select-stock\src\auto_select_stock\predict\data.py:76: RuntimeWarning: invalid value encountered in divide
  result["bb_position"] = np.where(bb_upper != bb_lower, (close - bb_lower) / (bb_upper - bb_lower), 0.5)
Collect signals 2227/3317:  67%|¨€¨€¨€¨€¨€¨€¨ƒ   | 2226/3317 [1:58:43<40:44,  2.24s/stock]Collect signals 2227/3317:  67%|¨€¨€¨€¨€¨€¨€¨ƒ   | 2227/3317 [1:58:43<42:42,  2.35s/stock]D:\Projects\auto-select-stock\src\auto_select_stock\predict\data.py:76: RuntimeWarning: invalid value encountered in divide
  result["bb_position"] = np.where(bb_upper != bb_lower, (close - bb_lower) / (bb_upper - bb_lower), 0.5)
Collect signals 2228/3317:  67%|¨€¨€¨€¨€¨€¨€¨ƒ   | 2227/3317 [1:58:46<42:42,  2.35s/stock]Collect signals 2228/3317:  67%|¨€¨€¨€¨€¨€¨€¨ƒ   | 2228/3317 [1:58:46<45:47,  2.52s/stock]D:\Projects\auto-select-stock\src\auto_select_stock\predict\data.py:76: RuntimeWarning: invalid value encountered in divide
  result["bb_position"] = np.where(bb_upper != bb_lower, (close - bb_lower) / (bb_upper - bb_lower), 0.5)
Collect signals 2229/3317:  67%|¨€¨€¨€¨€¨€¨€¨ƒ   | 2228/3317 [1:58:49<45:47,  2.52s/stock]Collect signals 2229/3317:  67%|¨€¨€¨€¨€¨€¨€¨ƒ   | 2229/3317 [1:58:49<46:15,  2.55s/stock]D:\Projects\auto-select-stock\src\auto_select_stock\predict\data.py:76: RuntimeWarning: invalid value encountered in divide
  result["bb_position"] = np.where(bb_upper != bb_lower, (close - bb_lower) / (bb_upper - bb_lower), 0.5)
Collect signals 2230/3317:  67%|¨€¨€¨€¨€¨€¨€¨ƒ   | 2229/3317 [1:58:52<46:15,  2.55s/stock]Collect signals 2230/3317:  67%|¨€¨€¨€¨€¨€¨€¨ƒ   | 2230/3317 [1:58:52<48:18,  2.67s/stock]D:\Projects\auto-select-stock\src\auto_select_stock\predict\data.py:76: RuntimeWarning: invalid value encountered in divide
  result["bb_position"] = np.where(bb_upper != bb_lower, (close - bb_lower) / (bb_upper - bb_lower), 0.5)
Collect signals 2231/3317:  67%|¨€¨€¨€¨€¨€¨€¨ƒ   | 2230/3317 [1:58:54<48:18,  2.67s/stock]Collect signals 2231/3317:  67%|¨€¨€¨€¨€¨€¨€¨ƒ   | 2231/3317 [1:58:54<47:59,  2.65s/stock]D:\Projects\auto-select-stock\src\auto_select_stock\predict\data.py:76: RuntimeWarning: invalid value encountered in divide
  result["bb_position"] = np.where(bb_upper != bb_lower, (close - bb_lower) / (bb_upper - bb_lower), 0.5)
Collect signals 2232/3317:  67%|¨€¨€¨€¨€¨€¨€¨ƒ   | 2231/3317 [1:58:57<47:59,  2.65s/stock]Collect signals 2232/3317:  67%|¨€¨€¨€¨€¨€¨€¨ƒ   | 2232/3317 [1:58:57<49:48,  2.75s/stock]D:\Projects\auto-select-stock\src\auto_select_stock\predict\data.py:76: RuntimeWarning: invalid value encountered in divide
  result["bb_position"] = np.where(bb_upper != bb_lower, (close - bb_lower) / (bb_upper - bb_lower), 0.5)
Collect signals 2233/3317:  67%|¨€¨€¨€¨€¨€¨€¨ƒ   | 2232/3317 [1:59:00<49:48,  2.75s/stock]Collect signals 2233/3317:  67%|¨€¨€¨€¨€¨€¨€¨ƒ   | 2233/3317 [1:59:00<51:06,  2.83s/stock]D:\Projects\auto-select-stock\src\auto_select_stock\predict\data.py:76: RuntimeWarning: invalid value encountered in divide
  result["bb_position"] = np.where(bb_upper != bb_lower, (close - bb_lower) / (bb_upper - bb_lower), 0.5)
Collect signals 2234/3317:  67%|¨€¨€¨€¨€¨€¨€¨ƒ   | 2233/3317 [1:59:03<51:06,  2.83s/stock]Collect signals 2234/3317:  67%|¨€¨€¨€¨€¨€¨€¨ƒ   | 2234/3317 [1:59:03<50:04,  2.77s/stock]D:\Projects\auto-select-stock\src\auto_select_stock\predict\data.py:76: RuntimeWarning: invalid value encountered in divide
  result["bb_position"] = np.where(bb_upper != bb_lower, (close - bb_lower) / (bb_upper - bb_lower), 0.5)
Collect signals 2235/3317:  67%|¨€¨€¨€¨€¨€¨€¨ƒ   | 2234/3317 [1:59:06<50:04,  2.77s/stock]Collect signals 2235/3317:  67%|¨€¨€¨€¨€¨€¨€¨ƒ   | 2235/3317 [1:59:06<51:30,  2.86s/stock]D:\Projects\auto-select-stock\src\auto_select_stock\predict\data.py:76: RuntimeWarning: invalid value encountered in divide
  result["bb_position"] = np.where(bb_upper != bb_lower, (close - bb_lower) / (bb_upper - bb_lower), 0.5)
Collect signals 2236/3317:  67%|¨€¨€¨€¨€¨€¨€¨ƒ   | 2235/3317 [1:59:09<51:30,  2.86s/stock]Collect signals 2236/3317:  67%|¨€¨€¨€¨€¨€¨€¨ƒ   | 2236/3317 [1:59:09<50:29,  2.80s/stock]D:\Projects\auto-select-stock\src\auto_select_stock\predict\data.py:76: RuntimeWarning: invalid value encountered in divide
  result["bb_position"] = np.where(bb_upper != bb_lower, (close - bb_lower) / (bb_upper - bb_lower), 0.5)
Collect signals 2237/3317:  67%|¨€¨€¨€¨€¨€¨€¨ƒ   | 2236/3317 [1:59:12<50:29,  2.80s/stock]Collect signals 2237/3317:  67%|¨€¨€¨€¨€¨€¨€¨ƒ   | 2237/3317 [1:59:12<51:25,  2.86s/stock]D:\Projects\auto-select-stock\src\auto_select_stock\predict\data.py:76: RuntimeWarning: invalid value encountered in divide
  result["bb_position"] = np.where(bb_upper != bb_lower, (close - bb_lower) / (bb_upper - bb_lower), 0.5)
Collect signals 2238/3317:  67%|¨€¨€¨€¨€¨€¨€¨ƒ   | 2237/3317 [1:59:14<51:25,  2.86s/stock]Collect signals 2238/3317:  67%|¨€¨€¨€¨€¨€¨€¨ƒ   | 2238/3317 [1:59:14<50:08,  2.79s/stock]D:\Projects\auto-select-stock\src\auto_select_stock\predict\data.py:76: RuntimeWarning: invalid value encountered in divide
  result["bb_position"] = np.where(bb_upper != bb_lower, (close - bb_lower) / (bb_upper - bb_lower), 0.5)
Collect signals 2239/3317:  67%|¨€¨€¨€¨€¨€¨€¨ƒ   | 2238/3317 [1:59:17<50:08,  2.79s/stock]Collect signals 2239/3317:  68%|¨€¨€¨€¨€¨€¨€¨‚   | 2239/3317 [1:59:17<51:22,  2.86s/stock]D:\Projects\auto-select-stock\src\auto_select_stock\predict\data.py:76: RuntimeWarning: invalid value encountered in divide
  result["bb_position"] = np.where(bb_upper != bb_lower, (close - bb_lower) / (bb_upper - bb_lower), 0.5)
Collect signals 2240/3317:  68%|¨€¨€¨€¨€¨€¨€¨‚   | 2239/3317 [1:59:20<51:22,  2.86s/stock]Collect signals 2240/3317:  68%|¨€¨€¨€¨€¨€¨€¨‚   | 2240/3317 [1:59:20<50:02,  2.79s/stock]D:\Projects\auto-select-stock\src\auto_select_stock\predict\data.py:76: RuntimeWarning: invalid value encountered in divide
  result["bb_position"] = np.where(bb_upper != bb_lower, (close - bb_lower) / (bb_upper - bb_lower), 0.5)
Collect signals 2241/3317:  68%|¨€¨€¨€¨€¨€¨€¨‚   | 2240/3317 [1:59:23<50:02,  2.79s/stock]Collect signals 2241/3317:  68%|¨€¨€¨€¨€¨€¨€¨‚   | 2241/3317 [1:59:23<51:12,  2.86s/stock]D:\Projects\auto-select-stock\src\auto_select_stock\predict\data.py:76: RuntimeWarning: invalid value encountered in divide
  result["bb_position"] = np.where(bb_upper != bb_lower, (close - bb_lower) / (bb_upper - bb_lower), 0.5)
Collect signals 2242/3317:  68%|¨€¨€¨€¨€¨€¨€¨‚   | 2241/3317 [1:59:26<51:12,  2.86s/stock]Collect signals 2242/3317:  68%|¨€¨€¨€¨€¨€¨€¨‚   | 2242/3317 [1:59:26<51:53,  2.90s/stock]D:\Projects\auto-select-stock\src\auto_select_stock\predict\data.py:76: RuntimeWarning: invalid value encountered in divide
  result["bb_position"] = np.where(bb_upper != bb_lower, (close - bb_lower) / (bb_upper - bb_lower), 0.5)
Collect signals 2243/3317:  68%|¨€¨€¨€¨€¨€¨€¨‚   | 2242/3317 [1:59:26<51:53,  2.90s/stock]Collect signals 2243/3317:  68%|¨€¨€¨€¨€¨€¨€¨‚   | 2243/3317 [1:59:26<38:26,  2.15s/stock]D:\Projects\auto-select-stock\src\auto_select_stock\predict\data.py:76: RuntimeWarning: invalid value encountered in divide
  result["bb_position"] = np.where(bb_upper != bb_lower, (close - bb_lower) / (bb_upper - bb_lower), 0.5)
Collect signals 2244/3317:  68%|¨€¨€¨€¨€¨€¨€¨‚   | 2243/3317 [1:59:29<38:26,  2.15s/stock]Collect signals 2244/3317:  68%|¨€¨€¨€¨€¨€¨€¨‚   | 2244/3317 [1:59:29<42:59,  2.40s/stock]D:\Projects\auto-select-stock\src\auto_select_stock\predict\data.py:76: RuntimeWarning: invalid value encountered in divide
  result["bb_position"] = np.where(bb_upper != bb_lower, (close - bb_lower) / (bb_upper - bb_lower), 0.5)
Collect signals 2245/3317:  68%|¨€¨€¨€¨€¨€¨€¨‚   | 2244/3317 [1:59:32<42:59,  2.40s/stock]Collect signals 2245/3317:  68%|¨€¨€¨€¨€¨€¨€¨‚   | 2245/3317 [1:59:32<46:04,  2.58s/stock]D:\Projects\auto-select-stock\src\auto_select_stock\predict\data.py:76: RuntimeWarning: invalid value encountered in divide
  result["bb_position"] = np.where(bb_upper != bb_lower, (close - bb_lower) / (bb_upper - bb_lower), 0.5)
Collect signals 2246/3317:  68%|¨€¨€¨€¨€¨€¨€¨‚   | 2245/3317 [1:59:35<46:04,  2.58s/stock]Collect signals 2246/3317:  68%|¨€¨€¨€¨€¨€¨€¨‚   | 2246/3317 [1:59:35<46:20,  2.60s/stock]D:\Projects\auto-select-stock\src\auto_select_stock\predict\data.py:76: RuntimeWarning: invalid value encountered in divide
  result["bb_position"] = np.where(bb_upper != bb_lower, (close - bb_lower) / (bb_upper - bb_lower), 0.5)
Collect signals 2247/3317:  68%|¨€¨€¨€¨€¨€¨€¨‚   | 2246/3317 [1:59:38<46:20,  2.60s/stock]Collect signals 2247/3317:  68%|¨€¨€¨€¨€¨€¨€¨‚   | 2247/3317 [1:59:38<48:47,  2.74s/stock]D:\Projects\auto-select-stock\src\auto_select_stock\predict\data.py:76: RuntimeWarning: invalid value encountered in divide
  result["bb_position"] = np.where(bb_upper != bb_lower, (close - bb_lower) / (bb_upper - bb_lower), 0.5)
Collect signals 2248/3317:  68%|¨€¨€¨€¨€¨€¨€¨‚   | 2247/3317 [1:59:41<48:47,  2.74s/stock]Collect signals 2248/3317:  68%|¨€¨€¨€¨€¨€¨€¨‚   | 2248/3317 [1:59:41<48:56,  2.75s/stock]D:\Projects\auto-select-stock\src\auto_select_stock\predict\data.py:76: RuntimeWarning: invalid value encountered in divide
  result["bb_position"] = np.where(bb_upper != bb_lower, (close - bb_lower) / (bb_upper - bb_lower), 0.5)
Collect signals 2249/3317:  68%|¨€¨€¨€¨€¨€¨€¨‚   | 2248/3317 [1:59:44<48:56,  2.75s/stock]Collect signals 2249/3317:  68%|¨€¨€¨€¨€¨€¨€¨‚   | 2249/3317 [1:59:44<50:30,  2.84s/stock]D:\Projects\auto-select-stock\src\auto_select_stock\predict\data.py:76: RuntimeWarning: invalid value encountered in divide
  result["bb_position"] = np.where(bb_upper != bb_lower, (close - bb_lower) / (bb_upper - bb_lower), 0.5)
Collect signals 2250/3317:  68%|¨€¨€¨€¨€¨€¨€¨‚   | 2249/3317 [1:59:47<50:30,  2.84s/stock]Collect signals 2250/3317:  68%|¨€¨€¨€¨€¨€¨€¨‚   | 2250/3317 [1:59:47<51:04,  2.87s/stock]D:\Projects\auto-select-stock\src\auto_select_stock\predict\data.py:76: RuntimeWarning: invalid value encountered in divide
  result["bb_position"] = np.where(bb_upper != bb_lower, (close - bb_lower) / (bb_upper - bb_lower), 0.5)
Collect signals 2251/3317:  68%|¨€¨€¨€¨€¨€¨€¨‚   | 2250/3317 [1:59:50<51:04,  2.87s/stock]Collect signals 2251/3317:  68%|¨€¨€¨€¨€¨€¨€¨‚   | 2251/3317 [1:59:50<52:54,  2.98s/stock]D:\Projects\auto-select-stock\src\auto_select_stock\predict\data.py:76: RuntimeWarning: invalid value encountered in divide
  result["bb_position"] = np.where(bb_upper != bb_lower, (close - bb_lower) / (bb_upper - bb_lower), 0.5)
Collect signals 2252/3317:  68%|¨€¨€¨€¨€¨€¨€¨‚   | 2251/3317 [1:59:53<52:54,  2.98s/stock]Collect signals 2252/3317:  68%|¨€¨€¨€¨€¨€¨€¨‚   | 2252/3317 [1:59:53<51:02,  2.88s/stock]D:\Projects\auto-select-stock\src\auto_select_stock\predict\data.py:76: RuntimeWarning: invalid value encountered in divide
  result["bb_position"] = np.where(bb_upper != bb_lower, (close - bb_lower) / (bb_upper - bb_lower), 0.5)
Collect signals 2253/3317:  68%|¨€¨€¨€¨€¨€¨€¨‚   | 2252/3317 [1:59:56<51:02,  2.88s/stock]Collect signals 2253/3317:  68%|¨€¨€¨€¨€¨€¨€¨‚   | 2253/3317 [1:59:56<52:11,  2.94s/stock]D:\Projects\auto-select-stock\src\auto_select_stock\predict\data.py:76: RuntimeWarning: invalid value encountered in divide
  result["bb_position"] = np.where(bb_upper != bb_lower, (close - bb_lower) / (bb_upper - bb_lower), 0.5)
Collect signals 2254/3317:  68%|¨€¨€¨€¨€¨€¨€¨‚   | 2253/3317 [1:59:59<52:11,  2.94s/stock]Collect signals 2254/3317:  68%|¨€¨€¨€¨€¨€¨€¨‚   | 2254/3317 [1:59:59<52:08,  2.94s/stock]D:\Projects\auto-select-stock\src\auto_select_stock\predict\data.py:76: RuntimeWarning: invalid value encountered in divide
  result["bb_position"] = np.where(bb_upper != bb_lower, (close - bb_lower) / (bb_upper - bb_lower), 0.5)
Collect signals 2255/3317:  68%|¨€¨€¨€¨€¨€¨€¨‚   | 2254/3317 [2:00:01<52:08,  2.94s/stock]Collect signals 2255/3317:  68%|¨€¨€¨€¨€¨€¨€¨‚   | 2255/3317 [2:00:01<50:13,  2.84s/stock]D:\Projects\auto-select-stock\src\auto_select_stock\predict\data.py:76: RuntimeWarning: invalid value encountered in divide
  result["bb_position"] = np.where(bb_upper != bb_lower, (close - bb_lower) / (bb_upper - bb_lower), 0.5)
Collect signals 2256/3317:  68%|¨€¨€¨€¨€¨€¨€¨‚   | 2255/3317 [2:00:04<50:13,  2.84s/stock]Collect signals 2256/3317:  68%|¨€¨€¨€¨€¨€¨€¨‚   | 2256/3317 [2:00:04<50:51,  2.88s/stock]D:\Projects\auto-select-stock\src\auto_select_stock\predict\data.py:76: RuntimeWarning: invalid value encountered in divide
  result["bb_position"] = np.where(bb_upper != bb_lower, (close - bb_lower) / (bb_upper - bb_lower), 0.5)
Collect signals 2257/3317:  68%|¨€¨€¨€¨€¨€¨€¨‚   | 2256/3317 [2:00:07<50:51,  2.88s/stock]Collect signals 2257/3317:  68%|¨€¨€¨€¨€¨€¨€¨‚   | 2257/3317 [2:00:07<49:30,  2.80s/stock]D:\Projects\auto-select-stock\src\auto_select_stock\predict\data.py:76: RuntimeWarning: invalid value encountered in divide
  result["bb_position"] = np.where(bb_upper != bb_lower, (close - bb_lower) / (bb_upper - bb_lower), 0.5)
Collect signals 2258/3317:  68%|¨€¨€¨€¨€¨€¨€¨‚   | 2257/3317 [2:00:10<49:30,  2.80s/stock]Collect signals 2258/3317:  68%|¨€¨€¨€¨€¨€¨€¨‚   | 2258/3317 [2:00:10<50:27,  2.86s/stock]D:\Projects\auto-select-stock\src\auto_select_stock\predict\data.py:76: RuntimeWarning: invalid value encountered in divide
  result["bb_position"] = np.where(bb_upper != bb_lower, (close - bb_lower) / (bb_upper - bb_lower), 0.5)
Collect signals 2259/3317:  68%|¨€¨€¨€¨€¨€¨€¨‚   | 2258/3317 [2:00:13<50:27,  2.86s/stock]Collect signals 2259/3317:  68%|¨€¨€¨€¨€¨€¨€¨‚   | 2259/3317 [2:00:13<49:02,  2.78s/stock]D:\Projects\auto-select-stock\src\auto_select_stock\predict\data.py:76: RuntimeWarning: invalid value encountered in divide
  result["bb_position"] = np.where(bb_upper != bb_lower, (close - bb_lower) / (bb_upper - bb_lower), 0.5)
Collect signals 2260/3317:  68%|¨€¨€¨€¨€¨€¨€¨‚   | 2259/3317 [2:00:16<49:02,  2.78s/stock]Collect signals 2260/3317:  68%|¨€¨€¨€¨€¨€¨€¨‚   | 2260/3317 [2:00:16<50:02,  2.84s/stock]D:\Projects\auto-select-stock\src\auto_select_stock\predict\data.py:76: RuntimeWarning: invalid value encountered in divide
  result["bb_position"] = np.where(bb_upper != bb_lower, (close - bb_lower) / (bb_upper - bb_lower), 0.5)
Collect signals 2261/3317:  68%|¨€¨€¨€¨€¨€¨€¨‚   | 2260/3317 [2:00:18<50:02,  2.84s/stock]Collect signals 2261/3317:  68%|¨€¨€¨€¨€¨€¨€¨‚   | 2261/3317 [2:00:18<50:45,  2.88s/stock]D:\Projects\auto-select-stock\src\auto_select_stock\predict\data.py:76: RuntimeWarning: invalid value encountered in divide
  result["bb_position"] = np.where(bb_upper != bb_lower, (close - bb_lower) / (bb_upper - bb_lower), 0.5)
Collect signals 2262/3317:  68%|¨€¨€¨€¨€¨€¨€¨‚   | 2261/3317 [2:00:21<50:45,  2.88s/stock]Collect signals 2262/3317:  68%|¨€¨€¨€¨€¨€¨€¨‚   | 2262/3317 [2:00:21<49:21,  2.81s/stock]D:\Projects\auto-select-stock\src\auto_select_stock\predict\data.py:76: RuntimeWarning: invalid value encountered in divide
  result["bb_position"] = np.where(bb_upper != bb_lower, (close - bb_lower) / (bb_upper - bb_lower), 0.5)
Collect signals 2263/3317:  68%|¨€¨€¨€¨€¨€¨€¨‚   | 2262/3317 [2:00:24<49:21,  2.81s/stock]Collect signals 2263/3317:  68%|¨€¨€¨€¨€¨€¨€¨‚   | 2263/3317 [2:00:24<50:19,  2.86s/stock]D:\Projects\auto-select-stock\src\auto_select_stock\predict\data.py:76: RuntimeWarning: invalid value encountered in divide
  result["bb_position"] = np.where(bb_upper != bb_lower, (close - bb_lower) / (bb_upper - bb_lower), 0.5)
Collect signals 2264/3317:  68%|¨€¨€¨€¨€¨€¨€¨‚   | 2263/3317 [2:00:27<50:19,  2.86s/stock]Collect signals 2264/3317:  68%|¨€¨€¨€¨€¨€¨€¨‚   | 2264/3317 [2:00:27<48:48,  2.78s/stock]D:\Projects\auto-select-stock\src\auto_select_stock\predict\data.py:76: RuntimeWarning: invalid value encountered in divide
  result["bb_position"] = np.where(bb_upper != bb_lower, (close - bb_lower) / (bb_upper - bb_lower), 0.5)
Collect signals 2265/3317:  68%|¨€¨€¨€¨€¨€¨€¨‚   | 2264/3317 [2:00:30<48:48,  2.78s/stock]Collect signals 2265/3317:  68%|¨€¨€¨€¨€¨€¨€¨‚   | 2265/3317 [2:00:30<49:32,  2.83s/stock]D:\Projects\auto-select-stock\src\auto_select_stock\predict\data.py:76: RuntimeWarning: invalid value encountered in divide
  result["bb_position"] = np.where(bb_upper != bb_lower, (close - bb_lower) / (bb_upper - bb_lower), 0.5)
Collect signals 2266/3317:  68%|¨€¨€¨€¨€¨€¨€¨‚   | 2265/3317 [2:00:32<49:32,  2.83s/stock]Collect signals 2266/3317:  68%|¨€¨€¨€¨€¨€¨€¨‚   | 2266/3317 [2:00:32<48:31,  2.77s/stock]D:\Projects\auto-select-stock\src\auto_select_stock\predict\data.py:76: RuntimeWarning: invalid value encountered in divide
  result["bb_position"] = np.where(bb_upper != bb_lower, (close - bb_lower) / (bb_upper - bb_lower), 0.5)
Collect signals 2267/3317:  68%|¨€¨€¨€¨€¨€¨€¨‚   | 2266/3317 [2:00:35<48:31,  2.77s/stock]Collect signals 2267/3317:  68%|¨€¨€¨€¨€¨€¨€¨‚   | 2267/3317 [2:00:35<49:57,  2.86s/stock]D:\Projects\auto-select-stock\src\auto_select_stock\predict\data.py:76: RuntimeWarning: invalid value encountered in divide
  result["bb_position"] = np.where(bb_upper != bb_lower, (close - bb_lower) / (bb_upper - bb_lower), 0.5)
Collect signals 2268/3317:  68%|¨€¨€¨€¨€¨€¨€¨‚   | 2267/3317 [2:00:38<49:57,  2.86s/stock]Collect signals 2268/3317:  68%|¨€¨€¨€¨€¨€¨€¨‚   | 2268/3317 [2:00:38<48:45,  2.79s/stock]D:\Projects\auto-select-stock\src\auto_select_stock\predict\data.py:76: RuntimeWarning: invalid value encountered in divide
  result["bb_position"] = np.where(bb_upper != bb_lower, (close - bb_lower) / (bb_upper - bb_lower), 0.5)
Collect signals 2269/3317:  68%|¨€¨€¨€¨€¨€¨€¨‚   | 2268/3317 [2:00:41<48:45,  2.79s/stock]Collect signals 2269/3317:  68%|¨€¨€¨€¨€¨€¨€¨‚   | 2269/3317 [2:00:41<49:46,  2.85s/stock]D:\Projects\auto-select-stock\src\auto_select_stock\predict\data.py:76: RuntimeWarning: invalid value encountered in divide
  result["bb_position"] = np.where(bb_upper != bb_lower, (close - bb_lower) / (bb_upper - bb_lower), 0.5)
Collect signals 2270/3317:  68%|¨€¨€¨€¨€¨€¨€¨‚   | 2269/3317 [2:00:44<49:46,  2.85s/stock]Collect signals 2270/3317:  68%|¨€¨€¨€¨€¨€¨€¨‚   | 2270/3317 [2:00:44<50:43,  2.91s/stock]D:\Projects\auto-select-stock\src\auto_select_stock\predict\data.py:76: RuntimeWarning: invalid value encountered in divide
  result["bb_position"] = np.where(bb_upper != bb_lower, (close - bb_lower) / (bb_upper - bb_lower), 0.5)
Collect signals 2271/3317:  68%|¨€¨€¨€¨€¨€¨€¨‚   | 2270/3317 [2:00:47<50:43,  2.91s/stock]Collect signals 2271/3317:  68%|¨€¨€¨€¨€¨€¨€¨‚   | 2271/3317 [2:00:47<49:13,  2.82s/stock]D:\Projects\auto-select-stock\src\auto_select_stock\predict\data.py:76: RuntimeWarning: invalid value encountered in divide
  result["bb_position"] = np.where(bb_upper != bb_lower, (close - bb_lower) / (bb_upper - bb_lower), 0.5)
Collect signals 2272/3317:  68%|¨€¨€¨€¨€¨€¨€¨‚   | 2271/3317 [2:00:50<49:13,  2.82s/stock]Collect signals 2272/3317:  68%|¨€¨€¨€¨€¨€¨€¨‚   | 2272/3317 [2:00:50<50:42,  2.91s/stock]D:\Projects\auto-select-stock\src\auto_select_stock\predict\data.py:76: RuntimeWarning: invalid value encountered in divide
  result["bb_position"] = np.where(bb_upper != bb_lower, (close - bb_lower) / (bb_upper - bb_lower), 0.5)
Collect signals 2273/3317:  68%|¨€¨€¨€¨€¨€¨€¨‚   | 2272/3317 [2:00:52<50:42,  2.91s/stock]Collect signals 2273/3317:  69%|¨€¨€¨€¨€¨€¨€¨‚   | 2273/3317 [2:00:52<49:26,  2.84s/stock]D:\Projects\auto-select-stock\src\auto_select_stock\predict\data.py:76: RuntimeWarning: invalid value encountered in divide
  result["bb_position"] = np.where(bb_upper != bb_lower, (close - bb_lower) / (bb_upper - bb_lower), 0.5)
Collect signals 2274/3317:  69%|¨€¨€¨€¨€¨€¨€¨‚   | 2273/3317 [2:00:56<49:26,  2.84s/stock]Collect signals 2274/3317:  69%|¨€¨€¨€¨€¨€¨€¨‚   | 2274/3317 [2:00:56<50:59,  2.93s/stock]D:\Projects\auto-select-stock\src\auto_select_stock\predict\data.py:76: RuntimeWarning: invalid value encountered in divide
  result["bb_position"] = np.where(bb_upper != bb_lower, (close - bb_lower) / (bb_upper - bb_lower), 0.5)
Collect signals 2275/3317:  69%|¨€¨€¨€¨€¨€¨€¨‚   | 2274/3317 [2:00:58<50:59,  2.93s/stock]Collect signals 2275/3317:  69%|¨€¨€¨€¨€¨€¨€¨‚   | 2275/3317 [2:00:58<50:04,  2.88s/stock]D:\Projects\auto-select-stock\src\auto_select_stock\predict\data.py:76: RuntimeWarning: invalid value encountered in divide
  result["bb_position"] = np.where(bb_upper != bb_lower, (close - bb_lower) / (bb_upper - bb_lower), 0.5)
Collect signals 2276/3317:  69%|¨€¨€¨€¨€¨€¨€¨‚   | 2275/3317 [2:01:01<50:04,  2.88s/stock]Collect signals 2276/3317:  69%|¨€¨€¨€¨€¨€¨€¨‚   | 2276/3317 [2:01:01<51:20,  2.96s/stock]D:\Projects\auto-select-stock\src\auto_select_stock\predict\data.py:76: RuntimeWarning: invalid value encountered in divide
  result["bb_position"] = np.where(bb_upper != bb_lower, (close - bb_lower) / (bb_upper - bb_lower), 0.5)
Collect signals 2277/3317:  69%|¨€¨€¨€¨€¨€¨€¨‚   | 2276/3317 [2:01:04<51:20,  2.96s/stock]Collect signals 2277/3317:  69%|¨€¨€¨€¨€¨€¨€¨‚   | 2277/3317 [2:01:04<49:41,  2.87s/stock]D:\Projects\auto-select-stock\src\auto_select_stock\predict\data.py:76: RuntimeWarning: invalid value encountered in divide
  result["bb_position"] = np.where(bb_upper != bb_lower, (close - bb_lower) / (bb_upper - bb_lower), 0.5)
Collect signals 2278/3317:  69%|¨€¨€¨€¨€¨€¨€¨‚   | 2277/3317 [2:01:07<49:41,  2.87s/stock]Collect signals 2278/3317:  69%|¨€¨€¨€¨€¨€¨€¨‚   | 2278/3317 [2:01:07<50:11,  2.90s/stock]D:\Projects\auto-select-stock\src\auto_select_stock\predict\data.py:76: RuntimeWarning: invalid value encountered in divide
  result["bb_position"] = np.where(bb_upper != bb_lower, (close - bb_lower) / (bb_upper - bb_lower), 0.5)
Collect signals 2279/3317:  69%|¨€¨€¨€¨€¨€¨€¨‚   | 2278/3317 [2:01:10<50:11,  2.90s/stock]Collect signals 2279/3317:  69%|¨€¨€¨€¨€¨€¨€¨‚   | 2279/3317 [2:01:10<48:55,  2.83s/stock]D:\Projects\auto-select-stock\src\auto_select_stock\predict\data.py:76: RuntimeWarning: invalid value encountered in divide
  result["bb_position"] = np.where(bb_upper != bb_lower, (close - bb_lower) / (bb_upper - bb_lower), 0.5)
Collect signals 2280/3317:  69%|¨€¨€¨€¨€¨€¨€¨‚   | 2279/3317 [2:01:13<48:55,  2.83s/stock]Collect signals 2280/3317:  69%|¨€¨€¨€¨€¨€¨€¨‚   | 2280/3317 [2:01:13<49:28,  2.86s/stock]D:\Projects\auto-select-stock\src\auto_select_stock\predict\data.py:76: RuntimeWarning: invalid value encountered in divide
  result["bb_position"] = np.where(bb_upper != bb_lower, (close - bb_lower) / (bb_upper - bb_lower), 0.5)
Collect signals 2281/3317:  69%|¨€¨€¨€¨€¨€¨€¨‚   | 2280/3317 [2:01:16<49:28,  2.86s/stock]Collect signals 2281/3317:  69%|¨€¨€¨€¨€¨€¨€¨   | 2281/3317 [2:01:16<49:58,  2.89s/stock]D:\Projects\auto-select-stock\src\auto_select_stock\predict\data.py:76: RuntimeWarning: invalid value encountered in divide
  result["bb_position"] = np.where(bb_upper != bb_lower, (close - bb_lower) / (bb_upper - bb_lower), 0.5)
Collect signals 2282/3317:  69%|¨€¨€¨€¨€¨€¨€¨   | 2281/3317 [2:01:18<49:58,  2.89s/stock]Collect signals 2282/3317:  69%|¨€¨€¨€¨€¨€¨€¨   | 2282/3317 [2:01:18<48:42,  2.82s/stock]D:\Projects\auto-select-stock\src\auto_select_stock\predict\data.py:76: RuntimeWarning: invalid value encountered in divide
  result["bb_position"] = np.where(bb_upper != bb_lower, (close - bb_lower) / (bb_upper - bb_lower), 0.5)
Collect signals 2283/3317:  69%|¨€¨€¨€¨€¨€¨€¨   | 2282/3317 [2:01:21<48:42,  2.82s/stock]Collect signals 2283/3317:  69%|¨€¨€¨€¨€¨€¨€¨   | 2283/3317 [2:01:21<49:12,  2.86s/stock]D:\Projects\auto-select-stock\src\auto_select_stock\predict\data.py:76: RuntimeWarning: invalid value encountered in divide
  result["bb_position"] = np.where(bb_upper != bb_lower, (close - bb_lower) / (bb_upper - bb_lower), 0.5)
Collect signals 2284/3317:  69%|¨€¨€¨€¨€¨€¨€¨   | 2283/3317 [2:01:24<49:12,  2.86s/stock]Collect signals 2284/3317:  69%|¨€¨€¨€¨€¨€¨€¨   | 2284/3317 [2:01:24<48:01,  2.79s/stock]D:\Projects\auto-select-stock\src\auto_select_stock\predict\data.py:76: RuntimeWarning: invalid value encountered in divide
  result["bb_position"] = np.where(bb_upper != bb_lower, (close - bb_lower) / (bb_upper - bb_lower), 0.5)
Collect signals 2285/3317:  69%|¨€¨€¨€¨€¨€¨€¨   | 2284/3317 [2:01:27<48:01,  2.79s/stock]Collect signals 2285/3317:  69%|¨€¨€¨€¨€¨€¨€¨   | 2285/3317 [2:01:27<49:03,  2.85s/stock]D:\Projects\auto-select-stock\src\auto_select_stock\predict\data.py:76: RuntimeWarning: invalid value encountered in divide
  result["bb_position"] = np.where(bb_upper != bb_lower, (close - bb_lower) / (bb_upper - bb_lower), 0.5)
Collect signals 2286/3317:  69%|¨€¨€¨€¨€¨€¨€¨   | 2285/3317 [2:01:29<49:03,  2.85s/stock]Collect signals 2286/3317:  69%|¨€¨€¨€¨€¨€¨€¨   | 2286/3317 [2:01:29<47:34,  2.77s/stock]D:\Projects\auto-select-stock\src\auto_select_stock\predict\data.py:76: RuntimeWarning: invalid value encountered in divide
  result["bb_position"] = np.where(bb_upper != bb_lower, (close - bb_lower) / (bb_upper - bb_lower), 0.5)
Collect signals 2287/3317:  69%|¨€¨€¨€¨€¨€¨€¨   | 2286/3317 [2:01:32<47:34,  2.77s/stock]Collect signals 2287/3317:  69%|¨€¨€¨€¨€¨€¨€¨   | 2287/3317 [2:01:32<48:30,  2.83s/stock]D:\Projects\auto-select-stock\src\auto_select_stock\predict\data.py:76: RuntimeWarning: invalid value encountered in divide
  result["bb_position"] = np.where(bb_upper != bb_lower, (close - bb_lower) / (bb_upper - bb_lower), 0.5)
Collect signals 2288/3317:  69%|¨€¨€¨€¨€¨€¨€¨   | 2287/3317 [2:01:35<48:30,  2.83s/stock]Collect signals 2288/3317:  69%|¨€¨€¨€¨€¨€¨€¨   | 2288/3317 [2:01:35<47:19,  2.76s/stock]D:\Projects\auto-select-stock\src\auto_select_stock\predict\data.py:76: RuntimeWarning: invalid value encountered in divide
  result["bb_position"] = np.where(bb_upper != bb_lower, (close - bb_lower) / (bb_upper - bb_lower), 0.5)
Collect signals 2289/3317:  69%|¨€¨€¨€¨€¨€¨€¨   | 2288/3317 [2:01:38<47:19,  2.76s/stock]Collect signals 2289/3317:  69%|¨€¨€¨€¨€¨€¨€¨   | 2289/3317 [2:01:38<48:40,  2.84s/stock]D:\Projects\auto-select-stock\src\auto_select_stock\predict\data.py:76: RuntimeWarning: invalid value encountered in divide
  result["bb_position"] = np.where(bb_upper != bb_lower, (close - bb_lower) / (bb_upper - bb_lower), 0.5)
Collect signals 2290/3317:  69%|¨€¨€¨€¨€¨€¨€¨   | 2289/3317 [2:01:41<48:40,  2.84s/stock]Collect signals 2290/3317:  69%|¨€¨€¨€¨€¨€¨€¨   | 2290/3317 [2:01:41<47:34,  2.78s/stock]D:\Projects\auto-select-stock\src\auto_select_stock\predict\data.py:76: RuntimeWarning: invalid value encountered in divide
  result["bb_position"] = np.where(bb_upper != bb_lower, (close - bb_lower) / (bb_upper - bb_lower), 0.5)
Collect signals 2291/3317:  69%|¨€¨€¨€¨€¨€¨€¨   | 2290/3317 [2:01:44<47:34,  2.78s/stock]Collect signals 2291/3317:  69%|¨€¨€¨€¨€¨€¨€¨   | 2291/3317 [2:01:44<48:22,  2.83s/stock]D:\Projects\auto-select-stock\src\auto_select_stock\predict\data.py:76: RuntimeWarning: invalid value encountered in divide
  result["bb_position"] = np.where(bb_upper != bb_lower, (close - bb_lower) / (bb_upper - bb_lower), 0.5)
Collect signals 2292/3317:  69%|¨€¨€¨€¨€¨€¨€¨   | 2291/3317 [2:01:47<48:22,  2.83s/stock]Collect signals 2292/3317:  69%|¨€¨€¨€¨€¨€¨€¨   | 2292/3317 [2:01:47<48:54,  2.86s/stock]D:\Projects\auto-select-stock\src\auto_select_stock\predict\data.py:76: RuntimeWarning: invalid value encountered in divide
  result["bb_position"] = np.where(bb_upper != bb_lower, (close - bb_lower) / (bb_upper - bb_lower), 0.5)
Collect signals 2293/3317:  69%|¨€¨€¨€¨€¨€¨€¨   | 2292/3317 [2:01:49<48:54,  2.86s/stock]Collect signals 2293/3317:  69%|¨€¨€¨€¨€¨€¨€¨   | 2293/3317 [2:01:49<47:54,  2.81s/stock]D:\Projects\auto-select-stock\src\auto_select_stock\predict\data.py:76: RuntimeWarning: invalid value encountered in divide
  result["bb_position"] = np.where(bb_upper != bb_lower, (close - bb_lower) / (bb_upper - bb_lower), 0.5)
Collect signals 2294/3317:  69%|¨€¨€¨€¨€¨€¨€¨   | 2293/3317 [2:01:52<47:54,  2.81s/stock]Collect signals 2294/3317:  69%|¨€¨€¨€¨€¨€¨€¨   | 2294/3317 [2:01:52<48:41,  2.86s/stock]D:\Projects\auto-select-stock\src\auto_select_stock\predict\data.py:76: RuntimeWarning: invalid value encountered in divide
  result["bb_position"] = np.where(bb_upper != bb_lower, (close - bb_lower) / (bb_upper - bb_lower), 0.5)
Collect signals 2295/3317:  69%|¨€¨€¨€¨€¨€¨€¨   | 2294/3317 [2:01:55<48:41,  2.86s/stock]Collect signals 2295/3317:  69%|¨€¨€¨€¨€¨€¨€¨   | 2295/3317 [2:01:55<47:36,  2.79s/stock]D:\Projects\auto-select-stock\src\auto_select_stock\predict\data.py:76: RuntimeWarning: invalid value encountered in divide
  result["bb_position"] = np.where(bb_upper != bb_lower, (close - bb_lower) / (bb_upper - bb_lower), 0.5)
Collect signals 2296/3317:  69%|¨€¨€¨€¨€¨€¨€¨   | 2295/3317 [2:01:58<47:36,  2.79s/stock]Collect signals 2296/3317:  69%|¨€¨€¨€¨€¨€¨€¨   | 2296/3317 [2:01:58<48:19,  2.84s/stock]D:\Projects\auto-select-stock\src\auto_select_stock\predict\data.py:76: RuntimeWarning: invalid value encountered in divide
  result["bb_position"] = np.where(bb_upper != bb_lower, (close - bb_lower) / (bb_upper - bb_lower), 0.5)
Collect signals 2297/3317:  69%|¨€¨€¨€¨€¨€¨€¨   | 2296/3317 [2:02:00<48:19,  2.84s/stock]Collect signals 2297/3317:  69%|¨€¨€¨€¨€¨€¨€¨   | 2297/3317 [2:02:00<47:04,  2.77s/stock]D:\Projects\auto-select-stock\src\auto_select_stock\predict\data.py:76: RuntimeWarning: invalid value encountered in divide
  result["bb_position"] = np.where(bb_upper != bb_lower, (close - bb_lower) / (bb_upper - bb_lower), 0.5)
Collect signals 2298/3317:  69%|¨€¨€¨€¨€¨€¨€¨   | 2297/3317 [2:02:03<47:04,  2.77s/stock]Collect signals 2298/3317:  69%|¨€¨€¨€¨€¨€¨€¨   | 2298/3317 [2:02:03<48:07,  2.83s/stock]D:\Projects\auto-select-stock\src\auto_select_stock\predict\data.py:76: RuntimeWarning: invalid value encountered in divide
  result["bb_position"] = np.where(bb_upper != bb_lower, (close - bb_lower) / (bb_upper - bb_lower), 0.5)
Collect signals 2299/3317:  69%|¨€¨€¨€¨€¨€¨€¨   | 2298/3317 [2:02:07<48:07,  2.83s/stock]Collect signals 2299/3317:  69%|¨€¨€¨€¨€¨€¨€¨   | 2299/3317 [2:02:07<50:15,  2.96s/stock]D:\Projects\auto-select-stock\src\auto_select_stock\predict\data.py:76: RuntimeWarning: invalid value encountered in divide
  result["bb_position"] = np.where(bb_upper != bb_lower, (close - bb_lower) / (bb_upper - bb_lower), 0.5)
Collect signals 2300/3317:  69%|¨€¨€¨€¨€¨€¨€¨   | 2299/3317 [2:02:10<50:15,  2.96s/stock]Collect signals 2300/3317:  69%|¨€¨€¨€¨€¨€¨€¨   | 2300/3317 [2:02:10<51:02,  3.01s/stock]D:\Projects\auto-select-stock\src\auto_select_stock\predict\data.py:76: RuntimeWarning: invalid value encountered in divide
  result["bb_position"] = np.where(bb_upper != bb_lower, (close - bb_lower) / (bb_upper - bb_lower), 0.5)
Collect signals 2301/3317:  69%|¨€¨€¨€¨€¨€¨€¨   | 2300/3317 [2:02:13<51:02,  3.01s/stock]Collect signals 2301/3317:  69%|¨€¨€¨€¨€¨€¨€¨   | 2301/3317 [2:02:13<52:19,  3.09s/stock]D:\Projects\auto-select-stock\src\auto_select_stock\predict\data.py:76: RuntimeWarning: invalid value encountered in divide
  result["bb_position"] = np.where(bb_upper != bb_lower, (close - bb_lower) / (bb_upper - bb_lower), 0.5)
Collect signals 2302/3317:  69%|¨€¨€¨€¨€¨€¨€¨   | 2301/3317 [2:02:16<52:19,  3.09s/stock]Collect signals 2302/3317:  69%|¨€¨€¨€¨€¨€¨€¨   | 2302/3317 [2:02:16<50:05,  2.96s/stock]D:\Projects\auto-select-stock\src\auto_select_stock\predict\data.py:76: RuntimeWarning: invalid value encountered in divide
  result["bb_position"] = np.where(bb_upper != bb_lower, (close - bb_lower) / (bb_upper - bb_lower), 0.5)
Collect signals 2303/3317:  69%|¨€¨€¨€¨€¨€¨€¨   | 2302/3317 [2:02:19<50:05,  2.96s/stock]Collect signals 2303/3317:  69%|¨€¨€¨€¨€¨€¨€¨   | 2303/3317 [2:02:19<50:33,  2.99s/stock]D:\Projects\auto-select-stock\src\auto_select_stock\predict\data.py:76: RuntimeWarning: invalid value encountered in divide
  result["bb_position"] = np.where(bb_upper != bb_lower, (close - bb_lower) / (bb_upper - bb_lower), 0.5)
Collect signals 2304/3317:  69%|¨€¨€¨€¨€¨€¨€¨   | 2303/3317 [2:02:21<50:33,  2.99s/stock]Collect signals 2304/3317:  69%|¨€¨€¨€¨€¨€¨€¨   | 2304/3317 [2:02:21<48:57,  2.90s/stock]D:\Projects\auto-select-stock\src\auto_select_stock\predict\data.py:76: RuntimeWarning: invalid value encountered in divide
  result["bb_position"] = np.where(bb_upper != bb_lower, (close - bb_lower) / (bb_upper - bb_lower), 0.5)
Collect signals 2305/3317:  69%|¨€¨€¨€¨€¨€¨€¨   | 2304/3317 [2:02:25<48:57,  2.90s/stock]Collect signals 2305/3317:  69%|¨€¨€¨€¨€¨€¨€¨   | 2305/3317 [2:02:25<49:54,  2.96s/stock]D:\Projects\auto-select-stock\src\auto_select_stock\predict\data.py:76: RuntimeWarning: invalid value encountered in divide
  result["bb_position"] = np.where(bb_upper != bb_lower, (close - bb_lower) / (bb_upper - bb_lower), 0.5)
Collect signals 2306/3317:  69%|¨€¨€¨€¨€¨€¨€¨   | 2305/3317 [2:02:27<49:54,  2.96s/stock]Collect signals 2306/3317:  70%|¨€¨€¨€¨€¨€¨€¨   | 2306/3317 [2:02:27<48:17,  2.87s/stock]D:\Projects\auto-select-stock\src\auto_select_stock\predict\data.py:76: RuntimeWarning: invalid value encountered in divide
  result["bb_position"] = np.where(bb_upper != bb_lower, (close - bb_lower) / (bb_upper - bb_lower), 0.5)
Collect signals 2307/3317:  70%|¨€¨€¨€¨€¨€¨€¨   | 2306/3317 [2:02:30<48:17,  2.87s/stock]Collect signals 2307/3317:  70%|¨€¨€¨€¨€¨€¨€¨   | 2307/3317 [2:02:30<49:10,  2.92s/stock]D:\Projects\auto-select-stock\src\auto_select_stock\predict\data.py:76: RuntimeWarning: invalid value encountered in divide
  result["bb_position"] = np.where(bb_upper != bb_lower, (close - bb_lower) / (bb_upper - bb_lower), 0.5)
Collect signals 2308/3317:  70%|¨€¨€¨€¨€¨€¨€¨   | 2307/3317 [2:02:33<49:10,  2.92s/stock]Collect signals 2308/3317:  70%|¨€¨€¨€¨€¨€¨€¨   | 2308/3317 [2:02:33<49:53,  2.97s/stock]D:\Projects\auto-select-stock\src\auto_select_stock\predict\data.py:76: RuntimeWarning: invalid value encountered in divide
  result["bb_position"] = np.where(bb_upper != bb_lower, (close - bb_lower) / (bb_upper - bb_lower), 0.5)
Collect signals 2309/3317:  70%|¨€¨€¨€¨€¨€¨€¨   | 2308/3317 [2:02:36<49:53,  2.97s/stock]Collect signals 2309/3317:  70%|¨€¨€¨€¨€¨€¨€¨   | 2309/3317 [2:02:36<48:14,  2.87s/stock]D:\Projects\auto-select-stock\src\auto_select_stock\predict\data.py:76: RuntimeWarning: invalid value encountered in divide
  result["bb_position"] = np.where(bb_upper != bb_lower, (close - bb_lower) / (bb_upper - bb_lower), 0.5)
Collect signals 2310/3317:  70%|¨€¨€¨€¨€¨€¨€¨   | 2309/3317 [2:02:39<48:14,  2.87s/stock]Collect signals 2310/3317:  70%|¨€¨€¨€¨€¨€¨€¨   | 2310/3317 [2:02:39<48:57,  2.92s/stock]D:\Projects\auto-select-stock\src\auto_select_stock\predict\data.py:76: RuntimeWarning: invalid value encountered in divide
  result["bb_position"] = np.where(bb_upper != bb_lower, (close - bb_lower) / (bb_upper - bb_lower), 0.5)
Collect signals 2311/3317:  70%|¨€¨€¨€¨€¨€¨€¨   | 2310/3317 [2:02:42<48:57,  2.92s/stock]Collect signals 2311/3317:  70%|¨€¨€¨€¨€¨€¨€¨   | 2311/3317 [2:02:42<47:26,  2.83s/stock]D:\Projects\auto-select-stock\src\auto_select_stock\predict\data.py:76: RuntimeWarning: invalid value encountered in divide
  result["bb_position"] = np.where(bb_upper != bb_lower, (close - bb_lower) / (bb_upper - bb_lower), 0.5)
Collect signals 2312/3317:  70%|¨€¨€¨€¨€¨€¨€¨   | 2311/3317 [2:02:45<47:26,  2.83s/stock]Collect signals 2312/3317:  70%|¨€¨€¨€¨€¨€¨€¨   | 2312/3317 [2:02:45<48:27,  2.89s/stock]D:\Projects\auto-select-stock\src\auto_select_stock\predict\data.py:76: RuntimeWarning: invalid value encountered in divide
  result["bb_position"] = np.where(bb_upper != bb_lower, (close - bb_lower) / (bb_upper - bb_lower), 0.5)
Collect signals 2313/3317:  70%|¨€¨€¨€¨€¨€¨€¨   | 2312/3317 [2:02:47<48:27,  2.89s/stock]Collect signals 2313/3317:  70%|¨€¨€¨€¨€¨€¨€¨   | 2313/3317 [2:02:47<47:10,  2.82s/stock]D:\Projects\auto-select-stock\src\auto_select_stock\predict\data.py:76: RuntimeWarning: invalid value encountered in divide
  result["bb_position"] = np.where(bb_upper != bb_lower, (close - bb_lower) / (bb_upper - bb_lower), 0.5)
Collect signals 2314/3317:  70%|¨€¨€¨€¨€¨€¨€¨   | 2313/3317 [2:02:50<47:10,  2.82s/stock]Collect signals 2314/3317:  70%|¨€¨€¨€¨€¨€¨€¨   | 2314/3317 [2:02:50<48:26,  2.90s/stock]D:\Projects\auto-select-stock\src\auto_select_stock\predict\data.py:76: RuntimeWarning: invalid value encountered in divide
  result["bb_position"] = np.where(bb_upper != bb_lower, (close - bb_lower) / (bb_upper - bb_lower), 0.5)
Collect signals 2315/3317:  70%|¨€¨€¨€¨€¨€¨€¨   | 2314/3317 [2:02:53<48:26,  2.90s/stock]Collect signals 2315/3317:  70%|¨€¨€¨€¨€¨€¨€¨   | 2315/3317 [2:02:53<47:05,  2.82s/stock]D:\Projects\auto-select-stock\src\auto_select_stock\predict\data.py:76: RuntimeWarning: invalid value encountered in divide
  result["bb_position"] = np.where(bb_upper != bb_lower, (close - bb_lower) / (bb_upper - bb_lower), 0.5)
Collect signals 2316/3317:  70%|¨€¨€¨€¨€¨€¨€¨   | 2315/3317 [2:02:56<47:05,  2.82s/stock]Collect signals 2316/3317:  70%|¨€¨€¨€¨€¨€¨€¨   | 2316/3317 [2:02:56<48:07,  2.88s/stock]D:\Projects\auto-select-stock\src\auto_select_stock\predict\data.py:76: RuntimeWarning: invalid value encountered in divide
  result["bb_position"] = np.where(bb_upper != bb_lower, (close - bb_lower) / (bb_upper - bb_lower), 0.5)
Collect signals 2317/3317:  70%|¨€¨€¨€¨€¨€¨€¨   | 2316/3317 [2:02:59<48:07,  2.88s/stock]Collect signals 2317/3317:  70%|¨€¨€¨€¨€¨€¨€¨   | 2317/3317 [2:02:59<47:00,  2.82s/stock]D:\Projects\auto-select-stock\src\auto_select_stock\predict\data.py:76: RuntimeWarning: invalid value encountered in divide
  result["bb_position"] = np.where(bb_upper != bb_lower, (close - bb_lower) / (bb_upper - bb_lower), 0.5)
Collect signals 2318/3317:  70%|¨€¨€¨€¨€¨€¨€¨   | 2317/3317 [2:03:02<47:00,  2.82s/stock]Collect signals 2318/3317:  70%|¨€¨€¨€¨€¨€¨€¨   | 2318/3317 [2:03:02<47:47,  2.87s/stock]D:\Projects\auto-select-stock\src\auto_select_stock\predict\data.py:76: RuntimeWarning: invalid value encountered in divide
  result["bb_position"] = np.where(bb_upper != bb_lower, (close - bb_lower) / (bb_upper - bb_lower), 0.5)
Collect signals 2319/3317:  70%|¨€¨€¨€¨€¨€¨€¨   | 2318/3317 [2:03:05<47:47,  2.87s/stock]Collect signals 2319/3317:  70%|¨€¨€¨€¨€¨€¨€¨   | 2319/3317 [2:03:05<48:27,  2.91s/stock]D:\Projects\auto-select-stock\src\auto_select_stock\predict\data.py:76: RuntimeWarning: invalid value encountered in divide
  result["bb_position"] = np.where(bb_upper != bb_lower, (close - bb_lower) / (bb_upper - bb_lower), 0.5)
Collect signals 2320/3317:  70%|¨€¨€¨€¨€¨€¨€¨   | 2319/3317 [2:03:07<48:27,  2.91s/stock]Collect signals 2320/3317:  70%|¨€¨€¨€¨€¨€¨€¨   | 2320/3317 [2:03:07<47:20,  2.85s/stock]D:\Projects\auto-select-stock\src\auto_select_stock\predict\data.py:76: RuntimeWarning: invalid value encountered in divide
  result["bb_position"] = np.where(bb_upper != bb_lower, (close - bb_lower) / (bb_upper - bb_lower), 0.5)
Collect signals 2321/3317:  70%|¨€¨€¨€¨€¨€¨€¨   | 2320/3317 [2:03:11<47:20,  2.85s/stock]Collect signals 2321/3317:  70%|¨€¨€¨€¨€¨€¨€¨   | 2321/3317 [2:03:11<48:20,  2.91s/stock]D:\Projects\auto-select-stock\src\auto_select_stock\predict\data.py:76: RuntimeWarning: invalid value encountered in divide
  result["bb_position"] = np.where(bb_upper != bb_lower, (close - bb_lower) / (bb_upper - bb_lower), 0.5)
Collect signals 2322/3317:  70%|¨€¨€¨€¨€¨€¨€¨   | 2321/3317 [2:03:13<48:20,  2.91s/stock]Collect signals 2322/3317:  70%|¨€¨€¨€¨€¨€¨€¨€   | 2322/3317 [2:03:13<47:10,  2.84s/stock]D:\Projects\auto-select-stock\src\auto_select_stock\predict\data.py:76: RuntimeWarning: invalid value encountered in divide
  result["bb_position"] = np.where(bb_upper != bb_lower, (close - bb_lower) / (bb_upper - bb_lower), 0.5)
Collect signals 2323/3317:  70%|¨€¨€¨€¨€¨€¨€¨€   | 2322/3317 [2:03:16<47:10,  2.84s/stock]Collect signals 2323/3317:  70%|¨€¨€¨€¨€¨€¨€¨€   | 2323/3317 [2:03:16<48:55,  2.95s/stock]D:\Projects\auto-select-stock\src\auto_select_stock\predict\data.py:76: RuntimeWarning: invalid value encountered in divide
  result["bb_position"] = np.where(bb_upper != bb_lower, (close - bb_lower) / (bb_upper - bb_lower), 0.5)
Collect signals 2324/3317:  70%|¨€¨€¨€¨€¨€¨€¨€   | 2323/3317 [2:03:19<48:55,  2.95s/stock]Collect signals 2324/3317:  70%|¨€¨€¨€¨€¨€¨€¨€   | 2324/3317 [2:03:19<47:45,  2.89s/stock]D:\Projects\auto-select-stock\src\auto_select_stock\predict\data.py:76: RuntimeWarning: invalid value encountered in divide
  result["bb_position"] = np.where(bb_upper != bb_lower, (close - bb_lower) / (bb_upper - bb_lower), 0.5)
Collect signals 2325/3317:  70%|¨€¨€¨€¨€¨€¨€¨€   | 2324/3317 [2:03:22<47:45,  2.89s/stock]Collect signals 2325/3317:  70%|¨€¨€¨€¨€¨€¨€¨€   | 2325/3317 [2:03:22<48:22,  2.93s/stock]D:\Projects\auto-select-stock\src\auto_select_stock\predict\data.py:76: RuntimeWarning: invalid value encountered in divide
  result["bb_position"] = np.where(bb_upper != bb_lower, (close - bb_lower) / (bb_upper - bb_lower), 0.5)
Collect signals 2326/3317:  70%|¨€¨€¨€¨€¨€¨€¨€   | 2325/3317 [2:03:25<48:22,  2.93s/stock]Collect signals 2326/3317:  70%|¨€¨€¨€¨€¨€¨€¨€   | 2326/3317 [2:03:25<48:38,  2.95s/stock]D:\Projects\auto-select-stock\src\auto_select_stock\predict\data.py:76: RuntimeWarning: invalid value encountered in divide
  result["bb_position"] = np.where(bb_upper != bb_lower, (close - bb_lower) / (bb_upper - bb_lower), 0.5)
Collect signals 2327/3317:  70%|¨€¨€¨€¨€¨€¨€¨€   | 2326/3317 [2:03:28<48:38,  2.95s/stock]Collect signals 2327/3317:  70%|¨€¨€¨€¨€¨€¨€¨€   | 2327/3317 [2:03:28<47:10,  2.86s/stock]D:\Projects\auto-select-stock\src\auto_select_stock\predict\data.py:76: RuntimeWarning: invalid value encountered in divide
  result["bb_position"] = np.where(bb_upper != bb_lower, (close - bb_lower) / (bb_upper - bb_lower), 0.5)
Collect signals 2328/3317:  70%|¨€¨€¨€¨€¨€¨€¨€   | 2327/3317 [2:03:31<47:10,  2.86s/stock]Collect signals 2328/3317:  70%|¨€¨€¨€¨€¨€¨€¨€   | 2328/3317 [2:03:31<48:06,  2.92s/stock]D:\Projects\auto-select-stock\src\auto_select_stock\predict\data.py:76: RuntimeWarning: invalid value encountered in divide
  result["bb_position"] = np.where(bb_upper != bb_lower, (close - bb_lower) / (bb_upper - bb_lower), 0.5)
Collect signals 2329/3317:  70%|¨€¨€¨€¨€¨€¨€¨€   | 2328/3317 [2:03:34<48:06,  2.92s/stock]Collect signals 2329/3317:  70%|¨€¨€¨€¨€¨€¨€¨€   | 2329/3317 [2:03:34<46:58,  2.85s/stock]D:\Projects\auto-select-stock\src\auto_select_stock\predict\data.py:76: RuntimeWarning: invalid value encountered in divide
  result["bb_position"] = np.where(bb_upper != bb_lower, (close - bb_lower) / (bb_upper - bb_lower), 0.5)
Collect signals 2330/3317:  70%|¨€¨€¨€¨€¨€¨€¨€   | 2329/3317 [2:03:37<46:58,  2.85s/stock]Collect signals 2330/3317:  70%|¨€¨€¨€¨€¨€¨€¨€   | 2330/3317 [2:03:37<47:42,  2.90s/stock]D:\Projects\auto-select-stock\src\auto_select_stock\predict\data.py:76: RuntimeWarning: invalid value encountered in divide
  result["bb_position"] = np.where(bb_upper != bb_lower, (close - bb_lower) / (bb_upper - bb_lower), 0.5)
Collect signals 2331/3317:  70%|¨€¨€¨€¨€¨€¨€¨€   | 2330/3317 [2:03:39<47:42,  2.90s/stock]Collect signals 2331/3317:  70%|¨€¨€¨€¨€¨€¨€¨€   | 2331/3317 [2:03:39<46:10,  2.81s/stock]D:\Projects\auto-select-stock\src\auto_select_stock\predict\data.py:76: RuntimeWarning: invalid value encountered in divide
  result["bb_position"] = np.where(bb_upper != bb_lower, (close - bb_lower) / (bb_upper - bb_lower), 0.5)
Collect signals 2332/3317:  70%|¨€¨€¨€¨€¨€¨€¨€   | 2331/3317 [2:03:42<46:10,  2.81s/stock]Collect signals 2332/3317:  70%|¨€¨€¨€¨€¨€¨€¨€   | 2332/3317 [2:03:42<47:56,  2.92s/stock]D:\Projects\auto-select-stock\src\auto_select_stock\predict\data.py:76: RuntimeWarning: invalid value encountered in divide
  result["bb_position"] = np.where(bb_upper != bb_lower, (close - bb_lower) / (bb_upper - bb_lower), 0.5)
Collect signals 2333/3317:  70%|¨€¨€¨€¨€¨€¨€¨€   | 2332/3317 [2:03:45<47:56,  2.92s/stock]Collect signals 2333/3317:  70%|¨€¨€¨€¨€¨€¨€¨€   | 2333/3317 [2:03:45<46:26,  2.83s/stock]D:\Projects\auto-select-stock\src\auto_select_stock\predict\data.py:76: RuntimeWarning: invalid value encountered in divide
  result["bb_position"] = np.where(bb_upper != bb_lower, (close - bb_lower) / (bb_upper - bb_lower), 0.5)
Collect signals 2334/3317:  70%|¨€¨€¨€¨€¨€¨€¨€   | 2333/3317 [2:03:48<46:26,  2.83s/stock]Collect signals 2334/3317:  70%|¨€¨€¨€¨€¨€¨€¨€   | 2334/3317 [2:03:48<47:39,  2.91s/stock]D:\Projects\auto-select-stock\src\auto_select_stock\predict\data.py:76: RuntimeWarning: invalid value encountered in divide
  result["bb_position"] = np.where(bb_upper != bb_lower, (close - bb_lower) / (bb_upper - bb_lower), 0.5)
Collect signals 2335/3317:  70%|¨€¨€¨€¨€¨€¨€¨€   | 2334/3317 [2:03:51<47:39,  2.91s/stock]Collect signals 2335/3317:  70%|¨€¨€¨€¨€¨€¨€¨€   | 2335/3317 [2:03:51<48:40,  2.97s/stock]D:\Projects\auto-select-stock\src\auto_select_stock\predict\data.py:76: RuntimeWarning: invalid value encountered in divide
  result["bb_position"] = np.where(bb_upper != bb_lower, (close - bb_lower) / (bb_upper - bb_lower), 0.5)
Collect signals 2336/3317:  70%|¨€¨€¨€¨€¨€¨€¨€   | 2335/3317 [2:03:54<48:40,  2.97s/stock]Collect signals 2336/3317:  70%|¨€¨€¨€¨€¨€¨€¨€   | 2336/3317 [2:03:54<47:49,  2.93s/stock]D:\Projects\auto-select-stock\src\auto_select_stock\predict\data.py:76: RuntimeWarning: invalid value encountered in divide
  result["bb_position"] = np.where(bb_upper != bb_lower, (close - bb_lower) / (bb_upper - bb_lower), 0.5)
Collect signals 2337/3317:  70%|¨€¨€¨€¨€¨€¨€¨€   | 2336/3317 [2:03:57<47:49,  2.93s/stock]Collect signals 2337/3317:  70%|¨€¨€¨€¨€¨€¨€¨€   | 2337/3317 [2:03:57<49:25,  3.03s/stock]D:\Projects\auto-select-stock\src\auto_select_stock\predict\data.py:76: RuntimeWarning: invalid value encountered in divide
  result["bb_position"] = np.where(bb_upper != bb_lower, (close - bb_lower) / (bb_upper - bb_lower), 0.5)
Collect signals 2338/3317:  70%|¨€¨€¨€¨€¨€¨€¨€   | 2337/3317 [2:04:00<49:25,  3.03s/stock]Collect signals 2338/3317:  70%|¨€¨€¨€¨€¨€¨€¨€   | 2338/3317 [2:04:00<48:34,  2.98s/stock]D:\Projects\auto-select-stock\src\auto_select_stock\predict\data.py:76: RuntimeWarning: invalid value encountered in divide
  result["bb_position"] = np.where(bb_upper != bb_lower, (close - bb_lower) / (bb_upper - bb_lower), 0.5)
Collect signals 2339/3317:  70%|¨€¨€¨€¨€¨€¨€¨€   | 2338/3317 [2:04:03<48:34,  2.98s/stock]Collect signals 2339/3317:  71%|¨€¨€¨€¨€¨€¨€¨€   | 2339/3317 [2:04:03<48:56,  3.00s/stock]D:\Projects\auto-select-stock\src\auto_select_stock\predict\data.py:76: RuntimeWarning: invalid value encountered in divide
  result["bb_position"] = np.where(bb_upper != bb_lower, (close - bb_lower) / (bb_upper - bb_lower), 0.5)
Collect signals 2340/3317:  71%|¨€¨€¨€¨€¨€¨€¨€   | 2339/3317 [2:04:06<48:56,  3.00s/stock]Collect signals 2340/3317:  71%|¨€¨€¨€¨€¨€¨€¨€   | 2340/3317 [2:04:06<47:10,  2.90s/stock]D:\Projects\auto-select-stock\src\auto_select_stock\predict\data.py:76: RuntimeWarning: invalid value encountered in divide
  result["bb_position"] = np.where(bb_upper != bb_lower, (close - bb_lower) / (bb_upper - bb_lower), 0.5)
Collect signals 2341/3317:  71%|¨€¨€¨€¨€¨€¨€¨€   | 2340/3317 [2:04:09<47:10,  2.90s/stock]Collect signals 2341/3317:  71%|¨€¨€¨€¨€¨€¨€¨€   | 2341/3317 [2:04:09<48:38,  2.99s/stock]D:\Projects\auto-select-stock\src\auto_select_stock\predict\data.py:76: RuntimeWarning: invalid value encountered in divide
  result["bb_position"] = np.where(bb_upper != bb_lower, (close - bb_lower) / (bb_upper - bb_lower), 0.5)
Collect signals 2342/3317:  71%|¨€¨€¨€¨€¨€¨€¨€   | 2341/3317 [2:04:10<48:38,  2.99s/stock]Collect signals 2342/3317:  71%|¨€¨€¨€¨€¨€¨€¨€   | 2342/3317 [2:04:10<36:11,  2.23s/stock]D:\Projects\auto-select-stock\src\auto_select_stock\predict\data.py:76: RuntimeWarning: invalid value encountered in divide
  result["bb_position"] = np.where(bb_upper != bb_lower, (close - bb_lower) / (bb_upper - bb_lower), 0.5)
Collect signals 2343/3317:  71%|¨€¨€¨€¨€¨€¨€¨€   | 2342/3317 [2:04:13<36:11,  2.23s/stock]Collect signals 2343/3317:  71%|¨€¨€¨€¨€¨€¨€¨€   | 2343/3317 [2:04:13<40:33,  2.50s/stock]D:\Projects\auto-select-stock\src\auto_select_stock\predict\data.py:76: RuntimeWarning: invalid value encountered in divide
  result["bb_position"] = np.where(bb_upper != bb_lower, (close - bb_lower) / (bb_upper - bb_lower), 0.5)
Collect signals 2344/3317:  71%|¨€¨€¨€¨€¨€¨€¨€   | 2343/3317 [2:04:15<40:33,  2.50s/stock]Collect signals 2344/3317:  71%|¨€¨€¨€¨€¨€¨€¨€   | 2344/3317 [2:04:15<41:11,  2.54s/stock]D:\Projects\auto-select-stock\src\auto_select_stock\predict\data.py:76: RuntimeWarning: invalid value encountered in divide
  result["bb_position"] = np.where(bb_upper != bb_lower, (close - bb_lower) / (bb_upper - bb_lower), 0.5)
Collect signals 2345/3317:  71%|¨€¨€¨€¨€¨€¨€¨€   | 2344/3317 [2:04:18<41:11,  2.54s/stock]Collect signals 2345/3317:  71%|¨€¨€¨€¨€¨€¨€¨€   | 2345/3317 [2:04:18<43:26,  2.68s/stock]D:\Projects\auto-select-stock\src\auto_select_stock\predict\data.py:76: RuntimeWarning: invalid value encountered in divide
  result["bb_position"] = np.where(bb_upper != bb_lower, (close - bb_lower) / (bb_upper - bb_lower), 0.5)
Collect signals 2346/3317:  71%|¨€¨€¨€¨€¨€¨€¨€   | 2345/3317 [2:04:21<43:26,  2.68s/stock]Collect signals 2346/3317:  71%|¨€¨€¨€¨€¨€¨€¨€   | 2346/3317 [2:04:21<45:08,  2.79s/stock]D:\Projects\auto-select-stock\src\auto_select_stock\predict\data.py:76: RuntimeWarning: invalid value encountered in divide
  result["bb_position"] = np.where(bb_upper != bb_lower, (close - bb_lower) / (bb_upper - bb_lower), 0.5)
Collect signals 2347/3317:  71%|¨€¨€¨€¨€¨€¨€¨€   | 2346/3317 [2:04:24<45:08,  2.79s/stock]Collect signals 2347/3317:  71%|¨€¨€¨€¨€¨€¨€¨€   | 2347/3317 [2:04:24<44:43,  2.77s/stock]D:\Projects\auto-select-stock\src\auto_select_stock\predict\data.py:76: RuntimeWarning: invalid value encountered in divide
  result["bb_position"] = np.where(bb_upper != bb_lower, (close - bb_lower) / (bb_upper - bb_lower), 0.5)
Collect signals 2348/3317:  71%|¨€¨€¨€¨€¨€¨€¨€   | 2347/3317 [2:04:27<44:43,  2.77s/stock]Collect signals 2348/3317:  71%|¨€¨€¨€¨€¨€¨€¨€   | 2348/3317 [2:04:27<46:02,  2.85s/stock]D:\Projects\auto-select-stock\src\auto_select_stock\predict\data.py:76: RuntimeWarning: invalid value encountered in divide
  result["bb_position"] = np.where(bb_upper != bb_lower, (close - bb_lower) / (bb_upper - bb_lower), 0.5)
Collect signals 2349/3317:  71%|¨€¨€¨€¨€¨€¨€¨€   | 2348/3317 [2:04:30<46:02,  2.85s/stock]Collect signals 2349/3317:  71%|¨€¨€¨€¨€¨€¨€¨€   | 2349/3317 [2:04:30<45:06,  2.80s/stock]D:\Projects\auto-select-stock\src\auto_select_stock\predict\data.py:76: RuntimeWarning: invalid value encountered in divide
  result["bb_position"] = np.where(bb_upper != bb_lower, (close - bb_lower) / (bb_upper - bb_lower), 0.5)
Collect signals 2350/3317:  71%|¨€¨€¨€¨€¨€¨€¨€   | 2349/3317 [2:04:33<45:06,  2.80s/stock]Collect signals 2350/3317:  71%|¨€¨€¨€¨€¨€¨€¨€   | 2350/3317 [2:04:33<46:16,  2.87s/stock]D:\Projects\auto-select-stock\src\auto_select_stock\predict\data.py:76: RuntimeWarning: invalid value encountered in divide
  result["bb_position"] = np.where(bb_upper != bb_lower, (close - bb_lower) / (bb_upper - bb_lower), 0.5)
Collect signals 2351/3317:  71%|¨€¨€¨€¨€¨€¨€¨€   | 2350/3317 [2:04:35<46:16,  2.87s/stock]Collect signals 2351/3317:  71%|¨€¨€¨€¨€¨€¨€¨€   | 2351/3317 [2:04:35<44:53,  2.79s/stock]D:\Projects\auto-select-stock\src\auto_select_stock\predict\data.py:76: RuntimeWarning: invalid value encountered in divide
  result["bb_position"] = np.where(bb_upper != bb_lower, (close - bb_lower) / (bb_upper - bb_lower), 0.5)
Collect signals 2352/3317:  71%|¨€¨€¨€¨€¨€¨€¨€   | 2351/3317 [2:04:38<44:53,  2.79s/stock]Collect signals 2352/3317:  71%|¨€¨€¨€¨€¨€¨€¨€   | 2352/3317 [2:04:38<45:45,  2.84s/stock]D:\Projects\auto-select-stock\src\auto_select_stock\predict\data.py:76: RuntimeWarning: invalid value encountered in divide
  result["bb_position"] = np.where(bb_upper != bb_lower, (close - bb_lower) / (bb_upper - bb_lower), 0.5)
Collect signals 2353/3317:  71%|¨€¨€¨€¨€¨€¨€¨€   | 2352/3317 [2:04:41<45:45,  2.84s/stock]Collect signals 2353/3317:  71%|¨€¨€¨€¨€¨€¨€¨€   | 2353/3317 [2:04:41<46:47,  2.91s/stock]D:\Projects\auto-select-stock\src\auto_select_stock\predict\data.py:76: RuntimeWarning: invalid value encountered in divide
  result["bb_position"] = np.where(bb_upper != bb_lower, (close - bb_lower) / (bb_upper - bb_lower), 0.5)
Collect signals 2354/3317:  71%|¨€¨€¨€¨€¨€¨€¨€   | 2353/3317 [2:04:44<46:47,  2.91s/stock]Collect signals 2354/3317:  71%|¨€¨€¨€¨€¨€¨€¨€   | 2354/3317 [2:04:44<45:30,  2.84s/stock]D:\Projects\auto-select-stock\src\auto_select_stock\predict\data.py:76: RuntimeWarning: invalid value encountered in divide
  result["bb_position"] = np.where(bb_upper != bb_lower, (close - bb_lower) / (bb_upper - bb_lower), 0.5)
Collect signals 2355/3317:  71%|¨€¨€¨€¨€¨€¨€¨€   | 2354/3317 [2:04:47<45:30,  2.84s/stock]Collect signals 2355/3317:  71%|¨€¨€¨€¨€¨€¨€¨€   | 2355/3317 [2:04:47<46:18,  2.89s/stock]D:\Projects\auto-select-stock\src\auto_select_stock\predict\data.py:76: RuntimeWarning: invalid value encountered in divide
  result["bb_position"] = np.where(bb_upper != bb_lower, (close - bb_lower) / (bb_upper - bb_lower), 0.5)
Collect signals 2356/3317:  71%|¨€¨€¨€¨€¨€¨€¨€   | 2355/3317 [2:04:50<46:18,  2.89s/stock]Collect signals 2356/3317:  71%|¨€¨€¨€¨€¨€¨€¨€   | 2356/3317 [2:04:50<45:16,  2.83s/stock]D:\Projects\auto-select-stock\src\auto_select_stock\predict\data.py:76: RuntimeWarning: invalid value encountered in divide
  result["bb_position"] = np.where(bb_upper != bb_lower, (close - bb_lower) / (bb_upper - bb_lower), 0.5)
Collect signals 2357/3317:  71%|¨€¨€¨€¨€¨€¨€¨€   | 2356/3317 [2:04:53<45:16,  2.83s/stock]Collect signals 2357/3317:  71%|¨€¨€¨€¨€¨€¨€¨€   | 2357/3317 [2:04:53<46:07,  2.88s/stock]D:\Projects\auto-select-stock\src\auto_select_stock\predict\data.py:76: RuntimeWarning: invalid value encountered in divide
  result["bb_position"] = np.where(bb_upper != bb_lower, (close - bb_lower) / (bb_upper - bb_lower), 0.5)
Collect signals 2358/3317:  71%|¨€¨€¨€¨€¨€¨€¨€   | 2357/3317 [2:04:55<46:07,  2.88s/stock]Collect signals 2358/3317:  71%|¨€¨€¨€¨€¨€¨€¨€   | 2358/3317 [2:04:55<44:52,  2.81s/stock]D:\Projects\auto-select-stock\src\auto_select_stock\predict\data.py:76: RuntimeWarning: invalid value encountered in divide
  result["bb_position"] = np.where(bb_upper != bb_lower, (close - bb_lower) / (bb_upper - bb_lower), 0.5)
Collect signals 2359/3317:  71%|¨€¨€¨€¨€¨€¨€¨€   | 2358/3317 [2:04:58<44:52,  2.81s/stock]Collect signals 2359/3317:  71%|¨€¨€¨€¨€¨€¨€¨€   | 2359/3317 [2:04:58<45:48,  2.87s/stock]D:\Projects\auto-select-stock\src\auto_select_stock\predict\data.py:76: RuntimeWarning: invalid value encountered in divide
  result["bb_position"] = np.where(bb_upper != bb_lower, (close - bb_lower) / (bb_upper - bb_lower), 0.5)
Collect signals 2360/3317:  71%|¨€¨€¨€¨€¨€¨€¨€   | 2359/3317 [2:05:01<45:48,  2.87s/stock]Collect signals 2360/3317:  71%|¨€¨€¨€¨€¨€¨€¨€   | 2360/3317 [2:05:01<44:36,  2.80s/stock]D:\Projects\auto-select-stock\src\auto_select_stock\predict\data.py:76: RuntimeWarning: invalid value encountered in divide
  result["bb_position"] = np.where(bb_upper != bb_lower, (close - bb_lower) / (bb_upper - bb_lower), 0.5)
Collect signals 2361/3317:  71%|¨€¨€¨€¨€¨€¨€¨€   | 2360/3317 [2:05:04<44:36,  2.80s/stock]Collect signals 2361/3317:  71%|¨€¨€¨€¨€¨€¨€¨€   | 2361/3317 [2:05:04<45:37,  2.86s/stock]D:\Projects\auto-select-stock\src\auto_select_stock\predict\data.py:76: RuntimeWarning: invalid value encountered in divide
  result["bb_position"] = np.where(bb_upper != bb_lower, (close - bb_lower) / (bb_upper - bb_lower), 0.5)
Collect signals 2362/3317:  71%|¨€¨€¨€¨€¨€¨€¨€   | 2361/3317 [2:05:07<45:37,  2.86s/stock]Collect signals 2362/3317:  71%|¨€¨€¨€¨€¨€¨€¨€   | 2362/3317 [2:05:07<46:06,  2.90s/stock]D:\Projects\auto-select-stock\src\auto_select_stock\predict\data.py:76: RuntimeWarning: invalid value encountered in divide
  result["bb_position"] = np.where(bb_upper != bb_lower, (close - bb_lower) / (bb_upper - bb_lower), 0.5)
Collect signals 2363/3317:  71%|¨€¨€¨€¨€¨€¨€¨€   | 2362/3317 [2:05:10<46:06,  2.90s/stock]Collect signals 2363/3317:  71%|¨€¨€¨€¨€¨€¨€¨€   | 2363/3317 [2:05:10<45:45,  2.88s/stock]D:\Projects\auto-select-stock\src\auto_select_stock\predict\data.py:76: RuntimeWarning: invalid value encountered in divide
  result["bb_position"] = np.where(bb_upper != bb_lower, (close - bb_lower) / (bb_upper - bb_lower), 0.5)
Collect signals 2364/3317:  71%|¨€¨€¨€¨€¨€¨€¨€   | 2363/3317 [2:05:13<45:45,  2.88s/stock]Collect signals 2364/3317:  71%|¨€¨€¨€¨€¨€¨€¨€¨‡  | 2364/3317 [2:05:13<46:16,  2.91s/stock]D:\Projects\auto-select-stock\src\auto_select_stock\predict\data.py:76: RuntimeWarning: invalid value encountered in divide
  result["bb_position"] = np.where(bb_upper != bb_lower, (close - bb_lower) / (bb_upper - bb_lower), 0.5)
Collect signals 2365/3317:  71%|¨€¨€¨€¨€¨€¨€¨€¨‡  | 2364/3317 [2:05:16<46:16,  2.91s/stock]Collect signals 2365/3317:  71%|¨€¨€¨€¨€¨€¨€¨€¨‡  | 2365/3317 [2:05:16<45:39,  2.88s/stock]D:\Projects\auto-select-stock\src\auto_select_stock\predict\data.py:76: RuntimeWarning: invalid value encountered in divide
  result["bb_position"] = np.where(bb_upper != bb_lower, (close - bb_lower) / (bb_upper - bb_lower), 0.5)
Collect signals 2366/3317:  71%|¨€¨€¨€¨€¨€¨€¨€¨‡  | 2365/3317 [2:05:19<45:39,  2.88s/stock]Collect signals 2366/3317:  71%|¨€¨€¨€¨€¨€¨€¨€¨‡  | 2366/3317 [2:05:19<47:00,  2.97s/stock]D:\Projects\auto-select-stock\src\auto_select_stock\predict\data.py:76: RuntimeWarning: invalid value encountered in divide
  result["bb_position"] = np.where(bb_upper != bb_lower, (close - bb_lower) / (bb_upper - bb_lower), 0.5)
Collect signals 2367/3317:  71%|¨€¨€¨€¨€¨€¨€¨€¨‡  | 2366/3317 [2:05:22<47:00,  2.97s/stock]Collect signals 2367/3317:  71%|¨€¨€¨€¨€¨€¨€¨€¨‡  | 2367/3317 [2:05:22<46:38,  2.95s/stock]D:\Projects\auto-select-stock\src\auto_select_stock\predict\data.py:76: RuntimeWarning: invalid value encountered in divide
  result["bb_position"] = np.where(bb_upper != bb_lower, (close - bb_lower) / (bb_upper - bb_lower), 0.5)
Collect signals 2368/3317:  71%|¨€¨€¨€¨€¨€¨€¨€¨‡  | 2367/3317 [2:05:25<46:38,  2.95s/stock]Collect signals 2368/3317:  71%|¨€¨€¨€¨€¨€¨€¨€¨‡  | 2368/3317 [2:05:25<48:17,  3.05s/stock]D:\Projects\auto-select-stock\src\auto_select_stock\predict\data.py:76: RuntimeWarning: invalid value encountered in divide
  result["bb_position"] = np.where(bb_upper != bb_lower, (close - bb_lower) / (bb_upper - bb_lower), 0.5)
Collect signals 2369/3317:  71%|¨€¨€¨€¨€¨€¨€¨€¨‡  | 2368/3317 [2:05:28<48:17,  3.05s/stock]Collect signals 2369/3317:  71%|¨€¨€¨€¨€¨€¨€¨€¨‡  | 2369/3317 [2:05:28<48:30,  3.07s/stock]D:\Projects\auto-select-stock\src\auto_select_stock\predict\data.py:76: RuntimeWarning: invalid value encountered in divide
  result["bb_position"] = np.where(bb_upper != bb_lower, (close - bb_lower) / (bb_upper - bb_lower), 0.5)
Collect signals 2370/3317:  71%|¨€¨€¨€¨€¨€¨€¨€¨‡  | 2369/3317 [2:05:31<48:30,  3.07s/stock]Collect signals 2370/3317:  71%|¨€¨€¨€¨€¨€¨€¨€¨‡  | 2370/3317 [2:05:31<46:42,  2.96s/stock]D:\Projects\auto-select-stock\src\auto_select_stock\predict\data.py:76: RuntimeWarning: invalid value encountered in divide
  result["bb_position"] = np.where(bb_upper != bb_lower, (close - bb_lower) / (bb_upper - bb_lower), 0.5)
Collect signals 2371/3317:  71%|¨€¨€¨€¨€¨€¨€¨€¨‡  | 2370/3317 [2:05:34<46:42,  2.96s/stock]Collect signals 2371/3317:  71%|¨€¨€¨€¨€¨€¨€¨€¨‡  | 2371/3317 [2:05:34<47:25,  3.01s/stock]D:\Projects\auto-select-stock\src\auto_select_stock\predict\data.py:76: RuntimeWarning: invalid value encountered in divide
  result["bb_position"] = np.where(bb_upper != bb_lower, (close - bb_lower) / (bb_upper - bb_lower), 0.5)
Collect signals 2372/3317:  71%|¨€¨€¨€¨€¨€¨€¨€¨‡  | 2371/3317 [2:05:37<47:25,  3.01s/stock]Collect signals 2372/3317:  72%|¨€¨€¨€¨€¨€¨€¨€¨‡  | 2372/3317 [2:05:37<45:48,  2.91s/stock]D:\Projects\auto-select-stock\src\auto_select_stock\predict\data.py:76: RuntimeWarning: invalid value encountered in divide
  result["bb_position"] = np.where(bb_upper != bb_lower, (close - bb_lower) / (bb_upper - bb_lower), 0.5)
Collect signals 2373/3317:  72%|¨€¨€¨€¨€¨€¨€¨€¨‡  | 2372/3317 [2:05:40<45:48,  2.91s/stock]Collect signals 2373/3317:  72%|¨€¨€¨€¨€¨€¨€¨€¨‡  | 2373/3317 [2:05:40<46:13,  2.94s/stock]D:\Projects\auto-select-stock\src\auto_select_stock\predict\data.py:76: RuntimeWarning: invalid value encountered in divide
  result["bb_position"] = np.where(bb_upper != bb_lower, (close - bb_lower) / (bb_upper - bb_lower), 0.5)
Collect signals 2374/3317:  72%|¨€¨€¨€¨€¨€¨€¨€¨‡  | 2373/3317 [2:05:42<46:13,  2.94s/stock]Collect signals 2374/3317:  72%|¨€¨€¨€¨€¨€¨€¨€¨‡  | 2374/3317 [2:05:42<44:51,  2.85s/stock]D:\Projects\auto-select-stock\src\auto_select_stock\predict\data.py:76: RuntimeWarning: invalid value encountered in divide
  result["bb_position"] = np.where(bb_upper != bb_lower, (close - bb_lower) / (bb_upper - bb_lower), 0.5)
Collect signals 2375/3317:  72%|¨€¨€¨€¨€¨€¨€¨€¨‡  | 2374/3317 [2:05:45<44:51,  2.85s/stock]Collect signals 2375/3317:  72%|¨€¨€¨€¨€¨€¨€¨€¨‡  | 2375/3317 [2:05:45<45:30,  2.90s/stock]D:\Projects\auto-select-stock\src\auto_select_stock\predict\data.py:76: RuntimeWarning: invalid value encountered in divide
  result["bb_position"] = np.where(bb_upper != bb_lower, (close - bb_lower) / (bb_upper - bb_lower), 0.5)
Collect signals 2376/3317:  72%|¨€¨€¨€¨€¨€¨€¨€¨‡  | 2375/3317 [2:05:48<45:30,  2.90s/stock]Collect signals 2376/3317:  72%|¨€¨€¨€¨€¨€¨€¨€¨‡  | 2376/3317 [2:05:48<44:28,  2.84s/stock]D:\Projects\auto-select-stock\src\auto_select_stock\predict\data.py:76: RuntimeWarning: invalid value encountered in divide
  result["bb_position"] = np.where(bb_upper != bb_lower, (close - bb_lower) / (bb_upper - bb_lower), 0.5)
Collect signals 2377/3317:  72%|¨€¨€¨€¨€¨€¨€¨€¨‡  | 2376/3317 [2:05:51<44:28,  2.84s/stock]Collect signals 2377/3317:  72%|¨€¨€¨€¨€¨€¨€¨€¨‡  | 2377/3317 [2:05:51<45:01,  2.87s/stock]D:\Projects\auto-select-stock\src\auto_select_stock\predict\data.py:76: RuntimeWarning: invalid value encountered in divide
  result["bb_position"] = np.where(bb_upper != bb_lower, (close - bb_lower) / (bb_upper - bb_lower), 0.5)
Collect signals 2378/3317:  72%|¨€¨€¨€¨€¨€¨€¨€¨‡  | 2377/3317 [2:05:54<45:01,  2.87s/stock]Collect signals 2378/3317:  72%|¨€¨€¨€¨€¨€¨€¨€¨‡  | 2378/3317 [2:05:54<45:51,  2.93s/stock]D:\Projects\auto-select-stock\src\auto_select_stock\predict\data.py:76: RuntimeWarning: invalid value encountered in divide
  result["bb_position"] = np.where(bb_upper != bb_lower, (close - bb_lower) / (bb_upper - bb_lower), 0.5)
Collect signals 2379/3317:  72%|¨€¨€¨€¨€¨€¨€¨€¨‡  | 2378/3317 [2:05:57<45:51,  2.93s/stock]Collect signals 2379/3317:  72%|¨€¨€¨€¨€¨€¨€¨€¨‡  | 2379/3317 [2:05:57<44:51,  2.87s/stock]D:\Projects\auto-select-stock\src\auto_select_stock\predict\data.py:76: RuntimeWarning: invalid value encountered in divide
  result["bb_position"] = np.where(bb_upper != bb_lower, (close - bb_lower) / (bb_upper - bb_lower), 0.5)
Collect signals 2380/3317:  72%|¨€¨€¨€¨€¨€¨€¨€¨‡  | 2379/3317 [2:06:00<44:51,  2.87s/stock]Collect signals 2380/3317:  72%|¨€¨€¨€¨€¨€¨€¨€¨‡  | 2380/3317 [2:06:00<45:49,  2.93s/stock]D:\Projects\auto-select-stock\src\auto_select_stock\predict\data.py:76: RuntimeWarning: invalid value encountered in divide
  result["bb_position"] = np.where(bb_upper != bb_lower, (close - bb_lower) / (bb_upper - bb_lower), 0.5)
Collect signals 2381/3317:  72%|¨€¨€¨€¨€¨€¨€¨€¨‡  | 2380/3317 [2:06:03<45:49,  2.93s/stock]Collect signals 2381/3317:  72%|¨€¨€¨€¨€¨€¨€¨€¨‡  | 2381/3317 [2:06:03<44:27,  2.85s/stock]D:\Projects\auto-select-stock\src\auto_select_stock\predict\data.py:76: RuntimeWarning: invalid value encountered in divide
  result["bb_position"] = np.where(bb_upper != bb_lower, (close - bb_lower) / (bb_upper - bb_lower), 0.5)
Collect signals 2382/3317:  72%|¨€¨€¨€¨€¨€¨€¨€¨‡  | 2381/3317 [2:06:06<44:27,  2.85s/stock]Collect signals 2382/3317:  72%|¨€¨€¨€¨€¨€¨€¨€¨‡  | 2382/3317 [2:06:06<45:52,  2.94s/stock]D:\Projects\auto-select-stock\src\auto_select_stock\predict\data.py:76: RuntimeWarning: invalid value encountered in divide
  result["bb_position"] = np.where(bb_upper != bb_lower, (close - bb_lower) / (bb_upper - bb_lower), 0.5)
Collect signals 2383/3317:  72%|¨€¨€¨€¨€¨€¨€¨€¨‡  | 2382/3317 [2:06:08<45:52,  2.94s/stock]Collect signals 2383/3317:  72%|¨€¨€¨€¨€¨€¨€¨€¨‡  | 2383/3317 [2:06:08<44:28,  2.86s/stock]D:\Projects\auto-select-stock\src\auto_select_stock\predict\data.py:76: RuntimeWarning: invalid value encountered in divide
  result["bb_position"] = np.where(bb_upper != bb_lower, (close - bb_lower) / (bb_upper - bb_lower), 0.5)
Collect signals 2384/3317:  72%|¨€¨€¨€¨€¨€¨€¨€¨‡  | 2383/3317 [2:06:11<44:28,  2.86s/stock]Collect signals 2384/3317:  72%|¨€¨€¨€¨€¨€¨€¨€¨‡  | 2384/3317 [2:06:11<45:10,  2.91s/stock]D:\Projects\auto-select-stock\src\auto_select_stock\predict\data.py:76: RuntimeWarning: invalid value encountered in divide
  result["bb_position"] = np.where(bb_upper != bb_lower, (close - bb_lower) / (bb_upper - bb_lower), 0.5)
Collect signals 2385/3317:  72%|¨€¨€¨€¨€¨€¨€¨€¨‡  | 2384/3317 [2:06:14<45:10,  2.91s/stock]Collect signals 2385/3317:  72%|¨€¨€¨€¨€¨€¨€¨€¨‡  | 2385/3317 [2:06:14<46:06,  2.97s/stock]D:\Projects\auto-select-stock\src\auto_select_stock\predict\data.py:76: RuntimeWarning: invalid value encountered in divide
  result["bb_position"] = np.where(bb_upper != bb_lower, (close - bb_lower) / (bb_upper - bb_lower), 0.5)
Collect signals 2386/3317:  72%|¨€¨€¨€¨€¨€¨€¨€¨‡  | 2385/3317 [2:06:17<46:06,  2.97s/stock]Collect signals 2386/3317:  72%|¨€¨€¨€¨€¨€¨€¨€¨‡  | 2386/3317 [2:06:17<44:38,  2.88s/stock]D:\Projects\auto-select-stock\src\auto_select_stock\predict\data.py:76: RuntimeWarning: invalid value encountered in divide
  result["bb_position"] = np.where(bb_upper != bb_lower, (close - bb_lower) / (bb_upper - bb_lower), 0.5)
Collect signals 2387/3317:  72%|¨€¨€¨€¨€¨€¨€¨€¨‡  | 2386/3317 [2:06:20<44:38,  2.88s/stock]Collect signals 2387/3317:  72%|¨€¨€¨€¨€¨€¨€¨€¨‡  | 2387/3317 [2:06:20<45:40,  2.95s/stock]D:\Projects\auto-select-stock\src\auto_select_stock\predict\data.py:76: RuntimeWarning: invalid value encountered in divide
  result["bb_position"] = np.where(bb_upper != bb_lower, (close - bb_lower) / (bb_upper - bb_lower), 0.5)
Collect signals 2388/3317:  72%|¨€¨€¨€¨€¨€¨€¨€¨‡  | 2387/3317 [2:06:23<45:40,  2.95s/stock]Collect signals 2388/3317:  72%|¨€¨€¨€¨€¨€¨€¨€¨‡  | 2388/3317 [2:06:23<45:49,  2.96s/stock]D:\Projects\auto-select-stock\src\auto_select_stock\predict\data.py:76: RuntimeWarning: invalid value encountered in divide
  result["bb_position"] = np.where(bb_upper != bb_lower, (close - bb_lower) / (bb_upper - bb_lower), 0.5)
Collect signals 2389/3317:  72%|¨€¨€¨€¨€¨€¨€¨€¨‡  | 2388/3317 [2:06:27<45:49,  2.96s/stock]Collect signals 2389/3317:  72%|¨€¨€¨€¨€¨€¨€¨€¨‡  | 2389/3317 [2:06:27<47:10,  3.05s/stock]D:\Projects\auto-select-stock\src\auto_select_stock\predict\data.py:76: RuntimeWarning: invalid value encountered in divide
  result["bb_position"] = np.where(bb_upper != bb_lower, (close - bb_lower) / (bb_upper - bb_lower), 0.5)
Collect signals 2390/3317:  72%|¨€¨€¨€¨€¨€¨€¨€¨‡  | 2389/3317 [2:06:29<47:10,  3.05s/stock]Collect signals 2390/3317:  72%|¨€¨€¨€¨€¨€¨€¨€¨‡  | 2390/3317 [2:06:29<45:25,  2.94s/stock]D:\Projects\auto-select-stock\src\auto_select_stock\predict\data.py:76: RuntimeWarning: invalid value encountered in divide
  result["bb_position"] = np.where(bb_upper != bb_lower, (close - bb_lower) / (bb_upper - bb_lower), 0.5)
Collect signals 2391/3317:  72%|¨€¨€¨€¨€¨€¨€¨€¨‡  | 2390/3317 [2:06:32<45:25,  2.94s/stock]Collect signals 2391/3317:  72%|¨€¨€¨€¨€¨€¨€¨€¨‡  | 2391/3317 [2:06:32<46:02,  2.98s/stock]D:\Projects\auto-select-stock\src\auto_select_stock\predict\data.py:76: RuntimeWarning: invalid value encountered in divide
  result["bb_position"] = np.where(bb_upper != bb_lower, (close - bb_lower) / (bb_upper - bb_lower), 0.5)
Collect signals 2392/3317:  72%|¨€¨€¨€¨€¨€¨€¨€¨‡  | 2391/3317 [2:06:35<46:02,  2.98s/stock]Collect signals 2392/3317:  72%|¨€¨€¨€¨€¨€¨€¨€¨‡  | 2392/3317 [2:06:35<44:36,  2.89s/stock]D:\Projects\auto-select-stock\src\auto_select_stock\predict\data.py:76: RuntimeWarning: invalid value encountered in divide
  result["bb_position"] = np.where(bb_upper != bb_lower, (close - bb_lower) / (bb_upper - bb_lower), 0.5)
Collect signals 2393/3317:  72%|¨€¨€¨€¨€¨€¨€¨€¨‡  | 2392/3317 [2:06:38<44:36,  2.89s/stock]Collect signals 2393/3317:  72%|¨€¨€¨€¨€¨€¨€¨€¨‡  | 2393/3317 [2:06:38<45:40,  2.97s/stock]D:\Projects\auto-select-stock\src\auto_select_stock\predict\data.py:76: RuntimeWarning: invalid value encountered in divide
  result["bb_position"] = np.where(bb_upper != bb_lower, (close - bb_lower) / (bb_upper - bb_lower), 0.5)
Collect signals 2394/3317:  72%|¨€¨€¨€¨€¨€¨€¨€¨‡  | 2393/3317 [2:06:41<45:40,  2.97s/stock]Collect signals 2394/3317:  72%|¨€¨€¨€¨€¨€¨€¨€¨‡  | 2394/3317 [2:06:41<46:40,  3.03s/stock]D:\Projects\auto-select-stock\src\auto_select_stock\predict\data.py:76: RuntimeWarning: invalid value encountered in divide
  result["bb_position"] = np.where(bb_upper != bb_lower, (close - bb_lower) / (bb_upper - bb_lower), 0.5)
Collect signals 2395/3317:  72%|¨€¨€¨€¨€¨€¨€¨€¨‡  | 2394/3317 [2:06:44<46:40,  3.03s/stock]Collect signals 2395/3317:  72%|¨€¨€¨€¨€¨€¨€¨€¨‡  | 2395/3317 [2:06:44<44:56,  2.92s/stock]D:\Projects\auto-select-stock\src\auto_select_stock\predict\data.py:76: RuntimeWarning: invalid value encountered in divide
  result["bb_position"] = np.where(bb_upper != bb_lower, (close - bb_lower) / (bb_upper - bb_lower), 0.5)
Collect signals 2396/3317:  72%|¨€¨€¨€¨€¨€¨€¨€¨‡  | 2395/3317 [2:06:47<44:56,  2.92s/stock]Collect signals 2396/3317:  72%|¨€¨€¨€¨€¨€¨€¨€¨‡  | 2396/3317 [2:06:47<45:16,  2.95s/stock]D:\Projects\auto-select-stock\src\auto_select_stock\predict\data.py:76: RuntimeWarning: invalid value encountered in divide
  result["bb_position"] = np.where(bb_upper != bb_lower, (close - bb_lower) / (bb_upper - bb_lower), 0.5)
Collect signals 2397/3317:  72%|¨€¨€¨€¨€¨€¨€¨€¨‡  | 2396/3317 [2:06:50<45:16,  2.95s/stock]Collect signals 2397/3317:  72%|¨€¨€¨€¨€¨€¨€¨€¨‡  | 2397/3317 [2:06:50<43:59,  2.87s/stock]D:\Projects\auto-select-stock\src\auto_select_stock\predict\data.py:76: RuntimeWarning: invalid value encountered in divide
  result["bb_position"] = np.where(bb_upper != bb_lower, (close - bb_lower) / (bb_upper - bb_lower), 0.5)
Collect signals 2398/3317:  72%|¨€¨€¨€¨€¨€¨€¨€¨‡  | 2397/3317 [2:06:53<43:59,  2.87s/stock]Collect signals 2398/3317:  72%|¨€¨€¨€¨€¨€¨€¨€¨‡  | 2398/3317 [2:06:53<44:37,  2.91s/stock]D:\Projects\auto-select-stock\src\auto_select_stock\predict\data.py:76: RuntimeWarning: invalid value encountered in divide
  result["bb_position"] = np.where(bb_upper != bb_lower, (close - bb_lower) / (bb_upper - bb_lower), 0.5)
Collect signals 2399/3317:  72%|¨€¨€¨€¨€¨€¨€¨€¨‡  | 2398/3317 [2:06:55<44:37,  2.91s/stock]Collect signals 2399/3317:  72%|¨€¨€¨€¨€¨€¨€¨€¨‡  | 2399/3317 [2:06:55<43:23,  2.84s/stock]D:\Projects\auto-select-stock\src\auto_select_stock\predict\data.py:76: RuntimeWarning: invalid value encountered in divide
  result["bb_position"] = np.where(bb_upper != bb_lower, (close - bb_lower) / (bb_upper - bb_lower), 0.5)
Collect signals 2400/3317:  72%|¨€¨€¨€¨€¨€¨€¨€¨‡  | 2399/3317 [2:06:58<43:23,  2.84s/stock]Collect signals 2400/3317:  72%|¨€¨€¨€¨€¨€¨€¨€¨‡  | 2400/3317 [2:06:58<44:48,  2.93s/stock]D:\Projects\auto-select-stock\src\auto_select_stock\predict\data.py:76: RuntimeWarning: invalid value encountered in divide
  result["bb_position"] = np.where(bb_upper != bb_lower, (close - bb_lower) / (bb_upper - bb_lower), 0.5)
Collect signals 2401/3317:  72%|¨€¨€¨€¨€¨€¨€¨€¨‡  | 2400/3317 [2:07:01<44:48,  2.93s/stock]Collect signals 2401/3317:  72%|¨€¨€¨€¨€¨€¨€¨€¨‡  | 2401/3317 [2:07:01<43:31,  2.85s/stock]D:\Projects\auto-select-stock\src\auto_select_stock\predict\data.py:76: RuntimeWarning: invalid value encountered in divide
  result["bb_position"] = np.where(bb_upper != bb_lower, (close - bb_lower) / (bb_upper - bb_lower), 0.5)
Collect signals 2402/3317:  72%|¨€¨€¨€¨€¨€¨€¨€¨‡  | 2401/3317 [2:07:04<43:31,  2.85s/stock]Collect signals 2402/3317:  72%|¨€¨€¨€¨€¨€¨€¨€¨‡  | 2402/3317 [2:07:04<44:48,  2.94s/stock]D:\Projects\auto-select-stock\src\auto_select_stock\predict\data.py:76: RuntimeWarning: invalid value encountered in divide
  result["bb_position"] = np.where(bb_upper != bb_lower, (close - bb_lower) / (bb_upper - bb_lower), 0.5)
Collect signals 2403/3317:  72%|¨€¨€¨€¨€¨€¨€¨€¨‡  | 2402/3317 [2:07:07<44:48,  2.94s/stock]Collect signals 2403/3317:  72%|¨€¨€¨€¨€¨€¨€¨€¨‡  | 2403/3317 [2:07:07<43:31,  2.86s/stock]D:\Projects\auto-select-stock\src\auto_select_stock\predict\data.py:76: RuntimeWarning: invalid value encountered in divide
  result["bb_position"] = np.where(bb_upper != bb_lower, (close - bb_lower) / (bb_upper - bb_lower), 0.5)
Collect signals 2404/3317:  72%|¨€¨€¨€¨€¨€¨€¨€¨‡  | 2403/3317 [2:07:10<43:31,  2.86s/stock]Collect signals 2404/3317:  72%|¨€¨€¨€¨€¨€¨€¨€¨‡  | 2404/3317 [2:07:10<44:22,  2.92s/stock]D:\Projects\auto-select-stock\src\auto_select_stock\predict\data.py:76: RuntimeWarning: invalid value encountered in divide
  result["bb_position"] = np.where(bb_upper != bb_lower, (close - bb_lower) / (bb_upper - bb_lower), 0.5)
Collect signals 2405/3317:  72%|¨€¨€¨€¨€¨€¨€¨€¨‡  | 2404/3317 [2:07:13<44:22,  2.92s/stock]Collect signals 2405/3317:  73%|¨€¨€¨€¨€¨€¨€¨€¨†  | 2405/3317 [2:07:13<45:14,  2.98s/stock]D:\Projects\auto-select-stock\src\auto_select_stock\predict\data.py:76: RuntimeWarning: invalid value encountered in divide
  result["bb_position"] = np.where(bb_upper != bb_lower, (close - bb_lower) / (bb_upper - bb_lower), 0.5)
Collect signals 2406/3317:  73%|¨€¨€¨€¨€¨€¨€¨€¨†  | 2405/3317 [2:07:16<45:14,  2.98s/stock]Collect signals 2406/3317:  73%|¨€¨€¨€¨€¨€¨€¨€¨†  | 2406/3317 [2:07:16<43:59,  2.90s/stock]D:\Projects\auto-select-stock\src\auto_select_stock\predict\data.py:76: RuntimeWarning: invalid value encountered in divide
  result["bb_position"] = np.where(bb_upper != bb_lower, (close - bb_lower) / (bb_upper - bb_lower), 0.5)
Collect signals 2407/3317:  73%|¨€¨€¨€¨€¨€¨€¨€¨†  | 2406/3317 [2:07:19<43:59,  2.90s/stock]Collect signals 2407/3317:  73%|¨€¨€¨€¨€¨€¨€¨€¨†  | 2407/3317 [2:07:19<44:31,  2.94s/stock]D:\Projects\auto-select-stock\src\auto_select_stock\predict\data.py:76: RuntimeWarning: invalid value encountered in divide
  result["bb_position"] = np.where(bb_upper != bb_lower, (close - bb_lower) / (bb_upper - bb_lower), 0.5)
Collect signals 2408/3317:  73%|¨€¨€¨€¨€¨€¨€¨€¨†  | 2407/3317 [2:07:21<44:31,  2.94s/stock]Collect signals 2408/3317:  73%|¨€¨€¨€¨€¨€¨€¨€¨†  | 2408/3317 [2:07:21<43:04,  2.84s/stock]D:\Projects\auto-select-stock\src\auto_select_stock\predict\data.py:76: RuntimeWarning: invalid value encountered in divide
  result["bb_position"] = np.where(bb_upper != bb_lower, (close - bb_lower) / (bb_upper - bb_lower), 0.5)
Collect signals 2409/3317:  73%|¨€¨€¨€¨€¨€¨€¨€¨†  | 2408/3317 [2:07:25<43:04,  2.84s/stock]Collect signals 2409/3317:  73%|¨€¨€¨€¨€¨€¨€¨€¨†  | 2409/3317 [2:07:25<43:50,  2.90s/stock]D:\Projects\auto-select-stock\src\auto_select_stock\predict\data.py:76: RuntimeWarning: invalid value encountered in divide
  result["bb_position"] = np.where(bb_upper != bb_lower, (close - bb_lower) / (bb_upper - bb_lower), 0.5)
Collect signals 2410/3317:  73%|¨€¨€¨€¨€¨€¨€¨€¨†  | 2409/3317 [2:07:27<43:50,  2.90s/stock]Collect signals 2410/3317:  73%|¨€¨€¨€¨€¨€¨€¨€¨†  | 2410/3317 [2:07:27<43:33,  2.88s/stock]D:\Projects\auto-select-stock\src\auto_select_stock\predict\data.py:76: RuntimeWarning: invalid value encountered in divide
  result["bb_position"] = np.where(bb_upper != bb_lower, (close - bb_lower) / (bb_upper - bb_lower), 0.5)
Collect signals 2411/3317:  73%|¨€¨€¨€¨€¨€¨€¨€¨†  | 2410/3317 [2:07:30<43:33,  2.88s/stock]Collect signals 2411/3317:  73%|¨€¨€¨€¨€¨€¨€¨€¨†  | 2411/3317 [2:07:30<44:19,  2.94s/stock]D:\Projects\auto-select-stock\src\auto_select_stock\predict\data.py:76: RuntimeWarning: invalid value encountered in divide
  result["bb_position"] = np.where(bb_upper != bb_lower, (close - bb_lower) / (bb_upper - bb_lower), 0.5)
Collect signals 2412/3317:  73%|¨€¨€¨€¨€¨€¨€¨€¨†  | 2411/3317 [2:07:33<44:19,  2.94s/stock]Collect signals 2412/3317:  73%|¨€¨€¨€¨€¨€¨€¨€¨†  | 2412/3317 [2:07:33<44:34,  2.95s/stock]D:\Projects\auto-select-stock\src\auto_select_stock\predict\data.py:76: RuntimeWarning: invalid value encountered in divide
  result["bb_position"] = np.where(bb_upper != bb_lower, (close - bb_lower) / (bb_upper - bb_lower), 0.5)
Collect signals 2413/3317:  73%|¨€¨€¨€¨€¨€¨€¨€¨†  | 2412/3317 [2:07:36<44:34,  2.95s/stock]Collect signals 2413/3317:  73%|¨€¨€¨€¨€¨€¨€¨€¨†  | 2413/3317 [2:07:36<43:46,  2.90s/stock]D:\Projects\auto-select-stock\src\auto_select_stock\predict\data.py:76: RuntimeWarning: invalid value encountered in divide
  result["bb_position"] = np.where(bb_upper != bb_lower, (close - bb_lower) / (bb_upper - bb_lower), 0.5)
Collect signals 2414/3317:  73%|¨€¨€¨€¨€¨€¨€¨€¨†  | 2413/3317 [2:07:39<43:46,  2.90s/stock]Collect signals 2414/3317:  73%|¨€¨€¨€¨€¨€¨€¨€¨†  | 2414/3317 [2:07:39<44:18,  2.94s/stock]D:\Projects\auto-select-stock\src\auto_select_stock\predict\data.py:76: RuntimeWarning: invalid value encountered in divide
  result["bb_position"] = np.where(bb_upper != bb_lower, (close - bb_lower) / (bb_upper - bb_lower), 0.5)
Collect signals 2415/3317:  73%|¨€¨€¨€¨€¨€¨€¨€¨†  | 2414/3317 [2:07:42<44:18,  2.94s/stock]Collect signals 2415/3317:  73%|¨€¨€¨€¨€¨€¨€¨€¨†  | 2415/3317 [2:07:42<42:41,  2.84s/stock]D:\Projects\auto-select-stock\src\auto_select_stock\predict\data.py:76: RuntimeWarning: invalid value encountered in divide
  result["bb_position"] = np.where(bb_upper != bb_lower, (close - bb_lower) / (bb_upper - bb_lower), 0.5)
Collect signals 2416/3317:  73%|¨€¨€¨€¨€¨€¨€¨€¨†  | 2415/3317 [2:07:45<42:41,  2.84s/stock]Collect signals 2416/3317:  73%|¨€¨€¨€¨€¨€¨€¨€¨†  | 2416/3317 [2:07:45<43:36,  2.90s/stock]D:\Projects\auto-select-stock\src\auto_select_stock\predict\data.py:76: RuntimeWarning: invalid value encountered in divide
  result["bb_position"] = np.where(bb_upper != bb_lower, (close - bb_lower) / (bb_upper - bb_lower), 0.5)
Collect signals 2417/3317:  73%|¨€¨€¨€¨€¨€¨€¨€¨†  | 2416/3317 [2:07:48<43:36,  2.90s/stock]Collect signals 2417/3317:  73%|¨€¨€¨€¨€¨€¨€¨€¨†  | 2417/3317 [2:07:48<42:42,  2.85s/stock]D:\Projects\auto-select-stock\src\auto_select_stock\predict\data.py:76: RuntimeWarning: invalid value encountered in divide
  result["bb_position"] = np.where(bb_upper != bb_lower, (close - bb_lower) / (bb_upper - bb_lower), 0.5)
Collect signals 2418/3317:  73%|¨€¨€¨€¨€¨€¨€¨€¨†  | 2417/3317 [2:07:51<42:42,  2.85s/stock]Collect signals 2418/3317:  73%|¨€¨€¨€¨€¨€¨€¨€¨†  | 2418/3317 [2:07:51<43:29,  2.90s/stock]D:\Projects\auto-select-stock\src\auto_select_stock\predict\data.py:76: RuntimeWarning: invalid value encountered in divide
  result["bb_position"] = np.where(bb_upper != bb_lower, (close - bb_lower) / (bb_upper - bb_lower), 0.5)
Collect signals 2419/3317:  73%|¨€¨€¨€¨€¨€¨€¨€¨†  | 2418/3317 [2:07:53<43:29,  2.90s/stock]Collect signals 2419/3317:  73%|¨€¨€¨€¨€¨€¨€¨€¨†  | 2419/3317 [2:07:53<42:49,  2.86s/stock]D:\Projects\auto-select-stock\src\auto_select_stock\predict\data.py:76: RuntimeWarning: invalid value encountered in divide
  result["bb_position"] = np.where(bb_upper != bb_lower, (close - bb_lower) / (bb_upper - bb_lower), 0.5)
Collect signals 2420/3317:  73%|¨€¨€¨€¨€¨€¨€¨€¨†  | 2419/3317 [2:07:56<42:49,  2.86s/stock]Collect signals 2420/3317:  73%|¨€¨€¨€¨€¨€¨€¨€¨†  | 2420/3317 [2:07:56<43:29,  2.91s/stock]D:\Projects\auto-select-stock\src\auto_select_stock\predict\data.py:76: RuntimeWarning: invalid value encountered in divide
  result["bb_position"] = np.where(bb_upper != bb_lower, (close - bb_lower) / (bb_upper - bb_lower), 0.5)
Collect signals 2421/3317:  73%|¨€¨€¨€¨€¨€¨€¨€¨†  | 2420/3317 [2:07:59<43:29,  2.91s/stock]Collect signals 2421/3317:  73%|¨€¨€¨€¨€¨€¨€¨€¨†  | 2421/3317 [2:07:59<43:48,  2.93s/stock]D:\Projects\auto-select-stock\src\auto_select_stock\predict\data.py:76: RuntimeWarning: invalid value encountered in divide
  result["bb_position"] = np.where(bb_upper != bb_lower, (close - bb_lower) / (bb_upper - bb_lower), 0.5)
Collect signals 2422/3317:  73%|¨€¨€¨€¨€¨€¨€¨€¨†  | 2421/3317 [2:08:02<43:48,  2.93s/stock]Collect signals 2422/3317:  73%|¨€¨€¨€¨€¨€¨€¨€¨†  | 2422/3317 [2:08:02<42:56,  2.88s/stock]D:\Projects\auto-select-stock\src\auto_select_stock\predict\data.py:76: RuntimeWarning: invalid value encountered in divide
  result["bb_position"] = np.where(bb_upper != bb_lower, (close - bb_lower) / (bb_upper - bb_lower), 0.5)
Collect signals 2423/3317:  73%|¨€¨€¨€¨€¨€¨€¨€¨†  | 2422/3317 [2:08:05<42:56,  2.88s/stock]Collect signals 2423/3317:  73%|¨€¨€¨€¨€¨€¨€¨€¨†  | 2423/3317 [2:08:05<43:44,  2.94s/stock]D:\Projects\auto-select-stock\src\auto_select_stock\predict\data.py:76: RuntimeWarning: invalid value encountered in divide
  result["bb_position"] = np.where(bb_upper != bb_lower, (close - bb_lower) / (bb_upper - bb_lower), 0.5)
Collect signals 2424/3317:  73%|¨€¨€¨€¨€¨€¨€¨€¨†  | 2423/3317 [2:08:08<43:44,  2.94s/stock]Collect signals 2424/3317:  73%|¨€¨€¨€¨€¨€¨€¨€¨†  | 2424/3317 [2:08:08<43:08,  2.90s/stock]D:\Projects\auto-select-stock\src\auto_select_stock\predict\data.py:76: RuntimeWarning: invalid value encountered in divide
  result["bb_position"] = np.where(bb_upper != bb_lower, (close - bb_lower) / (bb_upper - bb_lower), 0.5)
Collect signals 2425/3317:  73%|¨€¨€¨€¨€¨€¨€¨€¨†  | 2424/3317 [2:08:11<43:08,  2.90s/stock]Collect signals 2425/3317:  73%|¨€¨€¨€¨€¨€¨€¨€¨†  | 2425/3317 [2:08:11<44:09,  2.97s/stock]D:\Projects\auto-select-stock\src\auto_select_stock\predict\data.py:76: RuntimeWarning: invalid value encountered in divide
  result["bb_position"] = np.where(bb_upper != bb_lower, (close - bb_lower) / (bb_upper - bb_lower), 0.5)
Collect signals 2426/3317:  73%|¨€¨€¨€¨€¨€¨€¨€¨†  | 2425/3317 [2:08:14<44:09,  2.97s/stock]Collect signals 2426/3317:  73%|¨€¨€¨€¨€¨€¨€¨€¨†  | 2426/3317 [2:08:14<42:39,  2.87s/stock]D:\Projects\auto-select-stock\src\auto_select_stock\predict\data.py:76: RuntimeWarning: invalid value encountered in divide
  result["bb_position"] = np.where(bb_upper != bb_lower, (close - bb_lower) / (bb_upper - bb_lower), 0.5)
Collect signals 2427/3317:  73%|¨€¨€¨€¨€¨€¨€¨€¨†  | 2426/3317 [2:08:17<42:39,  2.87s/stock]Collect signals 2427/3317:  73%|¨€¨€¨€¨€¨€¨€¨€¨†  | 2427/3317 [2:08:17<42:57,  2.90s/stock]D:\Projects\auto-select-stock\src\auto_select_stock\predict\data.py:76: RuntimeWarning: invalid value encountered in divide
  result["bb_position"] = np.where(bb_upper != bb_lower, (close - bb_lower) / (bb_upper - bb_lower), 0.5)
Collect signals 2428/3317:  73%|¨€¨€¨€¨€¨€¨€¨€¨†  | 2427/3317 [2:08:20<42:57,  2.90s/stock]Collect signals 2428/3317:  73%|¨€¨€¨€¨€¨€¨€¨€¨†  | 2428/3317 [2:08:20<43:37,  2.94s/stock]D:\Projects\auto-select-stock\src\auto_select_stock\predict\data.py:76: RuntimeWarning: invalid value encountered in divide
  result["bb_position"] = np.where(bb_upper != bb_lower, (close - bb_lower) / (bb_upper - bb_lower), 0.5)
Collect signals 2429/3317:  73%|¨€¨€¨€¨€¨€¨€¨€¨†  | 2428/3317 [2:08:23<43:37,  2.94s/stock]Collect signals 2429/3317:  73%|¨€¨€¨€¨€¨€¨€¨€¨†  | 2429/3317 [2:08:23<42:43,  2.89s/stock]D:\Projects\auto-select-stock\src\auto_select_stock\predict\data.py:76: RuntimeWarning: invalid value encountered in divide
  result["bb_position"] = np.where(bb_upper != bb_lower, (close - bb_lower) / (bb_upper - bb_lower), 0.5)
Collect signals 2430/3317:  73%|¨€¨€¨€¨€¨€¨€¨€¨†  | 2429/3317 [2:08:26<42:43,  2.89s/stock]Collect signals 2430/3317:  73%|¨€¨€¨€¨€¨€¨€¨€¨†  | 2430/3317 [2:08:26<43:14,  2.93s/stock]D:\Projects\auto-select-stock\src\auto_select_stock\predict\data.py:76: RuntimeWarning: invalid value encountered in divide
  result["bb_position"] = np.where(bb_upper != bb_lower, (close - bb_lower) / (bb_upper - bb_lower), 0.5)
Collect signals 2431/3317:  73%|¨€¨€¨€¨€¨€¨€¨€¨†  | 2430/3317 [2:08:28<43:14,  2.93s/stock]Collect signals 2431/3317:  73%|¨€¨€¨€¨€¨€¨€¨€¨†  | 2431/3317 [2:08:28<41:55,  2.84s/stock]D:\Projects\auto-select-stock\src\auto_select_stock\predict\data.py:76: RuntimeWarning: invalid value encountered in divide
  result["bb_position"] = np.where(bb_upper != bb_lower, (close - bb_lower) / (bb_upper - bb_lower), 0.5)
Collect signals 2432/3317:  73%|¨€¨€¨€¨€¨€¨€¨€¨†  | 2431/3317 [2:08:31<41:55,  2.84s/stock]Collect signals 2432/3317:  73%|¨€¨€¨€¨€¨€¨€¨€¨†  | 2432/3317 [2:08:31<42:59,  2.91s/stock]D:\Projects\auto-select-stock\src\auto_select_stock\predict\data.py:76: RuntimeWarning: invalid value encountered in divide
  result["bb_position"] = np.where(bb_upper != bb_lower, (close - bb_lower) / (bb_upper - bb_lower), 0.5)
Collect signals 2433/3317:  73%|¨€¨€¨€¨€¨€¨€¨€¨†  | 2432/3317 [2:08:34<42:59,  2.91s/stock]Collect signals 2433/3317:  73%|¨€¨€¨€¨€¨€¨€¨€¨†  | 2433/3317 [2:08:34<41:36,  2.82s/stock]D:\Projects\auto-select-stock\src\auto_select_stock\predict\data.py:76: RuntimeWarning: invalid value encountered in divide
  result["bb_position"] = np.where(bb_upper != bb_lower, (close - bb_lower) / (bb_upper - bb_lower), 0.5)
Collect signals 2434/3317:  73%|¨€¨€¨€¨€¨€¨€¨€¨†  | 2433/3317 [2:08:37<41:36,  2.82s/stock]Collect signals 2434/3317:  73%|¨€¨€¨€¨€¨€¨€¨€¨†  | 2434/3317 [2:08:37<42:20,  2.88s/stock]D:\Projects\auto-select-stock\src\auto_select_stock\predict\data.py:76: RuntimeWarning: invalid value encountered in divide
  result["bb_position"] = np.where(bb_upper != bb_lower, (close - bb_lower) / (bb_upper - bb_lower), 0.5)
Collect signals 2435/3317:  73%|¨€¨€¨€¨€¨€¨€¨€¨†  | 2434/3317 [2:08:40<42:20,  2.88s/stock]Collect signals 2435/3317:  73%|¨€¨€¨€¨€¨€¨€¨€¨†  | 2435/3317 [2:08:40<41:27,  2.82s/stock]D:\Projects\auto-select-stock\src\auto_select_stock\predict\data.py:76: RuntimeWarning: invalid value encountered in divide
  result["bb_position"] = np.where(bb_upper != bb_lower, (close - bb_lower) / (bb_upper - bb_lower), 0.5)
Collect signals 2436/3317:  73%|¨€¨€¨€¨€¨€¨€¨€¨†  | 2435/3317 [2:08:43<41:27,  2.82s/stock]Collect signals 2436/3317:  73%|¨€¨€¨€¨€¨€¨€¨€¨†  | 2436/3317 [2:08:43<42:23,  2.89s/stock]D:\Projects\auto-select-stock\src\auto_select_stock\predict\data.py:76: RuntimeWarning: invalid value encountered in divide
  result["bb_position"] = np.where(bb_upper != bb_lower, (close - bb_lower) / (bb_upper - bb_lower), 0.5)
Collect signals 2437/3317:  73%|¨€¨€¨€¨€¨€¨€¨€¨†  | 2436/3317 [2:08:46<42:23,  2.89s/stock]Collect signals 2437/3317:  73%|¨€¨€¨€¨€¨€¨€¨€¨†  | 2437/3317 [2:08:46<43:15,  2.95s/stock]D:\Projects\auto-select-stock\src\auto_select_stock\predict\data.py:76: RuntimeWarning: invalid value encountered in divide
  result["bb_position"] = np.where(bb_upper != bb_lower, (close - bb_lower) / (bb_upper - bb_lower), 0.5)
Collect signals 2438/3317:  73%|¨€¨€¨€¨€¨€¨€¨€¨†  | 2437/3317 [2:08:48<43:15,  2.95s/stock]Collect signals 2438/3317:  74%|¨€¨€¨€¨€¨€¨€¨€¨†  | 2438/3317 [2:08:48<41:39,  2.84s/stock]D:\Projects\auto-select-stock\src\auto_select_stock\predict\data.py:76: RuntimeWarning: invalid value encountered in divide
  result["bb_position"] = np.where(bb_upper != bb_lower, (close - bb_lower) / (bb_upper - bb_lower), 0.5)
Collect signals 2439/3317:  74%|¨€¨€¨€¨€¨€¨€¨€¨†  | 2438/3317 [2:08:51<41:39,  2.84s/stock]Collect signals 2439/3317:  74%|¨€¨€¨€¨€¨€¨€¨€¨†  | 2439/3317 [2:08:51<42:50,  2.93s/stock]D:\Projects\auto-select-stock\src\auto_select_stock\predict\data.py:76: RuntimeWarning: invalid value encountered in divide
  result["bb_position"] = np.where(bb_upper != bb_lower, (close - bb_lower) / (bb_upper - bb_lower), 0.5)
Collect signals 2440/3317:  74%|¨€¨€¨€¨€¨€¨€¨€¨†  | 2439/3317 [2:08:54<42:50,  2.93s/stock]Collect signals 2440/3317:  74%|¨€¨€¨€¨€¨€¨€¨€¨†  | 2440/3317 [2:08:54<42:20,  2.90s/stock]D:\Projects\auto-select-stock\src\auto_select_stock\predict\data.py:76: RuntimeWarning: invalid value encountered in divide
  result["bb_position"] = np.where(bb_upper != bb_lower, (close - bb_lower) / (bb_upper - bb_lower), 0.5)
Collect signals 2441/3317:  74%|¨€¨€¨€¨€¨€¨€¨€¨†  | 2440/3317 [2:08:57<42:20,  2.90s/stock]Collect signals 2441/3317:  74%|¨€¨€¨€¨€¨€¨€¨€¨†  | 2441/3317 [2:08:57<43:17,  2.96s/stock]D:\Projects\auto-select-stock\src\auto_select_stock\predict\data.py:76: RuntimeWarning: invalid value encountered in divide
  result["bb_position"] = np.where(bb_upper != bb_lower, (close - bb_lower) / (bb_upper - bb_lower), 0.5)
Collect signals 2442/3317:  74%|¨€¨€¨€¨€¨€¨€¨€¨†  | 2441/3317 [2:09:00<43:17,  2.96s/stock]Collect signals 2442/3317:  74%|¨€¨€¨€¨€¨€¨€¨€¨†  | 2442/3317 [2:09:00<41:35,  2.85s/stock]D:\Projects\auto-select-stock\src\auto_select_stock\predict\data.py:76: RuntimeWarning: invalid value encountered in divide
  result["bb_position"] = np.where(bb_upper != bb_lower, (close - bb_lower) / (bb_upper - bb_lower), 0.5)
Collect signals 2443/3317:  74%|¨€¨€¨€¨€¨€¨€¨€¨†  | 2442/3317 [2:09:03<41:35,  2.85s/stock]Collect signals 2443/3317:  74%|¨€¨€¨€¨€¨€¨€¨€¨†  | 2443/3317 [2:09:03<42:23,  2.91s/stock]D:\Projects\auto-select-stock\src\auto_select_stock\predict\data.py:76: RuntimeWarning: invalid value encountered in divide
  result["bb_position"] = np.where(bb_upper != bb_lower, (close - bb_lower) / (bb_upper - bb_lower), 0.5)
Collect signals 2444/3317:  74%|¨€¨€¨€¨€¨€¨€¨€¨†  | 2443/3317 [2:09:06<42:23,  2.91s/stock]Collect signals 2444/3317:  74%|¨€¨€¨€¨€¨€¨€¨€¨†  | 2444/3317 [2:09:06<42:34,  2.93s/stock]D:\Projects\auto-select-stock\src\auto_select_stock\predict\data.py:76: RuntimeWarning: invalid value encountered in divide
  result["bb_position"] = np.where(bb_upper != bb_lower, (close - bb_lower) / (bb_upper - bb_lower), 0.5)
Collect signals 2445/3317:  74%|¨€¨€¨€¨€¨€¨€¨€¨†  | 2444/3317 [2:09:09<42:34,  2.93s/stock]Collect signals 2445/3317:  74%|¨€¨€¨€¨€¨€¨€¨€¨†  | 2445/3317 [2:09:09<41:01,  2.82s/stock]D:\Projects\auto-select-stock\src\auto_select_stock\predict\data.py:76: RuntimeWarning: invalid value encountered in divide
  result["bb_position"] = np.where(bb_upper != bb_lower, (close - bb_lower) / (bb_upper - bb_lower), 0.5)
Collect signals 2446/3317:  74%|¨€¨€¨€¨€¨€¨€¨€¨†  | 2445/3317 [2:09:12<41:01,  2.82s/stock]Collect signals 2446/3317:  74%|¨€¨€¨€¨€¨€¨€¨€¨†  | 2446/3317 [2:09:12<41:55,  2.89s/stock]D:\Projects\auto-select-stock\src\auto_select_stock\predict\data.py:76: RuntimeWarning: invalid value encountered in divide
  result["bb_position"] = np.where(bb_upper != bb_lower, (close - bb_lower) / (bb_upper - bb_lower), 0.5)
Collect signals 2447/3317:  74%|¨€¨€¨€¨€¨€¨€¨€¨†  | 2446/3317 [2:09:14<41:55,  2.89s/stock]Collect signals 2447/3317:  74%|¨€¨€¨€¨€¨€¨€¨€¨…  | 2447/3317 [2:09:14<40:35,  2.80s/stock]D:\Projects\auto-select-stock\src\auto_select_stock\predict\data.py:76: RuntimeWarning: invalid value encountered in divide
  result["bb_position"] = np.where(bb_upper != bb_lower, (close - bb_lower) / (bb_upper - bb_lower), 0.5)
Collect signals 2448/3317:  74%|¨€¨€¨€¨€¨€¨€¨€¨…  | 2447/3317 [2:09:17<40:35,  2.80s/stock]Collect signals 2448/3317:  74%|¨€¨€¨€¨€¨€¨€¨€¨…  | 2448/3317 [2:09:17<40:55,  2.83s/stock]D:\Projects\auto-select-stock\src\auto_select_stock\predict\data.py:76: RuntimeWarning: invalid value encountered in divide
  result["bb_position"] = np.where(bb_upper != bb_lower, (close - bb_lower) / (bb_upper - bb_lower), 0.5)
Collect signals 2449/3317:  74%|¨€¨€¨€¨€¨€¨€¨€¨…  | 2448/3317 [2:09:20<40:55,  2.83s/stock]Collect signals 2449/3317:  74%|¨€¨€¨€¨€¨€¨€¨€¨…  | 2449/3317 [2:09:20<39:44,  2.75s/stock]D:\Projects\auto-select-stock\src\auto_select_stock\predict\data.py:76: RuntimeWarning: invalid value encountered in divide
  result["bb_position"] = np.where(bb_upper != bb_lower, (close - bb_lower) / (bb_upper - bb_lower), 0.5)
Collect signals 2450/3317:  74%|¨€¨€¨€¨€¨€¨€¨€¨…  | 2449/3317 [2:09:23<39:44,  2.75s/stock]Collect signals 2450/3317:  74%|¨€¨€¨€¨€¨€¨€¨€¨…  | 2450/3317 [2:09:23<40:57,  2.83s/stock]D:\Projects\auto-select-stock\src\auto_select_stock\predict\data.py:76: RuntimeWarning: invalid value encountered in divide
  result["bb_position"] = np.where(bb_upper != bb_lower, (close - bb_lower) / (bb_upper - bb_lower), 0.5)
Collect signals 2451/3317:  74%|¨€¨€¨€¨€¨€¨€¨€¨…  | 2450/3317 [2:09:25<40:57,  2.83s/stock]Collect signals 2451/3317:  74%|¨€¨€¨€¨€¨€¨€¨€¨…  | 2451/3317 [2:09:25<39:53,  2.76s/stock]D:\Projects\auto-select-stock\src\auto_select_stock\predict\data.py:76: RuntimeWarning: invalid value encountered in divide
  result["bb_position"] = np.where(bb_upper != bb_lower, (close - bb_lower) / (bb_upper - bb_lower), 0.5)
Collect signals 2452/3317:  74%|¨€¨€¨€¨€¨€¨€¨€¨…  | 2451/3317 [2:09:28<39:53,  2.76s/stock]Collect signals 2452/3317:  74%|¨€¨€¨€¨€¨€¨€¨€¨…  | 2452/3317 [2:09:28<40:42,  2.82s/stock]D:\Projects\auto-select-stock\src\auto_select_stock\predict\data.py:76: RuntimeWarning: invalid value encountered in divide
  result["bb_position"] = np.where(bb_upper != bb_lower, (close - bb_lower) / (bb_upper - bb_lower), 0.5)
Collect signals 2453/3317:  74%|¨€¨€¨€¨€¨€¨€¨€¨…  | 2452/3317 [2:09:31<40:42,  2.82s/stock]Collect signals 2453/3317:  74%|¨€¨€¨€¨€¨€¨€¨€¨…  | 2453/3317 [2:09:31<41:19,  2.87s/stock]D:\Projects\auto-select-stock\src\auto_select_stock\predict\data.py:76: RuntimeWarning: invalid value encountered in divide
  result["bb_position"] = np.where(bb_upper != bb_lower, (close - bb_lower) / (bb_upper - bb_lower), 0.5)
Collect signals 2454/3317:  74%|¨€¨€¨€¨€¨€¨€¨€¨…  | 2453/3317 [2:09:34<41:19,  2.87s/stock]Collect signals 2454/3317:  74%|¨€¨€¨€¨€¨€¨€¨€¨…  | 2454/3317 [2:09:34<40:05,  2.79s/stock]D:\Projects\auto-select-stock\src\auto_select_stock\predict\data.py:76: RuntimeWarning: invalid value encountered in divide
  result["bb_position"] = np.where(bb_upper != bb_lower, (close - bb_lower) / (bb_upper - bb_lower), 0.5)
Collect signals 2455/3317:  74%|¨€¨€¨€¨€¨€¨€¨€¨…  | 2454/3317 [2:09:37<40:05,  2.79s/stock]Collect signals 2455/3317:  74%|¨€¨€¨€¨€¨€¨€¨€¨…  | 2455/3317 [2:09:37<40:37,  2.83s/stock]D:\Projects\auto-select-stock\src\auto_select_stock\predict\data.py:76: RuntimeWarning: invalid value encountered in divide
  result["bb_position"] = np.where(bb_upper != bb_lower, (close - bb_lower) / (bb_upper - bb_lower), 0.5)
Collect signals 2456/3317:  74%|¨€¨€¨€¨€¨€¨€¨€¨…  | 2455/3317 [2:09:39<40:37,  2.83s/stock]Collect signals 2456/3317:  74%|¨€¨€¨€¨€¨€¨€¨€¨…  | 2456/3317 [2:09:39<39:36,  2.76s/stock]D:\Projects\auto-select-stock\src\auto_select_stock\predict\data.py:76: RuntimeWarning: invalid value encountered in divide
  result["bb_position"] = np.where(bb_upper != bb_lower, (close - bb_lower) / (bb_upper - bb_lower), 0.5)
Collect signals 2457/3317:  74%|¨€¨€¨€¨€¨€¨€¨€¨…  | 2456/3317 [2:09:42<39:36,  2.76s/stock]Collect signals 2457/3317:  74%|¨€¨€¨€¨€¨€¨€¨€¨…  | 2457/3317 [2:09:42<40:30,  2.83s/stock]D:\Projects\auto-select-stock\src\auto_select_stock\predict\data.py:76: RuntimeWarning: invalid value encountered in divide
  result["bb_position"] = np.where(bb_upper != bb_lower, (close - bb_lower) / (bb_upper - bb_lower), 0.5)
Collect signals 2458/3317:  74%|¨€¨€¨€¨€¨€¨€¨€¨…  | 2457/3317 [2:09:45<40:30,  2.83s/stock]Collect signals 2458/3317:  74%|¨€¨€¨€¨€¨€¨€¨€¨…  | 2458/3317 [2:09:45<39:20,  2.75s/stock]D:\Projects\auto-select-stock\src\auto_select_stock\predict\data.py:76: RuntimeWarning: invalid value encountered in divide
  result["bb_position"] = np.where(bb_upper != bb_lower, (close - bb_lower) / (bb_upper - bb_lower), 0.5)
Collect signals 2459/3317:  74%|¨€¨€¨€¨€¨€¨€¨€¨…  | 2458/3317 [2:09:48<39:20,  2.75s/stock]Collect signals 2459/3317:  74%|¨€¨€¨€¨€¨€¨€¨€¨…  | 2459/3317 [2:09:48<40:06,  2.81s/stock]D:\Projects\auto-select-stock\src\auto_select_stock\predict\data.py:76: RuntimeWarning: invalid value encountered in divide
  result["bb_position"] = np.where(bb_upper != bb_lower, (close - bb_lower) / (bb_upper - bb_lower), 0.5)
Collect signals 2460/3317:  74%|¨€¨€¨€¨€¨€¨€¨€¨…  | 2459/3317 [2:09:51<40:06,  2.81s/stock]Collect signals 2460/3317:  74%|¨€¨€¨€¨€¨€¨€¨€¨…  | 2460/3317 [2:09:51<40:36,  2.84s/stock]D:\Projects\auto-select-stock\src\auto_select_stock\predict\data.py:76: RuntimeWarning: invalid value encountered in divide
  result["bb_position"] = np.where(bb_upper != bb_lower, (close - bb_lower) / (bb_upper - bb_lower), 0.5)
Collect signals 2461/3317:  74%|¨€¨€¨€¨€¨€¨€¨€¨…  | 2460/3317 [2:09:53<40:36,  2.84s/stock]Collect signals 2461/3317:  74%|¨€¨€¨€¨€¨€¨€¨€¨…  | 2461/3317 [2:09:53<39:19,  2.76s/stock]D:\Projects\auto-select-stock\src\auto_select_stock\predict\data.py:76: RuntimeWarning: invalid value encountered in divide
  result["bb_position"] = np.where(bb_upper != bb_lower, (close - bb_lower) / (bb_upper - bb_lower), 0.5)
Collect signals 2462/3317:  74%|¨€¨€¨€¨€¨€¨€¨€¨…  | 2461/3317 [2:09:56<39:19,  2.76s/stock]Collect signals 2462/3317:  74%|¨€¨€¨€¨€¨€¨€¨€¨…  | 2462/3317 [2:09:56<40:04,  2.81s/stock]D:\Projects\auto-select-stock\src\auto_select_stock\predict\data.py:76: RuntimeWarning: invalid value encountered in divide
  result["bb_position"] = np.where(bb_upper != bb_lower, (close - bb_lower) / (bb_upper - bb_lower), 0.5)
Collect signals 2463/3317:  74%|¨€¨€¨€¨€¨€¨€¨€¨…  | 2462/3317 [2:09:59<40:04,  2.81s/stock]Collect signals 2463/3317:  74%|¨€¨€¨€¨€¨€¨€¨€¨…  | 2463/3317 [2:09:59<39:25,  2.77s/stock]D:\Projects\auto-select-stock\src\auto_select_stock\predict\data.py:76: RuntimeWarning: invalid value encountered in divide
  result["bb_position"] = np.where(bb_upper != bb_lower, (close - bb_lower) / (bb_upper - bb_lower), 0.5)
Collect signals 2464/3317:  74%|¨€¨€¨€¨€¨€¨€¨€¨…  | 2463/3317 [2:10:02<39:25,  2.77s/stock]Collect signals 2464/3317:  74%|¨€¨€¨€¨€¨€¨€¨€¨…  | 2464/3317 [2:10:02<40:16,  2.83s/stock]D:\Projects\auto-select-stock\src\auto_select_stock\predict\data.py:76: RuntimeWarning: invalid value encountered in divide
  result["bb_position"] = np.where(bb_upper != bb_lower, (close - bb_lower) / (bb_upper - bb_lower), 0.5)
Collect signals 2465/3317:  74%|¨€¨€¨€¨€¨€¨€¨€¨…  | 2464/3317 [2:10:05<40:16,  2.83s/stock]Collect signals 2465/3317:  74%|¨€¨€¨€¨€¨€¨€¨€¨…  | 2465/3317 [2:10:05<39:13,  2.76s/stock]D:\Projects\auto-select-stock\src\auto_select_stock\predict\data.py:76: RuntimeWarning: invalid value encountered in divide
  result["bb_position"] = np.where(bb_upper != bb_lower, (close - bb_lower) / (bb_upper - bb_lower), 0.5)
Collect signals 2466/3317:  74%|¨€¨€¨€¨€¨€¨€¨€¨…  | 2465/3317 [2:10:08<39:13,  2.76s/stock]Collect signals 2466/3317:  74%|¨€¨€¨€¨€¨€¨€¨€¨…  | 2466/3317 [2:10:08<40:33,  2.86s/stock]D:\Projects\auto-select-stock\src\auto_select_stock\predict\data.py:76: RuntimeWarning: invalid value encountered in divide
  result["bb_position"] = np.where(bb_upper != bb_lower, (close - bb_lower) / (bb_upper - bb_lower), 0.5)
Collect signals 2467/3317:  74%|¨€¨€¨€¨€¨€¨€¨€¨…  | 2466/3317 [2:10:10<40:33,  2.86s/stock]Collect signals 2467/3317:  74%|¨€¨€¨€¨€¨€¨€¨€¨…  | 2467/3317 [2:10:10<39:23,  2.78s/stock]D:\Projects\auto-select-stock\src\auto_select_stock\predict\data.py:76: RuntimeWarning: invalid value encountered in divide
  result["bb_position"] = np.where(bb_upper != bb_lower, (close - bb_lower) / (bb_upper - bb_lower), 0.5)
Collect signals 2468/3317:  74%|¨€¨€¨€¨€¨€¨€¨€¨…  | 2467/3317 [2:10:13<39:23,  2.78s/stock]Collect signals 2468/3317:  74%|¨€¨€¨€¨€¨€¨€¨€¨…  | 2468/3317 [2:10:13<40:30,  2.86s/stock]D:\Projects\auto-select-stock\src\auto_select_stock\predict\data.py:76: RuntimeWarning: invalid value encountered in divide
  result["bb_position"] = np.where(bb_upper != bb_lower, (close - bb_lower) / (bb_upper - bb_lower), 0.5)
Collect signals 2469/3317:  74%|¨€¨€¨€¨€¨€¨€¨€¨…  | 2468/3317 [2:10:16<40:30,  2.86s/stock]Collect signals 2469/3317:  74%|¨€¨€¨€¨€¨€¨€¨€¨…  | 2469/3317 [2:10:16<41:05,  2.91s/stock]D:\Projects\auto-select-stock\src\auto_select_stock\predict\data.py:76: RuntimeWarning: invalid value encountered in divide
  result["bb_position"] = np.where(bb_upper != bb_lower, (close - bb_lower) / (bb_upper - bb_lower), 0.5)
Collect signals 2470/3317:  74%|¨€¨€¨€¨€¨€¨€¨€¨…  | 2469/3317 [2:10:19<41:05,  2.91s/stock]Collect signals 2470/3317:  74%|¨€¨€¨€¨€¨€¨€¨€¨…  | 2470/3317 [2:10:19<39:58,  2.83s/stock]D:\Projects\auto-select-stock\src\auto_select_stock\predict\data.py:76: RuntimeWarning: invalid value encountered in divide
  result["bb_position"] = np.where(bb_upper != bb_lower, (close - bb_lower) / (bb_upper - bb_lower), 0.5)
Collect signals 2471/3317:  74%|¨€¨€¨€¨€¨€¨€¨€¨…  | 2470/3317 [2:10:22<39:58,  2.83s/stock]Collect signals 2471/3317:  74%|¨€¨€¨€¨€¨€¨€¨€¨…  | 2471/3317 [2:10:22<40:39,  2.88s/stock]D:\Projects\auto-select-stock\src\auto_select_stock\predict\data.py:76: RuntimeWarning: invalid value encountered in divide
  result["bb_position"] = np.where(bb_upper != bb_lower, (close - bb_lower) / (bb_upper - bb_lower), 0.5)
Collect signals 2472/3317:  74%|¨€¨€¨€¨€¨€¨€¨€¨…  | 2471/3317 [2:10:25<40:39,  2.88s/stock]Collect signals 2472/3317:  75%|¨€¨€¨€¨€¨€¨€¨€¨…  | 2472/3317 [2:10:25<39:22,  2.80s/stock]D:\Projects\auto-select-stock\src\auto_select_stock\predict\data.py:76: RuntimeWarning: invalid value encountered in divide
  result["bb_position"] = np.where(bb_upper != bb_lower, (close - bb_lower) / (bb_upper - bb_lower), 0.5)
Collect signals 2473/3317:  75%|¨€¨€¨€¨€¨€¨€¨€¨…  | 2472/3317 [2:10:28<39:22,  2.80s/stock]Collect signals 2473/3317:  75%|¨€¨€¨€¨€¨€¨€¨€¨…  | 2473/3317 [2:10:28<42:07,  2.99s/stock]D:\Projects\auto-select-stock\src\auto_select_stock\predict\data.py:76: RuntimeWarning: invalid value encountered in divide
  result["bb_position"] = np.where(bb_upper != bb_lower, (close - bb_lower) / (bb_upper - bb_lower), 0.5)
Collect signals 2474/3317:  75%|¨€¨€¨€¨€¨€¨€¨€¨…  | 2473/3317 [2:10:31<42:07,  2.99s/stock]Collect signals 2474/3317:  75%|¨€¨€¨€¨€¨€¨€¨€¨…  | 2474/3317 [2:10:31<40:45,  2.90s/stock]D:\Projects\auto-select-stock\src\auto_select_stock\predict\data.py:76: RuntimeWarning: invalid value encountered in divide
  result["bb_position"] = np.where(bb_upper != bb_lower, (close - bb_lower) / (bb_upper - bb_lower), 0.5)
Collect signals 2475/3317:  75%|¨€¨€¨€¨€¨€¨€¨€¨…  | 2474/3317 [2:10:34<40:45,  2.90s/stock]Collect signals 2475/3317:  75%|¨€¨€¨€¨€¨€¨€¨€¨…  | 2475/3317 [2:10:34<41:49,  2.98s/stock]D:\Projects\auto-select-stock\src\auto_select_stock\predict\data.py:76: RuntimeWarning: invalid value encountered in divide
  result["bb_position"] = np.where(bb_upper != bb_lower, (close - bb_lower) / (bb_upper - bb_lower), 0.5)
Collect signals 2476/3317:  75%|¨€¨€¨€¨€¨€¨€¨€¨…  | 2475/3317 [2:10:37<41:49,  2.98s/stock]Collect signals 2476/3317:  75%|¨€¨€¨€¨€¨€¨€¨€¨…  | 2476/3317 [2:10:37<42:18,  3.02s/stock]D:\Projects\auto-select-stock\src\auto_select_stock\predict\data.py:76: RuntimeWarning: invalid value encountered in divide
  result["bb_position"] = np.where(bb_upper != bb_lower, (close - bb_lower) / (bb_upper - bb_lower), 0.5)
Collect signals 2477/3317:  75%|¨€¨€¨€¨€¨€¨€¨€¨…  | 2476/3317 [2:10:40<42:18,  3.02s/stock]Collect signals 2477/3317:  75%|¨€¨€¨€¨€¨€¨€¨€¨…  | 2477/3317 [2:10:40<40:36,  2.90s/stock]D:\Projects\auto-select-stock\src\auto_select_stock\predict\data.py:76: RuntimeWarning: invalid value encountered in divide
  result["bb_position"] = np.where(bb_upper != bb_lower, (close - bb_lower) / (bb_upper - bb_lower), 0.5)
Collect signals 2478/3317:  75%|¨€¨€¨€¨€¨€¨€¨€¨…  | 2477/3317 [2:10:43<40:36,  2.90s/stock]Collect signals 2478/3317:  75%|¨€¨€¨€¨€¨€¨€¨€¨…  | 2478/3317 [2:10:43<40:50,  2.92s/stock]D:\Projects\auto-select-stock\src\auto_select_stock\predict\data.py:76: RuntimeWarning: invalid value encountered in divide
  result["bb_position"] = np.where(bb_upper != bb_lower, (close - bb_lower) / (bb_upper - bb_lower), 0.5)
Collect signals 2479/3317:  75%|¨€¨€¨€¨€¨€¨€¨€¨…  | 2478/3317 [2:10:45<40:50,  2.92s/stock]Collect signals 2479/3317:  75%|¨€¨€¨€¨€¨€¨€¨€¨…  | 2479/3317 [2:10:45<39:42,  2.84s/stock]D:\Projects\auto-select-stock\src\auto_select_stock\predict\data.py:76: RuntimeWarning: invalid value encountered in divide
  result["bb_position"] = np.where(bb_upper != bb_lower, (close - bb_lower) / (bb_upper - bb_lower), 0.5)
Collect signals 2480/3317:  75%|¨€¨€¨€¨€¨€¨€¨€¨…  | 2479/3317 [2:10:48<39:42,  2.84s/stock]Collect signals 2480/3317:  75%|¨€¨€¨€¨€¨€¨€¨€¨…  | 2480/3317 [2:10:48<40:26,  2.90s/stock]D:\Projects\auto-select-stock\src\auto_select_stock\predict\data.py:76: RuntimeWarning: invalid value encountered in divide
  result["bb_position"] = np.where(bb_upper != bb_lower, (close - bb_lower) / (bb_upper - bb_lower), 0.5)
Collect signals 2481/3317:  75%|¨€¨€¨€¨€¨€¨€¨€¨…  | 2480/3317 [2:10:51<40:26,  2.90s/stock]Collect signals 2481/3317:  75%|¨€¨€¨€¨€¨€¨€¨€¨…  | 2481/3317 [2:10:51<39:14,  2.82s/stock]D:\Projects\auto-select-stock\src\auto_select_stock\predict\data.py:76: RuntimeWarning: invalid value encountered in divide
  result["bb_position"] = np.where(bb_upper != bb_lower, (close - bb_lower) / (bb_upper - bb_lower), 0.5)
Collect signals 2482/3317:  75%|¨€¨€¨€¨€¨€¨€¨€¨…  | 2481/3317 [2:10:54<39:14,  2.82s/stock]Collect signals 2482/3317:  75%|¨€¨€¨€¨€¨€¨€¨€¨…  | 2482/3317 [2:10:54<39:51,  2.86s/stock]D:\Projects\auto-select-stock\src\auto_select_stock\predict\data.py:76: RuntimeWarning: invalid value encountered in divide
  result["bb_position"] = np.where(bb_upper != bb_lower, (close - bb_lower) / (bb_upper - bb_lower), 0.5)
Collect signals 2483/3317:  75%|¨€¨€¨€¨€¨€¨€¨€¨…  | 2482/3317 [2:10:56<39:51,  2.86s/stock]Collect signals 2483/3317:  75%|¨€¨€¨€¨€¨€¨€¨€¨…  | 2483/3317 [2:10:56<38:31,  2.77s/stock]D:\Projects\auto-select-stock\src\auto_select_stock\predict\data.py:76: RuntimeWarning: invalid value encountered in divide
  result["bb_position"] = np.where(bb_upper != bb_lower, (close - bb_lower) / (bb_upper - bb_lower), 0.5)
Collect signals 2484/3317:  75%|¨€¨€¨€¨€¨€¨€¨€¨…  | 2483/3317 [2:10:59<38:31,  2.77s/stock]Collect signals 2484/3317:  75%|¨€¨€¨€¨€¨€¨€¨€¨…  | 2484/3317 [2:10:59<39:43,  2.86s/stock]D:\Projects\auto-select-stock\src\auto_select_stock\predict\data.py:76: RuntimeWarning: invalid value encountered in divide
  result["bb_position"] = np.where(bb_upper != bb_lower, (close - bb_lower) / (bb_upper - bb_lower), 0.5)
Collect signals 2485/3317:  75%|¨€¨€¨€¨€¨€¨€¨€¨…  | 2484/3317 [2:11:03<39:43,  2.86s/stock]Collect signals 2485/3317:  75%|¨€¨€¨€¨€¨€¨€¨€¨…  | 2485/3317 [2:11:03<40:38,  2.93s/stock]D:\Projects\auto-select-stock\src\auto_select_stock\predict\data.py:76: RuntimeWarning: invalid value encountered in divide
  result["bb_position"] = np.where(bb_upper != bb_lower, (close - bb_lower) / (bb_upper - bb_lower), 0.5)
Collect signals 2486/3317:  75%|¨€¨€¨€¨€¨€¨€¨€¨…  | 2485/3317 [2:11:05<40:38,  2.93s/stock]Collect signals 2486/3317:  75%|¨€¨€¨€¨€¨€¨€¨€¨…  | 2486/3317 [2:11:05<39:18,  2.84s/stock]D:\Projects\auto-select-stock\src\auto_select_stock\predict\data.py:76: RuntimeWarning: invalid value encountered in divide
  result["bb_position"] = np.where(bb_upper != bb_lower, (close - bb_lower) / (bb_upper - bb_lower), 0.5)
Collect signals 2487/3317:  75%|¨€¨€¨€¨€¨€¨€¨€¨…  | 2486/3317 [2:11:08<39:18,  2.84s/stock]Collect signals 2487/3317:  75%|¨€¨€¨€¨€¨€¨€¨€¨…  | 2487/3317 [2:11:08<40:11,  2.91s/stock]D:\Projects\auto-select-stock\src\auto_select_stock\predict\data.py:76: RuntimeWarning: invalid value encountered in divide
  result["bb_position"] = np.where(bb_upper != bb_lower, (close - bb_lower) / (bb_upper - bb_lower), 0.5)
Collect signals 2488/3317:  75%|¨€¨€¨€¨€¨€¨€¨€¨…  | 2487/3317 [2:11:11<40:11,  2.91s/stock]Collect signals 2488/3317:  75%|¨€¨€¨€¨€¨€¨€¨€¨„  | 2488/3317 [2:11:11<39:17,  2.84s/stock]D:\Projects\auto-select-stock\src\auto_select_stock\predict\data.py:76: RuntimeWarning: invalid value encountered in divide
  result["bb_position"] = np.where(bb_upper != bb_lower, (close - bb_lower) / (bb_upper - bb_lower), 0.5)
Collect signals 2489/3317:  75%|¨€¨€¨€¨€¨€¨€¨€¨„  | 2488/3317 [2:11:14<39:17,  2.84s/stock]Collect signals 2489/3317:  75%|¨€¨€¨€¨€¨€¨€¨€¨„  | 2489/3317 [2:11:14<39:43,  2.88s/stock]D:\Projects\auto-select-stock\src\auto_select_stock\predict\data.py:76: RuntimeWarning: invalid value encountered in divide
  result["bb_position"] = np.where(bb_upper != bb_lower, (close - bb_lower) / (bb_upper - bb_lower), 0.5)
Collect signals 2490/3317:  75%|¨€¨€¨€¨€¨€¨€¨€¨„  | 2489/3317 [2:11:17<39:43,  2.88s/stock]Collect signals 2490/3317:  75%|¨€¨€¨€¨€¨€¨€¨€¨„  | 2490/3317 [2:11:17<38:47,  2.81s/stock]D:\Projects\auto-select-stock\src\auto_select_stock\predict\data.py:76: RuntimeWarning: invalid value encountered in divide
  result["bb_position"] = np.where(bb_upper != bb_lower, (close - bb_lower) / (bb_upper - bb_lower), 0.5)
Collect signals 2491/3317:  75%|¨€¨€¨€¨€¨€¨€¨€¨„  | 2490/3317 [2:11:20<38:47,  2.81s/stock]Collect signals 2491/3317:  75%|¨€¨€¨€¨€¨€¨€¨€¨„  | 2491/3317 [2:11:20<39:51,  2.90s/stock]D:\Projects\auto-select-stock\src\auto_select_stock\predict\data.py:76: RuntimeWarning: invalid value encountered in divide
  result["bb_position"] = np.where(bb_upper != bb_lower, (close - bb_lower) / (bb_upper - bb_lower), 0.5)
Collect signals 2492/3317:  75%|¨€¨€¨€¨€¨€¨€¨€¨„  | 2491/3317 [2:11:23<39:51,  2.90s/stock]Collect signals 2492/3317:  75%|¨€¨€¨€¨€¨€¨€¨€¨„  | 2492/3317 [2:11:23<40:05,  2.92s/stock]D:\Projects\auto-select-stock\src\auto_select_stock\predict\data.py:76: RuntimeWarning: invalid value encountered in divide
  result["bb_position"] = np.where(bb_upper != bb_lower, (close - bb_lower) / (bb_upper - bb_lower), 0.5)
Collect signals 2493/3317:  75%|¨€¨€¨€¨€¨€¨€¨€¨„  | 2492/3317 [2:11:25<40:05,  2.92s/stock]Collect signals 2493/3317:  75%|¨€¨€¨€¨€¨€¨€¨€¨„  | 2493/3317 [2:11:25<39:25,  2.87s/stock]D:\Projects\auto-select-stock\src\auto_select_stock\predict\data.py:76: RuntimeWarning: invalid value encountered in divide
  result["bb_position"] = np.where(bb_upper != bb_lower, (close - bb_lower) / (bb_upper - bb_lower), 0.5)
Collect signals 2494/3317:  75%|¨€¨€¨€¨€¨€¨€¨€¨„  | 2493/3317 [2:11:28<39:25,  2.87s/stock]Collect signals 2494/3317:  75%|¨€¨€¨€¨€¨€¨€¨€¨„  | 2494/3317 [2:11:28<40:16,  2.94s/stock]D:\Projects\auto-select-stock\src\auto_select_stock\predict\data.py:76: RuntimeWarning: invalid value encountered in divide
  result["bb_position"] = np.where(bb_upper != bb_lower, (close - bb_lower) / (bb_upper - bb_lower), 0.5)
Collect signals 2495/3317:  75%|¨€¨€¨€¨€¨€¨€¨€¨„  | 2494/3317 [2:11:31<40:16,  2.94s/stock]Collect signals 2495/3317:  75%|¨€¨€¨€¨€¨€¨€¨€¨„  | 2495/3317 [2:11:31<39:11,  2.86s/stock]D:\Projects\auto-select-stock\src\auto_select_stock\predict\data.py:76: RuntimeWarning: invalid value encountered in divide
  result["bb_position"] = np.where(bb_upper != bb_lower, (close - bb_lower) / (bb_upper - bb_lower), 0.5)
Collect signals 2496/3317:  75%|¨€¨€¨€¨€¨€¨€¨€¨„  | 2495/3317 [2:11:34<39:11,  2.86s/stock]Collect signals 2496/3317:  75%|¨€¨€¨€¨€¨€¨€¨€¨„  | 2496/3317 [2:11:34<39:28,  2.89s/stock]D:\Projects\auto-select-stock\src\auto_select_stock\predict\data.py:76: RuntimeWarning: invalid value encountered in divide
  result["bb_position"] = np.where(bb_upper != bb_lower, (close - bb_lower) / (bb_upper - bb_lower), 0.5)
Collect signals 2497/3317:  75%|¨€¨€¨€¨€¨€¨€¨€¨„  | 2496/3317 [2:11:37<39:28,  2.89s/stock]Collect signals 2497/3317:  75%|¨€¨€¨€¨€¨€¨€¨€¨„  | 2497/3317 [2:11:37<39:00,  2.85s/stock]D:\Projects\auto-select-stock\src\auto_select_stock\predict\data.py:76: RuntimeWarning: invalid value encountered in divide
  result["bb_position"] = np.where(bb_upper != bb_lower, (close - bb_lower) / (bb_upper - bb_lower), 0.5)
Collect signals 2498/3317:  75%|¨€¨€¨€¨€¨€¨€¨€¨„  | 2497/3317 [2:11:40<39:00,  2.85s/stock]Collect signals 2498/3317:  75%|¨€¨€¨€¨€¨€¨€¨€¨„  | 2498/3317 [2:11:40<39:59,  2.93s/stock]D:\Projects\auto-select-stock\src\auto_select_stock\predict\data.py:76: RuntimeWarning: invalid value encountered in divide
  result["bb_position"] = np.where(bb_upper != bb_lower, (close - bb_lower) / (bb_upper - bb_lower), 0.5)
Collect signals 2499/3317:  75%|¨€¨€¨€¨€¨€¨€¨€¨„  | 2498/3317 [2:11:43<39:59,  2.93s/stock]Collect signals 2499/3317:  75%|¨€¨€¨€¨€¨€¨€¨€¨„  | 2499/3317 [2:11:43<40:33,  2.98s/stock]D:\Projects\auto-select-stock\src\auto_select_stock\predict\data.py:76: RuntimeWarning: invalid value encountered in divide
  result["bb_position"] = np.where(bb_upper != bb_lower, (close - bb_lower) / (bb_upper - bb_lower), 0.5)
Collect signals 2500/3317:  75%|¨€¨€¨€¨€¨€¨€¨€¨„  | 2499/3317 [2:11:46<40:33,  2.98s/stock]Collect signals 2500/3317:  75%|¨€¨€¨€¨€¨€¨€¨€¨„  | 2500/3317 [2:11:46<42:12,  3.10s/stock]D:\Projects\auto-select-stock\src\auto_select_stock\predict\data.py:76: RuntimeWarning: invalid value encountered in divide
  result["bb_position"] = np.where(bb_upper != bb_lower, (close - bb_lower) / (bb_upper - bb_lower), 0.5)
Collect signals 2501/3317:  75%|¨€¨€¨€¨€¨€¨€¨€¨„  | 2500/3317 [2:11:49<42:12,  3.10s/stock]Collect signals 2501/3317:  75%|¨€¨€¨€¨€¨€¨€¨€¨„  | 2501/3317 [2:11:49<41:38,  3.06s/stock]D:\Projects\auto-select-stock\src\auto_select_stock\predict\data.py:76: RuntimeWarning: invalid value encountered in divide
  result["bb_position"] = np.where(bb_upper != bb_lower, (close - bb_lower) / (bb_upper - bb_lower), 0.5)
Collect signals 2502/3317:  75%|¨€¨€¨€¨€¨€¨€¨€¨„  | 2501/3317 [2:11:52<41:38,  3.06s/stock]Collect signals 2502/3317:  75%|¨€¨€¨€¨€¨€¨€¨€¨„  | 2502/3317 [2:11:52<39:35,  2.91s/stock]D:\Projects\auto-select-stock\src\auto_select_stock\predict\data.py:76: RuntimeWarning: invalid value encountered in divide
  result["bb_position"] = np.where(bb_upper != bb_lower, (close - bb_lower) / (bb_upper - bb_lower), 0.5)
Collect signals 2503/3317:  75%|¨€¨€¨€¨€¨€¨€¨€¨„  | 2502/3317 [2:11:55<39:35,  2.91s/stock]Collect signals 2503/3317:  75%|¨€¨€¨€¨€¨€¨€¨€¨„  | 2503/3317 [2:11:55<40:16,  2.97s/stock]D:\Projects\auto-select-stock\src\auto_select_stock\predict\data.py:76: RuntimeWarning: invalid value encountered in divide
  result["bb_position"] = np.where(bb_upper != bb_lower, (close - bb_lower) / (bb_upper - bb_lower), 0.5)
Collect signals 2504/3317:  75%|¨€¨€¨€¨€¨€¨€¨€¨„  | 2503/3317 [2:11:58<40:16,  2.97s/stock]Collect signals 2504/3317:  75%|¨€¨€¨€¨€¨€¨€¨€¨„  | 2504/3317 [2:11:58<38:42,  2.86s/stock]D:\Projects\auto-select-stock\src\auto_select_stock\predict\data.py:76: RuntimeWarning: invalid value encountered in divide
  result["bb_position"] = np.where(bb_upper != bb_lower, (close - bb_lower) / (bb_upper - bb_lower), 0.5)
Collect signals 2505/3317:  75%|¨€¨€¨€¨€¨€¨€¨€¨„  | 2504/3317 [2:12:01<38:42,  2.86s/stock]Collect signals 2505/3317:  76%|¨€¨€¨€¨€¨€¨€¨€¨„  | 2505/3317 [2:12:01<39:24,  2.91s/stock]D:\Projects\auto-select-stock\src\auto_select_stock\predict\data.py:76: RuntimeWarning: invalid value encountered in divide
  result["bb_position"] = np.where(bb_upper != bb_lower, (close - bb_lower) / (bb_upper - bb_lower), 0.5)
Collect signals 2506/3317:  76%|¨€¨€¨€¨€¨€¨€¨€¨„  | 2505/3317 [2:12:03<39:24,  2.91s/stock]Collect signals 2506/3317:  76%|¨€¨€¨€¨€¨€¨€¨€¨„  | 2506/3317 [2:12:03<38:00,  2.81s/stock]D:\Projects\auto-select-stock\src\auto_select_stock\predict\data.py:76: RuntimeWarning: invalid value encountered in divide
  result["bb_position"] = np.where(bb_upper != bb_lower, (close - bb_lower) / (bb_upper - bb_lower), 0.5)
Collect signals 2507/3317:  76%|¨€¨€¨€¨€¨€¨€¨€¨„  | 2506/3317 [2:12:06<38:00,  2.81s/stock]Collect signals 2507/3317:  76%|¨€¨€¨€¨€¨€¨€¨€¨„  | 2507/3317 [2:12:06<38:37,  2.86s/stock]D:\Projects\auto-select-stock\src\auto_select_stock\predict\data.py:76: RuntimeWarning: invalid value encountered in divide
  result["bb_position"] = np.where(bb_upper != bb_lower, (close - bb_lower) / (bb_upper - bb_lower), 0.5)
Collect signals 2508/3317:  76%|¨€¨€¨€¨€¨€¨€¨€¨„  | 2507/3317 [2:12:09<38:37,  2.86s/stock]Collect signals 2508/3317:  76%|¨€¨€¨€¨€¨€¨€¨€¨„  | 2508/3317 [2:12:09<39:18,  2.92s/stock]D:\Projects\auto-select-stock\src\auto_select_stock\predict\data.py:76: RuntimeWarning: invalid value encountered in divide
  result["bb_position"] = np.where(bb_upper != bb_lower, (close - bb_lower) / (bb_upper - bb_lower), 0.5)
Collect signals 2509/3317:  76%|¨€¨€¨€¨€¨€¨€¨€¨„  | 2508/3317 [2:12:12<39:18,  2.92s/stock]Collect signals 2509/3317:  76%|¨€¨€¨€¨€¨€¨€¨€¨„  | 2509/3317 [2:12:12<37:57,  2.82s/stock]D:\Projects\auto-select-stock\src\auto_select_stock\predict\data.py:76: RuntimeWarning: invalid value encountered in divide
  result["bb_position"] = np.where(bb_upper != bb_lower, (close - bb_lower) / (bb_upper - bb_lower), 0.5)
Collect signals 2510/3317:  76%|¨€¨€¨€¨€¨€¨€¨€¨„  | 2509/3317 [2:12:15<37:57,  2.82s/stock]Collect signals 2510/3317:  76%|¨€¨€¨€¨€¨€¨€¨€¨„  | 2510/3317 [2:12:15<38:16,  2.85s/stock]D:\Projects\auto-select-stock\src\auto_select_stock\predict\data.py:76: RuntimeWarning: invalid value encountered in divide
  result["bb_position"] = np.where(bb_upper != bb_lower, (close - bb_lower) / (bb_upper - bb_lower), 0.5)
Collect signals 2511/3317:  76%|¨€¨€¨€¨€¨€¨€¨€¨„  | 2510/3317 [2:12:17<38:16,  2.85s/stock]Collect signals 2511/3317:  76%|¨€¨€¨€¨€¨€¨€¨€¨„  | 2511/3317 [2:12:17<37:05,  2.76s/stock]D:\Projects\auto-select-stock\src\auto_select_stock\predict\data.py:76: RuntimeWarning: invalid value encountered in divide
  result["bb_position"] = np.where(bb_upper != bb_lower, (close - bb_lower) / (bb_upper - bb_lower), 0.5)
Collect signals 2512/3317:  76%|¨€¨€¨€¨€¨€¨€¨€¨„  | 2511/3317 [2:12:20<37:05,  2.76s/stock]Collect signals 2512/3317:  76%|¨€¨€¨€¨€¨€¨€¨€¨„  | 2512/3317 [2:12:20<38:09,  2.84s/stock]D:\Projects\auto-select-stock\src\auto_select_stock\predict\data.py:76: RuntimeWarning: invalid value encountered in divide
  result["bb_position"] = np.where(bb_upper != bb_lower, (close - bb_lower) / (bb_upper - bb_lower), 0.5)
Collect signals 2513/3317:  76%|¨€¨€¨€¨€¨€¨€¨€¨„  | 2512/3317 [2:12:23<38:09,  2.84s/stock]Collect signals 2513/3317:  76%|¨€¨€¨€¨€¨€¨€¨€¨„  | 2513/3317 [2:12:23<37:48,  2.82s/stock]D:\Projects\auto-select-stock\src\auto_select_stock\predict\data.py:76: RuntimeWarning: invalid value encountered in divide
  result["bb_position"] = np.where(bb_upper != bb_lower, (close - bb_lower) / (bb_upper - bb_lower), 0.5)
Collect signals 2514/3317:  76%|¨€¨€¨€¨€¨€¨€¨€¨„  | 2513/3317 [2:12:26<37:48,  2.82s/stock]Collect signals 2514/3317:  76%|¨€¨€¨€¨€¨€¨€¨€¨„  | 2514/3317 [2:12:26<38:12,  2.85s/stock]D:\Projects\auto-select-stock\src\auto_select_stock\predict\data.py:76: RuntimeWarning: invalid value encountered in divide
  result["bb_position"] = np.where(bb_upper != bb_lower, (close - bb_lower) / (bb_upper - bb_lower), 0.5)
Collect signals 2515/3317:  76%|¨€¨€¨€¨€¨€¨€¨€¨„  | 2514/3317 [2:12:29<38:12,  2.85s/stock]Collect signals 2515/3317:  76%|¨€¨€¨€¨€¨€¨€¨€¨„  | 2515/3317 [2:12:29<37:09,  2.78s/stock]D:\Projects\auto-select-stock\src\auto_select_stock\predict\data.py:76: RuntimeWarning: invalid value encountered in divide
  result["bb_position"] = np.where(bb_upper != bb_lower, (close - bb_lower) / (bb_upper - bb_lower), 0.5)
Collect signals 2516/3317:  76%|¨€¨€¨€¨€¨€¨€¨€¨„  | 2515/3317 [2:12:32<37:09,  2.78s/stock]Collect signals 2516/3317:  76%|¨€¨€¨€¨€¨€¨€¨€¨„  | 2516/3317 [2:12:32<37:45,  2.83s/stock]D:\Projects\auto-select-stock\src\auto_select_stock\predict\data.py:76: RuntimeWarning: invalid value encountered in divide
  result["bb_position"] = np.where(bb_upper != bb_lower, (close - bb_lower) / (bb_upper - bb_lower), 0.5)
Collect signals 2517/3317:  76%|¨€¨€¨€¨€¨€¨€¨€¨„  | 2516/3317 [2:12:35<37:45,  2.83s/stock]Collect signals 2517/3317:  76%|¨€¨€¨€¨€¨€¨€¨€¨„  | 2517/3317 [2:12:35<38:29,  2.89s/stock]D:\Projects\auto-select-stock\src\auto_select_stock\predict\data.py:76: RuntimeWarning: invalid value encountered in divide
  result["bb_position"] = np.where(bb_upper != bb_lower, (close - bb_lower) / (bb_upper - bb_lower), 0.5)
Collect signals 2518/3317:  76%|¨€¨€¨€¨€¨€¨€¨€¨„  | 2517/3317 [2:12:37<38:29,  2.89s/stock]Collect signals 2518/3317:  76%|¨€¨€¨€¨€¨€¨€¨€¨„  | 2518/3317 [2:12:37<37:36,  2.82s/stock]D:\Projects\auto-select-stock\src\auto_select_stock\predict\data.py:76: RuntimeWarning: invalid value encountered in divide
  result["bb_position"] = np.where(bb_upper != bb_lower, (close - bb_lower) / (bb_upper - bb_lower), 0.5)
Collect signals 2519/3317:  76%|¨€¨€¨€¨€¨€¨€¨€¨„  | 2518/3317 [2:12:39<37:36,  2.82s/stock]Collect signals 2519/3317:  76%|¨€¨€¨€¨€¨€¨€¨€¨„  | 2519/3317 [2:12:39<33:40,  2.53s/stock]D:\Projects\auto-select-stock\src\auto_select_stock\predict\data.py:76: RuntimeWarning: invalid value encountered in divide
  result["bb_position"] = np.where(bb_upper != bb_lower, (close - bb_lower) / (bb_upper - bb_lower), 0.5)
Collect signals 2520/3317:  76%|¨€¨€¨€¨€¨€¨€¨€¨„  | 2519/3317 [2:12:42<33:40,  2.53s/stock]Collect signals 2520/3317:  76%|¨€¨€¨€¨€¨€¨€¨€¨„  | 2520/3317 [2:12:42<35:23,  2.66s/stock]D:\Projects\auto-select-stock\src\auto_select_stock\predict\data.py:76: RuntimeWarning: invalid value encountered in divide
  result["bb_position"] = np.where(bb_upper != bb_lower, (close - bb_lower) / (bb_upper - bb_lower), 0.5)
Collect signals 2521/3317:  76%|¨€¨€¨€¨€¨€¨€¨€¨„  | 2520/3317 [2:12:45<35:23,  2.66s/stock]Collect signals 2521/3317:  76%|¨€¨€¨€¨€¨€¨€¨€¨„  | 2521/3317 [2:12:45<34:09,  2.58s/stock]D:\Projects\auto-select-stock\src\auto_select_stock\predict\data.py:76: RuntimeWarning: invalid value encountered in divide
  result["bb_position"] = np.where(bb_upper != bb_lower, (close - bb_lower) / (bb_upper - bb_lower), 0.5)
Collect signals 2522/3317:  76%|¨€¨€¨€¨€¨€¨€¨€¨„  | 2521/3317 [2:12:48<34:09,  2.58s/stock]Collect signals 2522/3317:  76%|¨€¨€¨€¨€¨€¨€¨€¨„  | 2522/3317 [2:12:48<35:40,  2.69s/stock]D:\Projects\auto-select-stock\src\auto_select_stock\predict\data.py:76: RuntimeWarning: invalid value encountered in divide
  result["bb_position"] = np.where(bb_upper != bb_lower, (close - bb_lower) / (bb_upper - bb_lower), 0.5)
Collect signals 2523/3317:  76%|¨€¨€¨€¨€¨€¨€¨€¨„  | 2522/3317 [2:12:50<35:40,  2.69s/stock]Collect signals 2523/3317:  76%|¨€¨€¨€¨€¨€¨€¨€¨„  | 2523/3317 [2:12:50<35:16,  2.67s/stock]D:\Projects\auto-select-stock\src\auto_select_stock\predict\data.py:76: RuntimeWarning: invalid value encountered in divide
  result["bb_position"] = np.where(bb_upper != bb_lower, (close - bb_lower) / (bb_upper - bb_lower), 0.5)
Collect signals 2524/3317:  76%|¨€¨€¨€¨€¨€¨€¨€¨„  | 2523/3317 [2:12:53<35:16,  2.67s/stock]Collect signals 2524/3317:  76%|¨€¨€¨€¨€¨€¨€¨€¨„  | 2524/3317 [2:12:53<36:24,  2.75s/stock]D:\Projects\auto-select-stock\src\auto_select_stock\predict\data.py:76: RuntimeWarning: invalid value encountered in divide
  result["bb_position"] = np.where(bb_upper != bb_lower, (close - bb_lower) / (bb_upper - bb_lower), 0.5)
Collect signals 2525/3317:  76%|¨€¨€¨€¨€¨€¨€¨€¨„  | 2524/3317 [2:12:56<36:24,  2.75s/stock]Collect signals 2525/3317:  76%|¨€¨€¨€¨€¨€¨€¨€¨„  | 2525/3317 [2:12:56<37:35,  2.85s/stock]D:\Projects\auto-select-stock\src\auto_select_stock\predict\data.py:76: RuntimeWarning: invalid value encountered in divide
  result["bb_position"] = np.where(bb_upper != bb_lower, (close - bb_lower) / (bb_upper - bb_lower), 0.5)
Collect signals 2526/3317:  76%|¨€¨€¨€¨€¨€¨€¨€¨„  | 2525/3317 [2:12:58<37:35,  2.85s/stock]Collect signals 2526/3317:  76%|¨€¨€¨€¨€¨€¨€¨€¨„  | 2526/3317 [2:12:58<35:08,  2.67s/stock]D:\Projects\auto-select-stock\src\auto_select_stock\predict\data.py:76: RuntimeWarning: invalid value encountered in divide
  result["bb_position"] = np.where(bb_upper != bb_lower, (close - bb_lower) / (bb_upper - bb_lower), 0.5)
Collect signals 2527/3317:  76%|¨€¨€¨€¨€¨€¨€¨€¨„  | 2526/3317 [2:13:01<35:08,  2.67s/stock]Collect signals 2527/3317:  76%|¨€¨€¨€¨€¨€¨€¨€¨„  | 2527/3317 [2:13:01<35:25,  2.69s/stock]D:\Projects\auto-select-stock\src\auto_select_stock\predict\data.py:76: RuntimeWarning: invalid value encountered in divide
  result["bb_position"] = np.where(bb_upper != bb_lower, (close - bb_lower) / (bb_upper - bb_lower), 0.5)
Collect signals 2528/3317:  76%|¨€¨€¨€¨€¨€¨€¨€¨„  | 2527/3317 [2:13:02<35:25,  2.69s/stock]Collect signals 2528/3317:  76%|¨€¨€¨€¨€¨€¨€¨€¨„  | 2528/3317 [2:13:02<29:21,  2.23s/stock]D:\Projects\auto-select-stock\src\auto_select_stock\predict\data.py:76: RuntimeWarning: invalid value encountered in divide
  result["bb_position"] = np.where(bb_upper != bb_lower, (close - bb_lower) / (bb_upper - bb_lower), 0.5)
Collect signals 2529/3317:  76%|¨€¨€¨€¨€¨€¨€¨€¨„  | 2528/3317 [2:13:05<29:21,  2.23s/stock]Collect signals 2529/3317:  76%|¨€¨€¨€¨€¨€¨€¨€¨„  | 2529/3317 [2:13:05<30:39,  2.33s/stock]D:\Projects\auto-select-stock\src\auto_select_stock\predict\data.py:76: RuntimeWarning: invalid value encountered in divide
  result["bb_position"] = np.where(bb_upper != bb_lower, (close - bb_lower) / (bb_upper - bb_lower), 0.5)
Collect signals 2530/3317:  76%|¨€¨€¨€¨€¨€¨€¨€¨„  | 2529/3317 [2:13:07<30:39,  2.33s/stock]Collect signals 2530/3317:  76%|¨€¨€¨€¨€¨€¨€¨€¨ƒ  | 2530/3317 [2:13:07<30:26,  2.32s/stock]D:\Projects\auto-select-stock\src\auto_select_stock\predict\data.py:76: RuntimeWarning: invalid value encountered in divide
  result["bb_position"] = np.where(bb_upper != bb_lower, (close - bb_lower) / (bb_upper - bb_lower), 0.5)
Collect signals 2531/3317:  76%|¨€¨€¨€¨€¨€¨€¨€¨ƒ  | 2530/3317 [2:13:10<30:26,  2.32s/stock]Collect signals 2531/3317:  76%|¨€¨€¨€¨€¨€¨€¨€¨ƒ  | 2531/3317 [2:13:10<33:23,  2.55s/stock]D:\Projects\auto-select-stock\src\auto_select_stock\predict\data.py:76: RuntimeWarning: invalid value encountered in divide
  result["bb_position"] = np.where(bb_upper != bb_lower, (close - bb_lower) / (bb_upper - bb_lower), 0.5)
Collect signals 2532/3317:  76%|¨€¨€¨€¨€¨€¨€¨€¨ƒ  | 2531/3317 [2:13:13<33:23,  2.55s/stock]Collect signals 2532/3317:  76%|¨€¨€¨€¨€¨€¨€¨€¨ƒ  | 2532/3317 [2:13:13<32:08,  2.46s/stock]D:\Projects\auto-select-stock\src\auto_select_stock\predict\data.py:76: RuntimeWarning: invalid value encountered in divide
  result["bb_position"] = np.where(bb_upper != bb_lower, (close - bb_lower) / (bb_upper - bb_lower), 0.5)
Collect signals 2533/3317:  76%|¨€¨€¨€¨€¨€¨€¨€¨ƒ  | 2532/3317 [2:13:15<32:08,  2.46s/stock]Collect signals 2533/3317:  76%|¨€¨€¨€¨€¨€¨€¨€¨ƒ  | 2533/3317 [2:13:15<32:36,  2.50s/stock]D:\Projects\auto-select-stock\src\auto_select_stock\predict\data.py:76: RuntimeWarning: invalid value encountered in divide
  result["bb_position"] = np.where(bb_upper != bb_lower, (close - bb_lower) / (bb_upper - bb_lower), 0.5)
Collect signals 2534/3317:  76%|¨€¨€¨€¨€¨€¨€¨€¨ƒ  | 2533/3317 [2:13:18<32:36,  2.50s/stock]Collect signals 2534/3317:  76%|¨€¨€¨€¨€¨€¨€¨€¨ƒ  | 2534/3317 [2:13:18<33:05,  2.54s/stock]D:\Projects\auto-select-stock\src\auto_select_stock\predict\data.py:76: RuntimeWarning: invalid value encountered in divide
  result["bb_position"] = np.where(bb_upper != bb_lower, (close - bb_lower) / (bb_upper - bb_lower), 0.5)
Collect signals 2535/3317:  76%|¨€¨€¨€¨€¨€¨€¨€¨ƒ  | 2534/3317 [2:13:20<33:05,  2.54s/stock]Collect signals 2535/3317:  76%|¨€¨€¨€¨€¨€¨€¨€¨ƒ  | 2535/3317 [2:13:20<32:04,  2.46s/stock]D:\Projects\auto-select-stock\src\auto_select_stock\predict\data.py:76: RuntimeWarning: invalid value encountered in divide
  result["bb_position"] = np.where(bb_upper != bb_lower, (close - bb_lower) / (bb_upper - bb_lower), 0.5)
Collect signals 2536/3317:  76%|¨€¨€¨€¨€¨€¨€¨€¨ƒ  | 2535/3317 [2:13:23<32:04,  2.46s/stock]Collect signals 2536/3317:  76%|¨€¨€¨€¨€¨€¨€¨€¨ƒ  | 2536/3317 [2:13:23<33:02,  2.54s/stock]D:\Projects\auto-select-stock\src\auto_select_stock\predict\data.py:76: RuntimeWarning: invalid value encountered in divide
  result["bb_position"] = np.where(bb_upper != bb_lower, (close - bb_lower) / (bb_upper - bb_lower), 0.5)
Collect signals 2537/3317:  76%|¨€¨€¨€¨€¨€¨€¨€¨ƒ  | 2536/3317 [2:13:25<33:02,  2.54s/stock]Collect signals 2537/3317:  76%|¨€¨€¨€¨€¨€¨€¨€¨ƒ  | 2537/3317 [2:13:25<30:33,  2.35s/stock]D:\Projects\auto-select-stock\src\auto_select_stock\predict\data.py:76: RuntimeWarning: invalid value encountered in divide
  result["bb_position"] = np.where(bb_upper != bb_lower, (close - bb_lower) / (bb_upper - bb_lower), 0.5)
Collect signals 2538/3317:  76%|¨€¨€¨€¨€¨€¨€¨€¨ƒ  | 2537/3317 [2:13:28<30:33,  2.35s/stock]Collect signals 2538/3317:  77%|¨€¨€¨€¨€¨€¨€¨€¨ƒ  | 2538/3317 [2:13:28<33:04,  2.55s/stock]D:\Projects\auto-select-stock\src\auto_select_stock\predict\data.py:76: RuntimeWarning: invalid value encountered in divide
  result["bb_position"] = np.where(bb_upper != bb_lower, (close - bb_lower) / (bb_upper - bb_lower), 0.5)
Collect signals 2539/3317:  77%|¨€¨€¨€¨€¨€¨€¨€¨ƒ  | 2538/3317 [2:13:30<33:04,  2.55s/stock]Collect signals 2539/3317:  77%|¨€¨€¨€¨€¨€¨€¨€¨ƒ  | 2539/3317 [2:13:30<33:11,  2.56s/stock]D:\Projects\auto-select-stock\src\auto_select_stock\predict\data.py:76: RuntimeWarning: invalid value encountered in divide
  result["bb_position"] = np.where(bb_upper != bb_lower, (close - bb_lower) / (bb_upper - bb_lower), 0.5)
Collect signals 2540/3317:  77%|¨€¨€¨€¨€¨€¨€¨€¨ƒ  | 2539/3317 [2:13:33<33:11,  2.56s/stock]Collect signals 2540/3317:  77%|¨€¨€¨€¨€¨€¨€¨€¨ƒ  | 2540/3317 [2:13:33<33:46,  2.61s/stock]D:\Projects\auto-select-stock\src\auto_select_stock\predict\data.py:76: RuntimeWarning: invalid value encountered in divide
  result["bb_position"] = np.where(bb_upper != bb_lower, (close - bb_lower) / (bb_upper - bb_lower), 0.5)
Collect signals 2541/3317:  77%|¨€¨€¨€¨€¨€¨€¨€¨ƒ  | 2540/3317 [2:13:36<33:46,  2.61s/stock]Collect signals 2541/3317:  77%|¨€¨€¨€¨€¨€¨€¨€¨ƒ  | 2541/3317 [2:13:36<35:12,  2.72s/stock]D:\Projects\auto-select-stock\src\auto_select_stock\predict\data.py:76: RuntimeWarning: invalid value encountered in divide
  result["bb_position"] = np.where(bb_upper != bb_lower, (close - bb_lower) / (bb_upper - bb_lower), 0.5)
Collect signals 2542/3317:  77%|¨€¨€¨€¨€¨€¨€¨€¨ƒ  | 2541/3317 [2:13:38<35:12,  2.72s/stock]Collect signals 2542/3317:  77%|¨€¨€¨€¨€¨€¨€¨€¨ƒ  | 2542/3317 [2:13:38<33:11,  2.57s/stock]D:\Projects\auto-select-stock\src\auto_select_stock\predict\data.py:76: RuntimeWarning: invalid value encountered in divide
  result["bb_position"] = np.where(bb_upper != bb_lower, (close - bb_lower) / (bb_upper - bb_lower), 0.5)
Collect signals 2543/3317:  77%|¨€¨€¨€¨€¨€¨€¨€¨ƒ  | 2542/3317 [2:13:40<33:11,  2.57s/stock]Collect signals 2543/3317:  77%|¨€¨€¨€¨€¨€¨€¨€¨ƒ  | 2543/3317 [2:13:40<30:28,  2.36s/stock]D:\Projects\auto-select-stock\src\auto_select_stock\predict\data.py:76: RuntimeWarning: invalid value encountered in divide
  result["bb_position"] = np.where(bb_upper != bb_lower, (close - bb_lower) / (bb_upper - bb_lower), 0.5)
Collect signals 2544/3317:  77%|¨€¨€¨€¨€¨€¨€¨€¨ƒ  | 2543/3317 [2:13:43<30:28,  2.36s/stock]Collect signals 2544/3317:  77%|¨€¨€¨€¨€¨€¨€¨€¨ƒ  | 2544/3317 [2:13:43<33:02,  2.56s/stock]D:\Projects\auto-select-stock\src\auto_select_stock\predict\data.py:76: RuntimeWarning: invalid value encountered in divide
  result["bb_position"] = np.where(bb_upper != bb_lower, (close - bb_lower) / (bb_upper - bb_lower), 0.5)
Collect signals 2545/3317:  77%|¨€¨€¨€¨€¨€¨€¨€¨ƒ  | 2544/3317 [2:13:46<33:02,  2.56s/stock]Collect signals 2545/3317:  77%|¨€¨€¨€¨€¨€¨€¨€¨ƒ  | 2545/3317 [2:13:46<33:34,  2.61s/stock]D:\Projects\auto-select-stock\src\auto_select_stock\predict\data.py:76: RuntimeWarning: invalid value encountered in divide
  result["bb_position"] = np.where(bb_upper != bb_lower, (close - bb_lower) / (bb_upper - bb_lower), 0.5)
Collect signals 2546/3317:  77%|¨€¨€¨€¨€¨€¨€¨€¨ƒ  | 2545/3317 [2:13:48<33:34,  2.61s/stock]Collect signals 2546/3317:  77%|¨€¨€¨€¨€¨€¨€¨€¨ƒ  | 2546/3317 [2:13:48<32:18,  2.51s/stock]D:\Projects\auto-select-stock\src\auto_select_stock\predict\data.py:76: RuntimeWarning: invalid value encountered in divide
  result["bb_position"] = np.where(bb_upper != bb_lower, (close - bb_lower) / (bb_upper - bb_lower), 0.5)
Collect signals 2547/3317:  77%|¨€¨€¨€¨€¨€¨€¨€¨ƒ  | 2546/3317 [2:13:51<32:18,  2.51s/stock]Collect signals 2547/3317:  77%|¨€¨€¨€¨€¨€¨€¨€¨ƒ  | 2547/3317 [2:13:51<32:26,  2.53s/stock]D:\Projects\auto-select-stock\src\auto_select_stock\predict\data.py:76: RuntimeWarning: invalid value encountered in divide
  result["bb_position"] = np.where(bb_upper != bb_lower, (close - bb_lower) / (bb_upper - bb_lower), 0.5)
Collect signals 2548/3317:  77%|¨€¨€¨€¨€¨€¨€¨€¨ƒ  | 2547/3317 [2:13:54<32:26,  2.53s/stock]Collect signals 2548/3317:  77%|¨€¨€¨€¨€¨€¨€¨€¨ƒ  | 2548/3317 [2:13:54<33:51,  2.64s/stock]D:\Projects\auto-select-stock\src\auto_select_stock\predict\data.py:76: RuntimeWarning: invalid value encountered in divide
  result["bb_position"] = np.where(bb_upper != bb_lower, (close - bb_lower) / (bb_upper - bb_lower), 0.5)
Collect signals 2549/3317:  77%|¨€¨€¨€¨€¨€¨€¨€¨ƒ  | 2548/3317 [2:13:56<33:51,  2.64s/stock]Collect signals 2549/3317:  77%|¨€¨€¨€¨€¨€¨€¨€¨ƒ  | 2549/3317 [2:13:56<33:31,  2.62s/stock]D:\Projects\auto-select-stock\src\auto_select_stock\predict\data.py:76: RuntimeWarning: invalid value encountered in divide
  result["bb_position"] = np.where(bb_upper != bb_lower, (close - bb_lower) / (bb_upper - bb_lower), 0.5)
Collect signals 2550/3317:  77%|¨€¨€¨€¨€¨€¨€¨€¨ƒ  | 2549/3317 [2:13:59<33:31,  2.62s/stock]Collect signals 2550/3317:  77%|¨€¨€¨€¨€¨€¨€¨€¨ƒ  | 2550/3317 [2:13:59<34:55,  2.73s/stock]D:\Projects\auto-select-stock\src\auto_select_stock\predict\data.py:76: RuntimeWarning: invalid value encountered in divide
  result["bb_position"] = np.where(bb_upper != bb_lower, (close - bb_lower) / (bb_upper - bb_lower), 0.5)
Collect signals 2551/3317:  77%|¨€¨€¨€¨€¨€¨€¨€¨ƒ  | 2550/3317 [2:14:02<34:55,  2.73s/stock]Collect signals 2551/3317:  77%|¨€¨€¨€¨€¨€¨€¨€¨ƒ  | 2551/3317 [2:14:02<34:04,  2.67s/stock]D:\Projects\auto-select-stock\src\auto_select_stock\predict\data.py:76: RuntimeWarning: invalid value encountered in divide
  result["bb_position"] = np.where(bb_upper != bb_lower, (close - bb_lower) / (bb_upper - bb_lower), 0.5)
Collect signals 2552/3317:  77%|¨€¨€¨€¨€¨€¨€¨€¨ƒ  | 2551/3317 [2:14:04<34:04,  2.67s/stock]Collect signals 2552/3317:  77%|¨€¨€¨€¨€¨€¨€¨€¨ƒ  | 2552/3317 [2:14:04<32:08,  2.52s/stock]D:\Projects\auto-select-stock\src\auto_select_stock\predict\data.py:76: RuntimeWarning: invalid value encountered in divide
  result["bb_position"] = np.where(bb_upper != bb_lower, (close - bb_lower) / (bb_upper - bb_lower), 0.5)
Collect signals 2553/3317:  77%|¨€¨€¨€¨€¨€¨€¨€¨ƒ  | 2552/3317 [2:14:06<32:08,  2.52s/stock]Collect signals 2553/3317:  77%|¨€¨€¨€¨€¨€¨€¨€¨ƒ  | 2553/3317 [2:14:06<29:27,  2.31s/stock]D:\Projects\auto-select-stock\src\auto_select_stock\predict\data.py:76: RuntimeWarning: invalid value encountered in divide
  result["bb_position"] = np.where(bb_upper != bb_lower, (close - bb_lower) / (bb_upper - bb_lower), 0.5)
Collect signals 2554/3317:  77%|¨€¨€¨€¨€¨€¨€¨€¨ƒ  | 2553/3317 [2:14:09<29:27,  2.31s/stock]Collect signals 2554/3317:  77%|¨€¨€¨€¨€¨€¨€¨€¨ƒ  | 2554/3317 [2:14:09<31:38,  2.49s/stock]D:\Projects\auto-select-stock\src\auto_select_stock\predict\data.py:76: RuntimeWarning: invalid value encountered in divide
  result["bb_position"] = np.where(bb_upper != bb_lower, (close - bb_lower) / (bb_upper - bb_lower), 0.5)
Collect signals 2555/3317:  77%|¨€¨€¨€¨€¨€¨€¨€¨ƒ  | 2554/3317 [2:14:11<31:38,  2.49s/stock]Collect signals 2555/3317:  77%|¨€¨€¨€¨€¨€¨€¨€¨ƒ  | 2555/3317 [2:14:11<30:47,  2.42s/stock]D:\Projects\auto-select-stock\src\auto_select_stock\predict\data.py:76: RuntimeWarning: invalid value encountered in divide
  result["bb_position"] = np.where(bb_upper != bb_lower, (close - bb_lower) / (bb_upper - bb_lower), 0.5)
Collect signals 2556/3317:  77%|¨€¨€¨€¨€¨€¨€¨€¨ƒ  | 2555/3317 [2:14:14<30:47,  2.42s/stock]Collect signals 2556/3317:  77%|¨€¨€¨€¨€¨€¨€¨€¨ƒ  | 2556/3317 [2:14:14<32:52,  2.59s/stock]D:\Projects\auto-select-stock\src\auto_select_stock\predict\data.py:76: RuntimeWarning: invalid value encountered in divide
  result["bb_position"] = np.where(bb_upper != bb_lower, (close - bb_lower) / (bb_upper - bb_lower), 0.5)
Collect signals 2557/3317:  77%|¨€¨€¨€¨€¨€¨€¨€¨ƒ  | 2556/3317 [2:14:16<32:52,  2.59s/stock]Collect signals 2557/3317:  77%|¨€¨€¨€¨€¨€¨€¨€¨ƒ  | 2557/3317 [2:14:16<31:24,  2.48s/stock]D:\Projects\auto-select-stock\src\auto_select_stock\predict\data.py:76: RuntimeWarning: invalid value encountered in divide
  result["bb_position"] = np.where(bb_upper != bb_lower, (close - bb_lower) / (bb_upper - bb_lower), 0.5)
Collect signals 2558/3317:  77%|¨€¨€¨€¨€¨€¨€¨€¨ƒ  | 2557/3317 [2:14:19<31:24,  2.48s/stock]Collect signals 2558/3317:  77%|¨€¨€¨€¨€¨€¨€¨€¨ƒ  | 2558/3317 [2:14:19<33:42,  2.66s/stock]D:\Projects\auto-select-stock\src\auto_select_stock\predict\data.py:76: RuntimeWarning: invalid value encountered in divide
  result["bb_position"] = np.where(bb_upper != bb_lower, (close - bb_lower) / (bb_upper - bb_lower), 0.5)
Collect signals 2559/3317:  77%|¨€¨€¨€¨€¨€¨€¨€¨ƒ  | 2558/3317 [2:14:21<33:42,  2.66s/stock]Collect signals 2559/3317:  77%|¨€¨€¨€¨€¨€¨€¨€¨ƒ  | 2559/3317 [2:14:21<30:33,  2.42s/stock]D:\Projects\auto-select-stock\src\auto_select_stock\predict\data.py:76: RuntimeWarning: invalid value encountered in divide
  result["bb_position"] = np.where(bb_upper != bb_lower, (close - bb_lower) / (bb_upper - bb_lower), 0.5)
Collect signals 2560/3317:  77%|¨€¨€¨€¨€¨€¨€¨€¨ƒ  | 2559/3317 [2:14:22<30:33,  2.42s/stock]Collect signals 2560/3317:  77%|¨€¨€¨€¨€¨€¨€¨€¨ƒ  | 2560/3317 [2:14:22<25:33,  2.03s/stock]D:\Projects\auto-select-stock\src\auto_select_stock\predict\data.py:76: RuntimeWarning: invalid value encountered in divide
  result["bb_position"] = np.where(bb_upper != bb_lower, (close - bb_lower) / (bb_upper - bb_lower), 0.5)
Collect signals 2561/3317:  77%|¨€¨€¨€¨€¨€¨€¨€¨ƒ  | 2560/3317 [2:14:24<25:33,  2.03s/stock]Collect signals 2561/3317:  77%|¨€¨€¨€¨€¨€¨€¨€¨ƒ  | 2561/3317 [2:14:24<26:21,  2.09s/stock]D:\Projects\auto-select-stock\src\auto_select_stock\predict\data.py:76: RuntimeWarning: invalid value encountered in divide
  result["bb_position"] = np.where(bb_upper != bb_lower, (close - bb_lower) / (bb_upper - bb_lower), 0.5)
Collect signals 2562/3317:  77%|¨€¨€¨€¨€¨€¨€¨€¨ƒ  | 2561/3317 [2:14:27<26:21,  2.09s/stock]Collect signals 2562/3317:  77%|¨€¨€¨€¨€¨€¨€¨€¨ƒ  | 2562/3317 [2:14:27<29:30,  2.35s/stock]D:\Projects\auto-select-stock\src\auto_select_stock\predict\data.py:76: RuntimeWarning: invalid value encountered in divide
  result["bb_position"] = np.where(bb_upper != bb_lower, (close - bb_lower) / (bb_upper - bb_lower), 0.5)
Collect signals 2563/3317:  77%|¨€¨€¨€¨€¨€¨€¨€¨ƒ  | 2562/3317 [2:14:29<29:30,  2.35s/stock]Collect signals 2563/3317:  77%|¨€¨€¨€¨€¨€¨€¨€¨ƒ  | 2563/3317 [2:14:29<28:57,  2.30s/stock]D:\Projects\auto-select-stock\src\auto_select_stock\predict\data.py:76: RuntimeWarning: invalid value encountered in divide
  result["bb_position"] = np.where(bb_upper != bb_lower, (close - bb_lower) / (bb_upper - bb_lower), 0.5)
Collect signals 2564/3317:  77%|¨€¨€¨€¨€¨€¨€¨€¨ƒ  | 2563/3317 [2:14:32<28:57,  2.30s/stock]Collect signals 2564/3317:  77%|¨€¨€¨€¨€¨€¨€¨€¨ƒ  | 2564/3317 [2:14:32<30:06,  2.40s/stock]D:\Projects\auto-select-stock\src\auto_select_stock\predict\data.py:76: RuntimeWarning: invalid value encountered in divide
  result["bb_position"] = np.where(bb_upper != bb_lower, (close - bb_lower) / (bb_upper - bb_lower), 0.5)
Collect signals 2565/3317:  77%|¨€¨€¨€¨€¨€¨€¨€¨ƒ  | 2564/3317 [2:14:34<30:06,  2.40s/stock]Collect signals 2565/3317:  77%|¨€¨€¨€¨€¨€¨€¨€¨ƒ  | 2565/3317 [2:14:34<28:11,  2.25s/stock]D:\Projects\auto-select-stock\src\auto_select_stock\predict\data.py:76: RuntimeWarning: invalid value encountered in divide
  result["bb_position"] = np.where(bb_upper != bb_lower, (close - bb_lower) / (bb_upper - bb_lower), 0.5)
Collect signals 2566/3317:  77%|¨€¨€¨€¨€¨€¨€¨€¨ƒ  | 2565/3317 [2:14:36<28:11,  2.25s/stock]Collect signals 2566/3317:  77%|¨€¨€¨€¨€¨€¨€¨€¨ƒ  | 2566/3317 [2:14:36<28:05,  2.24s/stock]D:\Projects\auto-select-stock\src\auto_select_stock\predict\data.py:76: RuntimeWarning: invalid value encountered in divide
  result["bb_position"] = np.where(bb_upper != bb_lower, (close - bb_lower) / (bb_upper - bb_lower), 0.5)
Collect signals 2567/3317:  77%|¨€¨€¨€¨€¨€¨€¨€¨ƒ  | 2566/3317 [2:14:39<28:05,  2.24s/stock]Collect signals 2567/3317:  77%|¨€¨€¨€¨€¨€¨€¨€¨ƒ  | 2567/3317 [2:14:39<29:29,  2.36s/stock]D:\Projects\auto-select-stock\src\auto_select_stock\predict\data.py:76: RuntimeWarning: invalid value encountered in divide
  result["bb_position"] = np.where(bb_upper != bb_lower, (close - bb_lower) / (bb_upper - bb_lower), 0.5)
Collect signals 2568/3317:  77%|¨€¨€¨€¨€¨€¨€¨€¨ƒ  | 2567/3317 [2:14:41<29:29,  2.36s/stock]Collect signals 2568/3317:  77%|¨€¨€¨€¨€¨€¨€¨€¨ƒ  | 2568/3317 [2:14:41<29:22,  2.35s/stock]D:\Projects\auto-select-stock\src\auto_select_stock\predict\data.py:76: RuntimeWarning: invalid value encountered in divide
  result["bb_position"] = np.where(bb_upper != bb_lower, (close - bb_lower) / (bb_upper - bb_lower), 0.5)
Collect signals 2569/3317:  77%|¨€¨€¨€¨€¨€¨€¨€¨ƒ  | 2568/3317 [2:14:42<29:22,  2.35s/stock]Collect signals 2569/3317:  77%|¨€¨€¨€¨€¨€¨€¨€¨ƒ  | 2569/3317 [2:14:42<24:42,  1.98s/stock]D:\Projects\auto-select-stock\src\auto_select_stock\predict\data.py:76: RuntimeWarning: invalid value encountered in divide
  result["bb_position"] = np.where(bb_upper != bb_lower, (close - bb_lower) / (bb_upper - bb_lower), 0.5)
Collect signals 2570/3317:  77%|¨€¨€¨€¨€¨€¨€¨€¨ƒ  | 2569/3317 [2:14:45<24:42,  1.98s/stock]Collect signals 2570/3317:  77%|¨€¨€¨€¨€¨€¨€¨€¨ƒ  | 2570/3317 [2:14:45<27:11,  2.18s/stock]D:\Projects\auto-select-stock\src\auto_select_stock\predict\data.py:76: RuntimeWarning: invalid value encountered in divide
  result["bb_position"] = np.where(bb_upper != bb_lower, (close - bb_lower) / (bb_upper - bb_lower), 0.5)
Collect signals 2571/3317:  77%|¨€¨€¨€¨€¨€¨€¨€¨ƒ  | 2570/3317 [2:14:48<27:11,  2.18s/stock]Collect signals 2571/3317:  78%|¨€¨€¨€¨€¨€¨€¨€¨‚  | 2571/3317 [2:14:48<29:10,  2.35s/stock]D:\Projects\auto-select-stock\src\auto_select_stock\predict\data.py:76: RuntimeWarning: invalid value encountered in divide
  result["bb_position"] = np.where(bb_upper != bb_lower, (close - bb_lower) / (bb_upper - bb_lower), 0.5)
Collect signals 2572/3317:  78%|¨€¨€¨€¨€¨€¨€¨€¨‚  | 2571/3317 [2:14:50<29:10,  2.35s/stock]Collect signals 2572/3317:  78%|¨€¨€¨€¨€¨€¨€¨€¨‚  | 2572/3317 [2:14:50<28:41,  2.31s/stock]D:\Projects\auto-select-stock\src\auto_select_stock\predict\data.py:76: RuntimeWarning: invalid value encountered in divide
  result["bb_position"] = np.where(bb_upper != bb_lower, (close - bb_lower) / (bb_upper - bb_lower), 0.5)
Collect signals 2573/3317:  78%|¨€¨€¨€¨€¨€¨€¨€¨‚  | 2572/3317 [2:14:52<28:41,  2.31s/stock]Collect signals 2573/3317:  78%|¨€¨€¨€¨€¨€¨€¨€¨‚  | 2573/3317 [2:14:52<26:54,  2.17s/stock]D:\Projects\auto-select-stock\src\auto_select_stock\predict\data.py:76: RuntimeWarning: invalid value encountered in divide
  result["bb_position"] = np.where(bb_upper != bb_lower, (close - bb_lower) / (bb_upper - bb_lower), 0.5)
Collect signals 2574/3317:  78%|¨€¨€¨€¨€¨€¨€¨€¨‚  | 2573/3317 [2:14:54<26:54,  2.17s/stock]Collect signals 2574/3317:  78%|¨€¨€¨€¨€¨€¨€¨€¨‚  | 2574/3317 [2:14:54<27:37,  2.23s/stock]D:\Projects\auto-select-stock\src\auto_select_stock\predict\data.py:76: RuntimeWarning: invalid value encountered in divide
  result["bb_position"] = np.where(bb_upper != bb_lower, (close - bb_lower) / (bb_upper - bb_lower), 0.5)
Collect signals 2575/3317:  78%|¨€¨€¨€¨€¨€¨€¨€¨‚  | 2574/3317 [2:14:57<27:37,  2.23s/stock]Collect signals 2575/3317:  78%|¨€¨€¨€¨€¨€¨€¨€¨‚  | 2575/3317 [2:14:57<29:27,  2.38s/stock]D:\Projects\auto-select-stock\src\auto_select_stock\predict\data.py:76: RuntimeWarning: invalid value encountered in divide
  result["bb_position"] = np.where(bb_upper != bb_lower, (close - bb_lower) / (bb_upper - bb_lower), 0.5)
Collect signals 2576/3317:  78%|¨€¨€¨€¨€¨€¨€¨€¨‚  | 2575/3317 [2:14:58<29:27,  2.38s/stock]Collect signals 2576/3317:  78%|¨€¨€¨€¨€¨€¨€¨€¨‚  | 2576/3317 [2:14:58<26:26,  2.14s/stock]D:\Projects\auto-select-stock\src\auto_select_stock\predict\data.py:76: RuntimeWarning: invalid value encountered in divide
  result["bb_position"] = np.where(bb_upper != bb_lower, (close - bb_lower) / (bb_upper - bb_lower), 0.5)
Collect signals 2577/3317:  78%|¨€¨€¨€¨€¨€¨€¨€¨‚  | 2576/3317 [2:15:01<26:26,  2.14s/stock]Collect signals 2577/3317:  78%|¨€¨€¨€¨€¨€¨€¨€¨‚  | 2577/3317 [2:15:01<28:10,  2.28s/stock]D:\Projects\auto-select-stock\src\auto_select_stock\predict\data.py:76: RuntimeWarning: invalid value encountered in divide
  result["bb_position"] = np.where(bb_upper != bb_lower, (close - bb_lower) / (bb_upper - bb_lower), 0.5)
Collect signals 2578/3317:  78%|¨€¨€¨€¨€¨€¨€¨€¨‚  | 2577/3317 [2:15:04<28:10,  2.28s/stock]Collect signals 2578/3317:  78%|¨€¨€¨€¨€¨€¨€¨€¨‚  | 2578/3317 [2:15:04<30:57,  2.51s/stock]D:\Projects\auto-select-stock\src\auto_select_stock\predict\data.py:76: RuntimeWarning: invalid value encountered in divide
  result["bb_position"] = np.where(bb_upper != bb_lower, (close - bb_lower) / (bb_upper - bb_lower), 0.5)
Collect signals 2579/3317:  78%|¨€¨€¨€¨€¨€¨€¨€¨‚  | 2578/3317 [2:15:07<30:57,  2.51s/stock]Collect signals 2579/3317:  78%|¨€¨€¨€¨€¨€¨€¨€¨‚  | 2579/3317 [2:15:07<31:39,  2.57s/stock]D:\Projects\auto-select-stock\src\auto_select_stock\predict\data.py:76: RuntimeWarning: invalid value encountered in divide
  result["bb_position"] = np.where(bb_upper != bb_lower, (close - bb_lower) / (bb_upper - bb_lower), 0.5)
Collect signals 2580/3317:  78%|¨€¨€¨€¨€¨€¨€¨€¨‚  | 2579/3317 [2:15:10<31:39,  2.57s/stock]Collect signals 2580/3317:  78%|¨€¨€¨€¨€¨€¨€¨€¨‚  | 2580/3317 [2:15:10<33:11,  2.70s/stock]D:\Projects\auto-select-stock\src\auto_select_stock\predict\data.py:76: RuntimeWarning: invalid value encountered in divide
  result["bb_position"] = np.where(bb_upper != bb_lower, (close - bb_lower) / (bb_upper - bb_lower), 0.5)
Collect signals 2581/3317:  78%|¨€¨€¨€¨€¨€¨€¨€¨‚  | 2580/3317 [2:15:11<33:11,  2.70s/stock]Collect signals 2581/3317:  78%|¨€¨€¨€¨€¨€¨€¨€¨‚  | 2581/3317 [2:15:11<26:00,  2.12s/stock]D:\Projects\auto-select-stock\src\auto_select_stock\predict\data.py:76: RuntimeWarning: invalid value encountered in divide
  result["bb_position"] = np.where(bb_upper != bb_lower, (close - bb_lower) / (bb_upper - bb_lower), 0.5)
Collect signals 2582/3317:  78%|¨€¨€¨€¨€¨€¨€¨€¨‚  | 2581/3317 [2:15:12<26:00,  2.12s/stock]Collect signals 2582/3317:  78%|¨€¨€¨€¨€¨€¨€¨€¨‚  | 2582/3317 [2:15:12<25:04,  2.05s/stock]D:\Projects\auto-select-stock\src\auto_select_stock\predict\data.py:76: RuntimeWarning: invalid value encountered in divide
  result["bb_position"] = np.where(bb_upper != bb_lower, (close - bb_lower) / (bb_upper - bb_lower), 0.5)
Collect signals 2583/3317:  78%|¨€¨€¨€¨€¨€¨€¨€¨‚  | 2582/3317 [2:15:13<25:04,  2.05s/stock]Collect signals 2583/3317:  78%|¨€¨€¨€¨€¨€¨€¨€¨‚  | 2583/3317 [2:15:13<18:55,  1.55s/stock]D:\Projects\auto-select-stock\src\auto_select_stock\predict\data.py:76: RuntimeWarning: invalid value encountered in divide
  result["bb_position"] = np.where(bb_upper != bb_lower, (close - bb_lower) / (bb_upper - bb_lower), 0.5)
Collect signals 2584/3317:  78%|¨€¨€¨€¨€¨€¨€¨€¨‚  | 2583/3317 [2:15:13<18:55,  1.55s/stock]D:\Projects\auto-select-stock\src\auto_select_stock\predict\data.py:76: RuntimeWarning: invalid value encountered in divide
  result["bb_position"] = np.where(bb_upper != bb_lower, (close - bb_lower) / (bb_upper - bb_lower), 0.5)
Collect signals 2585/3317:  78%|¨€¨€¨€¨€¨€¨€¨€¨‚  | 2584/3317 [2:15:15<18:54,  1.55s/stock]Collect signals 2585/3317:  78%|¨€¨€¨€¨€¨€¨€¨€¨‚  | 2585/3317 [2:15:15<16:24,  1.35s/stock]D:\Projects\auto-select-stock\src\auto_select_stock\predict\data.py:76: RuntimeWarning: invalid value encountered in divide
  result["bb_position"] = np.where(bb_upper != bb_lower, (close - bb_lower) / (bb_upper - bb_lower), 0.5)
Collect signals 2586/3317:  78%|¨€¨€¨€¨€¨€¨€¨€¨‚  | 2585/3317 [2:15:17<16:24,  1.35s/stock]Collect signals 2586/3317:  78%|¨€¨€¨€¨€¨€¨€¨€¨‚  | 2586/3317 [2:15:17<17:10,  1.41s/stock]D:\Projects\auto-select-stock\src\auto_select_stock\predict\data.py:76: RuntimeWarning: invalid value encountered in divide
  result["bb_position"] = np.where(bb_upper != bb_lower, (close - bb_lower) / (bb_upper - bb_lower), 0.5)
Collect signals 2587/3317:  78%|¨€¨€¨€¨€¨€¨€¨€¨‚  | 2586/3317 [2:15:20<17:10,  1.41s/stock]Collect signals 2587/3317:  78%|¨€¨€¨€¨€¨€¨€¨€¨‚  | 2587/3317 [2:15:20<22:09,  1.82s/stock]D:\Projects\auto-select-stock\src\auto_select_stock\predict\data.py:76: RuntimeWarning: invalid value encountered in divide
  result["bb_position"] = np.where(bb_upper != bb_lower, (close - bb_lower) / (bb_upper - bb_lower), 0.5)
Collect signals 2588/3317:  78%|¨€¨€¨€¨€¨€¨€¨€¨‚  | 2587/3317 [2:15:22<22:09,  1.82s/stock]Collect signals 2588/3317:  78%|¨€¨€¨€¨€¨€¨€¨€¨‚  | 2588/3317 [2:15:22<25:13,  2.08s/stock]D:\Projects\auto-select-stock\src\auto_select_stock\predict\data.py:76: RuntimeWarning: invalid value encountered in divide
  result["bb_position"] = np.where(bb_upper != bb_lower, (close - bb_lower) / (bb_upper - bb_lower), 0.5)
Collect signals 2589/3317:  78%|¨€¨€¨€¨€¨€¨€¨€¨‚  | 2588/3317 [2:15:25<25:13,  2.08s/stock]Collect signals 2589/3317:  78%|¨€¨€¨€¨€¨€¨€¨€¨‚  | 2589/3317 [2:15:25<28:35,  2.36s/stock]D:\Projects\auto-select-stock\src\auto_select_stock\predict\data.py:76: RuntimeWarning: invalid value encountered in divide
  result["bb_position"] = np.where(bb_upper != bb_lower, (close - bb_lower) / (bb_upper - bb_lower), 0.5)
Collect signals 2590/3317:  78%|¨€¨€¨€¨€¨€¨€¨€¨‚  | 2589/3317 [2:15:28<28:35,  2.36s/stock]Collect signals 2590/3317:  78%|¨€¨€¨€¨€¨€¨€¨€¨‚  | 2590/3317 [2:15:28<29:26,  2.43s/stock]D:\Projects\auto-select-stock\src\auto_select_stock\predict\data.py:76: RuntimeWarning: invalid value encountered in divide
  result["bb_position"] = np.where(bb_upper != bb_lower, (close - bb_lower) / (bb_upper - bb_lower), 0.5)
Collect signals 2591/3317:  78%|¨€¨€¨€¨€¨€¨€¨€¨‚  | 2590/3317 [2:15:31<29:26,  2.43s/stock]Collect signals 2591/3317:  78%|¨€¨€¨€¨€¨€¨€¨€¨‚  | 2591/3317 [2:15:31<30:02,  2.48s/stock]D:\Projects\auto-select-stock\src\auto_select_stock\predict\data.py:76: RuntimeWarning: invalid value encountered in divide
  result["bb_position"] = np.where(bb_upper != bb_lower, (close - bb_lower) / (bb_upper - bb_lower), 0.5)
Collect signals 2592/3317:  78%|¨€¨€¨€¨€¨€¨€¨€¨‚  | 2591/3317 [2:15:34<30:02,  2.48s/stock]Collect signals 2592/3317:  78%|¨€¨€¨€¨€¨€¨€¨€¨‚  | 2592/3317 [2:15:34<31:40,  2.62s/stock]D:\Projects\auto-select-stock\src\auto_select_stock\predict\data.py:76: RuntimeWarning: invalid value encountered in divide
  result["bb_position"] = np.where(bb_upper != bb_lower, (close - bb_lower) / (bb_upper - bb_lower), 0.5)
Collect signals 2593/3317:  78%|¨€¨€¨€¨€¨€¨€¨€¨‚  | 2592/3317 [2:15:36<31:40,  2.62s/stock]Collect signals 2593/3317:  78%|¨€¨€¨€¨€¨€¨€¨€¨‚  | 2593/3317 [2:15:36<30:10,  2.50s/stock]D:\Projects\auto-select-stock\src\auto_select_stock\predict\data.py:76: RuntimeWarning: invalid value encountered in divide
  result["bb_position"] = np.where(bb_upper != bb_lower, (close - bb_lower) / (bb_upper - bb_lower), 0.5)
Collect signals 2594/3317:  78%|¨€¨€¨€¨€¨€¨€¨€¨‚  | 2593/3317 [2:15:39<30:10,  2.50s/stock]Collect signals 2594/3317:  78%|¨€¨€¨€¨€¨€¨€¨€¨‚  | 2594/3317 [2:15:39<30:38,  2.54s/stock]D:\Projects\auto-select-stock\src\auto_select_stock\predict\data.py:76: RuntimeWarning: invalid value encountered in divide
  result["bb_position"] = np.where(bb_upper != bb_lower, (close - bb_lower) / (bb_upper - bb_lower), 0.5)
Collect signals 2595/3317:  78%|¨€¨€¨€¨€¨€¨€¨€¨‚  | 2594/3317 [2:15:42<30:38,  2.54s/stock]Collect signals 2595/3317:  78%|¨€¨€¨€¨€¨€¨€¨€¨‚  | 2595/3317 [2:15:42<32:54,  2.73s/stock]D:\Projects\auto-select-stock\src\auto_select_stock\predict\data.py:76: RuntimeWarning: invalid value encountered in divide
  result["bb_position"] = np.where(bb_upper != bb_lower, (close - bb_lower) / (bb_upper - bb_lower), 0.5)
Collect signals 2596/3317:  78%|¨€¨€¨€¨€¨€¨€¨€¨‚  | 2595/3317 [2:15:44<32:54,  2.73s/stock]Collect signals 2596/3317:  78%|¨€¨€¨€¨€¨€¨€¨€¨‚  | 2596/3317 [2:15:44<31:16,  2.60s/stock]D:\Projects\auto-select-stock\src\auto_select_stock\predict\data.py:76: RuntimeWarning: invalid value encountered in divide
  result["bb_position"] = np.where(bb_upper != bb_lower, (close - bb_lower) / (bb_upper - bb_lower), 0.5)
Collect signals 2597/3317:  78%|¨€¨€¨€¨€¨€¨€¨€¨‚  | 2596/3317 [2:15:47<31:16,  2.60s/stock]Collect signals 2597/3317:  78%|¨€¨€¨€¨€¨€¨€¨€¨‚  | 2597/3317 [2:15:47<33:27,  2.79s/stock]D:\Projects\auto-select-stock\src\auto_select_stock\predict\data.py:76: RuntimeWarning: invalid value encountered in divide
  result["bb_position"] = np.where(bb_upper != bb_lower, (close - bb_lower) / (bb_upper - bb_lower), 0.5)
Collect signals 2598/3317:  78%|¨€¨€¨€¨€¨€¨€¨€¨‚  | 2597/3317 [2:15:50<33:27,  2.79s/stock]Collect signals 2598/3317:  78%|¨€¨€¨€¨€¨€¨€¨€¨‚  | 2598/3317 [2:15:50<33:20,  2.78s/stock]D:\Projects\auto-select-stock\src\auto_select_stock\predict\data.py:76: RuntimeWarning: invalid value encountered in divide
  result["bb_position"] = np.where(bb_upper != bb_lower, (close - bb_lower) / (bb_upper - bb_lower), 0.5)
Collect signals 2599/3317:  78%|¨€¨€¨€¨€¨€¨€¨€¨‚  | 2598/3317 [2:15:53<33:20,  2.78s/stock]Collect signals 2599/3317:  78%|¨€¨€¨€¨€¨€¨€¨€¨‚  | 2599/3317 [2:15:53<34:26,  2.88s/stock]D:\Projects\auto-select-stock\src\auto_select_stock\predict\data.py:76: RuntimeWarning: invalid value encountered in divide
  result["bb_position"] = np.where(bb_upper != bb_lower, (close - bb_lower) / (bb_upper - bb_lower), 0.5)
Collect signals 2600/3317:  78%|¨€¨€¨€¨€¨€¨€¨€¨‚  | 2599/3317 [2:15:55<34:26,  2.88s/stock]Collect signals 2600/3317:  78%|¨€¨€¨€¨€¨€¨€¨€¨‚  | 2600/3317 [2:15:55<32:22,  2.71s/stock]D:\Projects\auto-select-stock\src\auto_select_stock\predict\data.py:76: RuntimeWarning: invalid value encountered in divide
  result["bb_position"] = np.where(bb_upper != bb_lower, (close - bb_lower) / (bb_upper - bb_lower), 0.5)
Collect signals 2601/3317:  78%|¨€¨€¨€¨€¨€¨€¨€¨‚  | 2600/3317 [2:15:57<32:22,  2.71s/stock]Collect signals 2601/3317:  78%|¨€¨€¨€¨€¨€¨€¨€¨‚  | 2601/3317 [2:15:57<29:58,  2.51s/stock]D:\Projects\auto-select-stock\src\auto_select_stock\predict\data.py:76: RuntimeWarning: invalid value encountered in divide
  result["bb_position"] = np.where(bb_upper != bb_lower, (close - bb_lower) / (bb_upper - bb_lower), 0.5)
Collect signals 2602/3317:  78%|¨€¨€¨€¨€¨€¨€¨€¨‚  | 2601/3317 [2:16:00<29:58,  2.51s/stock]Collect signals 2602/3317:  78%|¨€¨€¨€¨€¨€¨€¨€¨‚  | 2602/3317 [2:16:00<30:52,  2.59s/stock]D:\Projects\auto-select-stock\src\auto_select_stock\predict\data.py:76: RuntimeWarning: invalid value encountered in divide
  result["bb_position"] = np.where(bb_upper != bb_lower, (close - bb_lower) / (bb_upper - bb_lower), 0.5)
Collect signals 2603/3317:  78%|¨€¨€¨€¨€¨€¨€¨€¨‚  | 2602/3317 [2:16:02<30:52,  2.59s/stock]Collect signals 2603/3317:  78%|¨€¨€¨€¨€¨€¨€¨€¨‚  | 2603/3317 [2:16:02<29:35,  2.49s/stock]D:\Projects\auto-select-stock\src\auto_select_stock\predict\data.py:76: RuntimeWarning: invalid value encountered in divide
  result["bb_position"] = np.where(bb_upper != bb_lower, (close - bb_lower) / (bb_upper - bb_lower), 0.5)
Collect signals 2604/3317:  78%|¨€¨€¨€¨€¨€¨€¨€¨‚  | 2603/3317 [2:16:05<29:35,  2.49s/stock]Collect signals 2604/3317:  79%|¨€¨€¨€¨€¨€¨€¨€¨‚  | 2604/3317 [2:16:05<29:48,  2.51s/stock]D:\Projects\auto-select-stock\src\auto_select_stock\predict\data.py:76: RuntimeWarning: invalid value encountered in divide
  result["bb_position"] = np.where(bb_upper != bb_lower, (close - bb_lower) / (bb_upper - bb_lower), 0.5)
Collect signals 2605/3317:  79%|¨€¨€¨€¨€¨€¨€¨€¨‚  | 2604/3317 [2:16:07<29:48,  2.51s/stock]Collect signals 2605/3317:  79%|¨€¨€¨€¨€¨€¨€¨€¨‚  | 2605/3317 [2:16:07<28:07,  2.37s/stock]D:\Projects\auto-select-stock\src\auto_select_stock\predict\data.py:76: RuntimeWarning: invalid value encountered in divide
  result["bb_position"] = np.where(bb_upper != bb_lower, (close - bb_lower) / (bb_upper - bb_lower), 0.5)
Collect signals 2606/3317:  79%|¨€¨€¨€¨€¨€¨€¨€¨‚  | 2605/3317 [2:16:10<28:07,  2.37s/stock]Collect signals 2606/3317:  79%|¨€¨€¨€¨€¨€¨€¨€¨‚  | 2606/3317 [2:16:10<30:21,  2.56s/stock]D:\Projects\auto-select-stock\src\auto_select_stock\predict\data.py:76: RuntimeWarning: invalid value encountered in divide
  result["bb_position"] = np.where(bb_upper != bb_lower, (close - bb_lower) / (bb_upper - bb_lower), 0.5)
Collect signals 2607/3317:  79%|¨€¨€¨€¨€¨€¨€¨€¨‚  | 2606/3317 [2:16:13<30:21,  2.56s/stock]Collect signals 2607/3317:  79%|¨€¨€¨€¨€¨€¨€¨€¨‚  | 2607/3317 [2:16:13<30:20,  2.56s/stock]D:\Projects\auto-select-stock\src\auto_select_stock\predict\data.py:76: RuntimeWarning: invalid value encountered in divide
  result["bb_position"] = np.where(bb_upper != bb_lower, (close - bb_lower) / (bb_upper - bb_lower), 0.5)
Collect signals 2608/3317:  79%|¨€¨€¨€¨€¨€¨€¨€¨‚  | 2607/3317 [2:16:15<30:20,  2.56s/stock]Collect signals 2608/3317:  79%|¨€¨€¨€¨€¨€¨€¨€¨‚  | 2608/3317 [2:16:15<30:11,  2.56s/stock]D:\Projects\auto-select-stock\src\auto_select_stock\predict\data.py:76: RuntimeWarning: invalid value encountered in divide
  result["bb_position"] = np.where(bb_upper != bb_lower, (close - bb_lower) / (bb_upper - bb_lower), 0.5)
Collect signals 2609/3317:  79%|¨€¨€¨€¨€¨€¨€¨€¨‚  | 2608/3317 [2:16:18<30:11,  2.56s/stock]Collect signals 2609/3317:  79%|¨€¨€¨€¨€¨€¨€¨€¨‚  | 2609/3317 [2:16:18<30:28,  2.58s/stock]D:\Projects\auto-select-stock\src\auto_select_stock\predict\data.py:76: RuntimeWarning: invalid value encountered in divide
  result["bb_position"] = np.where(bb_upper != bb_lower, (close - bb_lower) / (bb_upper - bb_lower), 0.5)
Collect signals 2610/3317:  79%|¨€¨€¨€¨€¨€¨€¨€¨‚  | 2609/3317 [2:16:19<30:28,  2.58s/stock]Collect signals 2610/3317:  79%|¨€¨€¨€¨€¨€¨€¨€¨‚  | 2610/3317 [2:16:19<23:57,  2.03s/stock]D:\Projects\auto-select-stock\src\auto_select_stock\predict\data.py:76: RuntimeWarning: invalid value encountered in divide
  result["bb_position"] = np.where(bb_upper != bb_lower, (close - bb_lower) / (bb_upper - bb_lower), 0.5)
Collect signals 2611/3317:  79%|¨€¨€¨€¨€¨€¨€¨€¨‚  | 2610/3317 [2:16:20<23:57,  2.03s/stock]Collect signals 2611/3317:  79%|¨€¨€¨€¨€¨€¨€¨€¨‚  | 2611/3317 [2:16:20<20:41,  1.76s/stock]D:\Projects\auto-select-stock\src\auto_select_stock\predict\data.py:76: RuntimeWarning: invalid value encountered in divide
  result["bb_position"] = np.where(bb_upper != bb_lower, (close - bb_lower) / (bb_upper - bb_lower), 0.5)
Collect signals 2612/3317:  79%|¨€¨€¨€¨€¨€¨€¨€¨‚  | 2611/3317 [2:16:21<20:41,  1.76s/stock]Collect signals 2612/3317:  79%|¨€¨€¨€¨€¨€¨€¨€¨‚  | 2612/3317 [2:16:21<19:58,  1.70s/stock]D:\Projects\auto-select-stock\src\auto_select_stock\predict\data.py:76: RuntimeWarning: invalid value encountered in divide
  result["bb_position"] = np.where(bb_upper != bb_lower, (close - bb_lower) / (bb_upper - bb_lower), 0.5)
Collect signals 2613/3317:  79%|¨€¨€¨€¨€¨€¨€¨€¨‚  | 2612/3317 [2:16:24<19:58,  1.70s/stock]Collect signals 2613/3317:  79%|¨€¨€¨€¨€¨€¨€¨€¨  | 2613/3317 [2:16:24<23:15,  1.98s/stock]D:\Projects\auto-select-stock\src\auto_select_stock\predict\data.py:76: RuntimeWarning: invalid value encountered in divide
  result["bb_position"] = np.where(bb_upper != bb_lower, (close - bb_lower) / (bb_upper - bb_lower), 0.5)
Collect signals 2614/3317:  79%|¨€¨€¨€¨€¨€¨€¨€¨  | 2613/3317 [2:16:27<23:15,  1.98s/stock]Collect signals 2614/3317:  79%|¨€¨€¨€¨€¨€¨€¨€¨  | 2614/3317 [2:16:27<25:20,  2.16s/stock]D:\Projects\auto-select-stock\src\auto_select_stock\predict\data.py:76: RuntimeWarning: invalid value encountered in divide
  result["bb_position"] = np.where(bb_upper != bb_lower, (close - bb_lower) / (bb_upper - bb_lower), 0.5)
Collect signals 2615/3317:  79%|¨€¨€¨€¨€¨€¨€¨€¨  | 2614/3317 [2:16:29<25:20,  2.16s/stock]Collect signals 2615/3317:  79%|¨€¨€¨€¨€¨€¨€¨€¨  | 2615/3317 [2:16:29<25:31,  2.18s/stock]D:\Projects\auto-select-stock\src\auto_select_stock\predict\data.py:76: RuntimeWarning: invalid value encountered in divide
  result["bb_position"] = np.where(bb_upper != bb_lower, (close - bb_lower) / (bb_upper - bb_lower), 0.5)
Collect signals 2616/3317:  79%|¨€¨€¨€¨€¨€¨€¨€¨  | 2615/3317 [2:16:31<25:31,  2.18s/stock]Collect signals 2616/3317:  79%|¨€¨€¨€¨€¨€¨€¨€¨  | 2616/3317 [2:16:31<24:24,  2.09s/stock]D:\Projects\auto-select-stock\src\auto_select_stock\predict\data.py:76: RuntimeWarning: invalid value encountered in divide
  result["bb_position"] = np.where(bb_upper != bb_lower, (close - bb_lower) / (bb_upper - bb_lower), 0.5)
Collect signals 2617/3317:  79%|¨€¨€¨€¨€¨€¨€¨€¨  | 2616/3317 [2:16:31<24:24,  2.09s/stock]Collect signals 2617/3317:  79%|¨€¨€¨€¨€¨€¨€¨€¨  | 2617/3317 [2:16:31<19:41,  1.69s/stock]D:\Projects\auto-select-stock\src\auto_select_stock\predict\data.py:76: RuntimeWarning: invalid value encountered in divide
  result["bb_position"] = np.where(bb_upper != bb_lower, (close - bb_lower) / (bb_upper - bb_lower), 0.5)
Collect signals 2618/3317:  79%|¨€¨€¨€¨€¨€¨€¨€¨  | 2617/3317 [2:16:34<19:41,  1.69s/stock]Collect signals 2618/3317:  79%|¨€¨€¨€¨€¨€¨€¨€¨  | 2618/3317 [2:16:34<22:59,  1.97s/stock]D:\Projects\auto-select-stock\src\auto_select_stock\predict\data.py:76: RuntimeWarning: invalid value encountered in divide
  result["bb_position"] = np.where(bb_upper != bb_lower, (close - bb_lower) / (bb_upper - bb_lower), 0.5)
Collect signals 2619/3317:  79%|¨€¨€¨€¨€¨€¨€¨€¨  | 2618/3317 [2:16:36<22:59,  1.97s/stock]Collect signals 2619/3317:  79%|¨€¨€¨€¨€¨€¨€¨€¨  | 2619/3317 [2:16:36<23:53,  2.05s/stock]D:\Projects\auto-select-stock\src\auto_select_stock\predict\data.py:76: RuntimeWarning: invalid value encountered in divide
  result["bb_position"] = np.where(bb_upper != bb_lower, (close - bb_lower) / (bb_upper - bb_lower), 0.5)
Collect signals 2620/3317:  79%|¨€¨€¨€¨€¨€¨€¨€¨  | 2619/3317 [2:16:39<23:53,  2.05s/stock]Collect signals 2620/3317:  79%|¨€¨€¨€¨€¨€¨€¨€¨  | 2620/3317 [2:16:39<27:13,  2.34s/stock]D:\Projects\auto-select-stock\src\auto_select_stock\predict\data.py:76: RuntimeWarning: invalid value encountered in divide
  result["bb_position"] = np.where(bb_upper != bb_lower, (close - bb_lower) / (bb_upper - bb_lower), 0.5)
Collect signals 2621/3317:  79%|¨€¨€¨€¨€¨€¨€¨€¨  | 2620/3317 [2:16:42<27:13,  2.34s/stock]Collect signals 2621/3317:  79%|¨€¨€¨€¨€¨€¨€¨€¨  | 2621/3317 [2:16:42<28:22,  2.45s/stock]D:\Projects\auto-select-stock\src\auto_select_stock\predict\data.py:76: RuntimeWarning: invalid value encountered in divide
  result["bb_position"] = np.where(bb_upper != bb_lower, (close - bb_lower) / (bb_upper - bb_lower), 0.5)
Collect signals 2622/3317:  79%|¨€¨€¨€¨€¨€¨€¨€¨  | 2621/3317 [2:16:44<28:22,  2.45s/stock]Collect signals 2622/3317:  79%|¨€¨€¨€¨€¨€¨€¨€¨  | 2622/3317 [2:16:44<27:45,  2.40s/stock]D:\Projects\auto-select-stock\src\auto_select_stock\predict\data.py:76: RuntimeWarning: invalid value encountered in divide
  result["bb_position"] = np.where(bb_upper != bb_lower, (close - bb_lower) / (bb_upper - bb_lower), 0.5)
Collect signals 2623/3317:  79%|¨€¨€¨€¨€¨€¨€¨€¨  | 2622/3317 [2:16:47<27:45,  2.40s/stock]Collect signals 2623/3317:  79%|¨€¨€¨€¨€¨€¨€¨€¨  | 2623/3317 [2:16:47<28:46,  2.49s/stock]D:\Projects\auto-select-stock\src\auto_select_stock\predict\data.py:76: RuntimeWarning: invalid value encountered in divide
  result["bb_position"] = np.where(bb_upper != bb_lower, (close - bb_lower) / (bb_upper - bb_lower), 0.5)
Collect signals 2624/3317:  79%|¨€¨€¨€¨€¨€¨€¨€¨  | 2623/3317 [2:16:50<28:46,  2.49s/stock]Collect signals 2624/3317:  79%|¨€¨€¨€¨€¨€¨€¨€¨  | 2624/3317 [2:16:50<29:20,  2.54s/stock]D:\Projects\auto-select-stock\src\auto_select_stock\predict\data.py:76: RuntimeWarning: invalid value encountered in divide
  result["bb_position"] = np.where(bb_upper != bb_lower, (close - bb_lower) / (bb_upper - bb_lower), 0.5)
Collect signals 2625/3317:  79%|¨€¨€¨€¨€¨€¨€¨€¨  | 2624/3317 [2:16:52<29:20,  2.54s/stock]Collect signals 2625/3317:  79%|¨€¨€¨€¨€¨€¨€¨€¨  | 2625/3317 [2:16:52<30:03,  2.61s/stock]D:\Projects\auto-select-stock\src\auto_select_stock\predict\data.py:76: RuntimeWarning: invalid value encountered in divide
  result["bb_position"] = np.where(bb_upper != bb_lower, (close - bb_lower) / (bb_upper - bb_lower), 0.5)
Collect signals 2626/3317:  79%|¨€¨€¨€¨€¨€¨€¨€¨  | 2625/3317 [2:16:55<30:03,  2.61s/stock]Collect signals 2626/3317:  79%|¨€¨€¨€¨€¨€¨€¨€¨  | 2626/3317 [2:16:55<28:44,  2.50s/stock]D:\Projects\auto-select-stock\src\auto_select_stock\predict\data.py:76: RuntimeWarning: invalid value encountered in divide
  result["bb_position"] = np.where(bb_upper != bb_lower, (close - bb_lower) / (bb_upper - bb_lower), 0.5)
Collect signals 2627/3317:  79%|¨€¨€¨€¨€¨€¨€¨€¨  | 2626/3317 [2:16:57<28:44,  2.50s/stock]Collect signals 2627/3317:  79%|¨€¨€¨€¨€¨€¨€¨€¨  | 2627/3317 [2:16:57<29:00,  2.52s/stock]D:\Projects\auto-select-stock\src\auto_select_stock\predict\data.py:76: RuntimeWarning: invalid value encountered in divide
  result["bb_position"] = np.where(bb_upper != bb_lower, (close - bb_lower) / (bb_upper - bb_lower), 0.5)
Collect signals 2628/3317:  79%|¨€¨€¨€¨€¨€¨€¨€¨  | 2627/3317 [2:17:00<29:00,  2.52s/stock]Collect signals 2628/3317:  79%|¨€¨€¨€¨€¨€¨€¨€¨  | 2628/3317 [2:17:00<29:08,  2.54s/stock]D:\Projects\auto-select-stock\src\auto_select_stock\predict\data.py:76: RuntimeWarning: invalid value encountered in divide
  result["bb_position"] = np.where(bb_upper != bb_lower, (close - bb_lower) / (bb_upper - bb_lower), 0.5)
Collect signals 2629/3317:  79%|¨€¨€¨€¨€¨€¨€¨€¨  | 2628/3317 [2:17:01<29:08,  2.54s/stock]Collect signals 2629/3317:  79%|¨€¨€¨€¨€¨€¨€¨€¨  | 2629/3317 [2:17:01<25:23,  2.21s/stock]D:\Projects\auto-select-stock\src\auto_select_stock\predict\data.py:76: RuntimeWarning: invalid value encountered in divide
  result["bb_position"] = np.where(bb_upper != bb_lower, (close - bb_lower) / (bb_upper - bb_lower), 0.5)
Collect signals 2630/3317:  79%|¨€¨€¨€¨€¨€¨€¨€¨  | 2629/3317 [2:17:02<25:23,  2.21s/stock]Collect signals 2630/3317:  79%|¨€¨€¨€¨€¨€¨€¨€¨  | 2630/3317 [2:17:02<20:17,  1.77s/stock]D:\Projects\auto-select-stock\src\auto_select_stock\predict\data.py:76: RuntimeWarning: invalid value encountered in divide
  result["bb_position"] = np.where(bb_upper != bb_lower, (close - bb_lower) / (bb_upper - bb_lower), 0.5)
Collect signals 2631/3317:  79%|¨€¨€¨€¨€¨€¨€¨€¨  | 2630/3317 [2:17:05<20:17,  1.77s/stock]Collect signals 2631/3317:  79%|¨€¨€¨€¨€¨€¨€¨€¨  | 2631/3317 [2:17:05<23:01,  2.01s/stock]D:\Projects\auto-select-stock\src\auto_select_stock\predict\data.py:76: RuntimeWarning: invalid value encountered in divide
  result["bb_position"] = np.where(bb_upper != bb_lower, (close - bb_lower) / (bb_upper - bb_lower), 0.5)
Collect signals 2632/3317:  79%|¨€¨€¨€¨€¨€¨€¨€¨  | 2631/3317 [2:17:06<23:01,  2.01s/stock]Collect signals 2632/3317:  79%|¨€¨€¨€¨€¨€¨€¨€¨  | 2632/3317 [2:17:06<21:14,  1.86s/stock]D:\Projects\auto-select-stock\src\auto_select_stock\predict\data.py:76: RuntimeWarning: invalid value encountered in divide
  result["bb_position"] = np.where(bb_upper != bb_lower, (close - bb_lower) / (bb_upper - bb_lower), 0.5)
Collect signals 2633/3317:  79%|¨€¨€¨€¨€¨€¨€¨€¨  | 2632/3317 [2:17:09<21:14,  1.86s/stock]Collect signals 2633/3317:  79%|¨€¨€¨€¨€¨€¨€¨€¨  | 2633/3317 [2:17:09<24:12,  2.12s/stock]D:\Projects\auto-select-stock\src\auto_select_stock\predict\data.py:76: RuntimeWarning: invalid value encountered in divide
  result["bb_position"] = np.where(bb_upper != bb_lower, (close - bb_lower) / (bb_upper - bb_lower), 0.5)
Collect signals 2634/3317:  79%|¨€¨€¨€¨€¨€¨€¨€¨  | 2633/3317 [2:17:12<24:12,  2.12s/stock]Collect signals 2634/3317:  79%|¨€¨€¨€¨€¨€¨€¨€¨  | 2634/3317 [2:17:12<26:19,  2.31s/stock]D:\Projects\auto-select-stock\src\auto_select_stock\predict\data.py:76: RuntimeWarning: invalid value encountered in divide
  result["bb_position"] = np.where(bb_upper != bb_lower, (close - bb_lower) / (bb_upper - bb_lower), 0.5)
Collect signals 2635/3317:  79%|¨€¨€¨€¨€¨€¨€¨€¨  | 2634/3317 [2:17:13<26:19,  2.31s/stock]Collect signals 2635/3317:  79%|¨€¨€¨€¨€¨€¨€¨€¨  | 2635/3317 [2:17:13<25:02,  2.20s/stock]D:\Projects\auto-select-stock\src\auto_select_stock\predict\data.py:76: RuntimeWarning: invalid value encountered in divide
  result["bb_position"] = np.where(bb_upper != bb_lower, (close - bb_lower) / (bb_upper - bb_lower), 0.5)
Collect signals 2636/3317:  79%|¨€¨€¨€¨€¨€¨€¨€¨  | 2635/3317 [2:17:15<25:02,  2.20s/stock]Collect signals 2636/3317:  79%|¨€¨€¨€¨€¨€¨€¨€¨  | 2636/3317 [2:17:15<22:36,  1.99s/stock]D:\Projects\auto-select-stock\src\auto_select_stock\predict\data.py:76: RuntimeWarning: invalid value encountered in divide
  result["bb_position"] = np.where(bb_upper != bb_lower, (close - bb_lower) / (bb_upper - bb_lower), 0.5)
Collect signals 2637/3317:  79%|¨€¨€¨€¨€¨€¨€¨€¨  | 2636/3317 [2:17:16<22:36,  1.99s/stock]Collect signals 2637/3317:  79%|¨€¨€¨€¨€¨€¨€¨€¨  | 2637/3317 [2:17:16<18:19,  1.62s/stock]D:\Projects\auto-select-stock\src\auto_select_stock\predict\data.py:76: RuntimeWarning: invalid value encountered in divide
  result["bb_position"] = np.where(bb_upper != bb_lower, (close - bb_lower) / (bb_upper - bb_lower), 0.5)
Collect signals 2638/3317:  79%|¨€¨€¨€¨€¨€¨€¨€¨  | 2637/3317 [2:17:18<18:19,  1.62s/stock]Collect signals 2638/3317:  80%|¨€¨€¨€¨€¨€¨€¨€¨  | 2638/3317 [2:17:18<20:19,  1.80s/stock]D:\Projects\auto-select-stock\src\auto_select_stock\predict\data.py:76: RuntimeWarning: invalid value encountered in divide
  result["bb_position"] = np.where(bb_upper != bb_lower, (close - bb_lower) / (bb_upper - bb_lower), 0.5)
Collect signals 2639/3317:  80%|¨€¨€¨€¨€¨€¨€¨€¨  | 2638/3317 [2:17:20<20:19,  1.80s/stock]Collect signals 2639/3317:  80%|¨€¨€¨€¨€¨€¨€¨€¨  | 2639/3317 [2:17:20<20:35,  1.82s/stock]D:\Projects\auto-select-stock\src\auto_select_stock\predict\data.py:76: RuntimeWarning: invalid value encountered in divide
  result["bb_position"] = np.where(bb_upper != bb_lower, (close - bb_lower) / (bb_upper - bb_lower), 0.5)
Collect signals 2640/3317:  80%|¨€¨€¨€¨€¨€¨€¨€¨  | 2639/3317 [2:17:22<20:35,  1.82s/stock]Collect signals 2640/3317:  80%|¨€¨€¨€¨€¨€¨€¨€¨  | 2640/3317 [2:17:22<23:12,  2.06s/stock]D:\Projects\auto-select-stock\src\auto_select_stock\predict\data.py:76: RuntimeWarning: invalid value encountered in divide
  result["bb_position"] = np.where(bb_upper != bb_lower, (close - bb_lower) / (bb_upper - bb_lower), 0.5)
Collect signals 2641/3317:  80%|¨€¨€¨€¨€¨€¨€¨€¨  | 2640/3317 [2:17:25<23:12,  2.06s/stock]Collect signals 2641/3317:  80%|¨€¨€¨€¨€¨€¨€¨€¨  | 2641/3317 [2:17:25<24:52,  2.21s/stock]D:\Projects\auto-select-stock\src\auto_select_stock\predict\data.py:76: RuntimeWarning: invalid value encountered in divide
  result["bb_position"] = np.where(bb_upper != bb_lower, (close - bb_lower) / (bb_upper - bb_lower), 0.5)
Collect signals 2642/3317:  80%|¨€¨€¨€¨€¨€¨€¨€¨  | 2641/3317 [2:17:28<24:52,  2.21s/stock]Collect signals 2642/3317:  80%|¨€¨€¨€¨€¨€¨€¨€¨  | 2642/3317 [2:17:28<26:01,  2.31s/stock]D:\Projects\auto-select-stock\src\auto_select_stock\predict\data.py:76: RuntimeWarning: invalid value encountered in divide
  result["bb_position"] = np.where(bb_upper != bb_lower, (close - bb_lower) / (bb_upper - bb_lower), 0.5)
Collect signals 2643/3317:  80%|¨€¨€¨€¨€¨€¨€¨€¨  | 2642/3317 [2:17:29<26:01,  2.31s/stock]Collect signals 2643/3317:  80%|¨€¨€¨€¨€¨€¨€¨€¨  | 2643/3317 [2:17:29<24:18,  2.16s/stock]D:\Projects\auto-select-stock\src\auto_select_stock\predict\data.py:76: RuntimeWarning: invalid value encountered in divide
  result["bb_position"] = np.where(bb_upper != bb_lower, (close - bb_lower) / (bb_upper - bb_lower), 0.5)
Collect signals 2644/3317:  80%|¨€¨€¨€¨€¨€¨€¨€¨  | 2643/3317 [2:17:32<24:18,  2.16s/stock]Collect signals 2644/3317:  80%|¨€¨€¨€¨€¨€¨€¨€¨  | 2644/3317 [2:17:32<24:59,  2.23s/stock]D:\Projects\auto-select-stock\src\auto_select_stock\predict\data.py:76: RuntimeWarning: invalid value encountered in divide
  result["bb_position"] = np.where(bb_upper != bb_lower, (close - bb_lower) / (bb_upper - bb_lower), 0.5)
Collect signals 2645/3317:  80%|¨€¨€¨€¨€¨€¨€¨€¨  | 2644/3317 [2:17:33<24:59,  2.23s/stock]Collect signals 2645/3317:  80%|¨€¨€¨€¨€¨€¨€¨€¨  | 2645/3317 [2:17:33<21:17,  1.90s/stock]D:\Projects\auto-select-stock\src\auto_select_stock\predict\data.py:76: RuntimeWarning: invalid value encountered in divide
  result["bb_position"] = np.where(bb_upper != bb_lower, (close - bb_lower) / (bb_upper - bb_lower), 0.5)
Collect signals 2646/3317:  80%|¨€¨€¨€¨€¨€¨€¨€¨  | 2645/3317 [2:17:35<21:17,  1.90s/stock]Collect signals 2646/3317:  80%|¨€¨€¨€¨€¨€¨€¨€¨  | 2646/3317 [2:17:35<22:20,  2.00s/stock]D:\Projects\auto-select-stock\src\auto_select_stock\predict\data.py:76: RuntimeWarning: invalid value encountered in divide
  result["bb_position"] = np.where(bb_upper != bb_lower, (close - bb_lower) / (bb_upper - bb_lower), 0.5)
Collect signals 2647/3317:  80%|¨€¨€¨€¨€¨€¨€¨€¨  | 2646/3317 [2:17:35<22:20,  2.00s/stock]Collect signals 2647/3317:  80%|¨€¨€¨€¨€¨€¨€¨€¨  | 2647/3317 [2:17:35<16:56,  1.52s/stock]D:\Projects\auto-select-stock\src\auto_select_stock\predict\data.py:76: RuntimeWarning: invalid value encountered in divide
  result["bb_position"] = np.where(bb_upper != bb_lower, (close - bb_lower) / (bb_upper - bb_lower), 0.5)
Collect signals 2648/3317:  80%|¨€¨€¨€¨€¨€¨€¨€¨  | 2647/3317 [2:17:36<16:56,  1.52s/stock]Collect signals 2648/3317:  80%|¨€¨€¨€¨€¨€¨€¨€¨  | 2648/3317 [2:17:36<14:19,  1.28s/stock]D:\Projects\auto-select-stock\src\auto_select_stock\predict\data.py:76: RuntimeWarning: invalid value encountered in divide
  result["bb_position"] = np.where(bb_upper != bb_lower, (close - bb_lower) / (bb_upper - bb_lower), 0.5)
Collect signals 2649/3317:  80%|¨€¨€¨€¨€¨€¨€¨€¨  | 2648/3317 [2:17:38<14:19,  1.28s/stock]Collect signals 2649/3317:  80%|¨€¨€¨€¨€¨€¨€¨€¨  | 2649/3317 [2:17:38<15:11,  1.36s/stock]D:\Projects\auto-select-stock\src\auto_select_stock\predict\data.py:76: RuntimeWarning: invalid value encountered in divide
  result["bb_position"] = np.where(bb_upper != bb_lower, (close - bb_lower) / (bb_upper - bb_lower), 0.5)
Collect signals 2650/3317:  80%|¨€¨€¨€¨€¨€¨€¨€¨  | 2649/3317 [2:17:40<15:11,  1.36s/stock]Collect signals 2650/3317:  80%|¨€¨€¨€¨€¨€¨€¨€¨  | 2650/3317 [2:17:40<19:18,  1.74s/stock]D:\Projects\auto-select-stock\src\auto_select_stock\predict\data.py:76: RuntimeWarning: invalid value encountered in divide
  result["bb_position"] = np.where(bb_upper != bb_lower, (close - bb_lower) / (bb_upper - bb_lower), 0.5)
Collect signals 2651/3317:  80%|¨€¨€¨€¨€¨€¨€¨€¨  | 2650/3317 [2:17:43<19:18,  1.74s/stock]Collect signals 2651/3317:  80%|¨€¨€¨€¨€¨€¨€¨€¨  | 2651/3317 [2:17:43<20:53,  1.88s/stock]D:\Projects\auto-select-stock\src\auto_select_stock\predict\data.py:76: RuntimeWarning: invalid value encountered in divide
  result["bb_position"] = np.where(bb_upper != bb_lower, (close - bb_lower) / (bb_upper - bb_lower), 0.5)
Collect signals 2652/3317:  80%|¨€¨€¨€¨€¨€¨€¨€¨  | 2651/3317 [2:17:45<20:53,  1.88s/stock]Collect signals 2652/3317:  80%|¨€¨€¨€¨€¨€¨€¨€¨  | 2652/3317 [2:17:45<21:55,  1.98s/stock]D:\Projects\auto-select-stock\src\auto_select_stock\predict\data.py:76: RuntimeWarning: invalid value encountered in divide
  result["bb_position"] = np.where(bb_upper != bb_lower, (close - bb_lower) / (bb_upper - bb_lower), 0.5)
Collect signals 2653/3317:  80%|¨€¨€¨€¨€¨€¨€¨€¨  | 2652/3317 [2:17:47<21:55,  1.98s/stock]Collect signals 2653/3317:  80%|¨€¨€¨€¨€¨€¨€¨€¨  | 2653/3317 [2:17:47<22:49,  2.06s/stock]D:\Projects\auto-select-stock\src\auto_select_stock\predict\data.py:76: RuntimeWarning: invalid value encountered in divide
  result["bb_position"] = np.where(bb_upper != bb_lower, (close - bb_lower) / (bb_upper - bb_lower), 0.5)
Collect signals 2654/3317:  80%|¨€¨€¨€¨€¨€¨€¨€¨  | 2653/3317 [2:17:49<22:49,  2.06s/stock]Collect signals 2654/3317:  80%|¨€¨€¨€¨€¨€¨€¨€¨€  | 2654/3317 [2:17:49<20:53,  1.89s/stock]D:\Projects\auto-select-stock\src\auto_select_stock\predict\data.py:76: RuntimeWarning: invalid value encountered in divide
  result["bb_position"] = np.where(bb_upper != bb_lower, (close - bb_lower) / (bb_upper - bb_lower), 0.5)
Collect signals 2655/3317:  80%|¨€¨€¨€¨€¨€¨€¨€¨€  | 2654/3317 [2:17:49<20:53,  1.89s/stock]Collect signals 2655/3317:  80%|¨€¨€¨€¨€¨€¨€¨€¨€  | 2655/3317 [2:17:49<15:54,  1.44s/stock]D:\Projects\auto-select-stock\src\auto_select_stock\predict\data.py:76: RuntimeWarning: invalid value encountered in divide
  result["bb_position"] = np.where(bb_upper != bb_lower, (close - bb_lower) / (bb_upper - bb_lower), 0.5)
Collect signals 2656/3317:  80%|¨€¨€¨€¨€¨€¨€¨€¨€  | 2655/3317 [2:17:50<15:54,  1.44s/stock]Collect signals 2656/3317:  80%|¨€¨€¨€¨€¨€¨€¨€¨€  | 2656/3317 [2:17:50<13:35,  1.23s/stock]D:\Projects\auto-select-stock\src\auto_select_stock\predict\data.py:76: RuntimeWarning: invalid value encountered in divide
  result["bb_position"] = np.where(bb_upper != bb_lower, (close - bb_lower) / (bb_upper - bb_lower), 0.5)
Collect signals 2657/3317:  80%|¨€¨€¨€¨€¨€¨€¨€¨€  | 2656/3317 [2:17:52<13:35,  1.23s/stock]Collect signals 2657/3317:  80%|¨€¨€¨€¨€¨€¨€¨€¨€  | 2657/3317 [2:17:52<18:00,  1.64s/stock]D:\Projects\auto-select-stock\src\auto_select_stock\predict\data.py:76: RuntimeWarning: invalid value encountered in divide
  result["bb_position"] = np.where(bb_upper != bb_lower, (close - bb_lower) / (bb_upper - bb_lower), 0.5)
Collect signals 2658/3317:  80%|¨€¨€¨€¨€¨€¨€¨€¨€  | 2657/3317 [2:17:54<18:00,  1.64s/stock]Collect signals 2658/3317:  80%|¨€¨€¨€¨€¨€¨€¨€¨€  | 2658/3317 [2:17:54<17:55,  1.63s/stock]D:\Projects\auto-select-stock\src\auto_select_stock\predict\data.py:76: RuntimeWarning: invalid value encountered in divide
  result["bb_position"] = np.where(bb_upper != bb_lower, (close - bb_lower) / (bb_upper - bb_lower), 0.5)
Collect signals 2659/3317:  80%|¨€¨€¨€¨€¨€¨€¨€¨€  | 2658/3317 [2:17:56<17:55,  1.63s/stock]Collect signals 2659/3317:  80%|¨€¨€¨€¨€¨€¨€¨€¨€  | 2659/3317 [2:17:56<18:46,  1.71s/stock]D:\Projects\auto-select-stock\src\auto_select_stock\predict\data.py:76: RuntimeWarning: invalid value encountered in divide
  result["bb_position"] = np.where(bb_upper != bb_lower, (close - bb_lower) / (bb_upper - bb_lower), 0.5)
Collect signals 2660/3317:  80%|¨€¨€¨€¨€¨€¨€¨€¨€  | 2659/3317 [2:17:58<18:46,  1.71s/stock]Collect signals 2660/3317:  80%|¨€¨€¨€¨€¨€¨€¨€¨€  | 2660/3317 [2:17:58<19:28,  1.78s/stock]D:\Projects\auto-select-stock\src\auto_select_stock\predict\data.py:76: RuntimeWarning: invalid value encountered in divide
  result["bb_position"] = np.where(bb_upper != bb_lower, (close - bb_lower) / (bb_upper - bb_lower), 0.5)
Collect signals 2661/3317:  80%|¨€¨€¨€¨€¨€¨€¨€¨€  | 2660/3317 [2:18:00<19:28,  1.78s/stock]Collect signals 2661/3317:  80%|¨€¨€¨€¨€¨€¨€¨€¨€  | 2661/3317 [2:18:00<20:50,  1.91s/stock]D:\Projects\auto-select-stock\src\auto_select_stock\predict\data.py:76: RuntimeWarning: invalid value encountered in divide
  result["bb_position"] = np.where(bb_upper != bb_lower, (close - bb_lower) / (bb_upper - bb_lower), 0.5)
Collect signals 2662/3317:  80%|¨€¨€¨€¨€¨€¨€¨€¨€  | 2661/3317 [2:18:02<20:50,  1.91s/stock]Collect signals 2662/3317:  80%|¨€¨€¨€¨€¨€¨€¨€¨€  | 2662/3317 [2:18:02<20:40,  1.89s/stock]D:\Projects\auto-select-stock\src\auto_select_stock\predict\data.py:76: RuntimeWarning: invalid value encountered in divide
  result["bb_position"] = np.where(bb_upper != bb_lower, (close - bb_lower) / (bb_upper - bb_lower), 0.5)
Collect signals 2663/3317:  80%|¨€¨€¨€¨€¨€¨€¨€¨€  | 2662/3317 [2:18:04<20:40,  1.89s/stock]Collect signals 2663/3317:  80%|¨€¨€¨€¨€¨€¨€¨€¨€  | 2663/3317 [2:18:04<20:28,  1.88s/stock]D:\Projects\auto-select-stock\src\auto_select_stock\predict\data.py:76: RuntimeWarning: invalid value encountered in divide
  result["bb_position"] = np.where(bb_upper != bb_lower, (close - bb_lower) / (bb_upper - bb_lower), 0.5)
Collect signals 2664/3317:  80%|¨€¨€¨€¨€¨€¨€¨€¨€  | 2663/3317 [2:18:04<20:28,  1.88s/stock]Collect signals 2664/3317:  80%|¨€¨€¨€¨€¨€¨€¨€¨€  | 2664/3317 [2:18:04<16:43,  1.54s/stock]D:\Projects\auto-select-stock\src\auto_select_stock\predict\data.py:76: RuntimeWarning: invalid value encountered in divide
  result["bb_position"] = np.where(bb_upper != bb_lower, (close - bb_lower) / (bb_upper - bb_lower), 0.5)
Collect signals 2665/3317:  80%|¨€¨€¨€¨€¨€¨€¨€¨€  | 2664/3317 [2:18:06<16:43,  1.54s/stock]Collect signals 2665/3317:  80%|¨€¨€¨€¨€¨€¨€¨€¨€  | 2665/3317 [2:18:06<16:37,  1.53s/stock]D:\Projects\auto-select-stock\src\auto_select_stock\predict\data.py:76: RuntimeWarning: invalid value encountered in divide
  result["bb_position"] = np.where(bb_upper != bb_lower, (close - bb_lower) / (bb_upper - bb_lower), 0.5)
Collect signals 2666/3317:  80%|¨€¨€¨€¨€¨€¨€¨€¨€  | 2665/3317 [2:18:06<16:37,  1.53s/stock]D:\Projects\auto-select-stock\src\auto_select_stock\predict\data.py:76: RuntimeWarning: invalid value encountered in divide
  result["bb_position"] = np.where(bb_upper != bb_lower, (close - bb_lower) / (bb_upper - bb_lower), 0.5)
Collect signals 2667/3317:  80%|¨€¨€¨€¨€¨€¨€¨€¨€  | 2666/3317 [2:18:08<16:35,  1.53s/stock]Collect signals 2667/3317:  80%|¨€¨€¨€¨€¨€¨€¨€¨€  | 2667/3317 [2:18:08<13:33,  1.25s/stock]D:\Projects\auto-select-stock\src\auto_select_stock\predict\data.py:76: RuntimeWarning: invalid value encountered in divide
  result["bb_position"] = np.where(bb_upper != bb_lower, (close - bb_lower) / (bb_upper - bb_lower), 0.5)
Collect signals 2668/3317:  80%|¨€¨€¨€¨€¨€¨€¨€¨€  | 2667/3317 [2:18:09<13:33,  1.25s/stock]Collect signals 2668/3317:  80%|¨€¨€¨€¨€¨€¨€¨€¨€  | 2668/3317 [2:18:09<14:09,  1.31s/stock]D:\Projects\auto-select-stock\src\auto_select_stock\predict\data.py:76: RuntimeWarning: invalid value encountered in divide
  result["bb_position"] = np.where(bb_upper != bb_lower, (close - bb_lower) / (bb_upper - bb_lower), 0.5)
Collect signals 2669/3317:  80%|¨€¨€¨€¨€¨€¨€¨€¨€  | 2668/3317 [2:18:11<14:09,  1.31s/stock]Collect signals 2669/3317:  80%|¨€¨€¨€¨€¨€¨€¨€¨€  | 2669/3317 [2:18:11<15:38,  1.45s/stock]D:\Projects\auto-select-stock\src\auto_select_stock\predict\data.py:76: RuntimeWarning: invalid value encountered in divide
  result["bb_position"] = np.where(bb_upper != bb_lower, (close - bb_lower) / (bb_upper - bb_lower), 0.5)
Collect signals 2670/3317:  80%|¨€¨€¨€¨€¨€¨€¨€¨€  | 2669/3317 [2:18:14<15:38,  1.45s/stock]Collect signals 2670/3317:  80%|¨€¨€¨€¨€¨€¨€¨€¨€  | 2670/3317 [2:18:14<19:25,  1.80s/stock]D:\Projects\auto-select-stock\src\auto_select_stock\predict\data.py:76: RuntimeWarning: invalid value encountered in divide
  result["bb_position"] = np.where(bb_upper != bb_lower, (close - bb_lower) / (bb_upper - bb_lower), 0.5)
Collect signals 2671/3317:  80%|¨€¨€¨€¨€¨€¨€¨€¨€  | 2670/3317 [2:18:15<19:25,  1.80s/stock]Collect signals 2671/3317:  81%|¨€¨€¨€¨€¨€¨€¨€¨€  | 2671/3317 [2:18:15<17:42,  1.64s/stock]D:\Projects\auto-select-stock\src\auto_select_stock\predict\data.py:76: RuntimeWarning: invalid value encountered in divide
  result["bb_position"] = np.where(bb_upper != bb_lower, (close - bb_lower) / (bb_upper - bb_lower), 0.5)
Collect signals 2672/3317:  81%|¨€¨€¨€¨€¨€¨€¨€¨€  | 2671/3317 [2:18:16<17:42,  1.64s/stock]Collect signals 2672/3317:  81%|¨€¨€¨€¨€¨€¨€¨€¨€  | 2672/3317 [2:18:16<16:11,  1.51s/stock]D:\Projects\auto-select-stock\src\auto_select_stock\predict\data.py:76: RuntimeWarning: invalid value encountered in divide
  result["bb_position"] = np.where(bb_upper != bb_lower, (close - bb_lower) / (bb_upper - bb_lower), 0.5)
Collect signals 2673/3317:  81%|¨€¨€¨€¨€¨€¨€¨€¨€  | 2672/3317 [2:18:18<16:11,  1.51s/stock]Collect signals 2673/3317:  81%|¨€¨€¨€¨€¨€¨€¨€¨€  | 2673/3317 [2:18:18<17:29,  1.63s/stock]D:\Projects\auto-select-stock\src\auto_select_stock\predict\data.py:76: RuntimeWarning: invalid value encountered in divide
  result["bb_position"] = np.where(bb_upper != bb_lower, (close - bb_lower) / (bb_upper - bb_lower), 0.5)
Collect signals 2674/3317:  81%|¨€¨€¨€¨€¨€¨€¨€¨€  | 2673/3317 [2:18:20<17:29,  1.63s/stock]Collect signals 2674/3317:  81%|¨€¨€¨€¨€¨€¨€¨€¨€  | 2674/3317 [2:18:20<18:07,  1.69s/stock]D:\Projects\auto-select-stock\src\auto_select_stock\predict\data.py:76: RuntimeWarning: invalid value encountered in divide
  result["bb_position"] = np.where(bb_upper != bb_lower, (close - bb_lower) / (bb_upper - bb_lower), 0.5)
Collect signals 2675/3317:  81%|¨€¨€¨€¨€¨€¨€¨€¨€  | 2674/3317 [2:18:21<18:07,  1.69s/stock]Collect signals 2675/3317:  81%|¨€¨€¨€¨€¨€¨€¨€¨€  | 2675/3317 [2:18:21<17:32,  1.64s/stock]D:\Projects\auto-select-stock\src\auto_select_stock\predict\data.py:76: RuntimeWarning: invalid value encountered in divide
  result["bb_position"] = np.where(bb_upper != bb_lower, (close - bb_lower) / (bb_upper - bb_lower), 0.5)
Collect signals 2676/3317:  81%|¨€¨€¨€¨€¨€¨€¨€¨€  | 2675/3317 [2:18:24<17:32,  1.64s/stock]Collect signals 2676/3317:  81%|¨€¨€¨€¨€¨€¨€¨€¨€  | 2676/3317 [2:18:24<19:45,  1.85s/stock]D:\Projects\auto-select-stock\src\auto_select_stock\predict\data.py:76: RuntimeWarning: invalid value encountered in divide
  result["bb_position"] = np.where(bb_upper != bb_lower, (close - bb_lower) / (bb_upper - bb_lower), 0.5)
Collect signals 2677/3317:  81%|¨€¨€¨€¨€¨€¨€¨€¨€  | 2676/3317 [2:18:25<19:45,  1.85s/stock]Collect signals 2677/3317:  81%|¨€¨€¨€¨€¨€¨€¨€¨€  | 2677/3317 [2:18:25<16:19,  1.53s/stock]D:\Projects\auto-select-stock\src\auto_select_stock\predict\data.py:76: RuntimeWarning: invalid value encountered in divide
  result["bb_position"] = np.where(bb_upper != bb_lower, (close - bb_lower) / (bb_upper - bb_lower), 0.5)
Collect signals 2678/3317:  81%|¨€¨€¨€¨€¨€¨€¨€¨€  | 2677/3317 [2:18:27<16:19,  1.53s/stock]Collect signals 2678/3317:  81%|¨€¨€¨€¨€¨€¨€¨€¨€  | 2678/3317 [2:18:27<18:20,  1.72s/stock]D:\Projects\auto-select-stock\src\auto_select_stock\predict\data.py:76: RuntimeWarning: invalid value encountered in divide
  result["bb_position"] = np.where(bb_upper != bb_lower, (close - bb_lower) / (bb_upper - bb_lower), 0.5)
Collect signals 2679/3317:  81%|¨€¨€¨€¨€¨€¨€¨€¨€  | 2678/3317 [2:18:29<18:20,  1.72s/stock]Collect signals 2679/3317:  81%|¨€¨€¨€¨€¨€¨€¨€¨€  | 2679/3317 [2:18:29<19:48,  1.86s/stock]D:\Projects\auto-select-stock\src\auto_select_stock\predict\data.py:76: RuntimeWarning: invalid value encountered in divide
  result["bb_position"] = np.where(bb_upper != bb_lower, (close - bb_lower) / (bb_upper - bb_lower), 0.5)
Collect signals 2680/3317:  81%|¨€¨€¨€¨€¨€¨€¨€¨€  | 2679/3317 [2:18:30<19:48,  1.86s/stock]Collect signals 2680/3317:  81%|¨€¨€¨€¨€¨€¨€¨€¨€  | 2680/3317 [2:18:30<18:27,  1.74s/stock]D:\Projects\auto-select-stock\src\auto_select_stock\predict\data.py:76: RuntimeWarning: invalid value encountered in divide
  result["bb_position"] = np.where(bb_upper != bb_lower, (close - bb_lower) / (bb_upper - bb_lower), 0.5)
Collect signals 2681/3317:  81%|¨€¨€¨€¨€¨€¨€¨€¨€  | 2680/3317 [2:18:31<18:27,  1.74s/stock]Collect signals 2681/3317:  81%|¨€¨€¨€¨€¨€¨€¨€¨€  | 2681/3317 [2:18:31<15:15,  1.44s/stock]D:\Projects\auto-select-stock\src\auto_select_stock\predict\data.py:76: RuntimeWarning: invalid value encountered in divide
  result["bb_position"] = np.where(bb_upper != bb_lower, (close - bb_lower) / (bb_upper - bb_lower), 0.5)
Collect signals 2682/3317:  81%|¨€¨€¨€¨€¨€¨€¨€¨€  | 2681/3317 [2:18:32<15:15,  1.44s/stock]Collect signals 2682/3317:  81%|¨€¨€¨€¨€¨€¨€¨€¨€  | 2682/3317 [2:18:32<13:01,  1.23s/stock]D:\Projects\auto-select-stock\src\auto_select_stock\predict\data.py:76: RuntimeWarning: invalid value encountered in divide
  result["bb_position"] = np.where(bb_upper != bb_lower, (close - bb_lower) / (bb_upper - bb_lower), 0.5)
Collect signals 2683/3317:  81%|¨€¨€¨€¨€¨€¨€¨€¨€  | 2682/3317 [2:18:33<13:01,  1.23s/stock]Collect signals 2683/3317:  81%|¨€¨€¨€¨€¨€¨€¨€¨€  | 2683/3317 [2:18:33<11:26,  1.08s/stock]D:\Projects\auto-select-stock\src\auto_select_stock\predict\data.py:76: RuntimeWarning: invalid value encountered in divide
  result["bb_position"] = np.where(bb_upper != bb_lower, (close - bb_lower) / (bb_upper - bb_lower), 0.5)
Collect signals 2684/3317:  81%|¨€¨€¨€¨€¨€¨€¨€¨€  | 2683/3317 [2:18:33<11:26,  1.08s/stock]Collect signals 2684/3317:  81%|¨€¨€¨€¨€¨€¨€¨€¨€  | 2684/3317 [2:18:33<10:23,  1.02stock/s]D:\Projects\auto-select-stock\src\auto_select_stock\predict\data.py:76: RuntimeWarning: invalid value encountered in divide
  result["bb_position"] = np.where(bb_upper != bb_lower, (close - bb_lower) / (bb_upper - bb_lower), 0.5)
Collect signals 2685/3317:  81%|¨€¨€¨€¨€¨€¨€¨€¨€  | 2684/3317 [2:18:35<10:23,  1.02stock/s]Collect signals 2685/3317:  81%|¨€¨€¨€¨€¨€¨€¨€¨€  | 2685/3317 [2:18:35<13:14,  1.26s/stock]D:\Projects\auto-select-stock\src\auto_select_stock\predict\data.py:76: RuntimeWarning: invalid value encountered in divide
  result["bb_position"] = np.where(bb_upper != bb_lower, (close - bb_lower) / (bb_upper - bb_lower), 0.5)
Collect signals 2686/3317:  81%|¨€¨€¨€¨€¨€¨€¨€¨€  | 2685/3317 [2:18:36<13:14,  1.26s/stock]Collect signals 2686/3317:  81%|¨€¨€¨€¨€¨€¨€¨€¨€  | 2686/3317 [2:18:36<12:57,  1.23s/stock]D:\Projects\auto-select-stock\src\auto_select_stock\predict\data.py:76: RuntimeWarning: invalid value encountered in divide
  result["bb_position"] = np.where(bb_upper != bb_lower, (close - bb_lower) / (bb_upper - bb_lower), 0.5)
Collect signals 2687/3317:  81%|¨€¨€¨€¨€¨€¨€¨€¨€  | 2686/3317 [2:18:39<12:57,  1.23s/stock]Collect signals 2687/3317:  81%|¨€¨€¨€¨€¨€¨€¨€¨€  | 2687/3317 [2:18:39<15:58,  1.52s/stock]D:\Projects\auto-select-stock\src\auto_select_stock\predict\data.py:76: RuntimeWarning: invalid value encountered in divide
  result["bb_position"] = np.where(bb_upper != bb_lower, (close - bb_lower) / (bb_upper - bb_lower), 0.5)
Collect signals 2688/3317:  81%|¨€¨€¨€¨€¨€¨€¨€¨€  | 2687/3317 [2:18:40<15:58,  1.52s/stock]Collect signals 2688/3317:  81%|¨€¨€¨€¨€¨€¨€¨€¨€  | 2688/3317 [2:18:40<15:43,  1.50s/stock]D:\Projects\auto-select-stock\src\auto_select_stock\predict\data.py:76: RuntimeWarning: invalid value encountered in divide
  result["bb_position"] = np.where(bb_upper != bb_lower, (close - bb_lower) / (bb_upper - bb_lower), 0.5)
Collect signals 2689/3317:  81%|¨€¨€¨€¨€¨€¨€¨€¨€  | 2688/3317 [2:18:42<15:43,  1.50s/stock]Collect signals 2689/3317:  81%|¨€¨€¨€¨€¨€¨€¨€¨€  | 2689/3317 [2:18:42<16:38,  1.59s/stock]D:\Projects\auto-select-stock\src\auto_select_stock\predict\data.py:76: RuntimeWarning: invalid value encountered in divide
  result["bb_position"] = np.where(bb_upper != bb_lower, (close - bb_lower) / (bb_upper - bb_lower), 0.5)
Collect signals 2690/3317:  81%|¨€¨€¨€¨€¨€¨€¨€¨€  | 2689/3317 [2:18:43<16:38,  1.59s/stock]Collect signals 2690/3317:  81%|¨€¨€¨€¨€¨€¨€¨€¨€  | 2690/3317 [2:18:43<16:12,  1.55s/stock]D:\Projects\auto-select-stock\src\auto_select_stock\predict\data.py:76: RuntimeWarning: invalid value encountered in divide
  result["bb_position"] = np.where(bb_upper != bb_lower, (close - bb_lower) / (bb_upper - bb_lower), 0.5)
Collect signals 2691/3317:  81%|¨€¨€¨€¨€¨€¨€¨€¨€  | 2690/3317 [2:18:46<16:12,  1.55s/stock]Collect signals 2691/3317:  81%|¨€¨€¨€¨€¨€¨€¨€¨€  | 2691/3317 [2:18:46<18:09,  1.74s/stock]D:\Projects\auto-select-stock\src\auto_select_stock\predict\data.py:76: RuntimeWarning: invalid value encountered in divide
  result["bb_position"] = np.where(bb_upper != bb_lower, (close - bb_lower) / (bb_upper - bb_lower), 0.5)
Collect signals 2692/3317:  81%|¨€¨€¨€¨€¨€¨€¨€¨€  | 2691/3317 [2:18:47<18:09,  1.74s/stock]Collect signals 2692/3317:  81%|¨€¨€¨€¨€¨€¨€¨€¨€  | 2692/3317 [2:18:47<16:12,  1.56s/stock]D:\Projects\auto-select-stock\src\auto_select_stock\predict\data.py:76: RuntimeWarning: invalid value encountered in divide
  result["bb_position"] = np.where(bb_upper != bb_lower, (close - bb_lower) / (bb_upper - bb_lower), 0.5)
Collect signals 2693/3317:  81%|¨€¨€¨€¨€¨€¨€¨€¨€  | 2692/3317 [2:18:47<16:12,  1.56s/stock]Collect signals 2693/3317:  81%|¨€¨€¨€¨€¨€¨€¨€¨€  | 2693/3317 [2:18:47<13:38,  1.31s/stock]D:\Projects\auto-select-stock\src\auto_select_stock\predict\data.py:76: RuntimeWarning: invalid value encountered in divide
  result["bb_position"] = np.where(bb_upper != bb_lower, (close - bb_lower) / (bb_upper - bb_lower), 0.5)
Collect signals 2694/3317:  81%|¨€¨€¨€¨€¨€¨€¨€¨€  | 2693/3317 [2:18:49<13:38,  1.31s/stock]Collect signals 2694/3317:  81%|¨€¨€¨€¨€¨€¨€¨€¨€  | 2694/3317 [2:18:49<15:24,  1.48s/stock]D:\Projects\auto-select-stock\src\auto_select_stock\predict\data.py:76: RuntimeWarning: invalid value encountered in divide
  result["bb_position"] = np.where(bb_upper != bb_lower, (close - bb_lower) / (bb_upper - bb_lower), 0.5)
Collect signals 2695/3317:  81%|¨€¨€¨€¨€¨€¨€¨€¨€  | 2694/3317 [2:18:50<15:24,  1.48s/stock]Collect signals 2695/3317:  81%|¨€¨€¨€¨€¨€¨€¨€¨€  | 2695/3317 [2:18:50<14:16,  1.38s/stock]D:\Projects\auto-select-stock\src\auto_select_stock\predict\data.py:76: RuntimeWarning: invalid value encountered in divide
  result["bb_position"] = np.where(bb_upper != bb_lower, (close - bb_lower) / (bb_upper - bb_lower), 0.5)
Collect signals 2696/3317:  81%|¨€¨€¨€¨€¨€¨€¨€¨€  | 2695/3317 [2:18:52<14:16,  1.38s/stock]Collect signals 2696/3317:  81%|¨€¨€¨€¨€¨€¨€¨€¨€¨‡ | 2696/3317 [2:18:52<15:42,  1.52s/stock]D:\Projects\auto-select-stock\src\auto_select_stock\predict\data.py:76: RuntimeWarning: invalid value encountered in divide
  result["bb_position"] = np.where(bb_upper != bb_lower, (close - bb_lower) / (bb_upper - bb_lower), 0.5)
Collect signals 2697/3317:  81%|¨€¨€¨€¨€¨€¨€¨€¨€¨‡ | 2696/3317 [2:18:54<15:42,  1.52s/stock]Collect signals 2697/3317:  81%|¨€¨€¨€¨€¨€¨€¨€¨€¨‡ | 2697/3317 [2:18:54<16:41,  1.62s/stock]D:\Projects\auto-select-stock\src\auto_select_stock\predict\data.py:76: RuntimeWarning: invalid value encountered in divide
  result["bb_position"] = np.where(bb_upper != bb_lower, (close - bb_lower) / (bb_upper - bb_lower), 0.5)
Collect signals 2698/3317:  81%|¨€¨€¨€¨€¨€¨€¨€¨€¨‡ | 2697/3317 [2:18:55<16:41,  1.62s/stock]Collect signals 2698/3317:  81%|¨€¨€¨€¨€¨€¨€¨€¨€¨‡ | 2698/3317 [2:18:55<14:01,  1.36s/stock]D:\Projects\auto-select-stock\src\auto_select_stock\predict\data.py:76: RuntimeWarning: invalid value encountered in divide
  result["bb_position"] = np.where(bb_upper != bb_lower, (close - bb_lower) / (bb_upper - bb_lower), 0.5)
Collect signals 2699/3317:  81%|¨€¨€¨€¨€¨€¨€¨€¨€¨‡ | 2698/3317 [2:18:56<14:01,  1.36s/stock]Collect signals 2699/3317:  81%|¨€¨€¨€¨€¨€¨€¨€¨€¨‡ | 2699/3317 [2:18:56<14:25,  1.40s/stock]D:\Projects\auto-select-stock\src\auto_select_stock\predict\data.py:76: RuntimeWarning: invalid value encountered in divide
  result["bb_position"] = np.where(bb_upper != bb_lower, (close - bb_lower) / (bb_upper - bb_lower), 0.5)
Collect signals 2700/3317:  81%|¨€¨€¨€¨€¨€¨€¨€¨€¨‡ | 2699/3317 [2:18:58<14:25,  1.40s/stock]Collect signals 2700/3317:  81%|¨€¨€¨€¨€¨€¨€¨€¨€¨‡ | 2700/3317 [2:18:58<15:48,  1.54s/stock]D:\Projects\auto-select-stock\src\auto_select_stock\predict\data.py:76: RuntimeWarning: invalid value encountered in divide
  result["bb_position"] = np.where(bb_upper != bb_lower, (close - bb_lower) / (bb_upper - bb_lower), 0.5)
Collect signals 2701/3317:  81%|¨€¨€¨€¨€¨€¨€¨€¨€¨‡ | 2700/3317 [2:19:00<15:48,  1.54s/stock]Collect signals 2701/3317:  81%|¨€¨€¨€¨€¨€¨€¨€¨€¨‡ | 2701/3317 [2:19:00<16:42,  1.63s/stock]D:\Projects\auto-select-stock\src\auto_select_stock\predict\data.py:76: RuntimeWarning: invalid value encountered in divide
  result["bb_position"] = np.where(bb_upper != bb_lower, (close - bb_lower) / (bb_upper - bb_lower), 0.5)
Collect signals 2702/3317:  81%|¨€¨€¨€¨€¨€¨€¨€¨€¨‡ | 2701/3317 [2:19:01<16:42,  1.63s/stock]Collect signals 2702/3317:  81%|¨€¨€¨€¨€¨€¨€¨€¨€¨‡ | 2702/3317 [2:19:01<14:00,  1.37s/stock]D:\Projects\auto-select-stock\src\auto_select_stock\predict\data.py:76: RuntimeWarning: invalid value encountered in divide
  result["bb_position"] = np.where(bb_upper != bb_lower, (close - bb_lower) / (bb_upper - bb_lower), 0.5)
Collect signals 2703/3317:  81%|¨€¨€¨€¨€¨€¨€¨€¨€¨‡ | 2702/3317 [2:19:02<14:00,  1.37s/stock]Collect signals 2703/3317:  81%|¨€¨€¨€¨€¨€¨€¨€¨€¨‡ | 2703/3317 [2:19:02<12:05,  1.18s/stock]D:\Projects\auto-select-stock\src\auto_select_stock\predict\data.py:76: RuntimeWarning: invalid value encountered in divide
  result["bb_position"] = np.where(bb_upper != bb_lower, (close - bb_lower) / (bb_upper - bb_lower), 0.5)
Collect signals 2704/3317:  81%|¨€¨€¨€¨€¨€¨€¨€¨€¨‡ | 2703/3317 [2:19:03<12:05,  1.18s/stock]Collect signals 2704/3317:  82%|¨€¨€¨€¨€¨€¨€¨€¨€¨‡ | 2704/3317 [2:19:03<14:05,  1.38s/stock]D:\Projects\auto-select-stock\src\auto_select_stock\predict\data.py:76: RuntimeWarning: invalid value encountered in divide
  result["bb_position"] = np.where(bb_upper != bb_lower, (close - bb_lower) / (bb_upper - bb_lower), 0.5)
Collect signals 2705/3317:  82%|¨€¨€¨€¨€¨€¨€¨€¨€¨‡ | 2704/3317 [2:19:05<14:05,  1.38s/stock]Collect signals 2705/3317:  82%|¨€¨€¨€¨€¨€¨€¨€¨€¨‡ | 2705/3317 [2:19:05<13:13,  1.30s/stock]D:\Projects\auto-select-stock\src\auto_select_stock\predict\data.py:76: RuntimeWarning: invalid value encountered in divide
  result["bb_position"] = np.where(bb_upper != bb_lower, (close - bb_lower) / (bb_upper - bb_lower), 0.5)
Collect signals 2706/3317:  82%|¨€¨€¨€¨€¨€¨€¨€¨€¨‡ | 2705/3317 [2:19:06<13:13,  1.30s/stock]Collect signals 2706/3317:  82%|¨€¨€¨€¨€¨€¨€¨€¨€¨‡ | 2706/3317 [2:19:06<14:58,  1.47s/stock]D:\Projects\auto-select-stock\src\auto_select_stock\predict\data.py:76: RuntimeWarning: invalid value encountered in divide
  result["bb_position"] = np.where(bb_upper != bb_lower, (close - bb_lower) / (bb_upper - bb_lower), 0.5)
Collect signals 2707/3317:  82%|¨€¨€¨€¨€¨€¨€¨€¨€¨‡ | 2706/3317 [2:19:08<14:58,  1.47s/stock]Collect signals 2707/3317:  82%|¨€¨€¨€¨€¨€¨€¨€¨€¨‡ | 2707/3317 [2:19:08<16:25,  1.62s/stock]D:\Projects\auto-select-stock\src\auto_select_stock\predict\data.py:76: RuntimeWarning: invalid value encountered in divide
  result["bb_position"] = np.where(bb_upper != bb_lower, (close - bb_lower) / (bb_upper - bb_lower), 0.5)
Collect signals 2708/3317:  82%|¨€¨€¨€¨€¨€¨€¨€¨€¨‡ | 2707/3317 [2:19:09<16:25,  1.62s/stock]Collect signals 2708/3317:  82%|¨€¨€¨€¨€¨€¨€¨€¨€¨‡ | 2708/3317 [2:19:09<13:52,  1.37s/stock]D:\Projects\auto-select-stock\src\auto_select_stock\predict\data.py:76: RuntimeWarning: invalid value encountered in divide
  result["bb_position"] = np.where(bb_upper != bb_lower, (close - bb_lower) / (bb_upper - bb_lower), 0.5)
Collect signals 2709/3317:  82%|¨€¨€¨€¨€¨€¨€¨€¨€¨‡ | 2708/3317 [2:19:11<13:52,  1.37s/stock]Collect signals 2709/3317:  82%|¨€¨€¨€¨€¨€¨€¨€¨€¨‡ | 2709/3317 [2:19:11<15:18,  1.51s/stock]D:\Projects\auto-select-stock\src\auto_select_stock\predict\data.py:76: RuntimeWarning: invalid value encountered in divide
  result["bb_position"] = np.where(bb_upper != bb_lower, (close - bb_lower) / (bb_upper - bb_lower), 0.5)
Collect signals 2710/3317:  82%|¨€¨€¨€¨€¨€¨€¨€¨€¨‡ | 2709/3317 [2:19:12<15:18,  1.51s/stock]Collect signals 2710/3317:  82%|¨€¨€¨€¨€¨€¨€¨€¨€¨‡ | 2710/3317 [2:19:12<14:08,  1.40s/stock]D:\Projects\auto-select-stock\src\auto_select_stock\predict\data.py:76: RuntimeWarning: invalid value encountered in divide
  result["bb_position"] = np.where(bb_upper != bb_lower, (close - bb_lower) / (bb_upper - bb_lower), 0.5)
Collect signals 2711/3317:  82%|¨€¨€¨€¨€¨€¨€¨€¨€¨‡ | 2710/3317 [2:19:13<14:08,  1.40s/stock]Collect signals 2711/3317:  82%|¨€¨€¨€¨€¨€¨€¨€¨€¨‡ | 2711/3317 [2:19:13<12:09,  1.20s/stock]D:\Projects\auto-select-stock\src\auto_select_stock\predict\data.py:76: RuntimeWarning: invalid value encountered in divide
  result["bb_position"] = np.where(bb_upper != bb_lower, (close - bb_lower) / (bb_upper - bb_lower), 0.5)
Collect signals 2712/3317:  82%|¨€¨€¨€¨€¨€¨€¨€¨€¨‡ | 2711/3317 [2:19:14<12:09,  1.20s/stock]Collect signals 2712/3317:  82%|¨€¨€¨€¨€¨€¨€¨€¨€¨‡ | 2712/3317 [2:19:14<10:45,  1.07s/stock]D:\Projects\auto-select-stock\src\auto_select_stock\predict\data.py:76: RuntimeWarning: invalid value encountered in divide
  result["bb_position"] = np.where(bb_upper != bb_lower, (close - bb_lower) / (bb_upper - bb_lower), 0.5)
Collect signals 2713/3317:  82%|¨€¨€¨€¨€¨€¨€¨€¨€¨‡ | 2712/3317 [2:19:15<10:45,  1.07s/stock]Collect signals 2713/3317:  82%|¨€¨€¨€¨€¨€¨€¨€¨€¨‡ | 2713/3317 [2:19:15<13:07,  1.30s/stock]D:\Projects\auto-select-stock\src\auto_select_stock\predict\data.py:76: RuntimeWarning: invalid value encountered in divide
  result["bb_position"] = np.where(bb_upper != bb_lower, (close - bb_lower) / (bb_upper - bb_lower), 0.5)
Collect signals 2714/3317:  82%|¨€¨€¨€¨€¨€¨€¨€¨€¨‡ | 2713/3317 [2:19:17<13:07,  1.30s/stock]Collect signals 2714/3317:  82%|¨€¨€¨€¨€¨€¨€¨€¨€¨‡ | 2714/3317 [2:19:17<14:41,  1.46s/stock]D:\Projects\auto-select-stock\src\auto_select_stock\predict\data.py:76: RuntimeWarning: invalid value encountered in divide
  result["bb_position"] = np.where(bb_upper != bb_lower, (close - bb_lower) / (bb_upper - bb_lower), 0.5)
Collect signals 2715/3317:  82%|¨€¨€¨€¨€¨€¨€¨€¨€¨‡ | 2714/3317 [2:19:19<14:41,  1.46s/stock]Collect signals 2715/3317:  82%|¨€¨€¨€¨€¨€¨€¨€¨€¨‡ | 2715/3317 [2:19:19<14:46,  1.47s/stock]D:\Projects\auto-select-stock\src\auto_select_stock\predict\data.py:76: RuntimeWarning: invalid value encountered in divide
  result["bb_position"] = np.where(bb_upper != bb_lower, (close - bb_lower) / (bb_upper - bb_lower), 0.5)
Collect signals 2716/3317:  82%|¨€¨€¨€¨€¨€¨€¨€¨€¨‡ | 2715/3317 [2:19:20<14:46,  1.47s/stock]Collect signals 2716/3317:  82%|¨€¨€¨€¨€¨€¨€¨€¨€¨‡ | 2716/3317 [2:19:20<12:31,  1.25s/stock]D:\Projects\auto-select-stock\src\auto_select_stock\predict\data.py:76: RuntimeWarning: invalid value encountered in divide
  result["bb_position"] = np.where(bb_upper != bb_lower, (close - bb_lower) / (bb_upper - bb_lower), 0.5)
Collect signals 2717/3317:  82%|¨€¨€¨€¨€¨€¨€¨€¨€¨‡ | 2716/3317 [2:19:21<12:31,  1.25s/stock]Collect signals 2717/3317:  82%|¨€¨€¨€¨€¨€¨€¨€¨€¨‡ | 2717/3317 [2:19:21<14:17,  1.43s/stock]D:\Projects\auto-select-stock\src\auto_select_stock\predict\data.py:76: RuntimeWarning: invalid value encountered in divide
  result["bb_position"] = np.where(bb_upper != bb_lower, (close - bb_lower) / (bb_upper - bb_lower), 0.5)
Collect signals 2718/3317:  82%|¨€¨€¨€¨€¨€¨€¨€¨€¨‡ | 2717/3317 [2:19:23<14:17,  1.43s/stock]Collect signals 2718/3317:  82%|¨€¨€¨€¨€¨€¨€¨€¨€¨‡ | 2718/3317 [2:19:23<15:32,  1.56s/stock]D:\Projects\auto-select-stock\src\auto_select_stock\predict\data.py:76: RuntimeWarning: invalid value encountered in divide
  result["bb_position"] = np.where(bb_upper != bb_lower, (close - bb_lower) / (bb_upper - bb_lower), 0.5)
Collect signals 2719/3317:  82%|¨€¨€¨€¨€¨€¨€¨€¨€¨‡ | 2718/3317 [2:19:24<15:32,  1.56s/stock]Collect signals 2719/3317:  82%|¨€¨€¨€¨€¨€¨€¨€¨€¨‡ | 2719/3317 [2:19:24<13:05,  1.31s/stock]D:\Projects\auto-select-stock\src\auto_select_stock\predict\data.py:76: RuntimeWarning: invalid value encountered in divide
  result["bb_position"] = np.where(bb_upper != bb_lower, (close - bb_lower) / (bb_upper - bb_lower), 0.5)
Collect signals 2720/3317:  82%|¨€¨€¨€¨€¨€¨€¨€¨€¨‡ | 2719/3317 [2:19:26<13:05,  1.31s/stock]Collect signals 2720/3317:  82%|¨€¨€¨€¨€¨€¨€¨€¨€¨‡ | 2720/3317 [2:19:26<14:46,  1.48s/stock]D:\Projects\auto-select-stock\src\auto_select_stock\predict\data.py:76: RuntimeWarning: invalid value encountered in divide
  result["bb_position"] = np.where(bb_upper != bb_lower, (close - bb_lower) / (bb_upper - bb_lower), 0.5)
Collect signals 2721/3317:  82%|¨€¨€¨€¨€¨€¨€¨€¨€¨‡ | 2720/3317 [2:19:27<14:46,  1.48s/stock]Collect signals 2721/3317:  82%|¨€¨€¨€¨€¨€¨€¨€¨€¨‡ | 2721/3317 [2:19:27<14:58,  1.51s/stock]D:\Projects\auto-select-stock\src\auto_select_stock\predict\data.py:76: RuntimeWarning: invalid value encountered in divide
  result["bb_position"] = np.where(bb_upper != bb_lower, (close - bb_lower) / (bb_upper - bb_lower), 0.5)
Collect signals 2722/3317:  82%|¨€¨€¨€¨€¨€¨€¨€¨€¨‡ | 2721/3317 [2:19:29<14:58,  1.51s/stock]Collect signals 2722/3317:  82%|¨€¨€¨€¨€¨€¨€¨€¨€¨‡ | 2722/3317 [2:19:29<15:55,  1.61s/stock]D:\Projects\auto-select-stock\src\auto_select_stock\predict\data.py:76: RuntimeWarning: invalid value encountered in divide
  result["bb_position"] = np.where(bb_upper != bb_lower, (close - bb_lower) / (bb_upper - bb_lower), 0.5)
Collect signals 2723/3317:  82%|¨€¨€¨€¨€¨€¨€¨€¨€¨‡ | 2722/3317 [2:19:30<15:55,  1.61s/stock]Collect signals 2723/3317:  82%|¨€¨€¨€¨€¨€¨€¨€¨€¨‡ | 2723/3317 [2:19:30<14:28,  1.46s/stock]D:\Projects\auto-select-stock\src\auto_select_stock\predict\data.py:76: RuntimeWarning: invalid value encountered in divide
  result["bb_position"] = np.where(bb_upper != bb_lower, (close - bb_lower) / (bb_upper - bb_lower), 0.5)
Collect signals 2724/3317:  82%|¨€¨€¨€¨€¨€¨€¨€¨€¨‡ | 2723/3317 [2:19:32<14:28,  1.46s/stock]Collect signals 2724/3317:  82%|¨€¨€¨€¨€¨€¨€¨€¨€¨‡ | 2724/3317 [2:19:32<15:39,  1.58s/stock]D:\Projects\auto-select-stock\src\auto_select_stock\predict\data.py:76: RuntimeWarning: invalid value encountered in divide
  result["bb_position"] = np.where(bb_upper != bb_lower, (close - bb_lower) / (bb_upper - bb_lower), 0.5)
Collect signals 2725/3317:  82%|¨€¨€¨€¨€¨€¨€¨€¨€¨‡ | 2724/3317 [2:19:34<15:39,  1.58s/stock]Collect signals 2725/3317:  82%|¨€¨€¨€¨€¨€¨€¨€¨€¨‡ | 2725/3317 [2:19:34<15:13,  1.54s/stock]D:\Projects\auto-select-stock\src\auto_select_stock\predict\data.py:76: RuntimeWarning: invalid value encountered in divide
  result["bb_position"] = np.where(bb_upper != bb_lower, (close - bb_lower) / (bb_upper - bb_lower), 0.5)
Collect signals 2726/3317:  82%|¨€¨€¨€¨€¨€¨€¨€¨€¨‡ | 2725/3317 [2:19:35<15:13,  1.54s/stock]Collect signals 2726/3317:  82%|¨€¨€¨€¨€¨€¨€¨€¨€¨‡ | 2726/3317 [2:19:35<14:01,  1.42s/stock]D:\Projects\auto-select-stock\src\auto_select_stock\predict\data.py:76: RuntimeWarning: invalid value encountered in divide
  result["bb_position"] = np.where(bb_upper != bb_lower, (close - bb_lower) / (bb_upper - bb_lower), 0.5)
Collect signals 2727/3317:  82%|¨€¨€¨€¨€¨€¨€¨€¨€¨‡ | 2726/3317 [2:19:36<14:01,  1.42s/stock]Collect signals 2727/3317:  82%|¨€¨€¨€¨€¨€¨€¨€¨€¨‡ | 2727/3317 [2:19:36<12:05,  1.23s/stock]D:\Projects\auto-select-stock\src\auto_select_stock\predict\data.py:76: RuntimeWarning: invalid value encountered in divide
  result["bb_position"] = np.where(bb_upper != bb_lower, (close - bb_lower) / (bb_upper - bb_lower), 0.5)
Collect signals 2728/3317:  82%|¨€¨€¨€¨€¨€¨€¨€¨€¨‡ | 2727/3317 [2:19:37<12:05,  1.23s/stock]Collect signals 2728/3317:  82%|¨€¨€¨€¨€¨€¨€¨€¨€¨‡ | 2728/3317 [2:19:37<13:09,  1.34s/stock]D:\Projects\auto-select-stock\src\auto_select_stock\predict\data.py:76: RuntimeWarning: invalid value encountered in divide
  result["bb_position"] = np.where(bb_upper != bb_lower, (close - bb_lower) / (bb_upper - bb_lower), 0.5)
Collect signals 2729/3317:  82%|¨€¨€¨€¨€¨€¨€¨€¨€¨‡ | 2728/3317 [2:19:38<13:09,  1.34s/stock]Collect signals 2729/3317:  82%|¨€¨€¨€¨€¨€¨€¨€¨€¨‡ | 2729/3317 [2:19:38<11:33,  1.18s/stock]D:\Projects\auto-select-stock\src\auto_select_stock\predict\data.py:76: RuntimeWarning: invalid value encountered in divide
  result["bb_position"] = np.where(bb_upper != bb_lower, (close - bb_lower) / (bb_upper - bb_lower), 0.5)
Collect signals 2730/3317:  82%|¨€¨€¨€¨€¨€¨€¨€¨€¨‡ | 2729/3317 [2:19:39<11:33,  1.18s/stock]Collect signals 2730/3317:  82%|¨€¨€¨€¨€¨€¨€¨€¨€¨‡ | 2730/3317 [2:19:39<10:16,  1.05s/stock]D:\Projects\auto-select-stock\src\auto_select_stock\predict\data.py:76: RuntimeWarning: invalid value encountered in divide
  result["bb_position"] = np.where(bb_upper != bb_lower, (close - bb_lower) / (bb_upper - bb_lower), 0.5)
Collect signals 2731/3317:  82%|¨€¨€¨€¨€¨€¨€¨€¨€¨‡ | 2730/3317 [2:19:41<10:16,  1.05s/stock]Collect signals 2731/3317:  82%|¨€¨€¨€¨€¨€¨€¨€¨€¨‡ | 2731/3317 [2:19:41<12:36,  1.29s/stock]D:\Projects\auto-select-stock\src\auto_select_stock\predict\data.py:76: RuntimeWarning: invalid value encountered in divide
  result["bb_position"] = np.where(bb_upper != bb_lower, (close - bb_lower) / (bb_upper - bb_lower), 0.5)
Collect signals 2732/3317:  82%|¨€¨€¨€¨€¨€¨€¨€¨€¨‡ | 2731/3317 [2:19:41<12:36,  1.29s/stock]Collect signals 2732/3317:  82%|¨€¨€¨€¨€¨€¨€¨€¨€¨‡ | 2732/3317 [2:19:41<11:16,  1.16s/stock]D:\Projects\auto-select-stock\src\auto_select_stock\predict\data.py:76: RuntimeWarning: invalid value encountered in divide
  result["bb_position"] = np.where(bb_upper != bb_lower, (close - bb_lower) / (bb_upper - bb_lower), 0.5)
Collect signals 2733/3317:  82%|¨€¨€¨€¨€¨€¨€¨€¨€¨‡ | 2732/3317 [2:19:43<11:16,  1.16s/stock]Collect signals 2733/3317:  82%|¨€¨€¨€¨€¨€¨€¨€¨€¨‡ | 2733/3317 [2:19:43<11:17,  1.16s/stock]D:\Projects\auto-select-stock\src\auto_select_stock\predict\data.py:76: RuntimeWarning: invalid value encountered in divide
  result["bb_position"] = np.where(bb_upper != bb_lower, (close - bb_lower) / (bb_upper - bb_lower), 0.5)
Collect signals 2734/3317:  82%|¨€¨€¨€¨€¨€¨€¨€¨€¨‡ | 2733/3317 [2:19:45<11:17,  1.16s/stock]Collect signals 2734/3317:  82%|¨€¨€¨€¨€¨€¨€¨€¨€¨‡ | 2734/3317 [2:19:45<13:16,  1.37s/stock]D:\Projects\auto-select-stock\src\auto_select_stock\predict\data.py:76: RuntimeWarning: invalid value encountered in divide
  result["bb_position"] = np.where(bb_upper != bb_lower, (close - bb_lower) / (bb_upper - bb_lower), 0.5)
Collect signals 2735/3317:  82%|¨€¨€¨€¨€¨€¨€¨€¨€¨‡ | 2734/3317 [2:19:45<13:16,  1.37s/stock]Collect signals 2735/3317:  82%|¨€¨€¨€¨€¨€¨€¨€¨€¨‡ | 2735/3317 [2:19:45<11:27,  1.18s/stock]D:\Projects\auto-select-stock\src\auto_select_stock\predict\data.py:76: RuntimeWarning: invalid value encountered in divide
  result["bb_position"] = np.where(bb_upper != bb_lower, (close - bb_lower) / (bb_upper - bb_lower), 0.5)
Collect signals 2736/3317:  82%|¨€¨€¨€¨€¨€¨€¨€¨€¨‡ | 2735/3317 [2:19:47<11:27,  1.18s/stock]Collect signals 2736/3317:  82%|¨€¨€¨€¨€¨€¨€¨€¨€¨‡ | 2736/3317 [2:19:47<12:23,  1.28s/stock]D:\Projects\auto-select-stock\src\auto_select_stock\predict\data.py:76: RuntimeWarning: invalid value encountered in divide
  result["bb_position"] = np.where(bb_upper != bb_lower, (close - bb_lower) / (bb_upper - bb_lower), 0.5)
Collect signals 2737/3317:  82%|¨€¨€¨€¨€¨€¨€¨€¨€¨‡ | 2736/3317 [2:19:48<12:23,  1.28s/stock]Collect signals 2737/3317:  83%|¨€¨€¨€¨€¨€¨€¨€¨€¨† | 2737/3317 [2:19:48<10:47,  1.12s/stock]D:\Projects\auto-select-stock\src\auto_select_stock\predict\data.py:76: RuntimeWarning: invalid value encountered in divide
  result["bb_position"] = np.where(bb_upper != bb_lower, (close - bb_lower) / (bb_upper - bb_lower), 0.5)
Collect signals 2738/3317:  83%|¨€¨€¨€¨€¨€¨€¨€¨€¨† | 2737/3317 [2:19:49<10:47,  1.12s/stock]Collect signals 2738/3317:  83%|¨€¨€¨€¨€¨€¨€¨€¨€¨† | 2738/3317 [2:19:49<11:59,  1.24s/stock]D:\Projects\auto-select-stock\src\auto_select_stock\predict\data.py:76: RuntimeWarning: invalid value encountered in divide
  result["bb_position"] = np.where(bb_upper != bb_lower, (close - bb_lower) / (bb_upper - bb_lower), 0.5)
Collect signals 2739/3317:  83%|¨€¨€¨€¨€¨€¨€¨€¨€¨† | 2738/3317 [2:19:51<11:59,  1.24s/stock]Collect signals 2739/3317:  83%|¨€¨€¨€¨€¨€¨€¨€¨€¨† | 2739/3317 [2:19:51<12:46,  1.33s/stock]D:\Projects\auto-select-stock\src\auto_select_stock\predict\data.py:76: RuntimeWarning: invalid value encountered in divide
  result["bb_position"] = np.where(bb_upper != bb_lower, (close - bb_lower) / (bb_upper - bb_lower), 0.5)
Collect signals 2740/3317:  83%|¨€¨€¨€¨€¨€¨€¨€¨€¨† | 2739/3317 [2:19:52<12:46,  1.33s/stock]Collect signals 2740/3317:  83%|¨€¨€¨€¨€¨€¨€¨€¨€¨† | 2740/3317 [2:19:52<14:24,  1.50s/stock]D:\Projects\auto-select-stock\src\auto_select_stock\predict\data.py:76: RuntimeWarning: invalid value encountered in divide
  result["bb_position"] = np.where(bb_upper != bb_lower, (close - bb_lower) / (bb_upper - bb_lower), 0.5)
Collect signals 2741/3317:  83%|¨€¨€¨€¨€¨€¨€¨€¨€¨† | 2740/3317 [2:19:54<14:24,  1.50s/stock]Collect signals 2741/3317:  83%|¨€¨€¨€¨€¨€¨€¨€¨€¨† | 2741/3317 [2:19:54<14:17,  1.49s/stock]D:\Projects\auto-select-stock\src\auto_select_stock\predict\data.py:76: RuntimeWarning: invalid value encountered in divide
  result["bb_position"] = np.where(bb_upper != bb_lower, (close - bb_lower) / (bb_upper - bb_lower), 0.5)
Collect signals 2742/3317:  83%|¨€¨€¨€¨€¨€¨€¨€¨€¨† | 2741/3317 [2:19:56<14:17,  1.49s/stock]Collect signals 2742/3317:  83%|¨€¨€¨€¨€¨€¨€¨€¨€¨† | 2742/3317 [2:19:56<14:33,  1.52s/stock]D:\Projects\auto-select-stock\src\auto_select_stock\predict\data.py:76: RuntimeWarning: invalid value encountered in divide
  result["bb_position"] = np.where(bb_upper != bb_lower, (close - bb_lower) / (bb_upper - bb_lower), 0.5)
Collect signals 2743/3317:  83%|¨€¨€¨€¨€¨€¨€¨€¨€¨† | 2742/3317 [2:19:58<14:33,  1.52s/stock]Collect signals 2743/3317:  83%|¨€¨€¨€¨€¨€¨€¨€¨€¨† | 2743/3317 [2:19:58<15:51,  1.66s/stock]D:\Projects\auto-select-stock\src\auto_select_stock\predict\data.py:76: RuntimeWarning: invalid value encountered in divide
  result["bb_position"] = np.where(bb_upper != bb_lower, (close - bb_lower) / (bb_upper - bb_lower), 0.5)
Collect signals 2744/3317:  83%|¨€¨€¨€¨€¨€¨€¨€¨€¨† | 2743/3317 [2:19:58<15:51,  1.66s/stock]Collect signals 2744/3317:  83%|¨€¨€¨€¨€¨€¨€¨€¨€¨† | 2744/3317 [2:19:58<12:17,  1.29s/stock]D:\Projects\auto-select-stock\src\auto_select_stock\predict\data.py:76: RuntimeWarning: invalid value encountered in divide
  result["bb_position"] = np.where(bb_upper != bb_lower, (close - bb_lower) / (bb_upper - bb_lower), 0.5)
Collect signals 2745/3317:  83%|¨€¨€¨€¨€¨€¨€¨€¨€¨† | 2744/3317 [2:19:59<12:17,  1.29s/stock]Collect signals 2745/3317:  83%|¨€¨€¨€¨€¨€¨€¨€¨€¨† | 2745/3317 [2:19:59<10:47,  1.13s/stock]D:\Projects\auto-select-stock\src\auto_select_stock\predict\data.py:76: RuntimeWarning: invalid value encountered in divide
  result["bb_position"] = np.where(bb_upper != bb_lower, (close - bb_lower) / (bb_upper - bb_lower), 0.5)
Collect signals 2746/3317:  83%|¨€¨€¨€¨€¨€¨€¨€¨€¨† | 2745/3317 [2:19:59<10:47,  1.13s/stock]Collect signals 2746/3317:  83%|¨€¨€¨€¨€¨€¨€¨€¨€¨† | 2746/3317 [2:19:59<08:41,  1.09stock/s]D:\Projects\auto-select-stock\src\auto_select_stock\predict\data.py:76: RuntimeWarning: invalid value encountered in divide
  result["bb_position"] = np.where(bb_upper != bb_lower, (close - bb_lower) / (bb_upper - bb_lower), 0.5)
Collect signals 2747/3317:  83%|¨€¨€¨€¨€¨€¨€¨€¨€¨† | 2746/3317 [2:20:00<08:41,  1.09stock/s]Collect signals 2747/3317:  83%|¨€¨€¨€¨€¨€¨€¨€¨€¨† | 2747/3317 [2:20:00<09:14,  1.03stock/s]D:\Projects\auto-select-stock\src\auto_select_stock\predict\data.py:76: RuntimeWarning: invalid value encountered in divide
  result["bb_position"] = np.where(bb_upper != bb_lower, (close - bb_lower) / (bb_upper - bb_lower), 0.5)
Collect signals 2748/3317:  83%|¨€¨€¨€¨€¨€¨€¨€¨€¨† | 2747/3317 [2:20:01<09:14,  1.03stock/s]Collect signals 2748/3317:  83%|¨€¨€¨€¨€¨€¨€¨€¨€¨† | 2748/3317 [2:20:01<08:44,  1.09stock/s]D:\Projects\auto-select-stock\src\auto_select_stock\predict\data.py:76: RuntimeWarning: invalid value encountered in divide
  result["bb_position"] = np.where(bb_upper != bb_lower, (close - bb_lower) / (bb_upper - bb_lower), 0.5)
Collect signals 2749/3317:  83%|¨€¨€¨€¨€¨€¨€¨€¨€¨† | 2748/3317 [2:20:03<08:44,  1.09stock/s]Collect signals 2749/3317:  83%|¨€¨€¨€¨€¨€¨€¨€¨€¨† | 2749/3317 [2:20:03<10:23,  1.10s/stock]D:\Projects\auto-select-stock\src\auto_select_stock\predict\data.py:76: RuntimeWarning: invalid value encountered in divide
  result["bb_position"] = np.where(bb_upper != bb_lower, (close - bb_lower) / (bb_upper - bb_lower), 0.5)
Collect signals 2750/3317:  83%|¨€¨€¨€¨€¨€¨€¨€¨€¨† | 2749/3317 [2:20:04<10:23,  1.10s/stock]Collect signals 2750/3317:  83%|¨€¨€¨€¨€¨€¨€¨€¨€¨† | 2750/3317 [2:20:04<10:29,  1.11s/stock]D:\Projects\auto-select-stock\src\auto_select_stock\predict\data.py:76: RuntimeWarning: invalid value encountered in divide
  result["bb_position"] = np.where(bb_upper != bb_lower, (close - bb_lower) / (bb_upper - bb_lower), 0.5)
Collect signals 2751/3317:  83%|¨€¨€¨€¨€¨€¨€¨€¨€¨† | 2750/3317 [2:20:05<10:29,  1.11s/stock]Collect signals 2751/3317:  83%|¨€¨€¨€¨€¨€¨€¨€¨€¨† | 2751/3317 [2:20:05<11:37,  1.23s/stock]D:\Projects\auto-select-stock\src\auto_select_stock\predict\data.py:76: RuntimeWarning: invalid value encountered in divide
  result["bb_position"] = np.where(bb_upper != bb_lower, (close - bb_lower) / (bb_upper - bb_lower), 0.5)
Collect signals 2752/3317:  83%|¨€¨€¨€¨€¨€¨€¨€¨€¨† | 2751/3317 [2:20:07<11:37,  1.23s/stock]Collect signals 2752/3317:  83%|¨€¨€¨€¨€¨€¨€¨€¨€¨† | 2752/3317 [2:20:07<13:36,  1.44s/stock]D:\Projects\auto-select-stock\src\auto_select_stock\predict\data.py:76: RuntimeWarning: invalid value encountered in divide
  result["bb_position"] = np.where(bb_upper != bb_lower, (close - bb_lower) / (bb_upper - bb_lower), 0.5)
Collect signals 2753/3317:  83%|¨€¨€¨€¨€¨€¨€¨€¨€¨† | 2752/3317 [2:20:07<13:36,  1.44s/stock]Collect signals 2753/3317:  83%|¨€¨€¨€¨€¨€¨€¨€¨€¨† | 2753/3317 [2:20:07<10:34,  1.13s/stock]D:\Projects\auto-select-stock\src\auto_select_stock\predict\data.py:76: RuntimeWarning: invalid value encountered in divide
  result["bb_position"] = np.where(bb_upper != bb_lower, (close - bb_lower) / (bb_upper - bb_lower), 0.5)
Collect signals 2754/3317:  83%|¨€¨€¨€¨€¨€¨€¨€¨€¨† | 2753/3317 [2:20:09<10:34,  1.13s/stock]Collect signals 2754/3317:  83%|¨€¨€¨€¨€¨€¨€¨€¨€¨† | 2754/3317 [2:20:09<10:33,  1.12s/stock]D:\Projects\auto-select-stock\src\auto_select_stock\predict\data.py:76: RuntimeWarning: invalid value encountered in divide
  result["bb_position"] = np.where(bb_upper != bb_lower, (close - bb_lower) / (bb_upper - bb_lower), 0.5)
Collect signals 2755/3317:  83%|¨€¨€¨€¨€¨€¨€¨€¨€¨† | 2754/3317 [2:20:09<10:33,  1.12s/stock]Collect signals 2755/3317:  83%|¨€¨€¨€¨€¨€¨€¨€¨€¨† | 2755/3317 [2:20:09<09:30,  1.02s/stock]D:\Projects\auto-select-stock\src\auto_select_stock\predict\data.py:76: RuntimeWarning: invalid value encountered in divide
  result["bb_position"] = np.where(bb_upper != bb_lower, (close - bb_lower) / (bb_upper - bb_lower), 0.5)
Collect signals 2756/3317:  83%|¨€¨€¨€¨€¨€¨€¨€¨€¨† | 2755/3317 [2:20:10<09:30,  1.02s/stock]Collect signals 2756/3317:  83%|¨€¨€¨€¨€¨€¨€¨€¨€¨† | 2756/3317 [2:20:10<08:44,  1.07stock/s]D:\Projects\auto-select-stock\src\auto_select_stock\predict\data.py:76: RuntimeWarning: invalid value encountered in divide
  result["bb_position"] = np.where(bb_upper != bb_lower, (close - bb_lower) / (bb_upper - bb_lower), 0.5)
Collect signals 2757/3317:  83%|¨€¨€¨€¨€¨€¨€¨€¨€¨† | 2756/3317 [2:20:11<08:44,  1.07stock/s]Collect signals 2757/3317:  83%|¨€¨€¨€¨€¨€¨€¨€¨€¨† | 2757/3317 [2:20:11<09:14,  1.01stock/s]D:\Projects\auto-select-stock\src\auto_select_stock\predict\data.py:76: RuntimeWarning: invalid value encountered in divide
  result["bb_position"] = np.where(bb_upper != bb_lower, (close - bb_lower) / (bb_upper - bb_lower), 0.5)
Collect signals 2758/3317:  83%|¨€¨€¨€¨€¨€¨€¨€¨€¨† | 2757/3317 [2:20:13<09:14,  1.01stock/s]Collect signals 2758/3317:  83%|¨€¨€¨€¨€¨€¨€¨€¨€¨† | 2758/3317 [2:20:13<10:37,  1.14s/stock]D:\Projects\auto-select-stock\src\auto_select_stock\predict\data.py:76: RuntimeWarning: invalid value encountered in divide
  result["bb_position"] = np.where(bb_upper != bb_lower, (close - bb_lower) / (bb_upper - bb_lower), 0.5)
Collect signals 2759/3317:  83%|¨€¨€¨€¨€¨€¨€¨€¨€¨† | 2758/3317 [2:20:14<10:37,  1.14s/stock]Collect signals 2759/3317:  83%|¨€¨€¨€¨€¨€¨€¨€¨€¨† | 2759/3317 [2:20:14<11:35,  1.25s/stock]D:\Projects\auto-select-stock\src\auto_select_stock\predict\data.py:76: RuntimeWarning: invalid value encountered in divide
  result["bb_position"] = np.where(bb_upper != bb_lower, (close - bb_lower) / (bb_upper - bb_lower), 0.5)
Collect signals 2760/3317:  83%|¨€¨€¨€¨€¨€¨€¨€¨€¨† | 2759/3317 [2:20:15<11:35,  1.25s/stock]Collect signals 2760/3317:  83%|¨€¨€¨€¨€¨€¨€¨€¨€¨† | 2760/3317 [2:20:15<11:07,  1.20s/stock]D:\Projects\auto-select-stock\src\auto_select_stock\predict\data.py:76: RuntimeWarning: invalid value encountered in divide
  result["bb_position"] = np.where(bb_upper != bb_lower, (close - bb_lower) / (bb_upper - bb_lower), 0.5)
Collect signals 2761/3317:  83%|¨€¨€¨€¨€¨€¨€¨€¨€¨† | 2760/3317 [2:20:17<11:07,  1.20s/stock]Collect signals 2761/3317:  83%|¨€¨€¨€¨€¨€¨€¨€¨€¨† | 2761/3317 [2:20:17<12:04,  1.30s/stock]D:\Projects\auto-select-stock\src\auto_select_stock\predict\data.py:76: RuntimeWarning: invalid value encountered in divide
  result["bb_position"] = np.where(bb_upper != bb_lower, (close - bb_lower) / (bb_upper - bb_lower), 0.5)
Collect signals 2762/3317:  83%|¨€¨€¨€¨€¨€¨€¨€¨€¨† | 2761/3317 [2:20:17<12:04,  1.30s/stock]D:\Projects\auto-select-stock\src\auto_select_stock\predict\data.py:76: RuntimeWarning: invalid value encountered in divide
  result["bb_position"] = np.where(bb_upper != bb_lower, (close - bb_lower) / (bb_upper - bb_lower), 0.5)
Collect signals 2763/3317:  83%|¨€¨€¨€¨€¨€¨€¨€¨€¨† | 2762/3317 [2:20:17<12:02,  1.30s/stock]Collect signals 2763/3317:  83%|¨€¨€¨€¨€¨€¨€¨€¨€¨† | 2763/3317 [2:20:17<07:22,  1.25stock/s]D:\Projects\auto-select-stock\src\auto_select_stock\predict\data.py:76: RuntimeWarning: invalid value encountered in divide
  result["bb_position"] = np.where(bb_upper != bb_lower, (close - bb_lower) / (bb_upper - bb_lower), 0.5)
Collect signals 2764/3317:  83%|¨€¨€¨€¨€¨€¨€¨€¨€¨† | 2763/3317 [2:20:18<07:22,  1.25stock/s]Collect signals 2764/3317:  83%|¨€¨€¨€¨€¨€¨€¨€¨€¨† | 2764/3317 [2:20:18<07:21,  1.25stock/s]D:\Projects\auto-select-stock\src\auto_select_stock\predict\data.py:76: RuntimeWarning: invalid value encountered in divide
  result["bb_position"] = np.where(bb_upper != bb_lower, (close - bb_lower) / (bb_upper - bb_lower), 0.5)
Collect signals 2765/3317:  83%|¨€¨€¨€¨€¨€¨€¨€¨€¨† | 2764/3317 [2:20:20<07:21,  1.25stock/s]Collect signals 2765/3317:  83%|¨€¨€¨€¨€¨€¨€¨€¨€¨† | 2765/3317 [2:20:20<09:05,  1.01stock/s]D:\Projects\auto-select-stock\src\auto_select_stock\predict\data.py:76: RuntimeWarning: invalid value encountered in divide
  result["bb_position"] = np.where(bb_upper != bb_lower, (close - bb_lower) / (bb_upper - bb_lower), 0.5)
Collect signals 2766/3317:  83%|¨€¨€¨€¨€¨€¨€¨€¨€¨† | 2765/3317 [2:20:20<09:05,  1.01stock/s]Collect signals 2766/3317:  83%|¨€¨€¨€¨€¨€¨€¨€¨€¨† | 2766/3317 [2:20:20<08:46,  1.05stock/s]D:\Projects\auto-select-stock\src\auto_select_stock\predict\data.py:76: RuntimeWarning: invalid value encountered in divide
  result["bb_position"] = np.where(bb_upper != bb_lower, (close - bb_lower) / (bb_upper - bb_lower), 0.5)
Collect signals 2767/3317:  83%|¨€¨€¨€¨€¨€¨€¨€¨€¨† | 2766/3317 [2:20:22<08:46,  1.05stock/s]Collect signals 2767/3317:  83%|¨€¨€¨€¨€¨€¨€¨€¨€¨† | 2767/3317 [2:20:22<10:07,  1.11s/stock]D:\Projects\auto-select-stock\src\auto_select_stock\predict\data.py:76: RuntimeWarning: invalid value encountered in divide
  result["bb_position"] = np.where(bb_upper != bb_lower, (close - bb_lower) / (bb_upper - bb_lower), 0.5)
Collect signals 2768/3317:  83%|¨€¨€¨€¨€¨€¨€¨€¨€¨† | 2767/3317 [2:20:23<10:07,  1.11s/stock]Collect signals 2768/3317:  83%|¨€¨€¨€¨€¨€¨€¨€¨€¨† | 2768/3317 [2:20:23<09:14,  1.01s/stock]D:\Projects\auto-select-stock\src\auto_select_stock\predict\data.py:76: RuntimeWarning: invalid value encountered in divide
  result["bb_position"] = np.where(bb_upper != bb_lower, (close - bb_lower) / (bb_upper - bb_lower), 0.5)
Collect signals 2769/3317:  83%|¨€¨€¨€¨€¨€¨€¨€¨€¨† | 2768/3317 [2:20:24<09:14,  1.01s/stock]Collect signals 2769/3317:  83%|¨€¨€¨€¨€¨€¨€¨€¨€¨† | 2769/3317 [2:20:24<09:28,  1.04s/stock]D:\Projects\auto-select-stock\src\auto_select_stock\predict\data.py:76: RuntimeWarning: invalid value encountered in divide
  result["bb_position"] = np.where(bb_upper != bb_lower, (close - bb_lower) / (bb_upper - bb_lower), 0.5)
Collect signals 2770/3317:  83%|¨€¨€¨€¨€¨€¨€¨€¨€¨† | 2769/3317 [2:20:24<09:28,  1.04s/stock]D:\Projects\auto-select-stock\src\auto_select_stock\predict\data.py:76: RuntimeWarning: invalid value encountered in divide
  result["bb_position"] = np.where(bb_upper != bb_lower, (close - bb_lower) / (bb_upper - bb_lower), 0.5)
Collect signals 2771/3317:  84%|¨€¨€¨€¨€¨€¨€¨€¨€¨† | 2770/3317 [2:20:24<09:27,  1.04s/stock]Collect signals 2771/3317:  84%|¨€¨€¨€¨€¨€¨€¨€¨€¨† | 2771/3317 [2:20:24<06:02,  1.51stock/s]D:\Projects\auto-select-stock\src\auto_select_stock\predict\data.py:76: RuntimeWarning: invalid value encountered in divide
  result["bb_position"] = np.where(bb_upper != bb_lower, (close - bb_lower) / (bb_upper - bb_lower), 0.5)
Collect signals 2772/3317:  84%|¨€¨€¨€¨€¨€¨€¨€¨€¨† | 2771/3317 [2:20:26<06:02,  1.51stock/s]Collect signals 2772/3317:  84%|¨€¨€¨€¨€¨€¨€¨€¨€¨† | 2772/3317 [2:20:26<07:49,  1.16stock/s]D:\Projects\auto-select-stock\src\auto_select_stock\predict\data.py:76: RuntimeWarning: invalid value encountered in divide
  result["bb_position"] = np.where(bb_upper != bb_lower, (close - bb_lower) / (bb_upper - bb_lower), 0.5)
Collect signals 2773/3317:  84%|¨€¨€¨€¨€¨€¨€¨€¨€¨† | 2772/3317 [2:20:26<07:49,  1.16stock/s]Collect signals 2773/3317:  84%|¨€¨€¨€¨€¨€¨€¨€¨€¨† | 2773/3317 [2:20:26<06:41,  1.36stock/s]D:\Projects\auto-select-stock\src\auto_select_stock\predict\data.py:76: RuntimeWarning: invalid value encountered in divide
  result["bb_position"] = np.where(bb_upper != bb_lower, (close - bb_lower) / (bb_upper - bb_lower), 0.5)
Collect signals 2774/3317:  84%|¨€¨€¨€¨€¨€¨€¨€¨€¨† | 2773/3317 [2:20:27<06:41,  1.36stock/s]Collect signals 2774/3317:  84%|¨€¨€¨€¨€¨€¨€¨€¨€¨† | 2774/3317 [2:20:27<06:41,  1.35stock/s]D:\Projects\auto-select-stock\src\auto_select_stock\predict\data.py:76: RuntimeWarning: invalid value encountered in divide
  result["bb_position"] = np.where(bb_upper != bb_lower, (close - bb_lower) / (bb_upper - bb_lower), 0.5)
Collect signals 2775/3317:  84%|¨€¨€¨€¨€¨€¨€¨€¨€¨† | 2774/3317 [2:20:28<06:41,  1.35stock/s]Collect signals 2775/3317:  84%|¨€¨€¨€¨€¨€¨€¨€¨€¨† | 2775/3317 [2:20:28<06:42,  1.35stock/s]D:\Projects\auto-select-stock\src\auto_select_stock\predict\data.py:76: RuntimeWarning: invalid value encountered in divide
  result["bb_position"] = np.where(bb_upper != bb_lower, (close - bb_lower) / (bb_upper - bb_lower), 0.5)
Collect signals 2776/3317:  84%|¨€¨€¨€¨€¨€¨€¨€¨€¨† | 2775/3317 [2:20:29<06:42,  1.35stock/s]Collect signals 2776/3317:  84%|¨€¨€¨€¨€¨€¨€¨€¨€¨† | 2776/3317 [2:20:29<07:41,  1.17stock/s]D:\Projects\auto-select-stock\src\auto_select_stock\predict\data.py:76: RuntimeWarning: invalid value encountered in divide
  result["bb_position"] = np.where(bb_upper != bb_lower, (close - bb_lower) / (bb_upper - bb_lower), 0.5)
Collect signals 2777/3317:  84%|¨€¨€¨€¨€¨€¨€¨€¨€¨† | 2776/3317 [2:20:29<07:41,  1.17stock/s]Collect signals 2777/3317:  84%|¨€¨€¨€¨€¨€¨€¨€¨€¨† | 2777/3317 [2:20:29<07:22,  1.22stock/s]D:\Projects\auto-select-stock\src\auto_select_stock\predict\data.py:76: RuntimeWarning: invalid value encountered in divide
  result["bb_position"] = np.where(bb_upper != bb_lower, (close - bb_lower) / (bb_upper - bb_lower), 0.5)
Collect signals 2778/3317:  84%|¨€¨€¨€¨€¨€¨€¨€¨€¨† | 2777/3317 [2:20:30<07:22,  1.22stock/s]Collect signals 2778/3317:  84%|¨€¨€¨€¨€¨€¨€¨€¨€¨… | 2778/3317 [2:20:30<07:09,  1.26stock/s]D:\Projects\auto-select-stock\src\auto_select_stock\predict\data.py:76: RuntimeWarning: invalid value encountered in divide
  result["bb_position"] = np.where(bb_upper != bb_lower, (close - bb_lower) / (bb_upper - bb_lower), 0.5)
Collect signals 2779/3317:  84%|¨€¨€¨€¨€¨€¨€¨€¨€¨… | 2778/3317 [2:20:30<07:09,  1.26stock/s]D:\Projects\auto-select-stock\src\auto_select_stock\predict\data.py:76: RuntimeWarning: invalid value encountered in divide
  result["bb_position"] = np.where(bb_upper != bb_lower, (close - bb_lower) / (bb_upper - bb_lower), 0.5)
Collect signals 2780/3317:  84%|¨€¨€¨€¨€¨€¨€¨€¨€¨… | 2779/3317 [2:20:31<07:08,  1.26stock/s]Collect signals 2780/3317:  84%|¨€¨€¨€¨€¨€¨€¨€¨€¨… | 2780/3317 [2:20:31<04:41,  1.91stock/s]D:\Projects\auto-select-stock\src\auto_select_stock\predict\data.py:76: RuntimeWarning: invalid value encountered in divide
  result["bb_position"] = np.where(bb_upper != bb_lower, (close - bb_lower) / (bb_upper - bb_lower), 0.5)
Collect signals 2781/3317:  84%|¨€¨€¨€¨€¨€¨€¨€¨€¨… | 2780/3317 [2:20:31<04:41,  1.91stock/s]D:\Projects\auto-select-stock\src\auto_select_stock\predict\data.py:76: RuntimeWarning: invalid value encountered in divide
  result["bb_position"] = np.where(bb_upper != bb_lower, (close - bb_lower) / (bb_upper - bb_lower), 0.5)
Collect signals 2782/3317:  84%|¨€¨€¨€¨€¨€¨€¨€¨€¨… | 2781/3317 [2:20:31<04:41,  1.91stock/s]D:\Projects\auto-select-stock\src\auto_select_stock\predict\data.py:76: RuntimeWarning: invalid value encountered in divide
  result["bb_position"] = np.where(bb_upper != bb_lower, (close - bb_lower) / (bb_upper - bb_lower), 0.5)
Collect signals 2783/3317:  84%|¨€¨€¨€¨€¨€¨€¨€¨€¨… | 2782/3317 [2:20:31<04:40,  1.91stock/s]Collect signals 2783/3317:  84%|¨€¨€¨€¨€¨€¨€¨€¨€¨… | 2783/3317 [2:20:31<03:31,  2.52stock/s]D:\Projects\auto-select-stock\src\auto_select_stock\predict\data.py:76: RuntimeWarning: invalid value encountered in divide
  result["bb_position"] = np.where(bb_upper != bb_lower, (close - bb_lower) / (bb_upper - bb_lower), 0.5)
Collect signals 2784/3317:  84%|¨€¨€¨€¨€¨€¨€¨€¨€¨… | 2783/3317 [2:20:32<03:31,  2.52stock/s]Collect signals 2784/3317:  84%|¨€¨€¨€¨€¨€¨€¨€¨€¨… | 2784/3317 [2:20:32<03:29,  2.54stock/s]D:\Projects\auto-select-stock\src\auto_select_stock\predict\data.py:76: RuntimeWarning: invalid value encountered in divide
  result["bb_position"] = np.where(bb_upper != bb_lower, (close - bb_lower) / (bb_upper - bb_lower), 0.5)
Collect signals 2785/3317:  84%|¨€¨€¨€¨€¨€¨€¨€¨€¨… | 2784/3317 [2:20:32<03:29,  2.54stock/s]D:\Projects\auto-select-stock\src\auto_select_stock\predict\data.py:76: RuntimeWarning: invalid value encountered in divide
  result["bb_position"] = np.where(bb_upper != bb_lower, (close - bb_lower) / (bb_upper - bb_lower), 0.5)
Collect signals 2786/3317:  84%|¨€¨€¨€¨€¨€¨€¨€¨€¨… | 2785/3317 [2:20:33<03:29,  2.54stock/s]Collect signals 2786/3317:  84%|¨€¨€¨€¨€¨€¨€¨€¨€¨… | 2786/3317 [2:20:33<03:28,  2.55stock/s]D:\Projects\auto-select-stock\src\auto_select_stock\predict\data.py:76: RuntimeWarning: invalid value encountered in divide
  result["bb_position"] = np.where(bb_upper != bb_lower, (close - bb_lower) / (bb_upper - bb_lower), 0.5)
Collect signals 2787/3317:  84%|¨€¨€¨€¨€¨€¨€¨€¨€¨… | 2786/3317 [2:20:33<03:28,  2.55stock/s]Collect signals 2787/3317:  84%|¨€¨€¨€¨€¨€¨€¨€¨€¨… | 2787/3317 [2:20:33<03:28,  2.54stock/s]D:\Projects\auto-select-stock\src\auto_select_stock\predict\data.py:76: RuntimeWarning: invalid value encountered in divide
  result["bb_position"] = np.where(bb_upper != bb_lower, (close - bb_lower) / (bb_upper - bb_lower), 0.5)
Collect signals 2788/3317:  84%|¨€¨€¨€¨€¨€¨€¨€¨€¨… | 2787/3317 [2:20:34<03:28,  2.54stock/s]Collect signals 2788/3317:  84%|¨€¨€¨€¨€¨€¨€¨€¨€¨… | 2788/3317 [2:20:34<04:17,  2.05stock/s]D:\Projects\auto-select-stock\src\auto_select_stock\predict\data.py:76: RuntimeWarning: invalid value encountered in divide
  result["bb_position"] = np.where(bb_upper != bb_lower, (close - bb_lower) / (bb_upper - bb_lower), 0.5)
Collect signals 2789/3317:  84%|¨€¨€¨€¨€¨€¨€¨€¨€¨… | 2788/3317 [2:20:34<04:17,  2.05stock/s]Collect signals 2789/3317:  84%|¨€¨€¨€¨€¨€¨€¨€¨€¨… | 2789/3317 [2:20:34<04:12,  2.09stock/s]D:\Projects\auto-select-stock\src\auto_select_stock\predict\data.py:76: RuntimeWarning: invalid value encountered in divide
  result["bb_position"] = np.where(bb_upper != bb_lower, (close - bb_lower) / (bb_upper - bb_lower), 0.5)
Collect signals 2790/3317:  84%|¨€¨€¨€¨€¨€¨€¨€¨€¨… | 2789/3317 [2:20:34<04:12,  2.09stock/s]D:\Projects\auto-select-stock\src\auto_select_stock\predict\data.py:76: RuntimeWarning: invalid value encountered in divide
  result["bb_position"] = np.where(bb_upper != bb_lower, (close - bb_lower) / (bb_upper - bb_lower), 0.5)
Collect signals 2791/3317:  84%|¨€¨€¨€¨€¨€¨€¨€¨€¨… | 2790/3317 [2:20:35<04:12,  2.09stock/s]Collect signals 2791/3317:  84%|¨€¨€¨€¨€¨€¨€¨€¨€¨… | 2791/3317 [2:20:35<03:15,  2.69stock/s]D:\Projects\auto-select-stock\src\auto_select_stock\predict\data.py:76: RuntimeWarning: invalid value encountered in divide
  result["bb_position"] = np.where(bb_upper != bb_lower, (close - bb_lower) / (bb_upper - bb_lower), 0.5)
Collect signals 2792/3317:  84%|¨€¨€¨€¨€¨€¨€¨€¨€¨… | 2791/3317 [2:20:35<03:15,  2.69stock/s]Collect signals 2792/3317:  84%|¨€¨€¨€¨€¨€¨€¨€¨€¨… | 2792/3317 [2:20:35<03:21,  2.61stock/s]D:\Projects\auto-select-stock\src\auto_select_stock\predict\data.py:76: RuntimeWarning: invalid value encountered in divide
  result["bb_position"] = np.where(bb_upper != bb_lower, (close - bb_lower) / (bb_upper - bb_lower), 0.5)
Collect signals 2793/3317:  84%|¨€¨€¨€¨€¨€¨€¨€¨€¨… | 2792/3317 [2:20:36<03:21,  2.61stock/s]Collect signals 2793/3317:  84%|¨€¨€¨€¨€¨€¨€¨€¨€¨… | 2793/3317 [2:20:36<03:31,  2.48stock/s]D:\Projects\auto-select-stock\src\auto_select_stock\predict\data.py:76: RuntimeWarning: invalid value encountered in divide
  result["bb_position"] = np.where(bb_upper != bb_lower, (close - bb_lower) / (bb_upper - bb_lower), 0.5)
Collect signals 2794/3317:  84%|¨€¨€¨€¨€¨€¨€¨€¨€¨… | 2793/3317 [2:20:36<03:31,  2.48stock/s]D:\Projects\auto-select-stock\src\auto_select_stock\predict\data.py:76: RuntimeWarning: invalid value encountered in divide
  result["bb_position"] = np.where(bb_upper != bb_lower, (close - bb_lower) / (bb_upper - bb_lower), 0.5)
Collect signals 2795/3317:  84%|¨€¨€¨€¨€¨€¨€¨€¨€¨… | 2794/3317 [2:20:36<03:31,  2.48stock/s]D:\Projects\auto-select-stock\src\auto_select_stock\predict\data.py:76: RuntimeWarning: invalid value encountered in divide
  result["bb_position"] = np.where(bb_upper != bb_lower, (close - bb_lower) / (bb_upper - bb_lower), 0.5)
Collect signals 2796/3317:  84%|¨€¨€¨€¨€¨€¨€¨€¨€¨… | 2795/3317 [2:20:36<03:30,  2.48stock/s]Collect signals 2796/3317:  84%|¨€¨€¨€¨€¨€¨€¨€¨€¨… | 2796/3317 [2:20:36<03:02,  2.86stock/s]D:\Projects\auto-select-stock\src\auto_select_stock\predict\data.py:76: RuntimeWarning: invalid value encountered in divide
  result["bb_position"] = np.where(bb_upper != bb_lower, (close - bb_lower) / (bb_upper - bb_lower), 0.5)
Collect signals 2797/3317:  84%|¨€¨€¨€¨€¨€¨€¨€¨€¨… | 2796/3317 [2:20:37<03:02,  2.86stock/s]Collect signals 2797/3317:  84%|¨€¨€¨€¨€¨€¨€¨€¨€¨… | 2797/3317 [2:20:37<03:09,  2.74stock/s]D:\Projects\auto-select-stock\src\auto_select_stock\predict\data.py:76: RuntimeWarning: invalid value encountered in divide
  result["bb_position"] = np.where(bb_upper != bb_lower, (close - bb_lower) / (bb_upper - bb_lower), 0.5)
Collect signals 2798/3317:  84%|¨€¨€¨€¨€¨€¨€¨€¨€¨… | 2797/3317 [2:20:37<03:09,  2.74stock/s]Collect signals 2798/3317:  84%|¨€¨€¨€¨€¨€¨€¨€¨€¨… | 2798/3317 [2:20:37<03:12,  2.69stock/s]D:\Projects\auto-select-stock\src\auto_select_stock\predict\data.py:76: RuntimeWarning: invalid value encountered in divide
  result["bb_position"] = np.where(bb_upper != bb_lower, (close - bb_lower) / (bb_upper - bb_lower), 0.5)
Collect signals 2799/3317:  84%|¨€¨€¨€¨€¨€¨€¨€¨€¨… | 2798/3317 [2:20:38<03:12,  2.69stock/s]Collect signals 2799/3317:  84%|¨€¨€¨€¨€¨€¨€¨€¨€¨… | 2799/3317 [2:20:38<03:14,  2.67stock/s]D:\Projects\auto-select-stock\src\auto_select_stock\predict\data.py:76: RuntimeWarning: invalid value encountered in divide
  result["bb_position"] = np.where(bb_upper != bb_lower, (close - bb_lower) / (bb_upper - bb_lower), 0.5)
Collect signals 2800/3317:  84%|¨€¨€¨€¨€¨€¨€¨€¨€¨… | 2799/3317 [2:20:38<03:14,  2.67stock/s]Collect signals 2800/3317:  84%|¨€¨€¨€¨€¨€¨€¨€¨€¨… | 2800/3317 [2:20:38<03:17,  2.61stock/s]D:\Projects\auto-select-stock\src\auto_select_stock\predict\data.py:76: RuntimeWarning: invalid value encountered in divide
  result["bb_position"] = np.where(bb_upper != bb_lower, (close - bb_lower) / (bb_upper - bb_lower), 0.5)
Collect signals 2801/3317:  84%|¨€¨€¨€¨€¨€¨€¨€¨€¨… | 2800/3317 [2:20:38<03:17,  2.61stock/s]Collect signals 2801/3317:  84%|¨€¨€¨€¨€¨€¨€¨€¨€¨… | 2801/3317 [2:20:38<03:19,  2.59stock/s]D:\Projects\auto-select-stock\src\auto_select_stock\predict\data.py:76: RuntimeWarning: invalid value encountered in divide
  result["bb_position"] = np.where(bb_upper != bb_lower, (close - bb_lower) / (bb_upper - bb_lower), 0.5)
Collect signals 2802/3317:  84%|¨€¨€¨€¨€¨€¨€¨€¨€¨… | 2801/3317 [2:20:39<03:19,  2.59stock/s]Collect signals 2802/3317:  84%|¨€¨€¨€¨€¨€¨€¨€¨€¨… | 2802/3317 [2:20:39<04:14,  2.03stock/s]D:\Projects\auto-select-stock\src\auto_select_stock\predict\data.py:76: RuntimeWarning: invalid value encountered in divide
  result["bb_position"] = np.where(bb_upper != bb_lower, (close - bb_lower) / (bb_upper - bb_lower), 0.5)
Collect signals 2803/3317:  84%|¨€¨€¨€¨€¨€¨€¨€¨€¨… | 2802/3317 [2:20:40<04:14,  2.03stock/s]Collect signals 2803/3317:  85%|¨€¨€¨€¨€¨€¨€¨€¨€¨… | 2803/3317 [2:20:40<03:59,  2.15stock/s]D:\Projects\auto-select-stock\src\auto_select_stock\predict\data.py:76: RuntimeWarning: invalid value encountered in divide
  result["bb_position"] = np.where(bb_upper != bb_lower, (close - bb_lower) / (bb_upper - bb_lower), 0.5)
Collect signals 2804/3317:  85%|¨€¨€¨€¨€¨€¨€¨€¨€¨… | 2803/3317 [2:20:40<03:59,  2.15stock/s]Collect signals 2804/3317:  85%|¨€¨€¨€¨€¨€¨€¨€¨€¨… | 2804/3317 [2:20:40<04:50,  1.77stock/s]D:\Projects\auto-select-stock\src\auto_select_stock\predict\data.py:76: RuntimeWarning: invalid value encountered in divide
  result["bb_position"] = np.where(bb_upper != bb_lower, (close - bb_lower) / (bb_upper - bb_lower), 0.5)
Collect signals 2805/3317:  85%|¨€¨€¨€¨€¨€¨€¨€¨€¨… | 2804/3317 [2:20:40<04:50,  1.77stock/s]D:\Projects\auto-select-stock\src\auto_select_stock\predict\data.py:76: RuntimeWarning: invalid value encountered in divide
  result["bb_position"] = np.where(bb_upper != bb_lower, (close - bb_lower) / (bb_upper - bb_lower), 0.5)
Collect signals 2806/3317:  85%|¨€¨€¨€¨€¨€¨€¨€¨€¨… | 2805/3317 [2:20:40<04:49,  1.77stock/s]D:\Projects\auto-select-stock\src\auto_select_stock\predict\data.py:76: RuntimeWarning: invalid value encountered in divide
  result["bb_position"] = np.where(bb_upper != bb_lower, (close - bb_lower) / (bb_upper - bb_lower), 0.5)
Collect signals 2807/3317:  85%|¨€¨€¨€¨€¨€¨€¨€¨€¨… | 2806/3317 [2:20:41<04:49,  1.77stock/s]Collect signals 2807/3317:  85%|¨€¨€¨€¨€¨€¨€¨€¨€¨… | 2807/3317 [2:20:41<03:26,  2.46stock/s]D:\Projects\auto-select-stock\src\auto_select_stock\predict\data.py:76: RuntimeWarning: invalid value encountered in divide
  result["bb_position"] = np.where(bb_upper != bb_lower, (close - bb_lower) / (bb_upper - bb_lower), 0.5)
Collect signals 2808/3317:  85%|¨€¨€¨€¨€¨€¨€¨€¨€¨… | 2807/3317 [2:20:42<03:26,  2.46stock/s]Collect signals 2808/3317:  85%|¨€¨€¨€¨€¨€¨€¨€¨€¨… | 2808/3317 [2:20:42<03:27,  2.46stock/s]D:\Projects\auto-select-stock\src\auto_select_stock\predict\data.py:76: RuntimeWarning: invalid value encountered in divide
  result["bb_position"] = np.where(bb_upper != bb_lower, (close - bb_lower) / (bb_upper - bb_lower), 0.5)
Collect signals 2809/3317:  85%|¨€¨€¨€¨€¨€¨€¨€¨€¨… | 2808/3317 [2:20:42<03:27,  2.46stock/s]Collect signals 2809/3317:  85%|¨€¨€¨€¨€¨€¨€¨€¨€¨… | 2809/3317 [2:20:42<03:25,  2.47stock/s]D:\Projects\auto-select-stock\src\auto_select_stock\predict\data.py:76: RuntimeWarning: invalid value encountered in divide
  result["bb_position"] = np.where(bb_upper != bb_lower, (close - bb_lower) / (bb_upper - bb_lower), 0.5)
Collect signals 2810/3317:  85%|¨€¨€¨€¨€¨€¨€¨€¨€¨… | 2809/3317 [2:20:42<03:25,  2.47stock/s]D:\Projects\auto-select-stock\src\auto_select_stock\predict\data.py:76: RuntimeWarning: invalid value encountered in divide
  result["bb_position"] = np.where(bb_upper != bb_lower, (close - bb_lower) / (bb_upper - bb_lower), 0.5)
Collect signals 2811/3317:  85%|¨€¨€¨€¨€¨€¨€¨€¨€¨… | 2810/3317 [2:20:43<03:25,  2.47stock/s]Collect signals 2811/3317:  85%|¨€¨€¨€¨€¨€¨€¨€¨€¨… | 2811/3317 [2:20:43<02:49,  2.98stock/s]D:\Projects\auto-select-stock\src\auto_select_stock\predict\data.py:76: RuntimeWarning: invalid value encountered in divide
  result["bb_position"] = np.where(bb_upper != bb_lower, (close - bb_lower) / (bb_upper - bb_lower), 0.5)
Collect signals 2812/3317:  85%|¨€¨€¨€¨€¨€¨€¨€¨€¨… | 2811/3317 [2:20:43<02:49,  2.98stock/s]D:\Projects\auto-select-stock\src\auto_select_stock\predict\data.py:76: RuntimeWarning: invalid value encountered in divide
  result["bb_position"] = np.where(bb_upper != bb_lower, (close - bb_lower) / (bb_upper - bb_lower), 0.5)
Collect signals 2813/3317:  85%|¨€¨€¨€¨€¨€¨€¨€¨€¨… | 2812/3317 [2:20:43<02:49,  2.98stock/s]Collect signals 2813/3317:  85%|¨€¨€¨€¨€¨€¨€¨€¨€¨… | 2813/3317 [2:20:43<02:25,  3.47stock/s]D:\Projects\auto-select-stock\src\auto_select_stock\predict\data.py:76: RuntimeWarning: invalid value encountered in divide
  result["bb_position"] = np.where(bb_upper != bb_lower, (close - bb_lower) / (bb_upper - bb_lower), 0.5)
Collect signals 2814/3317:  85%|¨€¨€¨€¨€¨€¨€¨€¨€¨… | 2813/3317 [2:20:43<02:25,  3.47stock/s]Collect signals 2814/3317:  85%|¨€¨€¨€¨€¨€¨€¨€¨€¨… | 2814/3317 [2:20:43<02:36,  3.22stock/s]D:\Projects\auto-select-stock\src\auto_select_stock\predict\data.py:76: RuntimeWarning: invalid value encountered in divide
  result["bb_position"] = np.where(bb_upper != bb_lower, (close - bb_lower) / (bb_upper - bb_lower), 0.5)
Collect signals 2815/3317:  85%|¨€¨€¨€¨€¨€¨€¨€¨€¨… | 2814/3317 [2:20:44<02:36,  3.22stock/s]Collect signals 2815/3317:  85%|¨€¨€¨€¨€¨€¨€¨€¨€¨… | 2815/3317 [2:20:44<03:27,  2.42stock/s]D:\Projects\auto-select-stock\src\auto_select_stock\predict\data.py:76: RuntimeWarning: invalid value encountered in divide
  result["bb_position"] = np.where(bb_upper != bb_lower, (close - bb_lower) / (bb_upper - bb_lower), 0.5)
Collect signals 2816/3317:  85%|¨€¨€¨€¨€¨€¨€¨€¨€¨… | 2815/3317 [2:20:44<03:27,  2.42stock/s]D:\Projects\auto-select-stock\src\auto_select_stock\predict\data.py:76: RuntimeWarning: invalid value encountered in divide
  result["bb_position"] = np.where(bb_upper != bb_lower, (close - bb_lower) / (bb_upper - bb_lower), 0.5)
Collect signals 2817/3317:  85%|¨€¨€¨€¨€¨€¨€¨€¨€¨… | 2816/3317 [2:20:44<03:27,  2.42stock/s]D:\Projects\auto-select-stock\src\auto_select_stock\predict\data.py:76: RuntimeWarning: invalid value encountered in divide
  result["bb_position"] = np.where(bb_upper != bb_lower, (close - bb_lower) / (bb_upper - bb_lower), 0.5)
Collect signals 2818/3317:  85%|¨€¨€¨€¨€¨€¨€¨€¨€¨… | 2817/3317 [2:20:44<03:26,  2.42stock/s]D:\Projects\auto-select-stock\src\auto_select_stock\predict\data.py:76: RuntimeWarning: invalid value encountered in divide
  result["bb_position"] = np.where(bb_upper != bb_lower, (close - bb_lower) / (bb_upper - bb_lower), 0.5)
Collect signals 2819/3317:  85%|¨€¨€¨€¨€¨€¨€¨€¨€¨… | 2818/3317 [2:20:44<03:26,  2.42stock/s]D:\Projects\auto-select-stock\src\auto_select_stock\predict\data.py:76: RuntimeWarning: invalid value encountered in divide
  result["bb_position"] = np.where(bb_upper != bb_lower, (close - bb_lower) / (bb_upper - bb_lower), 0.5)
Collect signals 2820/3317:  85%|¨€¨€¨€¨€¨€¨€¨€¨€¨… | 2819/3317 [2:20:44<03:25,  2.42stock/s]Collect signals 2820/3317:  85%|¨€¨€¨€¨€¨€¨€¨€¨€¨„ | 2820/3317 [2:20:44<01:26,  5.76stock/s]D:\Projects\auto-select-stock\src\auto_select_stock\predict\data.py:76: RuntimeWarning: invalid value encountered in divide
  result["bb_position"] = np.where(bb_upper != bb_lower, (close - bb_lower) / (bb_upper - bb_lower), 0.5)
Collect signals 2821/3317:  85%|¨€¨€¨€¨€¨€¨€¨€¨€¨„ | 2820/3317 [2:20:45<01:26,  5.76stock/s]D:\Projects\auto-select-stock\src\auto_select_stock\predict\data.py:76: RuntimeWarning: invalid value encountered in divide
  result["bb_position"] = np.where(bb_upper != bb_lower, (close - bb_lower) / (bb_upper - bb_lower), 0.5)
Collect signals 2822/3317:  85%|¨€¨€¨€¨€¨€¨€¨€¨€¨„ | 2821/3317 [2:20:45<01:26,  5.76stock/s]Collect signals 2822/3317:  85%|¨€¨€¨€¨€¨€¨€¨€¨€¨„ | 2822/3317 [2:20:45<01:31,  5.43stock/s]D:\Projects\auto-select-stock\src\auto_select_stock\predict\data.py:76: RuntimeWarning: invalid value encountered in divide
  result["bb_position"] = np.where(bb_upper != bb_lower, (close - bb_lower) / (bb_upper - bb_lower), 0.5)
Collect signals 2823/3317:  85%|¨€¨€¨€¨€¨€¨€¨€¨€¨„ | 2822/3317 [2:20:45<01:31,  5.43stock/s]D:\Projects\auto-select-stock\src\auto_select_stock\predict\data.py:76: RuntimeWarning: invalid value encountered in divide
  result["bb_position"] = np.where(bb_upper != bb_lower, (close - bb_lower) / (bb_upper - bb_lower), 0.5)
Collect signals 2824/3317:  85%|¨€¨€¨€¨€¨€¨€¨€¨€¨„ | 2823/3317 [2:20:45<01:30,  5.43stock/s]Collect signals 2824/3317:  85%|¨€¨€¨€¨€¨€¨€¨€¨€¨„ | 2824/3317 [2:20:45<01:34,  5.24stock/s]D:\Projects\auto-select-stock\src\auto_select_stock\predict\data.py:76: RuntimeWarning: invalid value encountered in divide
  result["bb_position"] = np.where(bb_upper != bb_lower, (close - bb_lower) / (bb_upper - bb_lower), 0.5)
Collect signals 2825/3317:  85%|¨€¨€¨€¨€¨€¨€¨€¨€¨„ | 2824/3317 [2:20:45<01:34,  5.24stock/s]D:\Projects\auto-select-stock\src\auto_select_stock\predict\data.py:76: RuntimeWarning: invalid value encountered in divide
  result["bb_position"] = np.where(bb_upper != bb_lower, (close - bb_lower) / (bb_upper - bb_lower), 0.5)
Collect signals 2826/3317:  85%|¨€¨€¨€¨€¨€¨€¨€¨€¨„ | 2825/3317 [2:20:45<01:33,  5.24stock/s]D:\Projects\auto-select-stock\src\auto_select_stock\predict\data.py:76: RuntimeWarning: invalid value encountered in divide
  result["bb_position"] = np.where(bb_upper != bb_lower, (close - bb_lower) / (bb_upper - bb_lower), 0.5)
Collect signals 2827/3317:  85%|¨€¨€¨€¨€¨€¨€¨€¨€¨„ | 2826/3317 [2:20:46<01:33,  5.24stock/s]Collect signals 2827/3317:  85%|¨€¨€¨€¨€¨€¨€¨€¨€¨„ | 2827/3317 [2:20:46<01:24,  5.79stock/s]D:\Projects\auto-select-stock\src\auto_select_stock\predict\data.py:76: RuntimeWarning: invalid value encountered in divide
  result["bb_position"] = np.where(bb_upper != bb_lower, (close - bb_lower) / (bb_upper - bb_lower), 0.5)
Collect signals 2828/3317:  85%|¨€¨€¨€¨€¨€¨€¨€¨€¨„ | 2827/3317 [2:20:46<01:24,  5.79stock/s]D:\Projects\auto-select-stock\src\auto_select_stock\predict\data.py:76: RuntimeWarning: invalid value encountered in divide
  result["bb_position"] = np.where(bb_upper != bb_lower, (close - bb_lower) / (bb_upper - bb_lower), 0.5)
Collect signals 2829/3317:  85%|¨€¨€¨€¨€¨€¨€¨€¨€¨„ | 2828/3317 [2:20:46<01:24,  5.79stock/s]D:\Projects\auto-select-stock\src\auto_select_stock\predict\data.py:76: RuntimeWarning: invalid value encountered in divide
  result["bb_position"] = np.where(bb_upper != bb_lower, (close - bb_lower) / (bb_upper - bb_lower), 0.5)
Collect signals 2830/3317:  85%|¨€¨€¨€¨€¨€¨€¨€¨€¨„ | 2829/3317 [2:20:46<01:24,  5.79stock/s]D:\Projects\auto-select-stock\src\auto_select_stock\predict\data.py:76: RuntimeWarning: invalid value encountered in divide
  result["bb_position"] = np.where(bb_upper != bb_lower, (close - bb_lower) / (bb_upper - bb_lower), 0.5)
Collect signals 2831/3317:  85%|¨€¨€¨€¨€¨€¨€¨€¨€¨„ | 2830/3317 [2:20:46<01:24,  5.79stock/s]D:\Projects\auto-select-stock\src\auto_select_stock\predict\data.py:76: RuntimeWarning: invalid value encountered in divide
  result["bb_position"] = np.where(bb_upper != bb_lower, (close - bb_lower) / (bb_upper - bb_lower), 0.5)
Collect signals 2832/3317:  85%|¨€¨€¨€¨€¨€¨€¨€¨€¨„ | 2831/3317 [2:20:46<01:23,  5.79stock/s]D:\Projects\auto-select-stock\src\auto_select_stock\predict\data.py:76: RuntimeWarning: invalid value encountered in divide
  result["bb_position"] = np.where(bb_upper != bb_lower, (close - bb_lower) / (bb_upper - bb_lower), 0.5)
Collect signals 2833/3317:  85%|¨€¨€¨€¨€¨€¨€¨€¨€¨„ | 2832/3317 [2:20:46<01:23,  5.79stock/s]Collect signals 2833/3317:  85%|¨€¨€¨€¨€¨€¨€¨€¨€¨„ | 2833/3317 [2:20:46<00:45, 10.72stock/s]D:\Projects\auto-select-stock\src\auto_select_stock\predict\data.py:76: RuntimeWarning: invalid value encountered in divide
  result["bb_position"] = np.where(bb_upper != bb_lower, (close - bb_lower) / (bb_upper - bb_lower), 0.5)
Collect signals 2834/3317:  85%|¨€¨€¨€¨€¨€¨€¨€¨€¨„ | 2833/3317 [2:20:46<00:45, 10.72stock/s]D:\Projects\auto-select-stock\src\auto_select_stock\predict\data.py:76: RuntimeWarning: invalid value encountered in divide
  result["bb_position"] = np.where(bb_upper != bb_lower, (close - bb_lower) / (bb_upper - bb_lower), 0.5)
Collect signals 2835/3317:  85%|¨€¨€¨€¨€¨€¨€¨€¨€¨„ | 2834/3317 [2:20:46<00:45, 10.72stock/s]D:\Projects\auto-select-stock\src\auto_select_stock\predict\data.py:76: RuntimeWarning: invalid value encountered in divide
  result["bb_position"] = np.where(bb_upper != bb_lower, (close - bb_lower) / (bb_upper - bb_lower), 0.5)
Collect signals 2836/3317:  85%|¨€¨€¨€¨€¨€¨€¨€¨€¨„ | 2835/3317 [2:20:46<00:44, 10.72stock/s]Collect signals 2836/3317:  85%|¨€¨€¨€¨€¨€¨€¨€¨€¨„ | 2836/3317 [2:20:46<00:51,  9.26stock/s]D:\Projects\auto-select-stock\src\auto_select_stock\predict\data.py:76: RuntimeWarning: invalid value encountered in divide
  result["bb_position"] = np.where(bb_upper != bb_lower, (close - bb_lower) / (bb_upper - bb_lower), 0.5)
Collect signals 2837/3317:  85%|¨€¨€¨€¨€¨€¨€¨€¨€¨„ | 2836/3317 [2:20:46<00:51,  9.26stock/s]D:\Projects\auto-select-stock\src\auto_select_stock\predict\data.py:76: RuntimeWarning: invalid value encountered in divide
  result["bb_position"] = np.where(bb_upper != bb_lower, (close - bb_lower) / (bb_upper - bb_lower), 0.5)
Collect signals 2838/3317:  86%|¨€¨€¨€¨€¨€¨€¨€¨€¨„ | 2837/3317 [2:20:46<00:51,  9.26stock/s]D:\Projects\auto-select-stock\src\auto_select_stock\predict\data.py:76: RuntimeWarning: invalid value encountered in divide
  result["bb_position"] = np.where(bb_upper != bb_lower, (close - bb_lower) / (bb_upper - bb_lower), 0.5)
Collect signals 2839/3317:  86%|¨€¨€¨€¨€¨€¨€¨€¨€¨„ | 2838/3317 [2:20:46<00:51,  9.26stock/s]D:\Projects\auto-select-stock\src\auto_select_stock\predict\data.py:76: RuntimeWarning: invalid value encountered in divide
  result["bb_position"] = np.where(bb_upper != bb_lower, (close - bb_lower) / (bb_upper - bb_lower), 0.5)
Collect signals 2840/3317:  86%|¨€¨€¨€¨€¨€¨€¨€¨€¨„ | 2839/3317 [2:20:46<00:51,  9.26stock/s]D:\Projects\auto-select-stock\src\auto_select_stock\predict\data.py:76: RuntimeWarning: invalid value encountered in divide
  result["bb_position"] = np.where(bb_upper != bb_lower, (close - bb_lower) / (bb_upper - bb_lower), 0.5)
Collect signals 2841/3317:  86%|¨€¨€¨€¨€¨€¨€¨€¨€¨„ | 2840/3317 [2:20:46<00:51,  9.26stock/s]Collect signals 2841/3317:  86%|¨€¨€¨€¨€¨€¨€¨€¨€¨„ | 2841/3317 [2:20:46<00:35, 13.55stock/s]D:\Projects\auto-select-stock\src\auto_select_stock\predict\data.py:76: RuntimeWarning: invalid value encountered in divide
  result["bb_position"] = np.where(bb_upper != bb_lower, (close - bb_lower) / (bb_upper - bb_lower), 0.5)
Collect signals 2842/3317:  86%|¨€¨€¨€¨€¨€¨€¨€¨€¨„ | 2841/3317 [2:20:46<00:35, 13.55stock/s]D:\Projects\auto-select-stock\src\auto_select_stock\predict\data.py:76: RuntimeWarning: invalid value encountered in divide
  result["bb_position"] = np.where(bb_upper != bb_lower, (close - bb_lower) / (bb_upper - bb_lower), 0.5)
Collect signals 2843/3317:  86%|¨€¨€¨€¨€¨€¨€¨€¨€¨„ | 2842/3317 [2:20:46<00:35, 13.55stock/s]D:\Projects\auto-select-stock\src\auto_select_stock\predict\data.py:76: RuntimeWarning: invalid value encountered in divide
  result["bb_position"] = np.where(bb_upper != bb_lower, (close - bb_lower) / (bb_upper - bb_lower), 0.5)
Collect signals 2844/3317:  86%|¨€¨€¨€¨€¨€¨€¨€¨€¨„ | 2843/3317 [2:20:46<00:34, 13.55stock/s]D:\Projects\auto-select-stock\src\auto_select_stock\predict\data.py:76: RuntimeWarning: invalid value encountered in divide
  result["bb_position"] = np.where(bb_upper != bb_lower, (close - bb_lower) / (bb_upper - bb_lower), 0.5)
Collect signals 2845/3317:  86%|¨€¨€¨€¨€¨€¨€¨€¨€¨„ | 2844/3317 [2:20:46<00:34, 13.55stock/s]D:\Projects\auto-select-stock\src\auto_select_stock\predict\data.py:76: RuntimeWarning: invalid value encountered in divide
  result["bb_position"] = np.where(bb_upper != bb_lower, (close - bb_lower) / (bb_upper - bb_lower), 0.5)
Collect signals 2846/3317:  86%|¨€¨€¨€¨€¨€¨€¨€¨€¨„ | 2845/3317 [2:20:46<00:34, 13.55stock/s]Collect signals 2846/3317:  86%|¨€¨€¨€¨€¨€¨€¨€¨€¨„ | 2846/3317 [2:20:46<00:26, 17.94stock/s]D:\Projects\auto-select-stock\src\auto_select_stock\predict\data.py:76: RuntimeWarning: invalid value encountered in divide
  result["bb_position"] = np.where(bb_upper != bb_lower, (close - bb_lower) / (bb_upper - bb_lower), 0.5)
Collect signals 2847/3317:  86%|¨€¨€¨€¨€¨€¨€¨€¨€¨„ | 2846/3317 [2:20:46<00:26, 17.94stock/s]D:\Projects\auto-select-stock\src\auto_select_stock\predict\data.py:76: RuntimeWarning: invalid value encountered in divide
  result["bb_position"] = np.where(bb_upper != bb_lower, (close - bb_lower) / (bb_upper - bb_lower), 0.5)
Collect signals 2848/3317:  86%|¨€¨€¨€¨€¨€¨€¨€¨€¨„ | 2847/3317 [2:20:46<00:26, 17.94stock/s]D:\Projects\auto-select-stock\src\auto_select_stock\predict\data.py:76: RuntimeWarning: invalid value encountered in divide
  result["bb_position"] = np.where(bb_upper != bb_lower, (close - bb_lower) / (bb_upper - bb_lower), 0.5)
Collect signals 2849/3317:  86%|¨€¨€¨€¨€¨€¨€¨€¨€¨„ | 2848/3317 [2:20:46<00:26, 17.94stock/s]D:\Projects\auto-select-stock\src\auto_select_stock\predict\data.py:76: RuntimeWarning: invalid value encountered in divide
  result["bb_position"] = np.where(bb_upper != bb_lower, (close - bb_lower) / (bb_upper - bb_lower), 0.5)
Collect signals 2850/3317:  86%|¨€¨€¨€¨€¨€¨€¨€¨€¨„ | 2849/3317 [2:20:46<00:26, 17.94stock/s]D:\Projects\auto-select-stock\src\auto_select_stock\predict\data.py:76: RuntimeWarning: invalid value encountered in divide
  result["bb_position"] = np.where(bb_upper != bb_lower, (close - bb_lower) / (bb_upper - bb_lower), 0.5)
Collect signals 2851/3317:  86%|¨€¨€¨€¨€¨€¨€¨€¨€¨„ | 2850/3317 [2:20:46<00:26, 17.94stock/s]D:\Projects\auto-select-stock\src\auto_select_stock\predict\data.py:76: RuntimeWarning: invalid value encountered in divide
  result["bb_position"] = np.where(bb_upper != bb_lower, (close - bb_lower) / (bb_upper - bb_lower), 0.5)
Collect signals 2852/3317:  86%|¨€¨€¨€¨€¨€¨€¨€¨€¨„ | 2851/3317 [2:20:46<00:25, 17.94stock/s]D:\Projects\auto-select-stock\src\auto_select_stock\predict\data.py:76: RuntimeWarning: invalid value encountered in divide
  result["bb_position"] = np.where(bb_upper != bb_lower, (close - bb_lower) / (bb_upper - bb_lower), 0.5)
Collect signals 2853/3317:  86%|¨€¨€¨€¨€¨€¨€¨€¨€¨„ | 2852/3317 [2:20:46<00:25, 17.94stock/s]Collect signals 2853/3317:  86%|¨€¨€¨€¨€¨€¨€¨€¨€¨„ | 2853/3317 [2:20:46<00:18, 25.64stock/s]D:\Projects\auto-select-stock\src\auto_select_stock\predict\data.py:76: RuntimeWarning: invalid value encountered in divide
  result["bb_position"] = np.where(bb_upper != bb_lower, (close - bb_lower) / (bb_upper - bb_lower), 0.5)
Collect signals 2854/3317:  86%|¨€¨€¨€¨€¨€¨€¨€¨€¨„ | 2853/3317 [2:20:46<00:18, 25.64stock/s]D:\Projects\auto-select-stock\src\auto_select_stock\predict\data.py:76: RuntimeWarning: invalid value encountered in divide
  result["bb_position"] = np.where(bb_upper != bb_lower, (close - bb_lower) / (bb_upper - bb_lower), 0.5)
Collect signals 2855/3317:  86%|¨€¨€¨€¨€¨€¨€¨€¨€¨„ | 2854/3317 [2:20:46<00:18, 25.64stock/s]D:\Projects\auto-select-stock\src\auto_select_stock\predict\data.py:76: RuntimeWarning: invalid value encountered in divide
  result["bb_position"] = np.where(bb_upper != bb_lower, (close - bb_lower) / (bb_upper - bb_lower), 0.5)
Collect signals 2856/3317:  86%|¨€¨€¨€¨€¨€¨€¨€¨€¨„ | 2855/3317 [2:20:46<00:18, 25.64stock/s]D:\Projects\auto-select-stock\src\auto_select_stock\predict\data.py:76: RuntimeWarning: invalid value encountered in divide
  result["bb_position"] = np.where(bb_upper != bb_lower, (close - bb_lower) / (bb_upper - bb_lower), 0.5)
Collect signals 2857/3317:  86%|¨€¨€¨€¨€¨€¨€¨€¨€¨„ | 2856/3317 [2:20:46<00:17, 25.64stock/s]D:\Projects\auto-select-stock\src\auto_select_stock\predict\data.py:76: RuntimeWarning: invalid value encountered in divide
  result["bb_position"] = np.where(bb_upper != bb_lower, (close - bb_lower) / (bb_upper - bb_lower), 0.5)
Collect signals 2858/3317:  86%|¨€¨€¨€¨€¨€¨€¨€¨€¨„ | 2857/3317 [2:20:46<00:17, 25.64stock/s]D:\Projects\auto-select-stock\src\auto_select_stock\predict\data.py:76: RuntimeWarning: invalid value encountered in divide
  result["bb_position"] = np.where(bb_upper != bb_lower, (close - bb_lower) / (bb_upper - bb_lower), 0.5)
Collect signals 2859/3317:  86%|¨€¨€¨€¨€¨€¨€¨€¨€¨„ | 2858/3317 [2:20:47<00:17, 25.64stock/s]Collect signals 2859/3317:  86%|¨€¨€¨€¨€¨€¨€¨€¨€¨„ | 2859/3317 [2:20:47<00:14, 31.12stock/s]D:\Projects\auto-select-stock\src\auto_select_stock\predict\data.py:76: RuntimeWarning: invalid value encountered in divide
  result["bb_position"] = np.where(bb_upper != bb_lower, (close - bb_lower) / (bb_upper - bb_lower), 0.5)
Collect signals 2860/3317:  86%|¨€¨€¨€¨€¨€¨€¨€¨€¨„ | 2859/3317 [2:20:47<00:14, 31.12stock/s]D:\Projects\auto-select-stock\src\auto_select_stock\predict\data.py:76: RuntimeWarning: invalid value encountered in divide
  result["bb_position"] = np.where(bb_upper != bb_lower, (close - bb_lower) / (bb_upper - bb_lower), 0.5)
Collect signals 2861/3317:  86%|¨€¨€¨€¨€¨€¨€¨€¨€¨„ | 2860/3317 [2:20:47<00:14, 31.12stock/s]D:\Projects\auto-select-stock\src\auto_select_stock\predict\data.py:76: RuntimeWarning: invalid value encountered in divide
  result["bb_position"] = np.where(bb_upper != bb_lower, (close - bb_lower) / (bb_upper - bb_lower), 0.5)
Collect signals 2862/3317:  86%|¨€¨€¨€¨€¨€¨€¨€¨€¨ƒ | 2861/3317 [2:20:47<00:14, 31.12stock/s]D:\Projects\auto-select-stock\src\auto_select_stock\predict\data.py:76: RuntimeWarning: invalid value encountered in divide
  result["bb_position"] = np.where(bb_upper != bb_lower, (close - bb_lower) / (bb_upper - bb_lower), 0.5)
Collect signals 2863/3317:  86%|¨€¨€¨€¨€¨€¨€¨€¨€¨ƒ | 2862/3317 [2:20:47<00:14, 31.12stock/s]D:\Projects\auto-select-stock\src\auto_select_stock\predict\data.py:76: RuntimeWarning: invalid value encountered in divide
  result["bb_position"] = np.where(bb_upper != bb_lower, (close - bb_lower) / (bb_upper - bb_lower), 0.5)
Collect signals 2864/3317:  86%|¨€¨€¨€¨€¨€¨€¨€¨€¨ƒ | 2863/3317 [2:20:47<00:14, 31.12stock/s]D:\Projects\auto-select-stock\src\auto_select_stock\predict\data.py:76: RuntimeWarning: invalid value encountered in divide
  result["bb_position"] = np.where(bb_upper != bb_lower, (close - bb_lower) / (bb_upper - bb_lower), 0.5)
Collect signals 2865/3317:  86%|¨€¨€¨€¨€¨€¨€¨€¨€¨ƒ | 2864/3317 [2:20:47<00:14, 31.12stock/s]D:\Projects\auto-select-stock\src\auto_select_stock\predict\data.py:76: RuntimeWarning: invalid value encountered in divide
  result["bb_position"] = np.where(bb_upper != bb_lower, (close - bb_lower) / (bb_upper - bb_lower), 0.5)
Collect signals 2866/3317:  86%|¨€¨€¨€¨€¨€¨€¨€¨€¨ƒ | 2865/3317 [2:20:47<00:14, 31.12stock/s]D:\Projects\auto-select-stock\src\auto_select_stock\predict\data.py:76: RuntimeWarning: invalid value encountered in divide
  result["bb_position"] = np.where(bb_upper != bb_lower, (close - bb_lower) / (bb_upper - bb_lower), 0.5)
Collect signals 2867/3317:  86%|¨€¨€¨€¨€¨€¨€¨€¨€¨ƒ | 2866/3317 [2:20:47<00:14, 31.12stock/s]Collect signals 2867/3317:  86%|¨€¨€¨€¨€¨€¨€¨€¨€¨ƒ | 2867/3317 [2:20:47<00:11, 40.65stock/s]D:\Projects\auto-select-stock\src\auto_select_stock\predict\data.py:76: RuntimeWarning: invalid value encountered in divide
  result["bb_position"] = np.where(bb_upper != bb_lower, (close - bb_lower) / (bb_upper - bb_lower), 0.5)
Collect signals 2868/3317:  86%|¨€¨€¨€¨€¨€¨€¨€¨€¨ƒ | 2867/3317 [2:20:47<00:11, 40.65stock/s]D:\Projects\auto-select-stock\src\auto_select_stock\predict\data.py:76: RuntimeWarning: invalid value encountered in divide
  result["bb_position"] = np.where(bb_upper != bb_lower, (close - bb_lower) / (bb_upper - bb_lower), 0.5)
Collect signals 2869/3317:  86%|¨€¨€¨€¨€¨€¨€¨€¨€¨ƒ | 2868/3317 [2:20:47<00:11, 40.65stock/s]D:\Projects\auto-select-stock\src\auto_select_stock\predict\data.py:76: RuntimeWarning: invalid value encountered in divide
  result["bb_position"] = np.where(bb_upper != bb_lower, (close - bb_lower) / (bb_upper - bb_lower), 0.5)
Collect signals 2870/3317:  86%|¨€¨€¨€¨€¨€¨€¨€¨€¨ƒ | 2869/3317 [2:20:47<00:11, 40.65stock/s]D:\Projects\auto-select-stock\src\auto_select_stock\predict\data.py:76: RuntimeWarning: invalid value encountered in divide
  result["bb_position"] = np.where(bb_upper != bb_lower, (close - bb_lower) / (bb_upper - bb_lower), 0.5)
Collect signals 2871/3317:  87%|¨€¨€¨€¨€¨€¨€¨€¨€¨ƒ | 2870/3317 [2:20:47<00:10, 40.65stock/s]D:\Projects\auto-select-stock\src\auto_select_stock\predict\data.py:76: RuntimeWarning: invalid value encountered in divide
  result["bb_position"] = np.where(bb_upper != bb_lower, (close - bb_lower) / (bb_upper - bb_lower), 0.5)
Collect signals 2872/3317:  87%|¨€¨€¨€¨€¨€¨€¨€¨€¨ƒ | 2871/3317 [2:20:47<00:10, 40.65stock/s]D:\Projects\auto-select-stock\src\auto_select_stock\predict\data.py:76: RuntimeWarning: invalid value encountered in divide
  result["bb_position"] = np.where(bb_upper != bb_lower, (close - bb_lower) / (bb_upper - bb_lower), 0.5)
Collect signals 2873/3317:  87%|¨€¨€¨€¨€¨€¨€¨€¨€¨ƒ | 2872/3317 [2:20:47<00:10, 40.65stock/s]D:\Projects\auto-select-stock\src\auto_select_stock\predict\data.py:76: RuntimeWarning: invalid value encountered in divide
  result["bb_position"] = np.where(bb_upper != bb_lower, (close - bb_lower) / (bb_upper - bb_lower), 0.5)
Collect signals 2874/3317:  87%|¨€¨€¨€¨€¨€¨€¨€¨€¨ƒ | 2873/3317 [2:20:47<00:10, 40.65stock/s]D:\Projects\auto-select-stock\src\auto_select_stock\predict\data.py:76: RuntimeWarning: invalid value encountered in divide
  result["bb_position"] = np.where(bb_upper != bb_lower, (close - bb_lower) / (bb_upper - bb_lower), 0.5)
Collect signals 2875/3317:  87%|¨€¨€¨€¨€¨€¨€¨€¨€¨ƒ | 2874/3317 [2:20:47<00:10, 40.65stock/s]D:\Projects\auto-select-stock\src\auto_select_stock\predict\data.py:76: RuntimeWarning: invalid value encountered in divide
  result["bb_position"] = np.where(bb_upper != bb_lower, (close - bb_lower) / (bb_upper - bb_lower), 0.5)
Collect signals 2876/3317:  87%|¨€¨€¨€¨€¨€¨€¨€¨€¨ƒ | 2875/3317 [2:20:47<00:10, 40.65stock/s]Collect signals 2876/3317:  87%|¨€¨€¨€¨€¨€¨€¨€¨€¨ƒ | 2876/3317 [2:20:47<00:08, 51.20stock/s]D:\Projects\auto-select-stock\src\auto_select_stock\predict\data.py:76: RuntimeWarning: invalid value encountered in divide
  result["bb_position"] = np.where(bb_upper != bb_lower, (close - bb_lower) / (bb_upper - bb_lower), 0.5)
Collect signals 2877/3317:  87%|¨€¨€¨€¨€¨€¨€¨€¨€¨ƒ | 2876/3317 [2:20:47<00:08, 51.20stock/s]D:\Projects\auto-select-stock\src\auto_select_stock\predict\data.py:76: RuntimeWarning: invalid value encountered in divide
  result["bb_position"] = np.where(bb_upper != bb_lower, (close - bb_lower) / (bb_upper - bb_lower), 0.5)
Collect signals 2878/3317:  87%|¨€¨€¨€¨€¨€¨€¨€¨€¨ƒ | 2877/3317 [2:20:47<00:08, 51.20stock/s]D:\Projects\auto-select-stock\src\auto_select_stock\predict\data.py:76: RuntimeWarning: invalid value encountered in divide
  result["bb_position"] = np.where(bb_upper != bb_lower, (close - bb_lower) / (bb_upper - bb_lower), 0.5)
Collect signals 2879/3317:  87%|¨€¨€¨€¨€¨€¨€¨€¨€¨ƒ | 2878/3317 [2:20:47<00:08, 51.20stock/s]D:\Projects\auto-select-stock\src\auto_select_stock\predict\data.py:76: RuntimeWarning: invalid value encountered in divide
  result["bb_position"] = np.where(bb_upper != bb_lower, (close - bb_lower) / (bb_upper - bb_lower), 0.5)
Collect signals 2880/3317:  87%|¨€¨€¨€¨€¨€¨€¨€¨€¨ƒ | 2879/3317 [2:20:47<00:08, 51.20stock/s]D:\Projects\auto-select-stock\src\auto_select_stock\predict\data.py:76: RuntimeWarning: invalid value encountered in divide
  result["bb_position"] = np.where(bb_upper != bb_lower, (close - bb_lower) / (bb_upper - bb_lower), 0.5)
Collect signals 2881/3317:  87%|¨€¨€¨€¨€¨€¨€¨€¨€¨ƒ | 2880/3317 [2:20:47<00:08, 51.20stock/s]D:\Projects\auto-select-stock\src\auto_select_stock\predict\data.py:76: RuntimeWarning: invalid value encountered in divide
  result["bb_position"] = np.where(bb_upper != bb_lower, (close - bb_lower) / (bb_upper - bb_lower), 0.5)
Collect signals 2882/3317:  87%|¨€¨€¨€¨€¨€¨€¨€¨€¨ƒ | 2881/3317 [2:20:47<00:08, 51.20stock/s]D:\Projects\auto-select-stock\src\auto_select_stock\predict\data.py:76: RuntimeWarning: invalid value encountered in divide
  result["bb_position"] = np.where(bb_upper != bb_lower, (close - bb_lower) / (bb_upper - bb_lower), 0.5)
Collect signals 2883/3317:  87%|¨€¨€¨€¨€¨€¨€¨€¨€¨ƒ | 2882/3317 [2:20:47<00:08, 51.20stock/s]D:\Projects\auto-select-stock\src\auto_select_stock\predict\data.py:76: RuntimeWarning: invalid value encountered in divide
  result["bb_position"] = np.where(bb_upper != bb_lower, (close - bb_lower) / (bb_upper - bb_lower), 0.5)
Collect signals 2884/3317:  87%|¨€¨€¨€¨€¨€¨€¨€¨€¨ƒ | 2883/3317 [2:20:47<00:08, 51.20stock/s]D:\Projects\auto-select-stock\src\auto_select_stock\predict\data.py:76: RuntimeWarning: invalid value encountered in divide
  result["bb_position"] = np.where(bb_upper != bb_lower, (close - bb_lower) / (bb_upper - bb_lower), 0.5)
Collect signals 2885/3317:  87%|¨€¨€¨€¨€¨€¨€¨€¨€¨ƒ | 2884/3317 [2:20:50<00:08, 51.20stock/s]Collect signals 2885/3317:  87%|¨€¨€¨€¨€¨€¨€¨€¨€¨ƒ | 2885/3317 [2:20:50<00:59,  7.21stock/s]D:\Projects\auto-select-stock\src\auto_select_stock\predict\data.py:76: RuntimeWarning: invalid value encountered in divide
  result["bb_position"] = np.where(bb_upper != bb_lower, (close - bb_lower) / (bb_upper - bb_lower), 0.5)
Collect signals 2886/3317:  87%|¨€¨€¨€¨€¨€¨€¨€¨€¨ƒ | 2885/3317 [2:20:53<00:59,  7.21stock/s]D:\Projects\auto-select-stock\src\auto_select_stock\predict\data.py:76: RuntimeWarning: invalid value encountered in divide
  result["bb_position"] = np.where(bb_upper != bb_lower, (close - bb_lower) / (bb_upper - bb_lower), 0.5)
Collect signals 2887/3317:  87%|¨€¨€¨€¨€¨€¨€¨€¨€¨ƒ | 2886/3317 [2:20:56<00:59,  7.21stock/s]D:\Projects\auto-select-stock\src\auto_select_stock\predict\data.py:76: RuntimeWarning: invalid value encountered in divide
  result["bb_position"] = np.where(bb_upper != bb_lower, (close - bb_lower) / (bb_upper - bb_lower), 0.5)
Collect signals 2888/3317:  87%|¨€¨€¨€¨€¨€¨€¨€¨€¨ƒ | 2887/3317 [2:20:59<00:59,  7.21stock/s]D:\Projects\auto-select-stock\src\auto_select_stock\predict\data.py:76: RuntimeWarning: invalid value encountered in divide
  result["bb_position"] = np.where(bb_upper != bb_lower, (close - bb_lower) / (bb_upper - bb_lower), 0.5)
Collect signals 2889/3317:  87%|¨€¨€¨€¨€¨€¨€¨€¨€¨ƒ | 2888/3317 [2:21:02<00:59,  7.21stock/s]D:\Projects\auto-select-stock\src\auto_select_stock\predict\data.py:76: RuntimeWarning: invalid value encountered in divide
  result["bb_position"] = np.where(bb_upper != bb_lower, (close - bb_lower) / (bb_upper - bb_lower), 0.5)
Collect signals 2890/3317:  87%|¨€¨€¨€¨€¨€¨€¨€¨€¨ƒ | 2889/3317 [2:21:05<00:59,  7.21stock/s]Collect signals 2890/3317:  87%|¨€¨€¨€¨€¨€¨€¨€¨€¨ƒ | 2890/3317 [2:21:05<05:30,  1.29stock/s]D:\Projects\auto-select-stock\src\auto_select_stock\predict\data.py:76: RuntimeWarning: invalid value encountered in divide
  result["bb_position"] = np.where(bb_upper != bb_lower, (close - bb_lower) / (bb_upper - bb_lower), 0.5)
Collect signals 2891/3317:  87%|¨€¨€¨€¨€¨€¨€¨€¨€¨ƒ | 2890/3317 [2:21:08<05:30,  1.29stock/s]Collect signals 2891/3317:  87%|¨€¨€¨€¨€¨€¨€¨€¨€¨ƒ | 2891/3317 [2:21:08<06:19,  1.12stock/s]D:\Projects\auto-select-stock\src\auto_select_stock\predict\data.py:76: RuntimeWarning: invalid value encountered in divide
  result["bb_position"] = np.where(bb_upper != bb_lower, (close - bb_lower) / (bb_upper - bb_lower), 0.5)
Collect signals 2892/3317:  87%|¨€¨€¨€¨€¨€¨€¨€¨€¨ƒ | 2891/3317 [2:21:11<06:19,  1.12stock/s]D:\Projects\auto-select-stock\src\auto_select_stock\predict\data.py:76: RuntimeWarning: invalid value encountered in divide
  result["bb_position"] = np.where(bb_upper != bb_lower, (close - bb_lower) / (bb_upper - bb_lower), 0.5)
Collect signals 2893/3317:  87%|¨€¨€¨€¨€¨€¨€¨€¨€¨ƒ | 2892/3317 [2:21:14<06:18,  1.12stock/s]D:\Projects\auto-select-stock\src\auto_select_stock\predict\data.py:76: RuntimeWarning: invalid value encountered in divide
  result["bb_position"] = np.where(bb_upper != bb_lower, (close - bb_lower) / (bb_upper - bb_lower), 0.5)
Collect signals 2894/3317:  87%|¨€¨€¨€¨€¨€¨€¨€¨€¨ƒ | 2893/3317 [2:21:17<06:17,  1.12stock/s]D:\Projects\auto-select-stock\src\auto_select_stock\predict\data.py:76: RuntimeWarning: invalid value encountered in divide
  result["bb_position"] = np.where(bb_upper != bb_lower, (close - bb_lower) / (bb_upper - bb_lower), 0.5)
Collect signals 2895/3317:  87%|¨€¨€¨€¨€¨€¨€¨€¨€¨ƒ | 2894/3317 [2:21:20<06:16,  1.12stock/s]Collect signals 2895/3317:  87%|¨€¨€¨€¨€¨€¨€¨€¨€¨ƒ | 2895/3317 [2:21:20<10:00,  1.42s/stock]D:\Projects\auto-select-stock\src\auto_select_stock\predict\data.py:76: RuntimeWarning: invalid value encountered in divide
  result["bb_position"] = np.where(bb_upper != bb_lower, (close - bb_lower) / (bb_upper - bb_lower), 0.5)
Collect signals 2896/3317:  87%|¨€¨€¨€¨€¨€¨€¨€¨€¨ƒ | 2895/3317 [2:21:23<10:00,  1.42s/stock]Collect signals 2896/3317:  87%|¨€¨€¨€¨€¨€¨€¨€¨€¨ƒ | 2896/3317 [2:21:23<10:56,  1.56s/stock]D:\Projects\auto-select-stock\src\auto_select_stock\predict\data.py:76: RuntimeWarning: invalid value encountered in divide
  result["bb_position"] = np.where(bb_upper != bb_lower, (close - bb_lower) / (bb_upper - bb_lower), 0.5)
Collect signals 2897/3317:  87%|¨€¨€¨€¨€¨€¨€¨€¨€¨ƒ | 2896/3317 [2:21:26<10:56,  1.56s/stock]D:\Projects\auto-select-stock\src\auto_select_stock\predict\data.py:76: RuntimeWarning: invalid value encountered in divide
  result["bb_position"] = np.where(bb_upper != bb_lower, (close - bb_lower) / (bb_upper - bb_lower), 0.5)
Collect signals 2898/3317:  87%|¨€¨€¨€¨€¨€¨€¨€¨€¨ƒ | 2897/3317 [2:21:29<10:55,  1.56s/stock]D:\Projects\auto-select-stock\src\auto_select_stock\predict\data.py:76: RuntimeWarning: invalid value encountered in divide
  result["bb_position"] = np.where(bb_upper != bb_lower, (close - bb_lower) / (bb_upper - bb_lower), 0.5)
Collect signals 2899/3317:  87%|¨€¨€¨€¨€¨€¨€¨€¨€¨ƒ | 2898/3317 [2:21:32<10:53,  1.56s/stock]Collect signals 2899/3317:  87%|¨€¨€¨€¨€¨€¨€¨€¨€¨ƒ | 2899/3317 [2:21:32<13:31,  1.94s/stock]D:\Projects\auto-select-stock\src\auto_select_stock\predict\data.py:76: RuntimeWarning: invalid value encountered in divide
  result["bb_position"] = np.where(bb_upper != bb_lower, (close - bb_lower) / (bb_upper - bb_lower), 0.5)
Collect signals 2900/3317:  87%|¨€¨€¨€¨€¨€¨€¨€¨€¨ƒ | 2899/3317 [2:21:35<13:31,  1.94s/stock]D:\Projects\auto-select-stock\src\auto_select_stock\predict\data.py:76: RuntimeWarning: invalid value encountered in divide
  result["bb_position"] = np.where(bb_upper != bb_lower, (close - bb_lower) / (bb_upper - bb_lower), 0.5)
Collect signals 2901/3317:  87%|¨€¨€¨€¨€¨€¨€¨€¨€¨ƒ | 2900/3317 [2:21:38<13:29,  1.94s/stock]Collect signals 2901/3317:  87%|¨€¨€¨€¨€¨€¨€¨€¨€¨ƒ | 2901/3317 [2:21:38<14:49,  2.14s/stock]D:\Projects\auto-select-stock\src\auto_select_stock\predict\data.py:76: RuntimeWarning: invalid value encountered in divide
  result["bb_position"] = np.where(bb_upper != bb_lower, (close - bb_lower) / (bb_upper - bb_lower), 0.5)
Collect signals 2902/3317:  87%|¨€¨€¨€¨€¨€¨€¨€¨€¨ƒ | 2901/3317 [2:21:40<14:49,  2.14s/stock]D:\Projects\auto-select-stock\src\auto_select_stock\predict\data.py:76: RuntimeWarning: invalid value encountered in divide
  result["bb_position"] = np.where(bb_upper != bb_lower, (close - bb_lower) / (bb_upper - bb_lower), 0.5)
Collect signals 2903/3317:  87%|¨€¨€¨€¨€¨€¨€¨€¨€¨ƒ | 2902/3317 [2:21:43<14:47,  2.14s/stock]Collect signals 2903/3317:  88%|¨€¨€¨€¨€¨€¨€¨€¨€¨‚ | 2903/3317 [2:21:43<15:51,  2.30s/stock]D:\Projects\auto-select-stock\src\auto_select_stock\predict\data.py:76: RuntimeWarning: invalid value encountered in divide
  result["bb_position"] = np.where(bb_upper != bb_lower, (close - bb_lower) / (bb_upper - bb_lower), 0.5)
Collect signals 2904/3317:  88%|¨€¨€¨€¨€¨€¨€¨€¨€¨‚ | 2903/3317 [2:21:47<15:51,  2.30s/stock]Collect signals 2904/3317:  88%|¨€¨€¨€¨€¨€¨€¨€¨€¨‚ | 2904/3317 [2:21:47<16:34,  2.41s/stock]D:\Projects\auto-select-stock\src\auto_select_stock\predict\data.py:76: RuntimeWarning: invalid value encountered in divide
  result["bb_position"] = np.where(bb_upper != bb_lower, (close - bb_lower) / (bb_upper - bb_lower), 0.5)
Collect signals 2905/3317:  88%|¨€¨€¨€¨€¨€¨€¨€¨€¨‚ | 2904/3317 [2:21:49<16:34,  2.41s/stock]Collect signals 2905/3317:  88%|¨€¨€¨€¨€¨€¨€¨€¨€¨‚ | 2905/3317 [2:21:49<17:01,  2.48s/stock]D:\Projects\auto-select-stock\src\auto_select_stock\predict\data.py:76: RuntimeWarning: invalid value encountered in divide
  result["bb_position"] = np.where(bb_upper != bb_lower, (close - bb_lower) / (bb_upper - bb_lower), 0.5)
Collect signals 2906/3317:  88%|¨€¨€¨€¨€¨€¨€¨€¨€¨‚ | 2905/3317 [2:21:52<17:01,  2.48s/stock]Collect signals 2906/3317:  88%|¨€¨€¨€¨€¨€¨€¨€¨€¨‚ | 2906/3317 [2:21:52<17:13,  2.52s/stock]D:\Projects\auto-select-stock\src\auto_select_stock\predict\data.py:76: RuntimeWarning: invalid value encountered in divide
  result["bb_position"] = np.where(bb_upper != bb_lower, (close - bb_lower) / (bb_upper - bb_lower), 0.5)
Collect signals 2907/3317:  88%|¨€¨€¨€¨€¨€¨€¨€¨€¨‚ | 2906/3317 [2:21:55<17:13,  2.52s/stock]Collect signals 2907/3317:  88%|¨€¨€¨€¨€¨€¨€¨€¨€¨‚ | 2907/3317 [2:21:55<18:06,  2.65s/stock]D:\Projects\auto-select-stock\src\auto_select_stock\predict\data.py:76: RuntimeWarning: invalid value encountered in divide
  result["bb_position"] = np.where(bb_upper != bb_lower, (close - bb_lower) / (bb_upper - bb_lower), 0.5)
Collect signals 2908/3317:  88%|¨€¨€¨€¨€¨€¨€¨€¨€¨‚ | 2907/3317 [2:21:58<18:06,  2.65s/stock]Collect signals 2908/3317:  88%|¨€¨€¨€¨€¨€¨€¨€¨€¨‚ | 2908/3317 [2:21:58<18:48,  2.76s/stock]D:\Projects\auto-select-stock\src\auto_select_stock\predict\data.py:76: RuntimeWarning: invalid value encountered in divide
  result["bb_position"] = np.where(bb_upper != bb_lower, (close - bb_lower) / (bb_upper - bb_lower), 0.5)
Collect signals 2909/3317:  88%|¨€¨€¨€¨€¨€¨€¨€¨€¨‚ | 2908/3317 [2:22:01<18:48,  2.76s/stock]Collect signals 2909/3317:  88%|¨€¨€¨€¨€¨€¨€¨€¨€¨‚ | 2909/3317 [2:22:01<18:41,  2.75s/stock]D:\Projects\auto-select-stock\src\auto_select_stock\predict\data.py:76: RuntimeWarning: invalid value encountered in divide
  result["bb_position"] = np.where(bb_upper != bb_lower, (close - bb_lower) / (bb_upper - bb_lower), 0.5)
Collect signals 2910/3317:  88%|¨€¨€¨€¨€¨€¨€¨€¨€¨‚ | 2909/3317 [2:22:04<18:41,  2.75s/stock]Collect signals 2910/3317:  88%|¨€¨€¨€¨€¨€¨€¨€¨€¨‚ | 2910/3317 [2:22:04<19:10,  2.83s/stock]D:\Projects\auto-select-stock\src\auto_select_stock\predict\data.py:76: RuntimeWarning: invalid value encountered in divide
  result["bb_position"] = np.where(bb_upper != bb_lower, (close - bb_lower) / (bb_upper - bb_lower), 0.5)
Collect signals 2911/3317:  88%|¨€¨€¨€¨€¨€¨€¨€¨€¨‚ | 2910/3317 [2:22:07<19:10,  2.83s/stock]Collect signals 2911/3317:  88%|¨€¨€¨€¨€¨€¨€¨€¨€¨‚ | 2911/3317 [2:22:07<18:40,  2.76s/stock]D:\Projects\auto-select-stock\src\auto_select_stock\predict\data.py:76: RuntimeWarning: invalid value encountered in divide
  result["bb_position"] = np.where(bb_upper != bb_lower, (close - bb_lower) / (bb_upper - bb_lower), 0.5)
Collect signals 2912/3317:  88%|¨€¨€¨€¨€¨€¨€¨€¨€¨‚ | 2911/3317 [2:22:10<18:40,  2.76s/stock]Collect signals 2912/3317:  88%|¨€¨€¨€¨€¨€¨€¨€¨€¨‚ | 2912/3317 [2:22:10<19:32,  2.90s/stock]D:\Projects\auto-select-stock\src\auto_select_stock\predict\data.py:76: RuntimeWarning: invalid value encountered in divide
  result["bb_position"] = np.where(bb_upper != bb_lower, (close - bb_lower) / (bb_upper - bb_lower), 0.5)
Collect signals 2913/3317:  88%|¨€¨€¨€¨€¨€¨€¨€¨€¨‚ | 2912/3317 [2:22:13<19:32,  2.90s/stock]Collect signals 2913/3317:  88%|¨€¨€¨€¨€¨€¨€¨€¨€¨‚ | 2913/3317 [2:22:13<19:19,  2.87s/stock]D:\Projects\auto-select-stock\src\auto_select_stock\predict\data.py:76: RuntimeWarning: invalid value encountered in divide
  result["bb_position"] = np.where(bb_upper != bb_lower, (close - bb_lower) / (bb_upper - bb_lower), 0.5)
Collect signals 2914/3317:  88%|¨€¨€¨€¨€¨€¨€¨€¨€¨‚ | 2913/3317 [2:22:16<19:19,  2.87s/stock]Collect signals 2914/3317:  88%|¨€¨€¨€¨€¨€¨€¨€¨€¨‚ | 2914/3317 [2:22:16<19:49,  2.95s/stock]D:\Projects\auto-select-stock\src\auto_select_stock\predict\data.py:76: RuntimeWarning: invalid value encountered in divide
  result["bb_position"] = np.where(bb_upper != bb_lower, (close - bb_lower) / (bb_upper - bb_lower), 0.5)
Collect signals 2915/3317:  88%|¨€¨€¨€¨€¨€¨€¨€¨€¨‚ | 2914/3317 [2:22:19<19:49,  2.95s/stock]Collect signals 2915/3317:  88%|¨€¨€¨€¨€¨€¨€¨€¨€¨‚ | 2915/3317 [2:22:19<20:28,  3.06s/stock]D:\Projects\auto-select-stock\src\auto_select_stock\predict\data.py:76: RuntimeWarning: invalid value encountered in divide
  result["bb_position"] = np.where(bb_upper != bb_lower, (close - bb_lower) / (bb_upper - bb_lower), 0.5)
Collect signals 2916/3317:  88%|¨€¨€¨€¨€¨€¨€¨€¨€¨‚ | 2915/3317 [2:22:22<20:28,  3.06s/stock]Collect signals 2916/3317:  88%|¨€¨€¨€¨€¨€¨€¨€¨€¨‚ | 2916/3317 [2:22:22<19:46,  2.96s/stock]D:\Projects\auto-select-stock\src\auto_select_stock\predict\data.py:76: RuntimeWarning: invalid value encountered in divide
  result["bb_position"] = np.where(bb_upper != bb_lower, (close - bb_lower) / (bb_upper - bb_lower), 0.5)
Collect signals 2917/3317:  88%|¨€¨€¨€¨€¨€¨€¨€¨€¨‚ | 2916/3317 [2:22:25<19:46,  2.96s/stock]Collect signals 2917/3317:  88%|¨€¨€¨€¨€¨€¨€¨€¨€¨‚ | 2917/3317 [2:22:25<20:31,  3.08s/stock]D:\Projects\auto-select-stock\src\auto_select_stock\predict\data.py:76: RuntimeWarning: invalid value encountered in divide
  result["bb_position"] = np.where(bb_upper != bb_lower, (close - bb_lower) / (bb_upper - bb_lower), 0.5)
Collect signals 2918/3317:  88%|¨€¨€¨€¨€¨€¨€¨€¨€¨‚ | 2917/3317 [2:22:28<20:31,  3.08s/stock]Collect signals 2918/3317:  88%|¨€¨€¨€¨€¨€¨€¨€¨€¨‚ | 2918/3317 [2:22:28<20:09,  3.03s/stock]D:\Projects\auto-select-stock\src\auto_select_stock\predict\data.py:76: RuntimeWarning: invalid value encountered in divide
  result["bb_position"] = np.where(bb_upper != bb_lower, (close - bb_lower) / (bb_upper - bb_lower), 0.5)
Collect signals 2919/3317:  88%|¨€¨€¨€¨€¨€¨€¨€¨€¨‚ | 2918/3317 [2:22:32<20:09,  3.03s/stock]Collect signals 2919/3317:  88%|¨€¨€¨€¨€¨€¨€¨€¨€¨‚ | 2919/3317 [2:22:32<20:43,  3.12s/stock]D:\Projects\auto-select-stock\src\auto_select_stock\predict\data.py:76: RuntimeWarning: invalid value encountered in divide
  result["bb_position"] = np.where(bb_upper != bb_lower, (close - bb_lower) / (bb_upper - bb_lower), 0.5)
Collect signals 2920/3317:  88%|¨€¨€¨€¨€¨€¨€¨€¨€¨‚ | 2919/3317 [2:22:34<20:43,  3.12s/stock]Collect signals 2920/3317:  88%|¨€¨€¨€¨€¨€¨€¨€¨€¨‚ | 2920/3317 [2:22:34<20:04,  3.03s/stock]D:\Projects\auto-select-stock\src\auto_select_stock\predict\data.py:76: RuntimeWarning: invalid value encountered in divide
  result["bb_position"] = np.where(bb_upper != bb_lower, (close - bb_lower) / (bb_upper - bb_lower), 0.5)
Collect signals 2921/3317:  88%|¨€¨€¨€¨€¨€¨€¨€¨€¨‚ | 2920/3317 [2:22:37<20:04,  3.03s/stock]Collect signals 2921/3317:  88%|¨€¨€¨€¨€¨€¨€¨€¨€¨‚ | 2921/3317 [2:22:37<20:09,  3.05s/stock]D:\Projects\auto-select-stock\src\auto_select_stock\predict\data.py:76: RuntimeWarning: invalid value encountered in divide
  result["bb_position"] = np.where(bb_upper != bb_lower, (close - bb_lower) / (bb_upper - bb_lower), 0.5)
Collect signals 2922/3317:  88%|¨€¨€¨€¨€¨€¨€¨€¨€¨‚ | 2921/3317 [2:22:40<20:09,  3.05s/stock]Collect signals 2922/3317:  88%|¨€¨€¨€¨€¨€¨€¨€¨€¨‚ | 2922/3317 [2:22:40<19:46,  3.00s/stock]D:\Projects\auto-select-stock\src\auto_select_stock\predict\data.py:76: RuntimeWarning: invalid value encountered in divide
  result["bb_position"] = np.where(bb_upper != bb_lower, (close - bb_lower) / (bb_upper - bb_lower), 0.5)
Collect signals 2923/3317:  88%|¨€¨€¨€¨€¨€¨€¨€¨€¨‚ | 2922/3317 [2:22:44<19:46,  3.00s/stock]Collect signals 2923/3317:  88%|¨€¨€¨€¨€¨€¨€¨€¨€¨‚ | 2923/3317 [2:22:44<20:17,  3.09s/stock]D:\Projects\auto-select-stock\src\auto_select_stock\predict\data.py:76: RuntimeWarning: invalid value encountered in divide
  result["bb_position"] = np.where(bb_upper != bb_lower, (close - bb_lower) / (bb_upper - bb_lower), 0.5)
Collect signals 2924/3317:  88%|¨€¨€¨€¨€¨€¨€¨€¨€¨‚ | 2923/3317 [2:22:47<20:17,  3.09s/stock]Collect signals 2924/3317:  88%|¨€¨€¨€¨€¨€¨€¨€¨€¨‚ | 2924/3317 [2:22:47<20:18,  3.10s/stock]D:\Projects\auto-select-stock\src\auto_select_stock\predict\data.py:76: RuntimeWarning: invalid value encountered in divide
  result["bb_position"] = np.where(bb_upper != bb_lower, (close - bb_lower) / (bb_upper - bb_lower), 0.5)
Collect signals 2925/3317:  88%|¨€¨€¨€¨€¨€¨€¨€¨€¨‚ | 2924/3317 [2:22:50<20:18,  3.10s/stock]Collect signals 2925/3317:  88%|¨€¨€¨€¨€¨€¨€¨€¨€¨‚ | 2925/3317 [2:22:50<19:51,  3.04s/stock]D:\Projects\auto-select-stock\src\auto_select_stock\predict\data.py:76: RuntimeWarning: invalid value encountered in divide
  result["bb_position"] = np.where(bb_upper != bb_lower, (close - bb_lower) / (bb_upper - bb_lower), 0.5)
Collect signals 2926/3317:  88%|¨€¨€¨€¨€¨€¨€¨€¨€¨‚ | 2925/3317 [2:22:53<19:51,  3.04s/stock]Collect signals 2926/3317:  88%|¨€¨€¨€¨€¨€¨€¨€¨€¨‚ | 2926/3317 [2:22:53<20:13,  3.10s/stock]D:\Projects\auto-select-stock\src\auto_select_stock\predict\data.py:76: RuntimeWarning: invalid value encountered in divide
  result["bb_position"] = np.where(bb_upper != bb_lower, (close - bb_lower) / (bb_upper - bb_lower), 0.5)
Collect signals 2927/3317:  88%|¨€¨€¨€¨€¨€¨€¨€¨€¨‚ | 2926/3317 [2:22:56<20:13,  3.10s/stock]Collect signals 2927/3317:  88%|¨€¨€¨€¨€¨€¨€¨€¨€¨‚ | 2927/3317 [2:22:56<19:27,  2.99s/stock]D:\Projects\auto-select-stock\src\auto_select_stock\predict\data.py:76: RuntimeWarning: invalid value encountered in divide
  result["bb_position"] = np.where(bb_upper != bb_lower, (close - bb_lower) / (bb_upper - bb_lower), 0.5)
Collect signals 2928/3317:  88%|¨€¨€¨€¨€¨€¨€¨€¨€¨‚ | 2927/3317 [2:22:59<19:27,  2.99s/stock]Collect signals 2928/3317:  88%|¨€¨€¨€¨€¨€¨€¨€¨€¨‚ | 2928/3317 [2:22:59<19:55,  3.07s/stock]D:\Projects\auto-select-stock\src\auto_select_stock\predict\data.py:76: RuntimeWarning: invalid value encountered in divide
  result["bb_position"] = np.where(bb_upper != bb_lower, (close - bb_lower) / (bb_upper - bb_lower), 0.5)
Collect signals 2929/3317:  88%|¨€¨€¨€¨€¨€¨€¨€¨€¨‚ | 2928/3317 [2:23:02<19:55,  3.07s/stock]Collect signals 2929/3317:  88%|¨€¨€¨€¨€¨€¨€¨€¨€¨‚ | 2929/3317 [2:23:02<19:36,  3.03s/stock]D:\Projects\auto-select-stock\src\auto_select_stock\predict\data.py:76: RuntimeWarning: invalid value encountered in divide
  result["bb_position"] = np.where(bb_upper != bb_lower, (close - bb_lower) / (bb_upper - bb_lower), 0.5)
Collect signals 2930/3317:  88%|¨€¨€¨€¨€¨€¨€¨€¨€¨‚ | 2929/3317 [2:23:05<19:36,  3.03s/stock]Collect signals 2930/3317:  88%|¨€¨€¨€¨€¨€¨€¨€¨€¨‚ | 2930/3317 [2:23:05<20:00,  3.10s/stock]D:\Projects\auto-select-stock\src\auto_select_stock\predict\data.py:76: RuntimeWarning: invalid value encountered in divide
  result["bb_position"] = np.where(bb_upper != bb_lower, (close - bb_lower) / (bb_upper - bb_lower), 0.5)
Collect signals 2931/3317:  88%|¨€¨€¨€¨€¨€¨€¨€¨€¨‚ | 2930/3317 [2:23:08<20:00,  3.10s/stock]Collect signals 2931/3317:  88%|¨€¨€¨€¨€¨€¨€¨€¨€¨‚ | 2931/3317 [2:23:08<19:31,  3.04s/stock]D:\Projects\auto-select-stock\src\auto_select_stock\predict\data.py:76: RuntimeWarning: invalid value encountered in divide
  result["bb_position"] = np.where(bb_upper != bb_lower, (close - bb_lower) / (bb_upper - bb_lower), 0.5)
Collect signals 2932/3317:  88%|¨€¨€¨€¨€¨€¨€¨€¨€¨‚ | 2931/3317 [2:23:11<19:31,  3.04s/stock]Collect signals 2932/3317:  88%|¨€¨€¨€¨€¨€¨€¨€¨€¨‚ | 2932/3317 [2:23:11<19:38,  3.06s/stock]D:\Projects\auto-select-stock\src\auto_select_stock\predict\data.py:76: RuntimeWarning: invalid value encountered in divide
  result["bb_position"] = np.where(bb_upper != bb_lower, (close - bb_lower) / (bb_upper - bb_lower), 0.5)
Collect signals 2933/3317:  88%|¨€¨€¨€¨€¨€¨€¨€¨€¨‚ | 2932/3317 [2:23:14<19:38,  3.06s/stock]Collect signals 2933/3317:  88%|¨€¨€¨€¨€¨€¨€¨€¨€¨‚ | 2933/3317 [2:23:14<20:00,  3.13s/stock]D:\Projects\auto-select-stock\src\auto_select_stock\predict\data.py:76: RuntimeWarning: invalid value encountered in divide
  result["bb_position"] = np.where(bb_upper != bb_lower, (close - bb_lower) / (bb_upper - bb_lower), 0.5)
Collect signals 2934/3317:  88%|¨€¨€¨€¨€¨€¨€¨€¨€¨‚ | 2933/3317 [2:23:17<20:00,  3.13s/stock]Collect signals 2934/3317:  88%|¨€¨€¨€¨€¨€¨€¨€¨€¨‚ | 2934/3317 [2:23:17<19:23,  3.04s/stock]D:\Projects\auto-select-stock\src\auto_select_stock\predict\data.py:76: RuntimeWarning: invalid value encountered in divide
  result["bb_position"] = np.where(bb_upper != bb_lower, (close - bb_lower) / (bb_upper - bb_lower), 0.5)
Collect signals 2935/3317:  88%|¨€¨€¨€¨€¨€¨€¨€¨€¨‚ | 2934/3317 [2:23:20<19:23,  3.04s/stock]Collect signals 2935/3317:  88%|¨€¨€¨€¨€¨€¨€¨€¨€¨‚ | 2935/3317 [2:23:20<19:38,  3.09s/stock]D:\Projects\auto-select-stock\src\auto_select_stock\predict\data.py:76: RuntimeWarning: invalid value encountered in divide
  result["bb_position"] = np.where(bb_upper != bb_lower, (close - bb_lower) / (bb_upper - bb_lower), 0.5)
Collect signals 2936/3317:  88%|¨€¨€¨€¨€¨€¨€¨€¨€¨‚ | 2935/3317 [2:23:23<19:38,  3.09s/stock]Collect signals 2936/3317:  89%|¨€¨€¨€¨€¨€¨€¨€¨€¨‚ | 2936/3317 [2:23:23<18:57,  2.99s/stock]D:\Projects\auto-select-stock\src\auto_select_stock\predict\data.py:76: RuntimeWarning: invalid value encountered in divide
  result["bb_position"] = np.where(bb_upper != bb_lower, (close - bb_lower) / (bb_upper - bb_lower), 0.5)
Collect signals 2937/3317:  89%|¨€¨€¨€¨€¨€¨€¨€¨€¨‚ | 2936/3317 [2:23:26<18:57,  2.99s/stock]Collect signals 2937/3317:  89%|¨€¨€¨€¨€¨€¨€¨€¨€¨‚ | 2937/3317 [2:23:26<19:12,  3.03s/stock]D:\Projects\auto-select-stock\src\auto_select_stock\predict\data.py:76: RuntimeWarning: invalid value encountered in divide
  result["bb_position"] = np.where(bb_upper != bb_lower, (close - bb_lower) / (bb_upper - bb_lower), 0.5)
Collect signals 2938/3317:  89%|¨€¨€¨€¨€¨€¨€¨€¨€¨‚ | 2937/3317 [2:23:29<19:12,  3.03s/stock]Collect signals 2938/3317:  89%|¨€¨€¨€¨€¨€¨€¨€¨€¨‚ | 2938/3317 [2:23:29<18:50,  2.98s/stock]D:\Projects\auto-select-stock\src\auto_select_stock\predict\data.py:76: RuntimeWarning: invalid value encountered in divide
  result["bb_position"] = np.where(bb_upper != bb_lower, (close - bb_lower) / (bb_upper - bb_lower), 0.5)
Collect signals 2939/3317:  89%|¨€¨€¨€¨€¨€¨€¨€¨€¨‚ | 2938/3317 [2:23:32<18:50,  2.98s/stock]Collect signals 2939/3317:  89%|¨€¨€¨€¨€¨€¨€¨€¨€¨‚ | 2939/3317 [2:23:32<19:12,  3.05s/stock]D:\Projects\auto-select-stock\src\auto_select_stock\predict\data.py:76: RuntimeWarning: invalid value encountered in divide
  result["bb_position"] = np.where(bb_upper != bb_lower, (close - bb_lower) / (bb_upper - bb_lower), 0.5)
Collect signals 2940/3317:  89%|¨€¨€¨€¨€¨€¨€¨€¨€¨‚ | 2939/3317 [2:23:36<19:12,  3.05s/stock]Collect signals 2940/3317:  89%|¨€¨€¨€¨€¨€¨€¨€¨€¨‚ | 2940/3317 [2:23:36<19:39,  3.13s/stock]D:\Projects\auto-select-stock\src\auto_select_stock\predict\data.py:76: RuntimeWarning: invalid value encountered in divide
  result["bb_position"] = np.where(bb_upper != bb_lower, (close - bb_lower) / (bb_upper - bb_lower), 0.5)
Collect signals 2941/3317:  89%|¨€¨€¨€¨€¨€¨€¨€¨€¨‚ | 2940/3317 [2:23:39<19:39,  3.13s/stock]Collect signals 2941/3317:  89%|¨€¨€¨€¨€¨€¨€¨€¨€¨‚ | 2941/3317 [2:23:39<19:12,  3.07s/stock]D:\Projects\auto-select-stock\src\auto_select_stock\predict\data.py:76: RuntimeWarning: invalid value encountered in divide
  result["bb_position"] = np.where(bb_upper != bb_lower, (close - bb_lower) / (bb_upper - bb_lower), 0.5)
Collect signals 2942/3317:  89%|¨€¨€¨€¨€¨€¨€¨€¨€¨‚ | 2941/3317 [2:23:42<19:12,  3.07s/stock]Collect signals 2942/3317:  89%|¨€¨€¨€¨€¨€¨€¨€¨€¨‚ | 2942/3317 [2:23:42<19:17,  3.09s/stock]D:\Projects\auto-select-stock\src\auto_select_stock\predict\data.py:76: RuntimeWarning: invalid value encountered in divide
  result["bb_position"] = np.where(bb_upper != bb_lower, (close - bb_lower) / (bb_upper - bb_lower), 0.5)
Collect signals 2943/3317:  89%|¨€¨€¨€¨€¨€¨€¨€¨€¨‚ | 2942/3317 [2:23:45<19:17,  3.09s/stock]Collect signals 2943/3317:  89%|¨€¨€¨€¨€¨€¨€¨€¨€¨‚ | 2943/3317 [2:23:45<18:45,  3.01s/stock]D:\Projects\auto-select-stock\src\auto_select_stock\predict\data.py:76: RuntimeWarning: invalid value encountered in divide
  result["bb_position"] = np.where(bb_upper != bb_lower, (close - bb_lower) / (bb_upper - bb_lower), 0.5)
Collect signals 2944/3317:  89%|¨€¨€¨€¨€¨€¨€¨€¨€¨‚ | 2943/3317 [2:23:48<18:45,  3.01s/stock]Collect signals 2944/3317:  89%|¨€¨€¨€¨€¨€¨€¨€¨€¨ | 2944/3317 [2:23:48<19:11,  3.09s/stock]D:\Projects\auto-select-stock\src\auto_select_stock\predict\data.py:76: RuntimeWarning: invalid value encountered in divide
  result["bb_position"] = np.where(bb_upper != bb_lower, (close - bb_lower) / (bb_upper - bb_lower), 0.5)
Collect signals 2945/3317:  89%|¨€¨€¨€¨€¨€¨€¨€¨€¨ | 2944/3317 [2:23:51<19:11,  3.09s/stock]Collect signals 2945/3317:  89%|¨€¨€¨€¨€¨€¨€¨€¨€¨ | 2945/3317 [2:23:51<18:48,  3.03s/stock]D:\Projects\auto-select-stock\src\auto_select_stock\predict\data.py:76: RuntimeWarning: invalid value encountered in divide
  result["bb_position"] = np.where(bb_upper != bb_lower, (close - bb_lower) / (bb_upper - bb_lower), 0.5)
Collect signals 2946/3317:  89%|¨€¨€¨€¨€¨€¨€¨€¨€¨ | 2945/3317 [2:23:54<18:48,  3.03s/stock]Collect signals 2946/3317:  89%|¨€¨€¨€¨€¨€¨€¨€¨€¨ | 2946/3317 [2:23:54<18:59,  3.07s/stock]D:\Projects\auto-select-stock\src\auto_select_stock\predict\data.py:76: RuntimeWarning: invalid value encountered in divide
  result["bb_position"] = np.where(bb_upper != bb_lower, (close - bb_lower) / (bb_upper - bb_lower), 0.5)
Collect signals 2947/3317:  89%|¨€¨€¨€¨€¨€¨€¨€¨€¨ | 2946/3317 [2:23:57<18:59,  3.07s/stock]Collect signals 2947/3317:  89%|¨€¨€¨€¨€¨€¨€¨€¨€¨ | 2947/3317 [2:23:57<18:18,  2.97s/stock]D:\Projects\auto-select-stock\src\auto_select_stock\predict\data.py:76: RuntimeWarning: invalid value encountered in divide
  result["bb_position"] = np.where(bb_upper != bb_lower, (close - bb_lower) / (bb_upper - bb_lower), 0.5)
Collect signals 2948/3317:  89%|¨€¨€¨€¨€¨€¨€¨€¨€¨ | 2947/3317 [2:24:00<18:18,  2.97s/stock]Collect signals 2948/3317:  89%|¨€¨€¨€¨€¨€¨€¨€¨€¨ | 2948/3317 [2:24:00<18:29,  3.01s/stock]D:\Projects\auto-select-stock\src\auto_select_stock\predict\data.py:76: RuntimeWarning: invalid value encountered in divide
  result["bb_position"] = np.where(bb_upper != bb_lower, (close - bb_lower) / (bb_upper - bb_lower), 0.5)
Collect signals 2949/3317:  89%|¨€¨€¨€¨€¨€¨€¨€¨€¨ | 2948/3317 [2:24:03<18:29,  3.01s/stock]Collect signals 2949/3317:  89%|¨€¨€¨€¨€¨€¨€¨€¨€¨ | 2949/3317 [2:24:03<18:03,  2.94s/stock]D:\Projects\auto-select-stock\src\auto_select_stock\predict\data.py:76: RuntimeWarning: invalid value encountered in divide
  result["bb_position"] = np.where(bb_upper != bb_lower, (close - bb_lower) / (bb_upper - bb_lower), 0.5)
Collect signals 2950/3317:  89%|¨€¨€¨€¨€¨€¨€¨€¨€¨ | 2949/3317 [2:24:06<18:03,  2.94s/stock]Collect signals 2950/3317:  89%|¨€¨€¨€¨€¨€¨€¨€¨€¨ | 2950/3317 [2:24:06<18:28,  3.02s/stock]D:\Projects\auto-select-stock\src\auto_select_stock\predict\data.py:76: RuntimeWarning: invalid value encountered in divide
  result["bb_position"] = np.where(bb_upper != bb_lower, (close - bb_lower) / (bb_upper - bb_lower), 0.5)
Collect signals 2951/3317:  89%|¨€¨€¨€¨€¨€¨€¨€¨€¨ | 2950/3317 [2:24:09<18:28,  3.02s/stock]Collect signals 2951/3317:  89%|¨€¨€¨€¨€¨€¨€¨€¨€¨ | 2951/3317 [2:24:09<18:51,  3.09s/stock]D:\Projects\auto-select-stock\src\auto_select_stock\predict\data.py:76: RuntimeWarning: invalid value encountered in divide
  result["bb_position"] = np.where(bb_upper != bb_lower, (close - bb_lower) / (bb_upper - bb_lower), 0.5)
Collect signals 2952/3317:  89%|¨€¨€¨€¨€¨€¨€¨€¨€¨ | 2951/3317 [2:24:12<18:51,  3.09s/stock]Collect signals 2952/3317:  89%|¨€¨€¨€¨€¨€¨€¨€¨€¨ | 2952/3317 [2:24:12<18:17,  3.01s/stock]D:\Projects\auto-select-stock\src\auto_select_stock\predict\data.py:76: RuntimeWarning: invalid value encountered in divide
  result["bb_position"] = np.where(bb_upper != bb_lower, (close - bb_lower) / (bb_upper - bb_lower), 0.5)
Collect signals 2953/3317:  89%|¨€¨€¨€¨€¨€¨€¨€¨€¨ | 2952/3317 [2:24:15<18:17,  3.01s/stock]Collect signals 2953/3317:  89%|¨€¨€¨€¨€¨€¨€¨€¨€¨ | 2953/3317 [2:24:15<18:21,  3.03s/stock]D:\Projects\auto-select-stock\src\auto_select_stock\predict\data.py:76: RuntimeWarning: invalid value encountered in divide
  result["bb_position"] = np.where(bb_upper != bb_lower, (close - bb_lower) / (bb_upper - bb_lower), 0.5)
Collect signals 2954/3317:  89%|¨€¨€¨€¨€¨€¨€¨€¨€¨ | 2953/3317 [2:24:18<18:21,  3.03s/stock]Collect signals 2954/3317:  89%|¨€¨€¨€¨€¨€¨€¨€¨€¨ | 2954/3317 [2:24:18<17:48,  2.94s/stock]D:\Projects\auto-select-stock\src\auto_select_stock\predict\data.py:76: RuntimeWarning: invalid value encountered in divide
  result["bb_position"] = np.where(bb_upper != bb_lower, (close - bb_lower) / (bb_upper - bb_lower), 0.5)
Collect signals 2955/3317:  89%|¨€¨€¨€¨€¨€¨€¨€¨€¨ | 2954/3317 [2:24:21<17:48,  2.94s/stock]Collect signals 2955/3317:  89%|¨€¨€¨€¨€¨€¨€¨€¨€¨ | 2955/3317 [2:24:21<18:03,  2.99s/stock]D:\Projects\auto-select-stock\src\auto_select_stock\predict\data.py:76: RuntimeWarning: invalid value encountered in divide
  result["bb_position"] = np.where(bb_upper != bb_lower, (close - bb_lower) / (bb_upper - bb_lower), 0.5)
Collect signals 2956/3317:  89%|¨€¨€¨€¨€¨€¨€¨€¨€¨ | 2955/3317 [2:24:23<18:03,  2.99s/stock]Collect signals 2956/3317:  89%|¨€¨€¨€¨€¨€¨€¨€¨€¨ | 2956/3317 [2:24:23<17:31,  2.91s/stock]D:\Projects\auto-select-stock\src\auto_select_stock\predict\data.py:76: RuntimeWarning: invalid value encountered in divide
  result["bb_position"] = np.where(bb_upper != bb_lower, (close - bb_lower) / (bb_upper - bb_lower), 0.5)
Collect signals 2957/3317:  89%|¨€¨€¨€¨€¨€¨€¨€¨€¨ | 2956/3317 [2:24:27<17:31,  2.91s/stock]Collect signals 2957/3317:  89%|¨€¨€¨€¨€¨€¨€¨€¨€¨ | 2957/3317 [2:24:27<17:46,  2.96s/stock]D:\Projects\auto-select-stock\src\auto_select_stock\predict\data.py:76: RuntimeWarning: invalid value encountered in divide
  result["bb_position"] = np.where(bb_upper != bb_lower, (close - bb_lower) / (bb_upper - bb_lower), 0.5)
Collect signals 2958/3317:  89%|¨€¨€¨€¨€¨€¨€¨€¨€¨ | 2957/3317 [2:24:30<17:46,  2.96s/stock]Collect signals 2958/3317:  89%|¨€¨€¨€¨€¨€¨€¨€¨€¨ | 2958/3317 [2:24:30<18:10,  3.04s/stock]D:\Projects\auto-select-stock\src\auto_select_stock\predict\data.py:76: RuntimeWarning: invalid value encountered in divide
  result["bb_position"] = np.where(bb_upper != bb_lower, (close - bb_lower) / (bb_upper - bb_lower), 0.5)
Collect signals 2959/3317:  89%|¨€¨€¨€¨€¨€¨€¨€¨€¨ | 2958/3317 [2:24:33<18:10,  3.04s/stock]Collect signals 2959/3317:  89%|¨€¨€¨€¨€¨€¨€¨€¨€¨ | 2959/3317 [2:24:33<17:37,  2.96s/stock]D:\Projects\auto-select-stock\src\auto_select_stock\predict\data.py:76: RuntimeWarning: invalid value encountered in divide
  result["bb_position"] = np.where(bb_upper != bb_lower, (close - bb_lower) / (bb_upper - bb_lower), 0.5)
Collect signals 2960/3317:  89%|¨€¨€¨€¨€¨€¨€¨€¨€¨ | 2959/3317 [2:24:36<17:37,  2.96s/stock]Collect signals 2960/3317:  89%|¨€¨€¨€¨€¨€¨€¨€¨€¨ | 2960/3317 [2:24:36<18:01,  3.03s/stock]D:\Projects\auto-select-stock\src\auto_select_stock\predict\data.py:76: RuntimeWarning: invalid value encountered in divide
  result["bb_position"] = np.where(bb_upper != bb_lower, (close - bb_lower) / (bb_upper - bb_lower), 0.5)
Collect signals 2961/3317:  89%|¨€¨€¨€¨€¨€¨€¨€¨€¨ | 2960/3317 [2:24:38<18:01,  3.03s/stock]Collect signals 2961/3317:  89%|¨€¨€¨€¨€¨€¨€¨€¨€¨ | 2961/3317 [2:24:38<17:25,  2.94s/stock]D:\Projects\auto-select-stock\src\auto_select_stock\predict\data.py:76: RuntimeWarning: invalid value encountered in divide
  result["bb_position"] = np.where(bb_upper != bb_lower, (close - bb_lower) / (bb_upper - bb_lower), 0.5)
Collect signals 2962/3317:  89%|¨€¨€¨€¨€¨€¨€¨€¨€¨ | 2961/3317 [2:24:42<17:25,  2.94s/stock]Collect signals 2962/3317:  89%|¨€¨€¨€¨€¨€¨€¨€¨€¨ | 2962/3317 [2:24:42<17:39,  2.98s/stock]D:\Projects\auto-select-stock\src\auto_select_stock\predict\data.py:76: RuntimeWarning: invalid value encountered in divide
  result["bb_position"] = np.where(bb_upper != bb_lower, (close - bb_lower) / (bb_upper - bb_lower), 0.5)
Collect signals 2963/3317:  89%|¨€¨€¨€¨€¨€¨€¨€¨€¨ | 2962/3317 [2:24:44<17:39,  2.98s/stock]Collect signals 2963/3317:  89%|¨€¨€¨€¨€¨€¨€¨€¨€¨ | 2963/3317 [2:24:44<17:17,  2.93s/stock]D:\Projects\auto-select-stock\src\auto_select_stock\predict\data.py:76: RuntimeWarning: invalid value encountered in divide
  result["bb_position"] = np.where(bb_upper != bb_lower, (close - bb_lower) / (bb_upper - bb_lower), 0.5)
Collect signals 2964/3317:  89%|¨€¨€¨€¨€¨€¨€¨€¨€¨ | 2963/3317 [2:24:48<17:17,  2.93s/stock]Collect signals 2964/3317:  89%|¨€¨€¨€¨€¨€¨€¨€¨€¨ | 2964/3317 [2:24:48<18:00,  3.06s/stock]D:\Projects\auto-select-stock\src\auto_select_stock\predict\data.py:76: RuntimeWarning: invalid value encountered in divide
  result["bb_position"] = np.where(bb_upper != bb_lower, (close - bb_lower) / (bb_upper - bb_lower), 0.5)
Collect signals 2965/3317:  89%|¨€¨€¨€¨€¨€¨€¨€¨€¨ | 2964/3317 [2:24:51<18:00,  3.06s/stock]Collect signals 2965/3317:  89%|¨€¨€¨€¨€¨€¨€¨€¨€¨ | 2965/3317 [2:24:51<17:33,  2.99s/stock]D:\Projects\auto-select-stock\src\auto_select_stock\predict\data.py:76: RuntimeWarning: invalid value encountered in divide
  result["bb_position"] = np.where(bb_upper != bb_lower, (close - bb_lower) / (bb_upper - bb_lower), 0.5)
Collect signals 2966/3317:  89%|¨€¨€¨€¨€¨€¨€¨€¨€¨ | 2965/3317 [2:24:54<17:33,  2.99s/stock]Collect signals 2966/3317:  89%|¨€¨€¨€¨€¨€¨€¨€¨€¨ | 2966/3317 [2:24:54<17:37,  3.01s/stock]D:\Projects\auto-select-stock\src\auto_select_stock\predict\data.py:76: RuntimeWarning: invalid value encountered in divide
  result["bb_position"] = np.where(bb_upper != bb_lower, (close - bb_lower) / (bb_upper - bb_lower), 0.5)
Collect signals 2967/3317:  89%|¨€¨€¨€¨€¨€¨€¨€¨€¨ | 2966/3317 [2:24:57<17:37,  3.01s/stock]Collect signals 2967/3317:  89%|¨€¨€¨€¨€¨€¨€¨€¨€¨ | 2967/3317 [2:24:57<17:42,  3.04s/stock]D:\Projects\auto-select-stock\src\auto_select_stock\predict\data.py:76: RuntimeWarning: invalid value encountered in divide
  result["bb_position"] = np.where(bb_upper != bb_lower, (close - bb_lower) / (bb_upper - bb_lower), 0.5)
Collect signals 2968/3317:  89%|¨€¨€¨€¨€¨€¨€¨€¨€¨ | 2967/3317 [2:24:59<17:42,  3.04s/stock]Collect signals 2968/3317:  89%|¨€¨€¨€¨€¨€¨€¨€¨€¨ | 2968/3317 [2:24:59<17:09,  2.95s/stock]D:\Projects\auto-select-stock\src\auto_select_stock\predict\data.py:76: RuntimeWarning: invalid value encountered in divide
  result["bb_position"] = np.where(bb_upper != bb_lower, (close - bb_lower) / (bb_upper - bb_lower), 0.5)
Collect signals 2969/3317:  89%|¨€¨€¨€¨€¨€¨€¨€¨€¨ | 2968/3317 [2:25:03<17:09,  2.95s/stock]Collect signals 2969/3317:  90%|¨€¨€¨€¨€¨€¨€¨€¨€¨ | 2969/3317 [2:25:03<17:24,  3.00s/stock]D:\Projects\auto-select-stock\src\auto_select_stock\predict\data.py:76: RuntimeWarning: invalid value encountered in divide
  result["bb_position"] = np.where(bb_upper != bb_lower, (close - bb_lower) / (bb_upper - bb_lower), 0.5)
Collect signals 2970/3317:  90%|¨€¨€¨€¨€¨€¨€¨€¨€¨ | 2969/3317 [2:25:05<17:24,  3.00s/stock]Collect signals 2970/3317:  90%|¨€¨€¨€¨€¨€¨€¨€¨€¨ | 2970/3317 [2:25:05<16:52,  2.92s/stock]D:\Projects\auto-select-stock\src\auto_select_stock\predict\data.py:76: RuntimeWarning: invalid value encountered in divide
  result["bb_position"] = np.where(bb_upper != bb_lower, (close - bb_lower) / (bb_upper - bb_lower), 0.5)
Collect signals 2971/3317:  90%|¨€¨€¨€¨€¨€¨€¨€¨€¨ | 2970/3317 [2:25:08<16:52,  2.92s/stock]Collect signals 2971/3317:  90%|¨€¨€¨€¨€¨€¨€¨€¨€¨ | 2971/3317 [2:25:08<17:13,  2.99s/stock]D:\Projects\auto-select-stock\src\auto_select_stock\predict\data.py:76: RuntimeWarning: invalid value encountered in divide
  result["bb_position"] = np.where(bb_upper != bb_lower, (close - bb_lower) / (bb_upper - bb_lower), 0.5)
Collect signals 2972/3317:  90%|¨€¨€¨€¨€¨€¨€¨€¨€¨ | 2971/3317 [2:25:11<17:13,  2.99s/stock]Collect signals 2972/3317:  90%|¨€¨€¨€¨€¨€¨€¨€¨€¨ | 2972/3317 [2:25:11<16:48,  2.92s/stock]D:\Projects\auto-select-stock\src\auto_select_stock\predict\data.py:76: RuntimeWarning: invalid value encountered in divide
  result["bb_position"] = np.where(bb_upper != bb_lower, (close - bb_lower) / (bb_upper - bb_lower), 0.5)
Collect signals 2973/3317:  90%|¨€¨€¨€¨€¨€¨€¨€¨€¨ | 2972/3317 [2:25:14<16:48,  2.92s/stock]Collect signals 2973/3317:  90%|¨€¨€¨€¨€¨€¨€¨€¨€¨ | 2973/3317 [2:25:14<17:11,  3.00s/stock]D:\Projects\auto-select-stock\src\auto_select_stock\predict\data.py:76: RuntimeWarning: invalid value encountered in divide
  result["bb_position"] = np.where(bb_upper != bb_lower, (close - bb_lower) / (bb_upper - bb_lower), 0.5)
Collect signals 2974/3317:  90%|¨€¨€¨€¨€¨€¨€¨€¨€¨ | 2973/3317 [2:25:17<17:11,  3.00s/stock]Collect signals 2974/3317:  90%|¨€¨€¨€¨€¨€¨€¨€¨€¨ | 2974/3317 [2:25:17<16:39,  2.91s/stock]D:\Projects\auto-select-stock\src\auto_select_stock\predict\data.py:76: RuntimeWarning: invalid value encountered in divide
  result["bb_position"] = np.where(bb_upper != bb_lower, (close - bb_lower) / (bb_upper - bb_lower), 0.5)
Collect signals 2975/3317:  90%|¨€¨€¨€¨€¨€¨€¨€¨€¨ | 2974/3317 [2:25:20<16:39,  2.91s/stock]Collect signals 2975/3317:  90%|¨€¨€¨€¨€¨€¨€¨€¨€¨ | 2975/3317 [2:25:20<17:04,  3.00s/stock]D:\Projects\auto-select-stock\src\auto_select_stock\predict\data.py:76: RuntimeWarning: invalid value encountered in divide
  result["bb_position"] = np.where(bb_upper != bb_lower, (close - bb_lower) / (bb_upper - bb_lower), 0.5)
Collect signals 2976/3317:  90%|¨€¨€¨€¨€¨€¨€¨€¨€¨ | 2975/3317 [2:25:23<17:04,  3.00s/stock]Collect signals 2976/3317:  90%|¨€¨€¨€¨€¨€¨€¨€¨€¨ | 2976/3317 [2:25:23<17:14,  3.03s/stock]D:\Projects\auto-select-stock\src\auto_select_stock\predict\data.py:76: RuntimeWarning: invalid value encountered in divide
  result["bb_position"] = np.where(bb_upper != bb_lower, (close - bb_lower) / (bb_upper - bb_lower), 0.5)
Collect signals 2977/3317:  90%|¨€¨€¨€¨€¨€¨€¨€¨€¨ | 2976/3317 [2:25:26<17:14,  3.03s/stock]Collect signals 2977/3317:  90%|¨€¨€¨€¨€¨€¨€¨€¨€¨ | 2977/3317 [2:25:26<17:03,  3.01s/stock]D:\Projects\auto-select-stock\src\auto_select_stock\predict\data.py:76: RuntimeWarning: invalid value encountered in divide
  result["bb_position"] = np.where(bb_upper != bb_lower, (close - bb_lower) / (bb_upper - bb_lower), 0.5)
Collect signals 2978/3317:  90%|¨€¨€¨€¨€¨€¨€¨€¨€¨ | 2977/3317 [2:25:30<17:03,  3.01s/stock]Collect signals 2978/3317:  90%|¨€¨€¨€¨€¨€¨€¨€¨€¨ | 2978/3317 [2:25:30<17:26,  3.09s/stock]D:\Projects\auto-select-stock\src\auto_select_stock\predict\data.py:76: RuntimeWarning: invalid value encountered in divide
  result["bb_position"] = np.where(bb_upper != bb_lower, (close - bb_lower) / (bb_upper - bb_lower), 0.5)
Collect signals 2979/3317:  90%|¨€¨€¨€¨€¨€¨€¨€¨€¨ | 2978/3317 [2:25:33<17:26,  3.09s/stock]Collect signals 2979/3317:  90%|¨€¨€¨€¨€¨€¨€¨€¨€¨ | 2979/3317 [2:25:33<17:07,  3.04s/stock]D:\Projects\auto-select-stock\src\auto_select_stock\predict\data.py:76: RuntimeWarning: invalid value encountered in divide
  result["bb_position"] = np.where(bb_upper != bb_lower, (close - bb_lower) / (bb_upper - bb_lower), 0.5)
Collect signals 2980/3317:  90%|¨€¨€¨€¨€¨€¨€¨€¨€¨ | 2979/3317 [2:25:36<17:07,  3.04s/stock]Collect signals 2980/3317:  90%|¨€¨€¨€¨€¨€¨€¨€¨€¨ | 2980/3317 [2:25:36<17:15,  3.07s/stock]D:\Projects\auto-select-stock\src\auto_select_stock\predict\data.py:76: RuntimeWarning: invalid value encountered in divide
  result["bb_position"] = np.where(bb_upper != bb_lower, (close - bb_lower) / (bb_upper - bb_lower), 0.5)
Collect signals 2981/3317:  90%|¨€¨€¨€¨€¨€¨€¨€¨€¨ | 2980/3317 [2:25:38<17:15,  3.07s/stock]Collect signals 2981/3317:  90%|¨€¨€¨€¨€¨€¨€¨€¨€¨ | 2981/3317 [2:25:38<16:38,  2.97s/stock]D:\Projects\auto-select-stock\src\auto_select_stock\predict\data.py:76: RuntimeWarning: invalid value encountered in divide
  result["bb_position"] = np.where(bb_upper != bb_lower, (close - bb_lower) / (bb_upper - bb_lower), 0.5)
Collect signals 2982/3317:  90%|¨€¨€¨€¨€¨€¨€¨€¨€¨ | 2981/3317 [2:25:42<16:38,  2.97s/stock]Collect signals 2982/3317:  90%|¨€¨€¨€¨€¨€¨€¨€¨€¨ | 2982/3317 [2:25:42<17:00,  3.05s/stock]D:\Projects\auto-select-stock\src\auto_select_stock\predict\data.py:76: RuntimeWarning: invalid value encountered in divide
  result["bb_position"] = np.where(bb_upper != bb_lower, (close - bb_lower) / (bb_upper - bb_lower), 0.5)
Collect signals 2983/3317:  90%|¨€¨€¨€¨€¨€¨€¨€¨€¨ | 2982/3317 [2:25:45<17:00,  3.05s/stock]Collect signals 2983/3317:  90%|¨€¨€¨€¨€¨€¨€¨€¨€¨ | 2983/3317 [2:25:45<17:20,  3.11s/stock]D:\Projects\auto-select-stock\src\auto_select_stock\predict\data.py:76: RuntimeWarning: invalid value encountered in divide
  result["bb_position"] = np.where(bb_upper != bb_lower, (close - bb_lower) / (bb_upper - bb_lower), 0.5)
Collect signals 2984/3317:  90%|¨€¨€¨€¨€¨€¨€¨€¨€¨ | 2983/3317 [2:25:48<17:20,  3.11s/stock]Collect signals 2984/3317:  90%|¨€¨€¨€¨€¨€¨€¨€¨€¨ | 2984/3317 [2:25:48<17:21,  3.13s/stock]D:\Projects\auto-select-stock\src\auto_select_stock\predict\data.py:76: RuntimeWarning: invalid value encountered in divide
  result["bb_position"] = np.where(bb_upper != bb_lower, (close - bb_lower) / (bb_upper - bb_lower), 0.5)
Collect signals 2985/3317:  90%|¨€¨€¨€¨€¨€¨€¨€¨€¨ | 2984/3317 [2:25:51<17:21,  3.13s/stock]Collect signals 2985/3317:  90%|¨€¨€¨€¨€¨€¨€¨€¨€¨ | 2985/3317 [2:25:51<17:17,  3.13s/stock]D:\Projects\auto-select-stock\src\auto_select_stock\predict\data.py:76: RuntimeWarning: invalid value encountered in divide
  result["bb_position"] = np.where(bb_upper != bb_lower, (close - bb_lower) / (bb_upper - bb_lower), 0.5)
Collect signals 2986/3317:  90%|¨€¨€¨€¨€¨€¨€¨€¨€¨ | 2985/3317 [2:25:54<17:17,  3.13s/stock]Collect signals 2986/3317:  90%|¨€¨€¨€¨€¨€¨€¨€¨€¨€ | 2986/3317 [2:25:54<16:53,  3.06s/stock]D:\Projects\auto-select-stock\src\auto_select_stock\predict\data.py:76: RuntimeWarning: invalid value encountered in divide
  result["bb_position"] = np.where(bb_upper != bb_lower, (close - bb_lower) / (bb_upper - bb_lower), 0.5)
Collect signals 2987/3317:  90%|¨€¨€¨€¨€¨€¨€¨€¨€¨€ | 2986/3317 [2:25:57<16:53,  3.06s/stock]Collect signals 2987/3317:  90%|¨€¨€¨€¨€¨€¨€¨€¨€¨€ | 2987/3317 [2:25:57<16:52,  3.07s/stock]D:\Projects\auto-select-stock\src\auto_select_stock\predict\data.py:76: RuntimeWarning: invalid value encountered in divide
  result["bb_position"] = np.where(bb_upper != bb_lower, (close - bb_lower) / (bb_upper - bb_lower), 0.5)
Collect signals 2988/3317:  90%|¨€¨€¨€¨€¨€¨€¨€¨€¨€ | 2987/3317 [2:26:00<16:52,  3.07s/stock]Collect signals 2988/3317:  90%|¨€¨€¨€¨€¨€¨€¨€¨€¨€ | 2988/3317 [2:26:00<16:51,  3.07s/stock]D:\Projects\auto-select-stock\src\auto_select_stock\predict\data.py:76: RuntimeWarning: invalid value encountered in divide
  result["bb_position"] = np.where(bb_upper != bb_lower, (close - bb_lower) / (bb_upper - bb_lower), 0.5)
Collect signals 2989/3317:  90%|¨€¨€¨€¨€¨€¨€¨€¨€¨€ | 2988/3317 [2:26:04<16:51,  3.07s/stock]Collect signals 2989/3317:  90%|¨€¨€¨€¨€¨€¨€¨€¨€¨€ | 2989/3317 [2:26:04<17:15,  3.16s/stock]D:\Projects\auto-select-stock\src\auto_select_stock\predict\data.py:76: RuntimeWarning: invalid value encountered in divide
  result["bb_position"] = np.where(bb_upper != bb_lower, (close - bb_lower) / (bb_upper - bb_lower), 0.5)
Collect signals 2990/3317:  90%|¨€¨€¨€¨€¨€¨€¨€¨€¨€ | 2989/3317 [2:26:06<17:15,  3.16s/stock]Collect signals 2990/3317:  90%|¨€¨€¨€¨€¨€¨€¨€¨€¨€ | 2990/3317 [2:26:06<16:37,  3.05s/stock]D:\Projects\auto-select-stock\src\auto_select_stock\predict\data.py:76: RuntimeWarning: invalid value encountered in divide
  result["bb_position"] = np.where(bb_upper != bb_lower, (close - bb_lower) / (bb_upper - bb_lower), 0.5)
Collect signals 2991/3317:  90%|¨€¨€¨€¨€¨€¨€¨€¨€¨€ | 2990/3317 [2:26:10<16:37,  3.05s/stock]Collect signals 2991/3317:  90%|¨€¨€¨€¨€¨€¨€¨€¨€¨€ | 2991/3317 [2:26:10<16:40,  3.07s/stock]D:\Projects\auto-select-stock\src\auto_select_stock\predict\data.py:76: RuntimeWarning: invalid value encountered in divide
  result["bb_position"] = np.where(bb_upper != bb_lower, (close - bb_lower) / (bb_upper - bb_lower), 0.5)
Collect signals 2992/3317:  90%|¨€¨€¨€¨€¨€¨€¨€¨€¨€ | 2991/3317 [2:26:13<16:40,  3.07s/stock]Collect signals 2992/3317:  90%|¨€¨€¨€¨€¨€¨€¨€¨€¨€ | 2992/3317 [2:26:13<16:41,  3.08s/stock]D:\Projects\auto-select-stock\src\auto_select_stock\predict\data.py:76: RuntimeWarning: invalid value encountered in divide
  result["bb_position"] = np.where(bb_upper != bb_lower, (close - bb_lower) / (bb_upper - bb_lower), 0.5)
Collect signals 2993/3317:  90%|¨€¨€¨€¨€¨€¨€¨€¨€¨€ | 2992/3317 [2:26:16<16:41,  3.08s/stock]Collect signals 2993/3317:  90%|¨€¨€¨€¨€¨€¨€¨€¨€¨€ | 2993/3317 [2:26:16<16:17,  3.02s/stock]D:\Projects\auto-select-stock\src\auto_select_stock\predict\data.py:76: RuntimeWarning: invalid value encountered in divide
  result["bb_position"] = np.where(bb_upper != bb_lower, (close - bb_lower) / (bb_upper - bb_lower), 0.5)
Collect signals 2994/3317:  90%|¨€¨€¨€¨€¨€¨€¨€¨€¨€ | 2993/3317 [2:26:19<16:17,  3.02s/stock]Collect signals 2994/3317:  90%|¨€¨€¨€¨€¨€¨€¨€¨€¨€ | 2994/3317 [2:26:19<16:36,  3.09s/stock]D:\Projects\auto-select-stock\src\auto_select_stock\predict\data.py:76: RuntimeWarning: invalid value encountered in divide
  result["bb_position"] = np.where(bb_upper != bb_lower, (close - bb_lower) / (bb_upper - bb_lower), 0.5)
Collect signals 2995/3317:  90%|¨€¨€¨€¨€¨€¨€¨€¨€¨€ | 2994/3317 [2:26:22<16:36,  3.09s/stock]Collect signals 2995/3317:  90%|¨€¨€¨€¨€¨€¨€¨€¨€¨€ | 2995/3317 [2:26:22<16:06,  3.00s/stock]D:\Projects\auto-select-stock\src\auto_select_stock\predict\data.py:76: RuntimeWarning: invalid value encountered in divide
  result["bb_position"] = np.where(bb_upper != bb_lower, (close - bb_lower) / (bb_upper - bb_lower), 0.5)
Collect signals 2996/3317:  90%|¨€¨€¨€¨€¨€¨€¨€¨€¨€ | 2995/3317 [2:26:25<16:06,  3.00s/stock]Collect signals 2996/3317:  90%|¨€¨€¨€¨€¨€¨€¨€¨€¨€ | 2996/3317 [2:26:25<16:29,  3.08s/stock]D:\Projects\auto-select-stock\src\auto_select_stock\predict\data.py:76: RuntimeWarning: invalid value encountered in divide
  result["bb_position"] = np.where(bb_upper != bb_lower, (close - bb_lower) / (bb_upper - bb_lower), 0.5)
Collect signals 2997/3317:  90%|¨€¨€¨€¨€¨€¨€¨€¨€¨€ | 2996/3317 [2:26:28<16:29,  3.08s/stock]Collect signals 2997/3317:  90%|¨€¨€¨€¨€¨€¨€¨€¨€¨€ | 2997/3317 [2:26:28<16:06,  3.02s/stock]D:\Projects\auto-select-stock\src\auto_select_stock\predict\data.py:76: RuntimeWarning: invalid value encountered in divide
  result["bb_position"] = np.where(bb_upper != bb_lower, (close - bb_lower) / (bb_upper - bb_lower), 0.5)
Collect signals 2998/3317:  90%|¨€¨€¨€¨€¨€¨€¨€¨€¨€ | 2997/3317 [2:26:31<16:06,  3.02s/stock]Collect signals 2998/3317:  90%|¨€¨€¨€¨€¨€¨€¨€¨€¨€ | 2998/3317 [2:26:31<16:40,  3.14s/stock]D:\Projects\auto-select-stock\src\auto_select_stock\predict\data.py:76: RuntimeWarning: invalid value encountered in divide
  result["bb_position"] = np.where(bb_upper != bb_lower, (close - bb_lower) / (bb_upper - bb_lower), 0.5)
Collect signals 2999/3317:  90%|¨€¨€¨€¨€¨€¨€¨€¨€¨€ | 2998/3317 [2:26:34<16:40,  3.14s/stock]Collect signals 2999/3317:  90%|¨€¨€¨€¨€¨€¨€¨€¨€¨€ | 2999/3317 [2:26:34<16:12,  3.06s/stock]D:\Projects\auto-select-stock\src\auto_select_stock\predict\data.py:76: RuntimeWarning: invalid value encountered in divide
  result["bb_position"] = np.where(bb_upper != bb_lower, (close - bb_lower) / (bb_upper - bb_lower), 0.5)
Collect signals 3000/3317:  90%|¨€¨€¨€¨€¨€¨€¨€¨€¨€ | 2999/3317 [2:26:37<16:12,  3.06s/stock]Collect signals 3000/3317:  90%|¨€¨€¨€¨€¨€¨€¨€¨€¨€ | 3000/3317 [2:26:37<16:11,  3.07s/stock]D:\Projects\auto-select-stock\src\auto_select_stock\predict\data.py:76: RuntimeWarning: invalid value encountered in divide
  result["bb_position"] = np.where(bb_upper != bb_lower, (close - bb_lower) / (bb_upper - bb_lower), 0.5)
Collect signals 3001/3317:  90%|¨€¨€¨€¨€¨€¨€¨€¨€¨€ | 3000/3317 [2:26:40<16:11,  3.07s/stock]Collect signals 3001/3317:  90%|¨€¨€¨€¨€¨€¨€¨€¨€¨€ | 3001/3317 [2:26:40<16:04,  3.05s/stock]D:\Projects\auto-select-stock\src\auto_select_stock\predict\data.py:76: RuntimeWarning: invalid value encountered in divide
  result["bb_position"] = np.where(bb_upper != bb_lower, (close - bb_lower) / (bb_upper - bb_lower), 0.5)
Collect signals 3002/3317:  90%|¨€¨€¨€¨€¨€¨€¨€¨€¨€ | 3001/3317 [2:26:43<16:04,  3.05s/stock]Collect signals 3002/3317:  91%|¨€¨€¨€¨€¨€¨€¨€¨€¨€ | 3002/3317 [2:26:43<16:10,  3.08s/stock]D:\Projects\auto-select-stock\src\auto_select_stock\predict\data.py:76: RuntimeWarning: invalid value encountered in divide
  result["bb_position"] = np.where(bb_upper != bb_lower, (close - bb_lower) / (bb_upper - bb_lower), 0.5)
Collect signals 3003/3317:  91%|¨€¨€¨€¨€¨€¨€¨€¨€¨€ | 3002/3317 [2:26:46<16:10,  3.08s/stock]Collect signals 3003/3317:  91%|¨€¨€¨€¨€¨€¨€¨€¨€¨€ | 3003/3317 [2:26:46<15:41,  3.00s/stock]D:\Projects\auto-select-stock\src\auto_select_stock\predict\data.py:76: RuntimeWarning: invalid value encountered in divide
  result["bb_position"] = np.where(bb_upper != bb_lower, (close - bb_lower) / (bb_upper - bb_lower), 0.5)
Collect signals 3004/3317:  91%|¨€¨€¨€¨€¨€¨€¨€¨€¨€ | 3003/3317 [2:26:49<15:41,  3.00s/stock]Collect signals 3004/3317:  91%|¨€¨€¨€¨€¨€¨€¨€¨€¨€ | 3004/3317 [2:26:49<16:02,  3.08s/stock]D:\Projects\auto-select-stock\src\auto_select_stock\predict\data.py:76: RuntimeWarning: invalid value encountered in divide
  result["bb_position"] = np.where(bb_upper != bb_lower, (close - bb_lower) / (bb_upper - bb_lower), 0.5)
Collect signals 3005/3317:  91%|¨€¨€¨€¨€¨€¨€¨€¨€¨€ | 3004/3317 [2:26:52<16:02,  3.08s/stock]Collect signals 3005/3317:  91%|¨€¨€¨€¨€¨€¨€¨€¨€¨€ | 3005/3317 [2:26:52<16:04,  3.09s/stock]D:\Projects\auto-select-stock\src\auto_select_stock\predict\data.py:76: RuntimeWarning: invalid value encountered in divide
  result["bb_position"] = np.where(bb_upper != bb_lower, (close - bb_lower) / (bb_upper - bb_lower), 0.5)
Collect signals 3006/3317:  91%|¨€¨€¨€¨€¨€¨€¨€¨€¨€ | 3005/3317 [2:26:55<16:04,  3.09s/stock]Collect signals 3006/3317:  91%|¨€¨€¨€¨€¨€¨€¨€¨€¨€ | 3006/3317 [2:26:55<15:49,  3.05s/stock]D:\Projects\auto-select-stock\src\auto_select_stock\predict\data.py:76: RuntimeWarning: invalid value encountered in divide
  result["bb_position"] = np.where(bb_upper != bb_lower, (close - bb_lower) / (bb_upper - bb_lower), 0.5)
Collect signals 3007/3317:  91%|¨€¨€¨€¨€¨€¨€¨€¨€¨€ | 3006/3317 [2:26:59<15:49,  3.05s/stock]Collect signals 3007/3317:  91%|¨€¨€¨€¨€¨€¨€¨€¨€¨€ | 3007/3317 [2:26:59<15:53,  3.08s/stock]D:\Projects\auto-select-stock\src\auto_select_stock\predict\data.py:76: RuntimeWarning: invalid value encountered in divide
  result["bb_position"] = np.where(bb_upper != bb_lower, (close - bb_lower) / (bb_upper - bb_lower), 0.5)
Collect signals 3008/3317:  91%|¨€¨€¨€¨€¨€¨€¨€¨€¨€ | 3007/3317 [2:27:01<15:53,  3.08s/stock]Collect signals 3008/3317:  91%|¨€¨€¨€¨€¨€¨€¨€¨€¨€ | 3008/3317 [2:27:01<15:28,  3.00s/stock]D:\Projects\auto-select-stock\src\auto_select_stock\predict\data.py:76: RuntimeWarning: invalid value encountered in divide
  result["bb_position"] = np.where(bb_upper != bb_lower, (close - bb_lower) / (bb_upper - bb_lower), 0.5)
Collect signals 3009/3317:  91%|¨€¨€¨€¨€¨€¨€¨€¨€¨€ | 3008/3317 [2:27:05<15:28,  3.00s/stock]Collect signals 3009/3317:  91%|¨€¨€¨€¨€¨€¨€¨€¨€¨€ | 3009/3317 [2:27:05<15:41,  3.06s/stock]D:\Projects\auto-select-stock\src\auto_select_stock\predict\data.py:76: RuntimeWarning: invalid value encountered in divide
  result["bb_position"] = np.where(bb_upper != bb_lower, (close - bb_lower) / (bb_upper - bb_lower), 0.5)
Collect signals 3010/3317:  91%|¨€¨€¨€¨€¨€¨€¨€¨€¨€ | 3009/3317 [2:27:07<15:41,  3.06s/stock]Collect signals 3010/3317:  91%|¨€¨€¨€¨€¨€¨€¨€¨€¨€ | 3010/3317 [2:27:07<15:11,  2.97s/stock]D:\Projects\auto-select-stock\src\auto_select_stock\predict\data.py:76: RuntimeWarning: invalid value encountered in divide
  result["bb_position"] = np.where(bb_upper != bb_lower, (close - bb_lower) / (bb_upper - bb_lower), 0.5)
Collect signals 3011/3317:  91%|¨€¨€¨€¨€¨€¨€¨€¨€¨€ | 3010/3317 [2:27:11<15:11,  2.97s/stock]Collect signals 3011/3317:  91%|¨€¨€¨€¨€¨€¨€¨€¨€¨€ | 3011/3317 [2:27:11<15:31,  3.05s/stock]D:\Projects\auto-select-stock\src\auto_select_stock\predict\data.py:76: RuntimeWarning: invalid value encountered in divide
  result["bb_position"] = np.where(bb_upper != bb_lower, (close - bb_lower) / (bb_upper - bb_lower), 0.5)
Collect signals 3012/3317:  91%|¨€¨€¨€¨€¨€¨€¨€¨€¨€ | 3011/3317 [2:27:13<15:31,  3.05s/stock]Collect signals 3012/3317:  91%|¨€¨€¨€¨€¨€¨€¨€¨€¨€ | 3012/3317 [2:27:13<15:11,  2.99s/stock]D:\Projects\auto-select-stock\src\auto_select_stock\predict\data.py:76: RuntimeWarning: invalid value encountered in divide
  result["bb_position"] = np.where(bb_upper != bb_lower, (close - bb_lower) / (bb_upper - bb_lower), 0.5)
Collect signals 3013/3317:  91%|¨€¨€¨€¨€¨€¨€¨€¨€¨€ | 3012/3317 [2:27:17<15:11,  2.99s/stock]Collect signals 3013/3317:  91%|¨€¨€¨€¨€¨€¨€¨€¨€¨€ | 3013/3317 [2:27:17<15:26,  3.05s/stock]D:\Projects\auto-select-stock\src\auto_select_stock\predict\data.py:76: RuntimeWarning: invalid value encountered in divide
  result["bb_position"] = np.where(bb_upper != bb_lower, (close - bb_lower) / (bb_upper - bb_lower), 0.5)
Collect signals 3014/3317:  91%|¨€¨€¨€¨€¨€¨€¨€¨€¨€ | 3013/3317 [2:27:20<15:26,  3.05s/stock]Collect signals 3014/3317:  91%|¨€¨€¨€¨€¨€¨€¨€¨€¨€ | 3014/3317 [2:27:20<15:32,  3.08s/stock]D:\Projects\auto-select-stock\src\auto_select_stock\predict\data.py:76: RuntimeWarning: invalid value encountered in divide
  result["bb_position"] = np.where(bb_upper != bb_lower, (close - bb_lower) / (bb_upper - bb_lower), 0.5)
Collect signals 3015/3317:  91%|¨€¨€¨€¨€¨€¨€¨€¨€¨€ | 3014/3317 [2:27:23<15:32,  3.08s/stock]Collect signals 3015/3317:  91%|¨€¨€¨€¨€¨€¨€¨€¨€¨€ | 3015/3317 [2:27:23<15:02,  2.99s/stock]D:\Projects\auto-select-stock\src\auto_select_stock\predict\data.py:76: RuntimeWarning: invalid value encountered in divide
  result["bb_position"] = np.where(bb_upper != bb_lower, (close - bb_lower) / (bb_upper - bb_lower), 0.5)
Collect signals 3016/3317:  91%|¨€¨€¨€¨€¨€¨€¨€¨€¨€ | 3015/3317 [2:27:26<15:02,  2.99s/stock]Collect signals 3016/3317:  91%|¨€¨€¨€¨€¨€¨€¨€¨€¨€ | 3016/3317 [2:27:26<15:16,  3.05s/stock]D:\Projects\auto-select-stock\src\auto_select_stock\predict\data.py:76: RuntimeWarning: invalid value encountered in divide
  result["bb_position"] = np.where(bb_upper != bb_lower, (close - bb_lower) / (bb_upper - bb_lower), 0.5)
Collect signals 3017/3317:  91%|¨€¨€¨€¨€¨€¨€¨€¨€¨€ | 3016/3317 [2:27:29<15:16,  3.05s/stock]Collect signals 3017/3317:  91%|¨€¨€¨€¨€¨€¨€¨€¨€¨€ | 3017/3317 [2:27:29<15:07,  3.02s/stock]D:\Projects\auto-select-stock\src\auto_select_stock\predict\data.py:76: RuntimeWarning: invalid value encountered in divide
  result["bb_position"] = np.where(bb_upper != bb_lower, (close - bb_lower) / (bb_upper - bb_lower), 0.5)
Collect signals 3018/3317:  91%|¨€¨€¨€¨€¨€¨€¨€¨€¨€ | 3017/3317 [2:27:32<15:07,  3.02s/stock]Collect signals 3018/3317:  91%|¨€¨€¨€¨€¨€¨€¨€¨€¨€ | 3018/3317 [2:27:32<15:10,  3.05s/stock]D:\Projects\auto-select-stock\src\auto_select_stock\predict\data.py:76: RuntimeWarning: invalid value encountered in divide
  result["bb_position"] = np.where(bb_upper != bb_lower, (close - bb_lower) / (bb_upper - bb_lower), 0.5)
Collect signals 3019/3317:  91%|¨€¨€¨€¨€¨€¨€¨€¨€¨€ | 3018/3317 [2:27:35<15:10,  3.05s/stock]Collect signals 3019/3317:  91%|¨€¨€¨€¨€¨€¨€¨€¨€¨€ | 3019/3317 [2:27:35<14:44,  2.97s/stock]D:\Projects\auto-select-stock\src\auto_select_stock\predict\data.py:76: RuntimeWarning: invalid value encountered in divide
  result["bb_position"] = np.where(bb_upper != bb_lower, (close - bb_lower) / (bb_upper - bb_lower), 0.5)
Collect signals 3020/3317:  91%|¨€¨€¨€¨€¨€¨€¨€¨€¨€ | 3019/3317 [2:27:38<14:44,  2.97s/stock]Collect signals 3020/3317:  91%|¨€¨€¨€¨€¨€¨€¨€¨€¨€ | 3020/3317 [2:27:38<14:58,  3.02s/stock]D:\Projects\auto-select-stock\src\auto_select_stock\predict\data.py:76: RuntimeWarning: invalid value encountered in divide
  result["bb_position"] = np.where(bb_upper != bb_lower, (close - bb_lower) / (bb_upper - bb_lower), 0.5)
Collect signals 3021/3317:  91%|¨€¨€¨€¨€¨€¨€¨€¨€¨€ | 3020/3317 [2:27:41<14:58,  3.02s/stock]Collect signals 3021/3317:  91%|¨€¨€¨€¨€¨€¨€¨€¨€¨€ | 3021/3317 [2:27:41<14:45,  2.99s/stock]D:\Projects\auto-select-stock\src\auto_select_stock\predict\data.py:76: RuntimeWarning: invalid value encountered in divide
  result["bb_position"] = np.where(bb_upper != bb_lower, (close - bb_lower) / (bb_upper - bb_lower), 0.5)
Collect signals 3022/3317:  91%|¨€¨€¨€¨€¨€¨€¨€¨€¨€ | 3021/3317 [2:27:44<14:45,  2.99s/stock]Collect signals 3022/3317:  91%|¨€¨€¨€¨€¨€¨€¨€¨€¨€ | 3022/3317 [2:27:44<15:06,  3.07s/stock]D:\Projects\auto-select-stock\src\auto_select_stock\predict\data.py:76: RuntimeWarning: invalid value encountered in divide
  result["bb_position"] = np.where(bb_upper != bb_lower, (close - bb_lower) / (bb_upper - bb_lower), 0.5)
Collect signals 3023/3317:  91%|¨€¨€¨€¨€¨€¨€¨€¨€¨€ | 3022/3317 [2:27:47<15:06,  3.07s/stock]Collect signals 3023/3317:  91%|¨€¨€¨€¨€¨€¨€¨€¨€¨€ | 3023/3317 [2:27:47<14:39,  2.99s/stock]D:\Projects\auto-select-stock\src\auto_select_stock\predict\data.py:76: RuntimeWarning: invalid value encountered in divide
  result["bb_position"] = np.where(bb_upper != bb_lower, (close - bb_lower) / (bb_upper - bb_lower), 0.5)
Collect signals 3024/3317:  91%|¨€¨€¨€¨€¨€¨€¨€¨€¨€ | 3023/3317 [2:27:50<14:39,  2.99s/stock]Collect signals 3024/3317:  91%|¨€¨€¨€¨€¨€¨€¨€¨€¨€ | 3024/3317 [2:27:50<14:45,  3.02s/stock]D:\Projects\auto-select-stock\src\auto_select_stock\predict\data.py:76: RuntimeWarning: invalid value encountered in divide
  result["bb_position"] = np.where(bb_upper != bb_lower, (close - bb_lower) / (bb_upper - bb_lower), 0.5)
Collect signals 3025/3317:  91%|¨€¨€¨€¨€¨€¨€¨€¨€¨€ | 3024/3317 [2:27:53<14:45,  3.02s/stock]Collect signals 3025/3317:  91%|¨€¨€¨€¨€¨€¨€¨€¨€¨€ | 3025/3317 [2:27:53<15:09,  3.11s/stock]D:\Projects\auto-select-stock\src\auto_select_stock\predict\data.py:76: RuntimeWarning: invalid value encountered in divide
  result["bb_position"] = np.where(bb_upper != bb_lower, (close - bb_lower) / (bb_upper - bb_lower), 0.5)
Collect signals 3026/3317:  91%|¨€¨€¨€¨€¨€¨€¨€¨€¨€ | 3025/3317 [2:27:56<15:09,  3.11s/stock]Collect signals 3026/3317:  91%|¨€¨€¨€¨€¨€¨€¨€¨€¨€ | 3026/3317 [2:27:56<14:35,  3.01s/stock]D:\Projects\auto-select-stock\src\auto_select_stock\predict\data.py:76: RuntimeWarning: invalid value encountered in divide
  result["bb_position"] = np.where(bb_upper != bb_lower, (close - bb_lower) / (bb_upper - bb_lower), 0.5)
Collect signals 3027/3317:  91%|¨€¨€¨€¨€¨€¨€¨€¨€¨€ | 3026/3317 [2:27:59<14:35,  3.01s/stock]Collect signals 3027/3317:  91%|¨€¨€¨€¨€¨€¨€¨€¨€¨€¨‡| 3027/3317 [2:27:59<14:39,  3.03s/stock]D:\Projects\auto-select-stock\src\auto_select_stock\predict\data.py:76: RuntimeWarning: invalid value encountered in divide
  result["bb_position"] = np.where(bb_upper != bb_lower, (close - bb_lower) / (bb_upper - bb_lower), 0.5)
Collect signals 3028/3317:  91%|¨€¨€¨€¨€¨€¨€¨€¨€¨€¨‡| 3027/3317 [2:28:02<14:39,  3.03s/stock]Collect signals 3028/3317:  91%|¨€¨€¨€¨€¨€¨€¨€¨€¨€¨‡| 3028/3317 [2:28:02<14:17,  2.97s/stock]D:\Projects\auto-select-stock\src\auto_select_stock\predict\data.py:76: RuntimeWarning: invalid value encountered in divide
  result["bb_position"] = np.where(bb_upper != bb_lower, (close - bb_lower) / (bb_upper - bb_lower), 0.5)
Collect signals 3029/3317:  91%|¨€¨€¨€¨€¨€¨€¨€¨€¨€¨‡| 3028/3317 [2:28:05<14:17,  2.97s/stock]Collect signals 3029/3317:  91%|¨€¨€¨€¨€¨€¨€¨€¨€¨€¨‡| 3029/3317 [2:28:05<14:40,  3.06s/stock]D:\Projects\auto-select-stock\src\auto_select_stock\predict\data.py:76: RuntimeWarning: invalid value encountered in divide
  result["bb_position"] = np.where(bb_upper != bb_lower, (close - bb_lower) / (bb_upper - bb_lower), 0.5)
Collect signals 3030/3317:  91%|¨€¨€¨€¨€¨€¨€¨€¨€¨€¨‡| 3029/3317 [2:28:08<14:40,  3.06s/stock]Collect signals 3030/3317:  91%|¨€¨€¨€¨€¨€¨€¨€¨€¨€¨‡| 3030/3317 [2:28:08<14:35,  3.05s/stock]D:\Projects\auto-select-stock\src\auto_select_stock\predict\data.py:76: RuntimeWarning: invalid value encountered in divide
  result["bb_position"] = np.where(bb_upper != bb_lower, (close - bb_lower) / (bb_upper - bb_lower), 0.5)
Collect signals 3031/3317:  91%|¨€¨€¨€¨€¨€¨€¨€¨€¨€¨‡| 3030/3317 [2:28:11<14:35,  3.05s/stock]Collect signals 3031/3317:  91%|¨€¨€¨€¨€¨€¨€¨€¨€¨€¨‡| 3031/3317 [2:28:11<14:54,  3.13s/stock]D:\Projects\auto-select-stock\src\auto_select_stock\predict\data.py:76: RuntimeWarning: invalid value encountered in divide
  result["bb_position"] = np.where(bb_upper != bb_lower, (close - bb_lower) / (bb_upper - bb_lower), 0.5)
Collect signals 3032/3317:  91%|¨€¨€¨€¨€¨€¨€¨€¨€¨€¨‡| 3031/3317 [2:28:14<14:54,  3.13s/stock]Collect signals 3032/3317:  91%|¨€¨€¨€¨€¨€¨€¨€¨€¨€¨‡| 3032/3317 [2:28:14<14:43,  3.10s/stock]D:\Projects\auto-select-stock\src\auto_select_stock\predict\data.py:76: RuntimeWarning: invalid value encountered in divide
  result["bb_position"] = np.where(bb_upper != bb_lower, (close - bb_lower) / (bb_upper - bb_lower), 0.5)
Collect signals 3033/3317:  91%|¨€¨€¨€¨€¨€¨€¨€¨€¨€¨‡| 3032/3317 [2:28:18<14:43,  3.10s/stock]Collect signals 3033/3317:  91%|¨€¨€¨€¨€¨€¨€¨€¨€¨€¨‡| 3033/3317 [2:28:18<14:59,  3.17s/stock]D:\Projects\auto-select-stock\src\auto_select_stock\predict\data.py:76: RuntimeWarning: invalid value encountered in divide
  result["bb_position"] = np.where(bb_upper != bb_lower, (close - bb_lower) / (bb_upper - bb_lower), 0.5)
Collect signals 3034/3317:  91%|¨€¨€¨€¨€¨€¨€¨€¨€¨€¨‡| 3033/3317 [2:28:21<14:59,  3.17s/stock]Collect signals 3034/3317:  91%|¨€¨€¨€¨€¨€¨€¨€¨€¨€¨‡| 3034/3317 [2:28:21<14:48,  3.14s/stock]D:\Projects\auto-select-stock\src\auto_select_stock\predict\data.py:76: RuntimeWarning: invalid value encountered in divide
  result["bb_position"] = np.where(bb_upper != bb_lower, (close - bb_lower) / (bb_upper - bb_lower), 0.5)
Collect signals 3035/3317:  91%|¨€¨€¨€¨€¨€¨€¨€¨€¨€¨‡| 3034/3317 [2:28:24<14:48,  3.14s/stock]Collect signals 3035/3317:  91%|¨€¨€¨€¨€¨€¨€¨€¨€¨€¨‡| 3035/3317 [2:28:24<14:19,  3.05s/stock]D:\Projects\auto-select-stock\src\auto_select_stock\predict\data.py:76: RuntimeWarning: invalid value encountered in divide
  result["bb_position"] = np.where(bb_upper != bb_lower, (close - bb_lower) / (bb_upper - bb_lower), 0.5)
Collect signals 3036/3317:  91%|¨€¨€¨€¨€¨€¨€¨€¨€¨€¨‡| 3035/3317 [2:28:27<14:19,  3.05s/stock]Collect signals 3036/3317:  92%|¨€¨€¨€¨€¨€¨€¨€¨€¨€¨‡| 3036/3317 [2:28:27<14:22,  3.07s/stock]D:\Projects\auto-select-stock\src\auto_select_stock\predict\data.py:76: RuntimeWarning: invalid value encountered in divide
  result["bb_position"] = np.where(bb_upper != bb_lower, (close - bb_lower) / (bb_upper - bb_lower), 0.5)
Collect signals 3037/3317:  92%|¨€¨€¨€¨€¨€¨€¨€¨€¨€¨‡| 3036/3317 [2:28:30<14:22,  3.07s/stock]Collect signals 3037/3317:  92%|¨€¨€¨€¨€¨€¨€¨€¨€¨€¨‡| 3037/3317 [2:28:30<13:54,  2.98s/stock]D:\Projects\auto-select-stock\src\auto_select_stock\predict\data.py:76: RuntimeWarning: invalid value encountered in divide
  result["bb_position"] = np.where(bb_upper != bb_lower, (close - bb_lower) / (bb_upper - bb_lower), 0.5)
Collect signals 3038/3317:  92%|¨€¨€¨€¨€¨€¨€¨€¨€¨€¨‡| 3037/3317 [2:28:33<13:54,  2.98s/stock]Collect signals 3038/3317:  92%|¨€¨€¨€¨€¨€¨€¨€¨€¨€¨‡| 3038/3317 [2:28:33<14:13,  3.06s/stock]D:\Projects\auto-select-stock\src\auto_select_stock\predict\data.py:76: RuntimeWarning: invalid value encountered in divide
  result["bb_position"] = np.where(bb_upper != bb_lower, (close - bb_lower) / (bb_upper - bb_lower), 0.5)
Collect signals 3039/3317:  92%|¨€¨€¨€¨€¨€¨€¨€¨€¨€¨‡| 3038/3317 [2:28:36<14:13,  3.06s/stock]Collect signals 3039/3317:  92%|¨€¨€¨€¨€¨€¨€¨€¨€¨€¨‡| 3039/3317 [2:28:36<13:42,  2.96s/stock]D:\Projects\auto-select-stock\src\auto_select_stock\predict\data.py:76: RuntimeWarning: invalid value encountered in divide
  result["bb_position"] = np.where(bb_upper != bb_lower, (close - bb_lower) / (bb_upper - bb_lower), 0.5)
Collect signals 3040/3317:  92%|¨€¨€¨€¨€¨€¨€¨€¨€¨€¨‡| 3039/3317 [2:28:39<13:42,  2.96s/stock]Collect signals 3040/3317:  92%|¨€¨€¨€¨€¨€¨€¨€¨€¨€¨‡| 3040/3317 [2:28:39<13:56,  3.02s/stock]D:\Projects\auto-select-stock\src\auto_select_stock\predict\data.py:76: RuntimeWarning: invalid value encountered in divide
  result["bb_position"] = np.where(bb_upper != bb_lower, (close - bb_lower) / (bb_upper - bb_lower), 0.5)
Collect signals 3041/3317:  92%|¨€¨€¨€¨€¨€¨€¨€¨€¨€¨‡| 3040/3317 [2:28:42<13:56,  3.02s/stock]Collect signals 3041/3317:  92%|¨€¨€¨€¨€¨€¨€¨€¨€¨€¨‡| 3041/3317 [2:28:42<14:05,  3.06s/stock]D:\Projects\auto-select-stock\src\auto_select_stock\predict\data.py:76: RuntimeWarning: invalid value encountered in divide
  result["bb_position"] = np.where(bb_upper != bb_lower, (close - bb_lower) / (bb_upper - bb_lower), 0.5)
Collect signals 3042/3317:  92%|¨€¨€¨€¨€¨€¨€¨€¨€¨€¨‡| 3041/3317 [2:28:45<14:05,  3.06s/stock]Collect signals 3042/3317:  92%|¨€¨€¨€¨€¨€¨€¨€¨€¨€¨‡| 3042/3317 [2:28:45<13:41,  2.99s/stock]D:\Projects\auto-select-stock\src\auto_select_stock\predict\data.py:76: RuntimeWarning: invalid value encountered in divide
  result["bb_position"] = np.where(bb_upper != bb_lower, (close - bb_lower) / (bb_upper - bb_lower), 0.5)
Collect signals 3043/3317:  92%|¨€¨€¨€¨€¨€¨€¨€¨€¨€¨‡| 3042/3317 [2:28:48<13:41,  2.99s/stock]Collect signals 3043/3317:  92%|¨€¨€¨€¨€¨€¨€¨€¨€¨€¨‡| 3043/3317 [2:28:48<13:48,  3.02s/stock]D:\Projects\auto-select-stock\src\auto_select_stock\predict\data.py:76: RuntimeWarning: invalid value encountered in divide
  result["bb_position"] = np.where(bb_upper != bb_lower, (close - bb_lower) / (bb_upper - bb_lower), 0.5)
Collect signals 3044/3317:  92%|¨€¨€¨€¨€¨€¨€¨€¨€¨€¨‡| 3043/3317 [2:28:51<13:48,  3.02s/stock]Collect signals 3044/3317:  92%|¨€¨€¨€¨€¨€¨€¨€¨€¨€¨‡| 3044/3317 [2:28:51<13:37,  2.99s/stock]D:\Projects\auto-select-stock\src\auto_select_stock\predict\data.py:76: RuntimeWarning: invalid value encountered in divide
  result["bb_position"] = np.where(bb_upper != bb_lower, (close - bb_lower) / (bb_upper - bb_lower), 0.5)
Collect signals 3045/3317:  92%|¨€¨€¨€¨€¨€¨€¨€¨€¨€¨‡| 3044/3317 [2:28:54<13:37,  2.99s/stock]Collect signals 3045/3317:  92%|¨€¨€¨€¨€¨€¨€¨€¨€¨€¨‡| 3045/3317 [2:28:54<13:47,  3.04s/stock]D:\Projects\auto-select-stock\src\auto_select_stock\predict\data.py:76: RuntimeWarning: invalid value encountered in divide
  result["bb_position"] = np.where(bb_upper != bb_lower, (close - bb_lower) / (bb_upper - bb_lower), 0.5)
Collect signals 3046/3317:  92%|¨€¨€¨€¨€¨€¨€¨€¨€¨€¨‡| 3045/3317 [2:28:57<13:47,  3.04s/stock]Collect signals 3046/3317:  92%|¨€¨€¨€¨€¨€¨€¨€¨€¨€¨‡| 3046/3317 [2:28:57<13:22,  2.96s/stock]D:\Projects\auto-select-stock\src\auto_select_stock\predict\data.py:76: RuntimeWarning: invalid value encountered in divide
  result["bb_position"] = np.where(bb_upper != bb_lower, (close - bb_lower) / (bb_upper - bb_lower), 0.5)
Collect signals 3047/3317:  92%|¨€¨€¨€¨€¨€¨€¨€¨€¨€¨‡| 3046/3317 [2:29:00<13:22,  2.96s/stock]Collect signals 3047/3317:  92%|¨€¨€¨€¨€¨€¨€¨€¨€¨€¨‡| 3047/3317 [2:29:00<13:33,  3.01s/stock]D:\Projects\auto-select-stock\src\auto_select_stock\predict\data.py:76: RuntimeWarning: invalid value encountered in divide
  result["bb_position"] = np.where(bb_upper != bb_lower, (close - bb_lower) / (bb_upper - bb_lower), 0.5)
Collect signals 3048/3317:  92%|¨€¨€¨€¨€¨€¨€¨€¨€¨€¨‡| 3047/3317 [2:29:03<13:33,  3.01s/stock]Collect signals 3048/3317:  92%|¨€¨€¨€¨€¨€¨€¨€¨€¨€¨‡| 3048/3317 [2:29:03<13:08,  2.93s/stock]D:\Projects\auto-select-stock\src\auto_select_stock\predict\data.py:76: RuntimeWarning: invalid value encountered in divide
  result["bb_position"] = np.where(bb_upper != bb_lower, (close - bb_lower) / (bb_upper - bb_lower), 0.5)
Collect signals 3049/3317:  92%|¨€¨€¨€¨€¨€¨€¨€¨€¨€¨‡| 3048/3317 [2:29:06<13:08,  2.93s/stock]Collect signals 3049/3317:  92%|¨€¨€¨€¨€¨€¨€¨€¨€¨€¨‡| 3049/3317 [2:29:06<13:20,  2.99s/stock]D:\Projects\auto-select-stock\src\auto_select_stock\predict\data.py:76: RuntimeWarning: invalid value encountered in divide
  result["bb_position"] = np.where(bb_upper != bb_lower, (close - bb_lower) / (bb_upper - bb_lower), 0.5)
Collect signals 3050/3317:  92%|¨€¨€¨€¨€¨€¨€¨€¨€¨€¨‡| 3049/3317 [2:29:09<13:20,  2.99s/stock]Collect signals 3050/3317:  92%|¨€¨€¨€¨€¨€¨€¨€¨€¨€¨‡| 3050/3317 [2:29:09<13:27,  3.02s/stock]D:\Projects\auto-select-stock\src\auto_select_stock\predict\data.py:76: RuntimeWarning: invalid value encountered in divide
  result["bb_position"] = np.where(bb_upper != bb_lower, (close - bb_lower) / (bb_upper - bb_lower), 0.5)
Collect signals 3051/3317:  92%|¨€¨€¨€¨€¨€¨€¨€¨€¨€¨‡| 3050/3317 [2:29:12<13:27,  3.02s/stock]Collect signals 3051/3317:  92%|¨€¨€¨€¨€¨€¨€¨€¨€¨€¨‡| 3051/3317 [2:29:12<13:14,  2.99s/stock]D:\Projects\auto-select-stock\src\auto_select_stock\predict\data.py:76: RuntimeWarning: invalid value encountered in divide
  result["bb_position"] = np.where(bb_upper != bb_lower, (close - bb_lower) / (bb_upper - bb_lower), 0.5)
Collect signals 3052/3317:  92%|¨€¨€¨€¨€¨€¨€¨€¨€¨€¨‡| 3051/3317 [2:29:15<13:14,  2.99s/stock]Collect signals 3052/3317:  92%|¨€¨€¨€¨€¨€¨€¨€¨€¨€¨‡| 3052/3317 [2:29:15<13:24,  3.03s/stock]D:\Projects\auto-select-stock\src\auto_select_stock\predict\data.py:76: RuntimeWarning: invalid value encountered in divide
  result["bb_position"] = np.where(bb_upper != bb_lower, (close - bb_lower) / (bb_upper - bb_lower), 0.5)
Collect signals 3053/3317:  92%|¨€¨€¨€¨€¨€¨€¨€¨€¨€¨‡| 3052/3317 [2:29:18<13:24,  3.03s/stock]Collect signals 3053/3317:  92%|¨€¨€¨€¨€¨€¨€¨€¨€¨€¨‡| 3053/3317 [2:29:18<14:01,  3.19s/stock]D:\Projects\auto-select-stock\src\auto_select_stock\predict\data.py:76: RuntimeWarning: invalid value encountered in divide
  result["bb_position"] = np.where(bb_upper != bb_lower, (close - bb_lower) / (bb_upper - bb_lower), 0.5)
Collect signals 3054/3317:  92%|¨€¨€¨€¨€¨€¨€¨€¨€¨€¨‡| 3053/3317 [2:29:22<14:01,  3.19s/stock]Collect signals 3054/3317:  92%|¨€¨€¨€¨€¨€¨€¨€¨€¨€¨‡| 3054/3317 [2:29:22<14:02,  3.20s/stock]D:\Projects\auto-select-stock\src\auto_select_stock\predict\data.py:76: RuntimeWarning: invalid value encountered in divide
  result["bb_position"] = np.where(bb_upper != bb_lower, (close - bb_lower) / (bb_upper - bb_lower), 0.5)
Collect signals 3055/3317:  92%|¨€¨€¨€¨€¨€¨€¨€¨€¨€¨‡| 3054/3317 [2:29:25<14:02,  3.20s/stock]Collect signals 3055/3317:  92%|¨€¨€¨€¨€¨€¨€¨€¨€¨€¨‡| 3055/3317 [2:29:25<13:37,  3.12s/stock]D:\Projects\auto-select-stock\src\auto_select_stock\predict\data.py:76: RuntimeWarning: invalid value encountered in divide
  result["bb_position"] = np.where(bb_upper != bb_lower, (close - bb_lower) / (bb_upper - bb_lower), 0.5)
Collect signals 3056/3317:  92%|¨€¨€¨€¨€¨€¨€¨€¨€¨€¨‡| 3055/3317 [2:29:28<13:37,  3.12s/stock]Collect signals 3056/3317:  92%|¨€¨€¨€¨€¨€¨€¨€¨€¨€¨‡| 3056/3317 [2:29:28<13:32,  3.11s/stock]D:\Projects\auto-select-stock\src\auto_select_stock\predict\data.py:76: RuntimeWarning: invalid value encountered in divide
  result["bb_position"] = np.where(bb_upper != bb_lower, (close - bb_lower) / (bb_upper - bb_lower), 0.5)
Collect signals 3057/3317:  92%|¨€¨€¨€¨€¨€¨€¨€¨€¨€¨‡| 3056/3317 [2:29:31<13:32,  3.11s/stock]Collect signals 3057/3317:  92%|¨€¨€¨€¨€¨€¨€¨€¨€¨€¨‡| 3057/3317 [2:29:31<13:48,  3.19s/stock]D:\Projects\auto-select-stock\src\auto_select_stock\predict\data.py:76: RuntimeWarning: invalid value encountered in divide
  result["bb_position"] = np.where(bb_upper != bb_lower, (close - bb_lower) / (bb_upper - bb_lower), 0.5)
Collect signals 3058/3317:  92%|¨€¨€¨€¨€¨€¨€¨€¨€¨€¨‡| 3057/3317 [2:29:34<13:48,  3.19s/stock]Collect signals 3058/3317:  92%|¨€¨€¨€¨€¨€¨€¨€¨€¨€¨‡| 3058/3317 [2:29:34<13:19,  3.09s/stock]D:\Projects\auto-select-stock\src\auto_select_stock\predict\data.py:76: RuntimeWarning: invalid value encountered in divide
  result["bb_position"] = np.where(bb_upper != bb_lower, (close - bb_lower) / (bb_upper - bb_lower), 0.5)
Collect signals 3059/3317:  92%|¨€¨€¨€¨€¨€¨€¨€¨€¨€¨‡| 3058/3317 [2:29:37<13:19,  3.09s/stock]Collect signals 3059/3317:  92%|¨€¨€¨€¨€¨€¨€¨€¨€¨€¨‡| 3059/3317 [2:29:37<13:13,  3.08s/stock]D:\Projects\auto-select-stock\src\auto_select_stock\predict\data.py:76: RuntimeWarning: invalid value encountered in divide
  result["bb_position"] = np.where(bb_upper != bb_lower, (close - bb_lower) / (bb_upper - bb_lower), 0.5)
Collect signals 3060/3317:  92%|¨€¨€¨€¨€¨€¨€¨€¨€¨€¨‡| 3059/3317 [2:29:40<13:13,  3.08s/stock]Collect signals 3060/3317:  92%|¨€¨€¨€¨€¨€¨€¨€¨€¨€¨‡| 3060/3317 [2:29:40<12:52,  3.01s/stock]D:\Projects\auto-select-stock\src\auto_select_stock\predict\data.py:76: RuntimeWarning: invalid value encountered in divide
  result["bb_position"] = np.where(bb_upper != bb_lower, (close - bb_lower) / (bb_upper - bb_lower), 0.5)
Collect signals 3061/3317:  92%|¨€¨€¨€¨€¨€¨€¨€¨€¨€¨‡| 3060/3317 [2:29:43<12:52,  3.01s/stock]Collect signals 3061/3317:  92%|¨€¨€¨€¨€¨€¨€¨€¨€¨€¨‡| 3061/3317 [2:29:43<13:05,  3.07s/stock]D:\Projects\auto-select-stock\src\auto_select_stock\predict\data.py:76: RuntimeWarning: invalid value encountered in divide
  result["bb_position"] = np.where(bb_upper != bb_lower, (close - bb_lower) / (bb_upper - bb_lower), 0.5)
Collect signals 3062/3317:  92%|¨€¨€¨€¨€¨€¨€¨€¨€¨€¨‡| 3061/3317 [2:29:46<13:05,  3.07s/stock]Collect signals 3062/3317:  92%|¨€¨€¨€¨€¨€¨€¨€¨€¨€¨‡| 3062/3317 [2:29:46<12:45,  3.00s/stock]D:\Projects\auto-select-stock\src\auto_select_stock\predict\data.py:76: RuntimeWarning: invalid value encountered in divide
  result["bb_position"] = np.where(bb_upper != bb_lower, (close - bb_lower) / (bb_upper - bb_lower), 0.5)
Collect signals 3063/3317:  92%|¨€¨€¨€¨€¨€¨€¨€¨€¨€¨‡| 3062/3317 [2:29:49<12:45,  3.00s/stock]Collect signals 3063/3317:  92%|¨€¨€¨€¨€¨€¨€¨€¨€¨€¨‡| 3063/3317 [2:29:49<12:49,  3.03s/stock]D:\Projects\auto-select-stock\src\auto_select_stock\predict\data.py:76: RuntimeWarning: invalid value encountered in divide
  result["bb_position"] = np.where(bb_upper != bb_lower, (close - bb_lower) / (bb_upper - bb_lower), 0.5)
Collect signals 3064/3317:  92%|¨€¨€¨€¨€¨€¨€¨€¨€¨€¨‡| 3063/3317 [2:29:52<12:49,  3.03s/stock]Collect signals 3064/3317:  92%|¨€¨€¨€¨€¨€¨€¨€¨€¨€¨‡| 3064/3317 [2:29:52<12:24,  2.94s/stock]D:\Projects\auto-select-stock\src\auto_select_stock\predict\data.py:76: RuntimeWarning: invalid value encountered in divide
  result["bb_position"] = np.where(bb_upper != bb_lower, (close - bb_lower) / (bb_upper - bb_lower), 0.5)
Collect signals 3065/3317:  92%|¨€¨€¨€¨€¨€¨€¨€¨€¨€¨‡| 3064/3317 [2:29:55<12:24,  2.94s/stock]Collect signals 3065/3317:  92%|¨€¨€¨€¨€¨€¨€¨€¨€¨€¨‡| 3065/3317 [2:29:55<12:36,  3.00s/stock]D:\Projects\auto-select-stock\src\auto_select_stock\predict\data.py:76: RuntimeWarning: invalid value encountered in divide
  result["bb_position"] = np.where(bb_upper != bb_lower, (close - bb_lower) / (bb_upper - bb_lower), 0.5)
Collect signals 3066/3317:  92%|¨€¨€¨€¨€¨€¨€¨€¨€¨€¨‡| 3065/3317 [2:29:58<12:36,  3.00s/stock]Collect signals 3066/3317:  92%|¨€¨€¨€¨€¨€¨€¨€¨€¨€¨‡| 3066/3317 [2:29:58<12:53,  3.08s/stock]D:\Projects\auto-select-stock\src\auto_select_stock\predict\data.py:76: RuntimeWarning: invalid value encountered in divide
  result["bb_position"] = np.where(bb_upper != bb_lower, (close - bb_lower) / (bb_upper - bb_lower), 0.5)
Collect signals 3067/3317:  92%|¨€¨€¨€¨€¨€¨€¨€¨€¨€¨‡| 3066/3317 [2:30:01<12:53,  3.08s/stock]Collect signals 3067/3317:  92%|¨€¨€¨€¨€¨€¨€¨€¨€¨€¨‡| 3067/3317 [2:30:01<12:25,  2.98s/stock]D:\Projects\auto-select-stock\src\auto_select_stock\predict\data.py:76: RuntimeWarning: invalid value encountered in divide
  result["bb_position"] = np.where(bb_upper != bb_lower, (close - bb_lower) / (bb_upper - bb_lower), 0.5)
Collect signals 3068/3317:  92%|¨€¨€¨€¨€¨€¨€¨€¨€¨€¨‡| 3067/3317 [2:30:04<12:25,  2.98s/stock]Collect signals 3068/3317:  92%|¨€¨€¨€¨€¨€¨€¨€¨€¨€¨‡| 3068/3317 [2:30:04<12:51,  3.10s/stock]D:\Projects\auto-select-stock\src\auto_select_stock\predict\data.py:76: RuntimeWarning: invalid value encountered in divide
  result["bb_position"] = np.where(bb_upper != bb_lower, (close - bb_lower) / (bb_upper - bb_lower), 0.5)
Collect signals 3069/3317:  92%|¨€¨€¨€¨€¨€¨€¨€¨€¨€¨‡| 3068/3317 [2:30:07<12:51,  3.10s/stock]Collect signals 3069/3317:  93%|¨€¨€¨€¨€¨€¨€¨€¨€¨€¨†| 3069/3317 [2:30:07<12:24,  3.00s/stock]D:\Projects\auto-select-stock\src\auto_select_stock\predict\data.py:76: RuntimeWarning: invalid value encountered in divide
  result["bb_position"] = np.where(bb_upper != bb_lower, (close - bb_lower) / (bb_upper - bb_lower), 0.5)
Collect signals 3070/3317:  93%|¨€¨€¨€¨€¨€¨€¨€¨€¨€¨†| 3069/3317 [2:30:10<12:24,  3.00s/stock]Collect signals 3070/3317:  93%|¨€¨€¨€¨€¨€¨€¨€¨€¨€¨†| 3070/3317 [2:30:10<12:39,  3.07s/stock]D:\Projects\auto-select-stock\src\auto_select_stock\predict\data.py:76: RuntimeWarning: invalid value encountered in divide
  result["bb_position"] = np.where(bb_upper != bb_lower, (close - bb_lower) / (bb_upper - bb_lower), 0.5)
Collect signals 3071/3317:  93%|¨€¨€¨€¨€¨€¨€¨€¨€¨€¨†| 3070/3317 [2:30:13<12:39,  3.07s/stock]Collect signals 3071/3317:  93%|¨€¨€¨€¨€¨€¨€¨€¨€¨€¨†| 3071/3317 [2:30:13<12:13,  2.98s/stock]D:\Projects\auto-select-stock\src\auto_select_stock\predict\data.py:76: RuntimeWarning: invalid value encountered in divide
  result["bb_position"] = np.where(bb_upper != bb_lower, (close - bb_lower) / (bb_upper - bb_lower), 0.5)
Collect signals 3072/3317:  93%|¨€¨€¨€¨€¨€¨€¨€¨€¨€¨†| 3071/3317 [2:30:16<12:13,  2.98s/stock]Collect signals 3072/3317:  93%|¨€¨€¨€¨€¨€¨€¨€¨€¨€¨†| 3072/3317 [2:30:16<12:39,  3.10s/stock]D:\Projects\auto-select-stock\src\auto_select_stock\predict\data.py:76: RuntimeWarning: invalid value encountered in divide
  result["bb_position"] = np.where(bb_upper != bb_lower, (close - bb_lower) / (bb_upper - bb_lower), 0.5)
Collect signals 3073/3317:  93%|¨€¨€¨€¨€¨€¨€¨€¨€¨€¨†| 3072/3317 [2:30:19<12:39,  3.10s/stock]Collect signals 3073/3317:  93%|¨€¨€¨€¨€¨€¨€¨€¨€¨€¨†| 3073/3317 [2:30:19<12:18,  3.03s/stock]D:\Projects\auto-select-stock\src\auto_select_stock\predict\data.py:76: RuntimeWarning: invalid value encountered in divide
  result["bb_position"] = np.where(bb_upper != bb_lower, (close - bb_lower) / (bb_upper - bb_lower), 0.5)
Collect signals 3074/3317:  93%|¨€¨€¨€¨€¨€¨€¨€¨€¨€¨†| 3073/3317 [2:30:22<12:18,  3.03s/stock]Collect signals 3074/3317:  93%|¨€¨€¨€¨€¨€¨€¨€¨€¨€¨†| 3074/3317 [2:30:22<12:18,  3.04s/stock]D:\Projects\auto-select-stock\src\auto_select_stock\predict\data.py:76: RuntimeWarning: invalid value encountered in divide
  result["bb_position"] = np.where(bb_upper != bb_lower, (close - bb_lower) / (bb_upper - bb_lower), 0.5)
Collect signals 3075/3317:  93%|¨€¨€¨€¨€¨€¨€¨€¨€¨€¨†| 3074/3317 [2:30:25<12:18,  3.04s/stock]Collect signals 3075/3317:  93%|¨€¨€¨€¨€¨€¨€¨€¨€¨€¨†| 3075/3317 [2:30:25<11:58,  2.97s/stock]D:\Projects\auto-select-stock\src\auto_select_stock\predict\data.py:76: RuntimeWarning: invalid value encountered in divide
  result["bb_position"] = np.where(bb_upper != bb_lower, (close - bb_lower) / (bb_upper - bb_lower), 0.5)
Collect signals 3076/3317:  93%|¨€¨€¨€¨€¨€¨€¨€¨€¨€¨†| 3075/3317 [2:30:28<11:58,  2.97s/stock]Collect signals 3076/3317:  93%|¨€¨€¨€¨€¨€¨€¨€¨€¨€¨†| 3076/3317 [2:30:28<12:10,  3.03s/stock]D:\Projects\auto-select-stock\src\auto_select_stock\predict\data.py:76: RuntimeWarning: invalid value encountered in divide
  result["bb_position"] = np.where(bb_upper != bb_lower, (close - bb_lower) / (bb_upper - bb_lower), 0.5)
Collect signals 3077/3317:  93%|¨€¨€¨€¨€¨€¨€¨€¨€¨€¨†| 3076/3317 [2:30:31<12:10,  3.03s/stock]Collect signals 3077/3317:  93%|¨€¨€¨€¨€¨€¨€¨€¨€¨€¨†| 3077/3317 [2:30:31<12:20,  3.08s/stock]D:\Projects\auto-select-stock\src\auto_select_stock\predict\data.py:76: RuntimeWarning: invalid value encountered in divide
  result["bb_position"] = np.where(bb_upper != bb_lower, (close - bb_lower) / (bb_upper - bb_lower), 0.5)
Collect signals 3078/3317:  93%|¨€¨€¨€¨€¨€¨€¨€¨€¨€¨†| 3077/3317 [2:30:34<12:20,  3.08s/stock]Collect signals 3078/3317:  93%|¨€¨€¨€¨€¨€¨€¨€¨€¨€¨†| 3078/3317 [2:30:34<11:53,  2.99s/stock]D:\Projects\auto-select-stock\src\auto_select_stock\predict\data.py:76: RuntimeWarning: invalid value encountered in divide
  result["bb_position"] = np.where(bb_upper != bb_lower, (close - bb_lower) / (bb_upper - bb_lower), 0.5)
Collect signals 3079/3317:  93%|¨€¨€¨€¨€¨€¨€¨€¨€¨€¨†| 3078/3317 [2:30:37<11:53,  2.99s/stock]Collect signals 3079/3317:  93%|¨€¨€¨€¨€¨€¨€¨€¨€¨€¨†| 3079/3317 [2:30:37<11:58,  3.02s/stock]D:\Projects\auto-select-stock\src\auto_select_stock\predict\data.py:76: RuntimeWarning: invalid value encountered in divide
  result["bb_position"] = np.where(bb_upper != bb_lower, (close - bb_lower) / (bb_upper - bb_lower), 0.5)
Collect signals 3080/3317:  93%|¨€¨€¨€¨€¨€¨€¨€¨€¨€¨†| 3079/3317 [2:30:40<11:58,  3.02s/stock]Collect signals 3080/3317:  93%|¨€¨€¨€¨€¨€¨€¨€¨€¨€¨†| 3080/3317 [2:30:40<11:33,  2.93s/stock]D:\Projects\auto-select-stock\src\auto_select_stock\predict\data.py:76: RuntimeWarning: invalid value encountered in divide
  result["bb_position"] = np.where(bb_upper != bb_lower, (close - bb_lower) / (bb_upper - bb_lower), 0.5)
Collect signals 3081/3317:  93%|¨€¨€¨€¨€¨€¨€¨€¨€¨€¨†| 3080/3317 [2:30:43<11:33,  2.93s/stock]Collect signals 3081/3317:  93%|¨€¨€¨€¨€¨€¨€¨€¨€¨€¨†| 3081/3317 [2:30:43<11:46,  2.99s/stock]D:\Projects\auto-select-stock\src\auto_select_stock\predict\data.py:76: RuntimeWarning: invalid value encountered in divide
  result["bb_position"] = np.where(bb_upper != bb_lower, (close - bb_lower) / (bb_upper - bb_lower), 0.5)
Collect signals 3082/3317:  93%|¨€¨€¨€¨€¨€¨€¨€¨€¨€¨†| 3081/3317 [2:30:46<11:46,  2.99s/stock]Collect signals 3082/3317:  93%|¨€¨€¨€¨€¨€¨€¨€¨€¨€¨†| 3082/3317 [2:30:46<11:35,  2.96s/stock]D:\Projects\auto-select-stock\src\auto_select_stock\predict\data.py:76: RuntimeWarning: invalid value encountered in divide
  result["bb_position"] = np.where(bb_upper != bb_lower, (close - bb_lower) / (bb_upper - bb_lower), 0.5)
Collect signals 3083/3317:  93%|¨€¨€¨€¨€¨€¨€¨€¨€¨€¨†| 3082/3317 [2:30:49<11:35,  2.96s/stock]Collect signals 3083/3317:  93%|¨€¨€¨€¨€¨€¨€¨€¨€¨€¨†| 3083/3317 [2:30:49<11:48,  3.03s/stock]D:\Projects\auto-select-stock\src\auto_select_stock\predict\data.py:76: RuntimeWarning: invalid value encountered in divide
  result["bb_position"] = np.where(bb_upper != bb_lower, (close - bb_lower) / (bb_upper - bb_lower), 0.5)
Collect signals 3084/3317:  93%|¨€¨€¨€¨€¨€¨€¨€¨€¨€¨†| 3083/3317 [2:30:52<11:48,  3.03s/stock]Collect signals 3084/3317:  93%|¨€¨€¨€¨€¨€¨€¨€¨€¨€¨†| 3084/3317 [2:30:52<11:36,  2.99s/stock]D:\Projects\auto-select-stock\src\auto_select_stock\predict\data.py:76: RuntimeWarning: invalid value encountered in divide
  result["bb_position"] = np.where(bb_upper != bb_lower, (close - bb_lower) / (bb_upper - bb_lower), 0.5)
Collect signals 3085/3317:  93%|¨€¨€¨€¨€¨€¨€¨€¨€¨€¨†| 3084/3317 [2:30:55<11:36,  2.99s/stock]Collect signals 3085/3317:  93%|¨€¨€¨€¨€¨€¨€¨€¨€¨€¨†| 3085/3317 [2:30:55<11:46,  3.04s/stock]D:\Projects\auto-select-stock\src\auto_select_stock\predict\data.py:76: RuntimeWarning: invalid value encountered in divide
  result["bb_position"] = np.where(bb_upper != bb_lower, (close - bb_lower) / (bb_upper - bb_lower), 0.5)
Collect signals 3086/3317:  93%|¨€¨€¨€¨€¨€¨€¨€¨€¨€¨†| 3085/3317 [2:30:59<11:46,  3.04s/stock]Collect signals 3086/3317:  93%|¨€¨€¨€¨€¨€¨€¨€¨€¨€¨†| 3086/3317 [2:30:59<11:58,  3.11s/stock]D:\Projects\auto-select-stock\src\auto_select_stock\predict\data.py:76: RuntimeWarning: invalid value encountered in divide
  result["bb_position"] = np.where(bb_upper != bb_lower, (close - bb_lower) / (bb_upper - bb_lower), 0.5)
Collect signals 3087/3317:  93%|¨€¨€¨€¨€¨€¨€¨€¨€¨€¨†| 3086/3317 [2:31:01<11:58,  3.11s/stock]Collect signals 3087/3317:  93%|¨€¨€¨€¨€¨€¨€¨€¨€¨€¨†| 3087/3317 [2:31:01<11:41,  3.05s/stock]D:\Projects\auto-select-stock\src\auto_select_stock\predict\data.py:76: RuntimeWarning: invalid value encountered in divide
  result["bb_position"] = np.where(bb_upper != bb_lower, (close - bb_lower) / (bb_upper - bb_lower), 0.5)
Collect signals 3088/3317:  93%|¨€¨€¨€¨€¨€¨€¨€¨€¨€¨†| 3087/3317 [2:31:05<11:41,  3.05s/stock]Collect signals 3088/3317:  93%|¨€¨€¨€¨€¨€¨€¨€¨€¨€¨†| 3088/3317 [2:31:05<11:43,  3.07s/stock]D:\Projects\auto-select-stock\src\auto_select_stock\predict\data.py:76: RuntimeWarning: invalid value encountered in divide
  result["bb_position"] = np.where(bb_upper != bb_lower, (close - bb_lower) / (bb_upper - bb_lower), 0.5)
Collect signals 3089/3317:  93%|¨€¨€¨€¨€¨€¨€¨€¨€¨€¨†| 3088/3317 [2:31:07<11:43,  3.07s/stock]Collect signals 3089/3317:  93%|¨€¨€¨€¨€¨€¨€¨€¨€¨€¨†| 3089/3317 [2:31:07<11:19,  2.98s/stock]D:\Projects\auto-select-stock\src\auto_select_stock\predict\data.py:76: RuntimeWarning: invalid value encountered in divide
  result["bb_position"] = np.where(bb_upper != bb_lower, (close - bb_lower) / (bb_upper - bb_lower), 0.5)
Collect signals 3090/3317:  93%|¨€¨€¨€¨€¨€¨€¨€¨€¨€¨†| 3089/3317 [2:31:10<11:19,  2.98s/stock]Collect signals 3090/3317:  93%|¨€¨€¨€¨€¨€¨€¨€¨€¨€¨†| 3090/3317 [2:31:10<11:22,  3.01s/stock]D:\Projects\auto-select-stock\src\auto_select_stock\predict\data.py:76: RuntimeWarning: invalid value encountered in divide
  result["bb_position"] = np.where(bb_upper != bb_lower, (close - bb_lower) / (bb_upper - bb_lower), 0.5)
Collect signals 3091/3317:  93%|¨€¨€¨€¨€¨€¨€¨€¨€¨€¨†| 3090/3317 [2:31:13<11:22,  3.01s/stock]Collect signals 3091/3317:  93%|¨€¨€¨€¨€¨€¨€¨€¨€¨€¨†| 3091/3317 [2:31:13<11:01,  2.93s/stock]D:\Projects\auto-select-stock\src\auto_select_stock\predict\data.py:76: RuntimeWarning: invalid value encountered in divide
  result["bb_position"] = np.where(bb_upper != bb_lower, (close - bb_lower) / (bb_upper - bb_lower), 0.5)
Collect signals 3092/3317:  93%|¨€¨€¨€¨€¨€¨€¨€¨€¨€¨†| 3091/3317 [2:31:16<11:01,  2.93s/stock]Collect signals 3092/3317:  93%|¨€¨€¨€¨€¨€¨€¨€¨€¨€¨†| 3092/3317 [2:31:16<11:09,  2.97s/stock]D:\Projects\auto-select-stock\src\auto_select_stock\predict\data.py:76: RuntimeWarning: invalid value encountered in divide
  result["bb_position"] = np.where(bb_upper != bb_lower, (close - bb_lower) / (bb_upper - bb_lower), 0.5)
Collect signals 3093/3317:  93%|¨€¨€¨€¨€¨€¨€¨€¨€¨€¨†| 3092/3317 [2:31:19<11:09,  2.97s/stock]Collect signals 3093/3317:  93%|¨€¨€¨€¨€¨€¨€¨€¨€¨€¨†| 3093/3317 [2:31:19<11:06,  2.97s/stock]D:\Projects\auto-select-stock\src\auto_select_stock\predict\data.py:76: RuntimeWarning: invalid value encountered in divide
  result["bb_position"] = np.where(bb_upper != bb_lower, (close - bb_lower) / (bb_upper - bb_lower), 0.5)
Collect signals 3094/3317:  93%|¨€¨€¨€¨€¨€¨€¨€¨€¨€¨†| 3093/3317 [2:31:22<11:06,  2.97s/stock]Collect signals 3094/3317:  93%|¨€¨€¨€¨€¨€¨€¨€¨€¨€¨†| 3094/3317 [2:31:22<11:19,  3.05s/stock]D:\Projects\auto-select-stock\src\auto_select_stock\predict\data.py:76: RuntimeWarning: invalid value encountered in divide
  result["bb_position"] = np.where(bb_upper != bb_lower, (close - bb_lower) / (bb_upper - bb_lower), 0.5)
Collect signals 3095/3317:  93%|¨€¨€¨€¨€¨€¨€¨€¨€¨€¨†| 3094/3317 [2:31:26<11:19,  3.05s/stock]Collect signals 3095/3317:  93%|¨€¨€¨€¨€¨€¨€¨€¨€¨€¨†| 3095/3317 [2:31:26<11:56,  3.23s/stock]D:\Projects\auto-select-stock\src\auto_select_stock\predict\data.py:76: RuntimeWarning: invalid value encountered in divide
  result["bb_position"] = np.where(bb_upper != bb_lower, (close - bb_lower) / (bb_upper - bb_lower), 0.5)
Collect signals 3096/3317:  93%|¨€¨€¨€¨€¨€¨€¨€¨€¨€¨†| 3095/3317 [2:31:29<11:56,  3.23s/stock]Collect signals 3096/3317:  93%|¨€¨€¨€¨€¨€¨€¨€¨€¨€¨†| 3096/3317 [2:31:29<11:27,  3.11s/stock]D:\Projects\auto-select-stock\src\auto_select_stock\predict\data.py:76: RuntimeWarning: invalid value encountered in divide
  result["bb_position"] = np.where(bb_upper != bb_lower, (close - bb_lower) / (bb_upper - bb_lower), 0.5)
Collect signals 3097/3317:  93%|¨€¨€¨€¨€¨€¨€¨€¨€¨€¨†| 3096/3317 [2:31:32<11:27,  3.11s/stock]Collect signals 3097/3317:  93%|¨€¨€¨€¨€¨€¨€¨€¨€¨€¨†| 3097/3317 [2:31:32<11:23,  3.11s/stock]D:\Projects\auto-select-stock\src\auto_select_stock\predict\data.py:76: RuntimeWarning: invalid value encountered in divide
  result["bb_position"] = np.where(bb_upper != bb_lower, (close - bb_lower) / (bb_upper - bb_lower), 0.5)
Collect signals 3098/3317:  93%|¨€¨€¨€¨€¨€¨€¨€¨€¨€¨†| 3097/3317 [2:31:35<11:23,  3.11s/stock]Collect signals 3098/3317:  93%|¨€¨€¨€¨€¨€¨€¨€¨€¨€¨†| 3098/3317 [2:31:35<10:54,  2.99s/stock]D:\Projects\auto-select-stock\src\auto_select_stock\predict\data.py:76: RuntimeWarning: invalid value encountered in divide
  result["bb_position"] = np.where(bb_upper != bb_lower, (close - bb_lower) / (bb_upper - bb_lower), 0.5)
Collect signals 3099/3317:  93%|¨€¨€¨€¨€¨€¨€¨€¨€¨€¨†| 3098/3317 [2:31:38<10:54,  2.99s/stock]Collect signals 3099/3317:  93%|¨€¨€¨€¨€¨€¨€¨€¨€¨€¨†| 3099/3317 [2:31:38<11:04,  3.05s/stock]D:\Projects\auto-select-stock\src\auto_select_stock\predict\data.py:76: RuntimeWarning: invalid value encountered in divide
  result["bb_position"] = np.where(bb_upper != bb_lower, (close - bb_lower) / (bb_upper - bb_lower), 0.5)
Collect signals 3100/3317:  93%|¨€¨€¨€¨€¨€¨€¨€¨€¨€¨†| 3099/3317 [2:31:41<11:04,  3.05s/stock]Collect signals 3100/3317:  93%|¨€¨€¨€¨€¨€¨€¨€¨€¨€¨†| 3100/3317 [2:31:41<10:44,  2.97s/stock]D:\Projects\auto-select-stock\src\auto_select_stock\predict\data.py:76: RuntimeWarning: invalid value encountered in divide
  result["bb_position"] = np.where(bb_upper != bb_lower, (close - bb_lower) / (bb_upper - bb_lower), 0.5)
Collect signals 3101/3317:  93%|¨€¨€¨€¨€¨€¨€¨€¨€¨€¨†| 3100/3317 [2:31:44<10:44,  2.97s/stock]Collect signals 3101/3317:  93%|¨€¨€¨€¨€¨€¨€¨€¨€¨€¨†| 3101/3317 [2:31:44<10:57,  3.04s/stock]D:\Projects\auto-select-stock\src\auto_select_stock\predict\data.py:76: RuntimeWarning: invalid value encountered in divide
  result["bb_position"] = np.where(bb_upper != bb_lower, (close - bb_lower) / (bb_upper - bb_lower), 0.5)
Collect signals 3102/3317:  93%|¨€¨€¨€¨€¨€¨€¨€¨€¨€¨†| 3101/3317 [2:31:47<10:57,  3.04s/stock]Collect signals 3102/3317:  94%|¨€¨€¨€¨€¨€¨€¨€¨€¨€¨†| 3102/3317 [2:31:47<10:43,  2.99s/stock]D:\Projects\auto-select-stock\src\auto_select_stock\predict\data.py:76: RuntimeWarning: invalid value encountered in divide
  result["bb_position"] = np.where(bb_upper != bb_lower, (close - bb_lower) / (bb_upper - bb_lower), 0.5)
Collect signals 3103/3317:  94%|¨€¨€¨€¨€¨€¨€¨€¨€¨€¨†| 3102/3317 [2:31:50<10:43,  2.99s/stock]Collect signals 3103/3317:  94%|¨€¨€¨€¨€¨€¨€¨€¨€¨€¨†| 3103/3317 [2:31:50<10:25,  2.92s/stock]D:\Projects\auto-select-stock\src\auto_select_stock\predict\data.py:76: RuntimeWarning: invalid value encountered in divide
  result["bb_position"] = np.where(bb_upper != bb_lower, (close - bb_lower) / (bb_upper - bb_lower), 0.5)
Collect signals 3104/3317:  94%|¨€¨€¨€¨€¨€¨€¨€¨€¨€¨†| 3103/3317 [2:31:53<10:25,  2.92s/stock]Collect signals 3104/3317:  94%|¨€¨€¨€¨€¨€¨€¨€¨€¨€¨†| 3104/3317 [2:31:53<10:40,  3.01s/stock]D:\Projects\auto-select-stock\src\auto_select_stock\predict\data.py:76: RuntimeWarning: invalid value encountered in divide
  result["bb_position"] = np.where(bb_upper != bb_lower, (close - bb_lower) / (bb_upper - bb_lower), 0.5)
Collect signals 3105/3317:  94%|¨€¨€¨€¨€¨€¨€¨€¨€¨€¨†| 3104/3317 [2:31:56<10:40,  3.01s/stock]Collect signals 3105/3317:  94%|¨€¨€¨€¨€¨€¨€¨€¨€¨€¨†| 3105/3317 [2:31:56<10:25,  2.95s/stock]D:\Projects\auto-select-stock\src\auto_select_stock\predict\data.py:76: RuntimeWarning: invalid value encountered in divide
  result["bb_position"] = np.where(bb_upper != bb_lower, (close - bb_lower) / (bb_upper - bb_lower), 0.5)
Collect signals 3106/3317:  94%|¨€¨€¨€¨€¨€¨€¨€¨€¨€¨†| 3105/3317 [2:31:59<10:25,  2.95s/stock]Collect signals 3106/3317:  94%|¨€¨€¨€¨€¨€¨€¨€¨€¨€¨†| 3106/3317 [2:31:59<10:48,  3.07s/stock]D:\Projects\auto-select-stock\src\auto_select_stock\predict\data.py:76: RuntimeWarning: invalid value encountered in divide
  result["bb_position"] = np.where(bb_upper != bb_lower, (close - bb_lower) / (bb_upper - bb_lower), 0.5)
Collect signals 3107/3317:  94%|¨€¨€¨€¨€¨€¨€¨€¨€¨€¨†| 3106/3317 [2:32:02<10:48,  3.07s/stock]Collect signals 3107/3317:  94%|¨€¨€¨€¨€¨€¨€¨€¨€¨€¨†| 3107/3317 [2:32:02<10:49,  3.09s/stock]D:\Projects\auto-select-stock\src\auto_select_stock\predict\data.py:76: RuntimeWarning: invalid value encountered in divide
  result["bb_position"] = np.where(bb_upper != bb_lower, (close - bb_lower) / (bb_upper - bb_lower), 0.5)
Collect signals 3108/3317:  94%|¨€¨€¨€¨€¨€¨€¨€¨€¨€¨†| 3107/3317 [2:32:05<10:49,  3.09s/stock]Collect signals 3108/3317:  94%|¨€¨€¨€¨€¨€¨€¨€¨€¨€¨†| 3108/3317 [2:32:05<10:24,  2.99s/stock]D:\Projects\auto-select-stock\src\auto_select_stock\predict\data.py:76: RuntimeWarning: invalid value encountered in divide
  result["bb_position"] = np.where(bb_upper != bb_lower, (close - bb_lower) / (bb_upper - bb_lower), 0.5)
Collect signals 3109/3317:  94%|¨€¨€¨€¨€¨€¨€¨€¨€¨€¨†| 3108/3317 [2:32:08<10:24,  2.99s/stock]Collect signals 3109/3317:  94%|¨€¨€¨€¨€¨€¨€¨€¨€¨€¨†| 3109/3317 [2:32:08<10:27,  3.02s/stock]D:\Projects\auto-select-stock\src\auto_select_stock\predict\data.py:76: RuntimeWarning: invalid value encountered in divide
  result["bb_position"] = np.where(bb_upper != bb_lower, (close - bb_lower) / (bb_upper - bb_lower), 0.5)
Collect signals 3110/3317:  94%|¨€¨€¨€¨€¨€¨€¨€¨€¨€¨†| 3109/3317 [2:32:11<10:27,  3.02s/stock]Collect signals 3110/3317:  94%|¨€¨€¨€¨€¨€¨€¨€¨€¨€¨…| 3110/3317 [2:32:11<10:15,  2.97s/stock]D:\Projects\auto-select-stock\src\auto_select_stock\predict\data.py:76: RuntimeWarning: invalid value encountered in divide
  result["bb_position"] = np.where(bb_upper != bb_lower, (close - bb_lower) / (bb_upper - bb_lower), 0.5)
Collect signals 3111/3317:  94%|¨€¨€¨€¨€¨€¨€¨€¨€¨€¨…| 3110/3317 [2:32:14<10:15,  2.97s/stock]Collect signals 3111/3317:  94%|¨€¨€¨€¨€¨€¨€¨€¨€¨€¨…| 3111/3317 [2:32:14<10:21,  3.02s/stock]D:\Projects\auto-select-stock\src\auto_select_stock\predict\data.py:76: RuntimeWarning: invalid value encountered in divide
  result["bb_position"] = np.where(bb_upper != bb_lower, (close - bb_lower) / (bb_upper - bb_lower), 0.5)
Collect signals 3112/3317:  94%|¨€¨€¨€¨€¨€¨€¨€¨€¨€¨…| 3111/3317 [2:32:17<10:21,  3.02s/stock]Collect signals 3112/3317:  94%|¨€¨€¨€¨€¨€¨€¨€¨€¨€¨…| 3112/3317 [2:32:17<09:59,  2.93s/stock]D:\Projects\auto-select-stock\src\auto_select_stock\predict\data.py:76: RuntimeWarning: invalid value encountered in divide
  result["bb_position"] = np.where(bb_upper != bb_lower, (close - bb_lower) / (bb_upper - bb_lower), 0.5)
Collect signals 3113/3317:  94%|¨€¨€¨€¨€¨€¨€¨€¨€¨€¨…| 3112/3317 [2:32:20<09:59,  2.93s/stock]Collect signals 3113/3317:  94%|¨€¨€¨€¨€¨€¨€¨€¨€¨€¨…| 3113/3317 [2:32:20<10:13,  3.01s/stock]D:\Projects\auto-select-stock\src\auto_select_stock\predict\data.py:76: RuntimeWarning: invalid value encountered in divide
  result["bb_position"] = np.where(bb_upper != bb_lower, (close - bb_lower) / (bb_upper - bb_lower), 0.5)
Collect signals 3114/3317:  94%|¨€¨€¨€¨€¨€¨€¨€¨€¨€¨…| 3113/3317 [2:32:23<10:13,  3.01s/stock]Collect signals 3114/3317:  94%|¨€¨€¨€¨€¨€¨€¨€¨€¨€¨…| 3114/3317 [2:32:23<10:16,  3.04s/stock]D:\Projects\auto-select-stock\src\auto_select_stock\predict\data.py:76: RuntimeWarning: invalid value encountered in divide
  result["bb_position"] = np.where(bb_upper != bb_lower, (close - bb_lower) / (bb_upper - bb_lower), 0.5)
Collect signals 3115/3317:  94%|¨€¨€¨€¨€¨€¨€¨€¨€¨€¨…| 3114/3317 [2:32:26<10:16,  3.04s/stock]Collect signals 3115/3317:  94%|¨€¨€¨€¨€¨€¨€¨€¨€¨€¨…| 3115/3317 [2:32:26<10:06,  3.00s/stock]D:\Projects\auto-select-stock\src\auto_select_stock\predict\data.py:76: RuntimeWarning: invalid value encountered in divide
  result["bb_position"] = np.where(bb_upper != bb_lower, (close - bb_lower) / (bb_upper - bb_lower), 0.5)
Collect signals 3116/3317:  94%|¨€¨€¨€¨€¨€¨€¨€¨€¨€¨…| 3115/3317 [2:32:29<10:06,  3.00s/stock]Collect signals 3116/3317:  94%|¨€¨€¨€¨€¨€¨€¨€¨€¨€¨…| 3116/3317 [2:32:29<10:08,  3.03s/stock]D:\Projects\auto-select-stock\src\auto_select_stock\predict\data.py:76: RuntimeWarning: invalid value encountered in divide
  result["bb_position"] = np.where(bb_upper != bb_lower, (close - bb_lower) / (bb_upper - bb_lower), 0.5)
Collect signals 3117/3317:  94%|¨€¨€¨€¨€¨€¨€¨€¨€¨€¨…| 3116/3317 [2:32:32<10:08,  3.03s/stock]Collect signals 3117/3317:  94%|¨€¨€¨€¨€¨€¨€¨€¨€¨€¨…| 3117/3317 [2:32:32<09:49,  2.95s/stock]D:\Projects\auto-select-stock\src\auto_select_stock\predict\data.py:76: RuntimeWarning: invalid value encountered in divide
  result["bb_position"] = np.where(bb_upper != bb_lower, (close - bb_lower) / (bb_upper - bb_lower), 0.5)
Collect signals 3118/3317:  94%|¨€¨€¨€¨€¨€¨€¨€¨€¨€¨…| 3117/3317 [2:32:35<09:49,  2.95s/stock]Collect signals 3118/3317:  94%|¨€¨€¨€¨€¨€¨€¨€¨€¨€¨…| 3118/3317 [2:32:35<10:05,  3.04s/stock]D:\Projects\auto-select-stock\src\auto_select_stock\predict\data.py:76: RuntimeWarning: invalid value encountered in divide
  result["bb_position"] = np.where(bb_upper != bb_lower, (close - bb_lower) / (bb_upper - bb_lower), 0.5)
Collect signals 3119/3317:  94%|¨€¨€¨€¨€¨€¨€¨€¨€¨€¨…| 3118/3317 [2:32:38<10:05,  3.04s/stock]Collect signals 3119/3317:  94%|¨€¨€¨€¨€¨€¨€¨€¨€¨€¨…| 3119/3317 [2:32:38<09:46,  2.96s/stock]D:\Projects\auto-select-stock\src\auto_select_stock\predict\data.py:76: RuntimeWarning: invalid value encountered in divide
  result["bb_position"] = np.where(bb_upper != bb_lower, (close - bb_lower) / (bb_upper - bb_lower), 0.5)
Collect signals 3120/3317:  94%|¨€¨€¨€¨€¨€¨€¨€¨€¨€¨…| 3119/3317 [2:32:41<09:46,  2.96s/stock]Collect signals 3120/3317:  94%|¨€¨€¨€¨€¨€¨€¨€¨€¨€¨…| 3120/3317 [2:32:41<09:56,  3.03s/stock]D:\Projects\auto-select-stock\src\auto_select_stock\predict\data.py:76: RuntimeWarning: invalid value encountered in divide
  result["bb_position"] = np.where(bb_upper != bb_lower, (close - bb_lower) / (bb_upper - bb_lower), 0.5)
Collect signals 3121/3317:  94%|¨€¨€¨€¨€¨€¨€¨€¨€¨€¨…| 3120/3317 [2:32:44<09:56,  3.03s/stock]Collect signals 3121/3317:  94%|¨€¨€¨€¨€¨€¨€¨€¨€¨€¨…| 3121/3317 [2:32:44<09:34,  2.93s/stock]D:\Projects\auto-select-stock\src\auto_select_stock\predict\data.py:76: RuntimeWarning: invalid value encountered in divide
  result["bb_position"] = np.where(bb_upper != bb_lower, (close - bb_lower) / (bb_upper - bb_lower), 0.5)
Collect signals 3122/3317:  94%|¨€¨€¨€¨€¨€¨€¨€¨€¨€¨…| 3121/3317 [2:32:47<09:34,  2.93s/stock]Collect signals 3122/3317:  94%|¨€¨€¨€¨€¨€¨€¨€¨€¨€¨…| 3122/3317 [2:32:47<09:39,  2.97s/stock]D:\Projects\auto-select-stock\src\auto_select_stock\predict\data.py:76: RuntimeWarning: invalid value encountered in divide
  result["bb_position"] = np.where(bb_upper != bb_lower, (close - bb_lower) / (bb_upper - bb_lower), 0.5)
Collect signals 3123/3317:  94%|¨€¨€¨€¨€¨€¨€¨€¨€¨€¨…| 3122/3317 [2:32:50<09:39,  2.97s/stock]Collect signals 3123/3317:  94%|¨€¨€¨€¨€¨€¨€¨€¨€¨€¨…| 3123/3317 [2:32:50<09:44,  3.01s/stock]D:\Projects\auto-select-stock\src\auto_select_stock\predict\data.py:76: RuntimeWarning: invalid value encountered in divide
  result["bb_position"] = np.where(bb_upper != bb_lower, (close - bb_lower) / (bb_upper - bb_lower), 0.5)
Collect signals 3124/3317:  94%|¨€¨€¨€¨€¨€¨€¨€¨€¨€¨…| 3123/3317 [2:32:52<09:44,  3.01s/stock]Collect signals 3124/3317:  94%|¨€¨€¨€¨€¨€¨€¨€¨€¨€¨…| 3124/3317 [2:32:52<09:24,  2.92s/stock]D:\Projects\auto-select-stock\src\auto_select_stock\predict\data.py:76: RuntimeWarning: invalid value encountered in divide
  result["bb_position"] = np.where(bb_upper != bb_lower, (close - bb_lower) / (bb_upper - bb_lower), 0.5)
Collect signals 3125/3317:  94%|¨€¨€¨€¨€¨€¨€¨€¨€¨€¨…| 3124/3317 [2:32:56<09:24,  2.92s/stock]Collect signals 3125/3317:  94%|¨€¨€¨€¨€¨€¨€¨€¨€¨€¨…| 3125/3317 [2:32:56<09:57,  3.11s/stock]D:\Projects\auto-select-stock\src\auto_select_stock\predict\data.py:76: RuntimeWarning: invalid value encountered in divide
  result["bb_position"] = np.where(bb_upper != bb_lower, (close - bb_lower) / (bb_upper - bb_lower), 0.5)
Collect signals 3126/3317:  94%|¨€¨€¨€¨€¨€¨€¨€¨€¨€¨…| 3125/3317 [2:32:59<09:57,  3.11s/stock]Collect signals 3126/3317:  94%|¨€¨€¨€¨€¨€¨€¨€¨€¨€¨…| 3126/3317 [2:32:59<09:51,  3.10s/stock]D:\Projects\auto-select-stock\src\auto_select_stock\predict\data.py:76: RuntimeWarning: invalid value encountered in divide
  result["bb_position"] = np.where(bb_upper != bb_lower, (close - bb_lower) / (bb_upper - bb_lower), 0.5)
Collect signals 3127/3317:  94%|¨€¨€¨€¨€¨€¨€¨€¨€¨€¨…| 3126/3317 [2:33:02<09:51,  3.10s/stock]Collect signals 3127/3317:  94%|¨€¨€¨€¨€¨€¨€¨€¨€¨€¨…| 3127/3317 [2:33:02<10:05,  3.18s/stock]D:\Projects\auto-select-stock\src\auto_select_stock\predict\data.py:76: RuntimeWarning: invalid value encountered in divide
  result["bb_position"] = np.where(bb_upper != bb_lower, (close - bb_lower) / (bb_upper - bb_lower), 0.5)
Collect signals 3128/3317:  94%|¨€¨€¨€¨€¨€¨€¨€¨€¨€¨…| 3127/3317 [2:33:05<10:05,  3.18s/stock]Collect signals 3128/3317:  94%|¨€¨€¨€¨€¨€¨€¨€¨€¨€¨…| 3128/3317 [2:33:05<09:36,  3.05s/stock]D:\Projects\auto-select-stock\src\auto_select_stock\predict\data.py:76: RuntimeWarning: invalid value encountered in divide
  result["bb_position"] = np.where(bb_upper != bb_lower, (close - bb_lower) / (bb_upper - bb_lower), 0.5)
Collect signals 3129/3317:  94%|¨€¨€¨€¨€¨€¨€¨€¨€¨€¨…| 3128/3317 [2:33:09<09:36,  3.05s/stock]Collect signals 3129/3317:  94%|¨€¨€¨€¨€¨€¨€¨€¨€¨€¨…| 3129/3317 [2:33:09<09:48,  3.13s/stock]D:\Projects\auto-select-stock\src\auto_select_stock\predict\data.py:76: RuntimeWarning: invalid value encountered in divide
  result["bb_position"] = np.where(bb_upper != bb_lower, (close - bb_lower) / (bb_upper - bb_lower), 0.5)
Collect signals 3130/3317:  94%|¨€¨€¨€¨€¨€¨€¨€¨€¨€¨…| 3129/3317 [2:33:11<09:48,  3.13s/stock]Collect signals 3130/3317:  94%|¨€¨€¨€¨€¨€¨€¨€¨€¨€¨…| 3130/3317 [2:33:11<09:25,  3.03s/stock]D:\Projects\auto-select-stock\src\auto_select_stock\predict\data.py:76: RuntimeWarning: invalid value encountered in divide
  result["bb_position"] = np.where(bb_upper != bb_lower, (close - bb_lower) / (bb_upper - bb_lower), 0.5)
Collect signals 3131/3317:  94%|¨€¨€¨€¨€¨€¨€¨€¨€¨€¨…| 3130/3317 [2:33:15<09:25,  3.03s/stock]Collect signals 3131/3317:  94%|¨€¨€¨€¨€¨€¨€¨€¨€¨€¨…| 3131/3317 [2:33:15<09:34,  3.09s/stock]D:\Projects\auto-select-stock\src\auto_select_stock\predict\data.py:76: RuntimeWarning: invalid value encountered in divide
  result["bb_position"] = np.where(bb_upper != bb_lower, (close - bb_lower) / (bb_upper - bb_lower), 0.5)
Collect signals 3132/3317:  94%|¨€¨€¨€¨€¨€¨€¨€¨€¨€¨…| 3131/3317 [2:33:17<09:34,  3.09s/stock]Collect signals 3132/3317:  94%|¨€¨€¨€¨€¨€¨€¨€¨€¨€¨…| 3132/3317 [2:33:17<09:15,  3.00s/stock]D:\Projects\auto-select-stock\src\auto_select_stock\predict\data.py:76: RuntimeWarning: invalid value encountered in divide
  result["bb_position"] = np.where(bb_upper != bb_lower, (close - bb_lower) / (bb_upper - bb_lower), 0.5)
Collect signals 3133/3317:  94%|¨€¨€¨€¨€¨€¨€¨€¨€¨€¨…| 3132/3317 [2:33:20<09:15,  3.00s/stock]Collect signals 3133/3317:  94%|¨€¨€¨€¨€¨€¨€¨€¨€¨€¨…| 3133/3317 [2:33:20<09:17,  3.03s/stock]D:\Projects\auto-select-stock\src\auto_select_stock\predict\data.py:76: RuntimeWarning: invalid value encountered in divide
  result["bb_position"] = np.where(bb_upper != bb_lower, (close - bb_lower) / (bb_upper - bb_lower), 0.5)
Collect signals 3134/3317:  94%|¨€¨€¨€¨€¨€¨€¨€¨€¨€¨…| 3133/3317 [2:33:24<09:17,  3.03s/stock]Collect signals 3134/3317:  94%|¨€¨€¨€¨€¨€¨€¨€¨€¨€¨…| 3134/3317 [2:33:24<09:20,  3.06s/stock]D:\Projects\auto-select-stock\src\auto_select_stock\predict\data.py:76: RuntimeWarning: invalid value encountered in divide
  result["bb_position"] = np.where(bb_upper != bb_lower, (close - bb_lower) / (bb_upper - bb_lower), 0.5)
Collect signals 3135/3317:  94%|¨€¨€¨€¨€¨€¨€¨€¨€¨€¨…| 3134/3317 [2:33:26<09:20,  3.06s/stock]Collect signals 3135/3317:  95%|¨€¨€¨€¨€¨€¨€¨€¨€¨€¨…| 3135/3317 [2:33:26<08:59,  2.97s/stock]D:\Projects\auto-select-stock\src\auto_select_stock\predict\data.py:76: RuntimeWarning: invalid value encountered in divide
  result["bb_position"] = np.where(bb_upper != bb_lower, (close - bb_lower) / (bb_upper - bb_lower), 0.5)
Collect signals 3136/3317:  95%|¨€¨€¨€¨€¨€¨€¨€¨€¨€¨…| 3135/3317 [2:33:29<08:59,  2.97s/stock]Collect signals 3136/3317:  95%|¨€¨€¨€¨€¨€¨€¨€¨€¨€¨…| 3136/3317 [2:33:29<09:02,  3.00s/stock]D:\Projects\auto-select-stock\src\auto_select_stock\predict\data.py:76: RuntimeWarning: invalid value encountered in divide
  result["bb_position"] = np.where(bb_upper != bb_lower, (close - bb_lower) / (bb_upper - bb_lower), 0.5)
Collect signals 3137/3317:  95%|¨€¨€¨€¨€¨€¨€¨€¨€¨€¨…| 3136/3317 [2:33:32<09:02,  3.00s/stock]Collect signals 3137/3317:  95%|¨€¨€¨€¨€¨€¨€¨€¨€¨€¨…| 3137/3317 [2:33:32<08:54,  2.97s/stock]D:\Projects\auto-select-stock\src\auto_select_stock\predict\data.py:76: RuntimeWarning: invalid value encountered in divide
  result["bb_position"] = np.where(bb_upper != bb_lower, (close - bb_lower) / (bb_upper - bb_lower), 0.5)
Collect signals 3138/3317:  95%|¨€¨€¨€¨€¨€¨€¨€¨€¨€¨…| 3137/3317 [2:33:35<08:54,  2.97s/stock]Collect signals 3138/3317:  95%|¨€¨€¨€¨€¨€¨€¨€¨€¨€¨…| 3138/3317 [2:33:35<08:58,  3.01s/stock]D:\Projects\auto-select-stock\src\auto_select_stock\predict\data.py:76: RuntimeWarning: invalid value encountered in divide
  result["bb_position"] = np.where(bb_upper != bb_lower, (close - bb_lower) / (bb_upper - bb_lower), 0.5)
Collect signals 3139/3317:  95%|¨€¨€¨€¨€¨€¨€¨€¨€¨€¨…| 3138/3317 [2:33:38<08:58,  3.01s/stock]Collect signals 3139/3317:  95%|¨€¨€¨€¨€¨€¨€¨€¨€¨€¨…| 3139/3317 [2:33:38<08:39,  2.92s/stock]D:\Projects\auto-select-stock\src\auto_select_stock\predict\data.py:76: RuntimeWarning: invalid value encountered in divide
  result["bb_position"] = np.where(bb_upper != bb_lower, (close - bb_lower) / (bb_upper - bb_lower), 0.5)
Collect signals 3140/3317:  95%|¨€¨€¨€¨€¨€¨€¨€¨€¨€¨…| 3139/3317 [2:33:41<08:39,  2.92s/stock]Collect signals 3140/3317:  95%|¨€¨€¨€¨€¨€¨€¨€¨€¨€¨…| 3140/3317 [2:33:41<08:48,  2.98s/stock]D:\Projects\auto-select-stock\src\auto_select_stock\predict\data.py:76: RuntimeWarning: invalid value encountered in divide
  result["bb_position"] = np.where(bb_upper != bb_lower, (close - bb_lower) / (bb_upper - bb_lower), 0.5)
Collect signals 3141/3317:  95%|¨€¨€¨€¨€¨€¨€¨€¨€¨€¨…| 3140/3317 [2:33:44<08:48,  2.98s/stock]Collect signals 3141/3317:  95%|¨€¨€¨€¨€¨€¨€¨€¨€¨€¨…| 3141/3317 [2:33:44<08:50,  3.02s/stock]D:\Projects\auto-select-stock\src\auto_select_stock\predict\data.py:76: RuntimeWarning: invalid value encountered in divide
  result["bb_position"] = np.where(bb_upper != bb_lower, (close - bb_lower) / (bb_upper - bb_lower), 0.5)
Collect signals 3142/3317:  95%|¨€¨€¨€¨€¨€¨€¨€¨€¨€¨…| 3141/3317 [2:33:47<08:50,  3.02s/stock]Collect signals 3142/3317:  95%|¨€¨€¨€¨€¨€¨€¨€¨€¨€¨…| 3142/3317 [2:33:47<08:33,  2.93s/stock]D:\Projects\auto-select-stock\src\auto_select_stock\predict\data.py:76: RuntimeWarning: invalid value encountered in divide
  result["bb_position"] = np.where(bb_upper != bb_lower, (close - bb_lower) / (bb_upper - bb_lower), 0.5)
Collect signals 3143/3317:  95%|¨€¨€¨€¨€¨€¨€¨€¨€¨€¨…| 3142/3317 [2:33:50<08:33,  2.93s/stock]Collect signals 3143/3317:  95%|¨€¨€¨€¨€¨€¨€¨€¨€¨€¨…| 3143/3317 [2:33:50<08:44,  3.02s/stock]D:\Projects\auto-select-stock\src\auto_select_stock\predict\data.py:76: RuntimeWarning: invalid value encountered in divide
  result["bb_position"] = np.where(bb_upper != bb_lower, (close - bb_lower) / (bb_upper - bb_lower), 0.5)
Collect signals 3144/3317:  95%|¨€¨€¨€¨€¨€¨€¨€¨€¨€¨…| 3143/3317 [2:33:53<08:44,  3.02s/stock]Collect signals 3144/3317:  95%|¨€¨€¨€¨€¨€¨€¨€¨€¨€¨…| 3144/3317 [2:33:53<08:27,  2.93s/stock]D:\Projects\auto-select-stock\src\auto_select_stock\predict\data.py:76: RuntimeWarning: invalid value encountered in divide
  result["bb_position"] = np.where(bb_upper != bb_lower, (close - bb_lower) / (bb_upper - bb_lower), 0.5)
Collect signals 3145/3317:  95%|¨€¨€¨€¨€¨€¨€¨€¨€¨€¨…| 3144/3317 [2:33:56<08:27,  2.93s/stock]Collect signals 3145/3317:  95%|¨€¨€¨€¨€¨€¨€¨€¨€¨€¨…| 3145/3317 [2:33:56<08:33,  2.98s/stock]D:\Projects\auto-select-stock\src\auto_select_stock\predict\data.py:76: RuntimeWarning: invalid value encountered in divide
  result["bb_position"] = np.where(bb_upper != bb_lower, (close - bb_lower) / (bb_upper - bb_lower), 0.5)
Collect signals 3146/3317:  95%|¨€¨€¨€¨€¨€¨€¨€¨€¨€¨…| 3145/3317 [2:33:59<08:33,  2.98s/stock]Collect signals 3146/3317:  95%|¨€¨€¨€¨€¨€¨€¨€¨€¨€¨…| 3146/3317 [2:33:59<08:21,  2.93s/stock]D:\Projects\auto-select-stock\src\auto_select_stock\predict\data.py:76: RuntimeWarning: invalid value encountered in divide
  result["bb_position"] = np.where(bb_upper != bb_lower, (close - bb_lower) / (bb_upper - bb_lower), 0.5)
Collect signals 3147/3317:  95%|¨€¨€¨€¨€¨€¨€¨€¨€¨€¨…| 3146/3317 [2:34:02<08:21,  2.93s/stock]Collect signals 3147/3317:  95%|¨€¨€¨€¨€¨€¨€¨€¨€¨€¨…| 3147/3317 [2:34:02<08:24,  2.97s/stock]D:\Projects\auto-select-stock\src\auto_select_stock\predict\data.py:76: RuntimeWarning: invalid value encountered in divide
  result["bb_position"] = np.where(bb_upper != bb_lower, (close - bb_lower) / (bb_upper - bb_lower), 0.5)
Collect signals 3148/3317:  95%|¨€¨€¨€¨€¨€¨€¨€¨€¨€¨…| 3147/3317 [2:34:05<08:24,  2.97s/stock]Collect signals 3148/3317:  95%|¨€¨€¨€¨€¨€¨€¨€¨€¨€¨…| 3148/3317 [2:34:05<08:08,  2.89s/stock]D:\Projects\auto-select-stock\src\auto_select_stock\predict\data.py:76: RuntimeWarning: invalid value encountered in divide
  result["bb_position"] = np.where(bb_upper != bb_lower, (close - bb_lower) / (bb_upper - bb_lower), 0.5)
Collect signals 3149/3317:  95%|¨€¨€¨€¨€¨€¨€¨€¨€¨€¨…| 3148/3317 [2:34:08<08:08,  2.89s/stock]Collect signals 3149/3317:  95%|¨€¨€¨€¨€¨€¨€¨€¨€¨€¨…| 3149/3317 [2:34:08<08:14,  2.94s/stock]D:\Projects\auto-select-stock\src\auto_select_stock\predict\data.py:76: RuntimeWarning: invalid value encountered in divide
  result["bb_position"] = np.where(bb_upper != bb_lower, (close - bb_lower) / (bb_upper - bb_lower), 0.5)
Collect signals 3150/3317:  95%|¨€¨€¨€¨€¨€¨€¨€¨€¨€¨…| 3149/3317 [2:34:11<08:14,  2.94s/stock]Collect signals 3150/3317:  95%|¨€¨€¨€¨€¨€¨€¨€¨€¨€¨…| 3150/3317 [2:34:11<08:23,  3.02s/stock]D:\Projects\auto-select-stock\src\auto_select_stock\predict\data.py:76: RuntimeWarning: invalid value encountered in divide
  result["bb_position"] = np.where(bb_upper != bb_lower, (close - bb_lower) / (bb_upper - bb_lower), 0.5)
Collect signals 3151/3317:  95%|¨€¨€¨€¨€¨€¨€¨€¨€¨€¨…| 3150/3317 [2:34:14<08:23,  3.02s/stock]Collect signals 3151/3317:  95%|¨€¨€¨€¨€¨€¨€¨€¨€¨€¨…| 3151/3317 [2:34:14<08:12,  2.96s/stock]D:\Projects\auto-select-stock\src\auto_select_stock\predict\data.py:76: RuntimeWarning: invalid value encountered in divide
  result["bb_position"] = np.where(bb_upper != bb_lower, (close - bb_lower) / (bb_upper - bb_lower), 0.5)
Collect signals 3152/3317:  95%|¨€¨€¨€¨€¨€¨€¨€¨€¨€¨…| 3151/3317 [2:34:17<08:12,  2.96s/stock]Collect signals 3152/3317:  95%|¨€¨€¨€¨€¨€¨€¨€¨€¨€¨„| 3152/3317 [2:34:17<07:56,  2.89s/stock]D:\Projects\auto-select-stock\src\auto_select_stock\predict\data.py:76: RuntimeWarning: invalid value encountered in divide
  result["bb_position"] = np.where(bb_upper != bb_lower, (close - bb_lower) / (bb_upper - bb_lower), 0.5)
Collect signals 3153/3317:  95%|¨€¨€¨€¨€¨€¨€¨€¨€¨€¨„| 3152/3317 [2:34:20<07:56,  2.89s/stock]Collect signals 3153/3317:  95%|¨€¨€¨€¨€¨€¨€¨€¨€¨€¨„| 3153/3317 [2:34:20<08:11,  2.99s/stock]D:\Projects\auto-select-stock\src\auto_select_stock\predict\data.py:76: RuntimeWarning: invalid value encountered in divide
  result["bb_position"] = np.where(bb_upper != bb_lower, (close - bb_lower) / (bb_upper - bb_lower), 0.5)
Collect signals 3154/3317:  95%|¨€¨€¨€¨€¨€¨€¨€¨€¨€¨„| 3153/3317 [2:34:23<08:11,  2.99s/stock]Collect signals 3154/3317:  95%|¨€¨€¨€¨€¨€¨€¨€¨€¨€¨„| 3154/3317 [2:34:23<08:16,  3.04s/stock]D:\Projects\auto-select-stock\src\auto_select_stock\predict\data.py:76: RuntimeWarning: invalid value encountered in divide
  result["bb_position"] = np.where(bb_upper != bb_lower, (close - bb_lower) / (bb_upper - bb_lower), 0.5)
Collect signals 3155/3317:  95%|¨€¨€¨€¨€¨€¨€¨€¨€¨€¨„| 3154/3317 [2:34:26<08:16,  3.04s/stock]Collect signals 3155/3317:  95%|¨€¨€¨€¨€¨€¨€¨€¨€¨€¨„| 3155/3317 [2:34:26<07:59,  2.96s/stock]D:\Projects\auto-select-stock\src\auto_select_stock\predict\data.py:76: RuntimeWarning: invalid value encountered in divide
  result["bb_position"] = np.where(bb_upper != bb_lower, (close - bb_lower) / (bb_upper - bb_lower), 0.5)
Collect signals 3156/3317:  95%|¨€¨€¨€¨€¨€¨€¨€¨€¨€¨„| 3155/3317 [2:34:29<07:59,  2.96s/stock]Collect signals 3156/3317:  95%|¨€¨€¨€¨€¨€¨€¨€¨€¨€¨„| 3156/3317 [2:34:29<08:06,  3.02s/stock]D:\Projects\auto-select-stock\src\auto_select_stock\predict\data.py:76: RuntimeWarning: invalid value encountered in divide
  result["bb_position"] = np.where(bb_upper != bb_lower, (close - bb_lower) / (bb_upper - bb_lower), 0.5)
Collect signals 3157/3317:  95%|¨€¨€¨€¨€¨€¨€¨€¨€¨€¨„| 3156/3317 [2:34:32<08:06,  3.02s/stock]Collect signals 3157/3317:  95%|¨€¨€¨€¨€¨€¨€¨€¨€¨€¨„| 3157/3317 [2:34:32<07:52,  2.95s/stock]D:\Projects\auto-select-stock\src\auto_select_stock\predict\data.py:76: RuntimeWarning: invalid value encountered in divide
  result["bb_position"] = np.where(bb_upper != bb_lower, (close - bb_lower) / (bb_upper - bb_lower), 0.5)
Collect signals 3158/3317:  95%|¨€¨€¨€¨€¨€¨€¨€¨€¨€¨„| 3157/3317 [2:34:35<07:52,  2.95s/stock]Collect signals 3158/3317:  95%|¨€¨€¨€¨€¨€¨€¨€¨€¨€¨„| 3158/3317 [2:34:35<07:59,  3.02s/stock]D:\Projects\auto-select-stock\src\auto_select_stock\predict\data.py:76: RuntimeWarning: invalid value encountered in divide
  result["bb_position"] = np.where(bb_upper != bb_lower, (close - bb_lower) / (bb_upper - bb_lower), 0.5)
Collect signals 3159/3317:  95%|¨€¨€¨€¨€¨€¨€¨€¨€¨€¨„| 3158/3317 [2:34:38<07:59,  3.02s/stock]Collect signals 3159/3317:  95%|¨€¨€¨€¨€¨€¨€¨€¨€¨€¨„| 3159/3317 [2:34:38<07:52,  2.99s/stock]D:\Projects\auto-select-stock\src\auto_select_stock\predict\data.py:76: RuntimeWarning: invalid value encountered in divide
  result["bb_position"] = np.where(bb_upper != bb_lower, (close - bb_lower) / (bb_upper - bb_lower), 0.5)
Collect signals 3160/3317:  95%|¨€¨€¨€¨€¨€¨€¨€¨€¨€¨„| 3159/3317 [2:34:41<07:52,  2.99s/stock]Collect signals 3160/3317:  95%|¨€¨€¨€¨€¨€¨€¨€¨€¨€¨„| 3160/3317 [2:34:41<07:58,  3.05s/stock]D:\Projects\auto-select-stock\src\auto_select_stock\predict\data.py:76: RuntimeWarning: invalid value encountered in divide
  result["bb_position"] = np.where(bb_upper != bb_lower, (close - bb_lower) / (bb_upper - bb_lower), 0.5)
Collect signals 3161/3317:  95%|¨€¨€¨€¨€¨€¨€¨€¨€¨€¨„| 3160/3317 [2:34:44<07:58,  3.05s/stock]Collect signals 3161/3317:  95%|¨€¨€¨€¨€¨€¨€¨€¨€¨€¨„| 3161/3317 [2:34:44<07:47,  2.99s/stock]D:\Projects\auto-select-stock\src\auto_select_stock\predict\data.py:76: RuntimeWarning: invalid value encountered in divide
  result["bb_position"] = np.where(bb_upper != bb_lower, (close - bb_lower) / (bb_upper - bb_lower), 0.5)
Collect signals 3162/3317:  95%|¨€¨€¨€¨€¨€¨€¨€¨€¨€¨„| 3161/3317 [2:34:47<07:47,  2.99s/stock]Collect signals 3162/3317:  95%|¨€¨€¨€¨€¨€¨€¨€¨€¨€¨„| 3162/3317 [2:34:47<07:47,  3.02s/stock]D:\Projects\auto-select-stock\src\auto_select_stock\predict\data.py:76: RuntimeWarning: invalid value encountered in divide
  result["bb_position"] = np.where(bb_upper != bb_lower, (close - bb_lower) / (bb_upper - bb_lower), 0.5)
Collect signals 3163/3317:  95%|¨€¨€¨€¨€¨€¨€¨€¨€¨€¨„| 3162/3317 [2:34:50<07:47,  3.02s/stock]Collect signals 3163/3317:  95%|¨€¨€¨€¨€¨€¨€¨€¨€¨€¨„| 3163/3317 [2:34:50<07:55,  3.09s/stock]D:\Projects\auto-select-stock\src\auto_select_stock\predict\data.py:76: RuntimeWarning: invalid value encountered in divide
  result["bb_position"] = np.where(bb_upper != bb_lower, (close - bb_lower) / (bb_upper - bb_lower), 0.5)
Collect signals 3164/3317:  95%|¨€¨€¨€¨€¨€¨€¨€¨€¨€¨„| 3163/3317 [2:34:53<07:55,  3.09s/stock]Collect signals 3164/3317:  95%|¨€¨€¨€¨€¨€¨€¨€¨€¨€¨„| 3164/3317 [2:34:53<07:42,  3.02s/stock]D:\Projects\auto-select-stock\src\auto_select_stock\predict\data.py:76: RuntimeWarning: invalid value encountered in divide
  result["bb_position"] = np.where(bb_upper != bb_lower, (close - bb_lower) / (bb_upper - bb_lower), 0.5)
Collect signals 3165/3317:  95%|¨€¨€¨€¨€¨€¨€¨€¨€¨€¨„| 3164/3317 [2:34:56<07:42,  3.02s/stock]Collect signals 3165/3317:  95%|¨€¨€¨€¨€¨€¨€¨€¨€¨€¨„| 3165/3317 [2:34:56<07:45,  3.06s/stock]D:\Projects\auto-select-stock\src\auto_select_stock\predict\data.py:76: RuntimeWarning: invalid value encountered in divide
  result["bb_position"] = np.where(bb_upper != bb_lower, (close - bb_lower) / (bb_upper - bb_lower), 0.5)
Collect signals 3166/3317:  95%|¨€¨€¨€¨€¨€¨€¨€¨€¨€¨„| 3165/3317 [2:34:59<07:45,  3.06s/stock]Collect signals 3166/3317:  95%|¨€¨€¨€¨€¨€¨€¨€¨€¨€¨„| 3166/3317 [2:34:59<07:27,  2.96s/stock]D:\Projects\auto-select-stock\src\auto_select_stock\predict\data.py:76: RuntimeWarning: invalid value encountered in divide
  result["bb_position"] = np.where(bb_upper != bb_lower, (close - bb_lower) / (bb_upper - bb_lower), 0.5)
Collect signals 3167/3317:  95%|¨€¨€¨€¨€¨€¨€¨€¨€¨€¨„| 3166/3317 [2:35:02<07:27,  2.96s/stock]Collect signals 3167/3317:  95%|¨€¨€¨€¨€¨€¨€¨€¨€¨€¨„| 3167/3317 [2:35:02<07:34,  3.03s/stock]D:\Projects\auto-select-stock\src\auto_select_stock\predict\data.py:76: RuntimeWarning: invalid value encountered in divide
  result["bb_position"] = np.where(bb_upper != bb_lower, (close - bb_lower) / (bb_upper - bb_lower), 0.5)
Collect signals 3168/3317:  95%|¨€¨€¨€¨€¨€¨€¨€¨€¨€¨„| 3167/3317 [2:35:05<07:34,  3.03s/stock]Collect signals 3168/3317:  96%|¨€¨€¨€¨€¨€¨€¨€¨€¨€¨„| 3168/3317 [2:35:05<07:18,  2.94s/stock]D:\Projects\auto-select-stock\src\auto_select_stock\predict\data.py:76: RuntimeWarning: invalid value encountered in divide
  result["bb_position"] = np.where(bb_upper != bb_lower, (close - bb_lower) / (bb_upper - bb_lower), 0.5)
Collect signals 3169/3317:  96%|¨€¨€¨€¨€¨€¨€¨€¨€¨€¨„| 3168/3317 [2:35:08<07:18,  2.94s/stock]Collect signals 3169/3317:  96%|¨€¨€¨€¨€¨€¨€¨€¨€¨€¨„| 3169/3317 [2:35:08<07:22,  2.99s/stock]D:\Projects\auto-select-stock\src\auto_select_stock\predict\data.py:76: RuntimeWarning: invalid value encountered in divide
  result["bb_position"] = np.where(bb_upper != bb_lower, (close - bb_lower) / (bb_upper - bb_lower), 0.5)
Collect signals 3170/3317:  96%|¨€¨€¨€¨€¨€¨€¨€¨€¨€¨„| 3169/3317 [2:35:11<07:22,  2.99s/stock]Collect signals 3170/3317:  96%|¨€¨€¨€¨€¨€¨€¨€¨€¨€¨„| 3170/3317 [2:35:11<07:14,  2.96s/stock]D:\Projects\auto-select-stock\src\auto_select_stock\predict\data.py:76: RuntimeWarning: invalid value encountered in divide
  result["bb_position"] = np.where(bb_upper != bb_lower, (close - bb_lower) / (bb_upper - bb_lower), 0.5)
Collect signals 3171/3317:  96%|¨€¨€¨€¨€¨€¨€¨€¨€¨€¨„| 3170/3317 [2:35:14<07:14,  2.96s/stock]Collect signals 3171/3317:  96%|¨€¨€¨€¨€¨€¨€¨€¨€¨€¨„| 3171/3317 [2:35:14<07:19,  3.01s/stock]D:\Projects\auto-select-stock\src\auto_select_stock\predict\data.py:76: RuntimeWarning: invalid value encountered in divide
  result["bb_position"] = np.where(bb_upper != bb_lower, (close - bb_lower) / (bb_upper - bb_lower), 0.5)
Collect signals 3172/3317:  96%|¨€¨€¨€¨€¨€¨€¨€¨€¨€¨„| 3171/3317 [2:35:17<07:19,  3.01s/stock]Collect signals 3172/3317:  96%|¨€¨€¨€¨€¨€¨€¨€¨€¨€¨„| 3172/3317 [2:35:17<07:09,  2.96s/stock]D:\Projects\auto-select-stock\src\auto_select_stock\predict\data.py:76: RuntimeWarning: invalid value encountered in divide
  result["bb_position"] = np.where(bb_upper != bb_lower, (close - bb_lower) / (bb_upper - bb_lower), 0.5)
Collect signals 3173/3317:  96%|¨€¨€¨€¨€¨€¨€¨€¨€¨€¨„| 3172/3317 [2:35:20<07:09,  2.96s/stock]Collect signals 3173/3317:  96%|¨€¨€¨€¨€¨€¨€¨€¨€¨€¨„| 3173/3317 [2:35:20<07:12,  3.01s/stock]D:\Projects\auto-select-stock\src\auto_select_stock\predict\data.py:76: RuntimeWarning: invalid value encountered in divide
  result["bb_position"] = np.where(bb_upper != bb_lower, (close - bb_lower) / (bb_upper - bb_lower), 0.5)
Collect signals 3174/3317:  96%|¨€¨€¨€¨€¨€¨€¨€¨€¨€¨„| 3173/3317 [2:35:23<07:12,  3.01s/stock]Collect signals 3174/3317:  96%|¨€¨€¨€¨€¨€¨€¨€¨€¨€¨„| 3174/3317 [2:35:23<06:58,  2.93s/stock]D:\Projects\auto-select-stock\src\auto_select_stock\predict\data.py:76: RuntimeWarning: invalid value encountered in divide
  result["bb_position"] = np.where(bb_upper != bb_lower, (close - bb_lower) / (bb_upper - bb_lower), 0.5)
Collect signals 3175/3317:  96%|¨€¨€¨€¨€¨€¨€¨€¨€¨€¨„| 3174/3317 [2:35:26<06:58,  2.93s/stock]Collect signals 3175/3317:  96%|¨€¨€¨€¨€¨€¨€¨€¨€¨€¨„| 3175/3317 [2:35:26<07:05,  3.00s/stock]D:\Projects\auto-select-stock\src\auto_select_stock\predict\data.py:76: RuntimeWarning: invalid value encountered in divide
  result["bb_position"] = np.where(bb_upper != bb_lower, (close - bb_lower) / (bb_upper - bb_lower), 0.5)
Collect signals 3176/3317:  96%|¨€¨€¨€¨€¨€¨€¨€¨€¨€¨„| 3175/3317 [2:35:28<07:05,  3.00s/stock]Collect signals 3176/3317:  96%|¨€¨€¨€¨€¨€¨€¨€¨€¨€¨„| 3176/3317 [2:35:28<06:50,  2.91s/stock]D:\Projects\auto-select-stock\src\auto_select_stock\predict\data.py:76: RuntimeWarning: invalid value encountered in divide
  result["bb_position"] = np.where(bb_upper != bb_lower, (close - bb_lower) / (bb_upper - bb_lower), 0.5)
Collect signals 3177/3317:  96%|¨€¨€¨€¨€¨€¨€¨€¨€¨€¨„| 3176/3317 [2:35:32<06:50,  2.91s/stock]Collect signals 3177/3317:  96%|¨€¨€¨€¨€¨€¨€¨€¨€¨€¨„| 3177/3317 [2:35:32<07:03,  3.03s/stock]D:\Projects\auto-select-stock\src\auto_select_stock\predict\data.py:76: RuntimeWarning: invalid value encountered in divide
  result["bb_position"] = np.where(bb_upper != bb_lower, (close - bb_lower) / (bb_upper - bb_lower), 0.5)
Collect signals 3178/3317:  96%|¨€¨€¨€¨€¨€¨€¨€¨€¨€¨„| 3177/3317 [2:35:35<07:03,  3.03s/stock]Collect signals 3178/3317:  96%|¨€¨€¨€¨€¨€¨€¨€¨€¨€¨„| 3178/3317 [2:35:35<07:00,  3.02s/stock]D:\Projects\auto-select-stock\src\auto_select_stock\predict\data.py:76: RuntimeWarning: invalid value encountered in divide
  result["bb_position"] = np.where(bb_upper != bb_lower, (close - bb_lower) / (bb_upper - bb_lower), 0.5)
Collect signals 3179/3317:  96%|¨€¨€¨€¨€¨€¨€¨€¨€¨€¨„| 3178/3317 [2:35:38<07:00,  3.02s/stock]Collect signals 3179/3317:  96%|¨€¨€¨€¨€¨€¨€¨€¨€¨€¨„| 3179/3317 [2:35:38<07:07,  3.10s/stock]D:\Projects\auto-select-stock\src\auto_select_stock\predict\data.py:76: RuntimeWarning: invalid value encountered in divide
  result["bb_position"] = np.where(bb_upper != bb_lower, (close - bb_lower) / (bb_upper - bb_lower), 0.5)
Collect signals 3180/3317:  96%|¨€¨€¨€¨€¨€¨€¨€¨€¨€¨„| 3179/3317 [2:35:41<07:07,  3.10s/stock]Collect signals 3180/3317:  96%|¨€¨€¨€¨€¨€¨€¨€¨€¨€¨„| 3180/3317 [2:35:41<07:02,  3.09s/stock]D:\Projects\auto-select-stock\src\auto_select_stock\predict\data.py:76: RuntimeWarning: invalid value encountered in divide
  result["bb_position"] = np.where(bb_upper != bb_lower, (close - bb_lower) / (bb_upper - bb_lower), 0.5)
Collect signals 3181/3317:  96%|¨€¨€¨€¨€¨€¨€¨€¨€¨€¨„| 3180/3317 [2:35:44<07:02,  3.09s/stock]Collect signals 3181/3317:  96%|¨€¨€¨€¨€¨€¨€¨€¨€¨€¨„| 3181/3317 [2:35:44<06:43,  2.97s/stock]D:\Projects\auto-select-stock\src\auto_select_stock\predict\data.py:76: RuntimeWarning: invalid value encountered in divide
  result["bb_position"] = np.where(bb_upper != bb_lower, (close - bb_lower) / (bb_upper - bb_lower), 0.5)
Collect signals 3182/3317:  96%|¨€¨€¨€¨€¨€¨€¨€¨€¨€¨„| 3181/3317 [2:35:47<06:43,  2.97s/stock]Collect signals 3182/3317:  96%|¨€¨€¨€¨€¨€¨€¨€¨€¨€¨„| 3182/3317 [2:35:47<06:45,  3.01s/stock]D:\Projects\auto-select-stock\src\auto_select_stock\predict\data.py:76: RuntimeWarning: invalid value encountered in divide
  result["bb_position"] = np.where(bb_upper != bb_lower, (close - bb_lower) / (bb_upper - bb_lower), 0.5)
Collect signals 3183/3317:  96%|¨€¨€¨€¨€¨€¨€¨€¨€¨€¨„| 3182/3317 [2:35:50<06:45,  3.01s/stock]Collect signals 3183/3317:  96%|¨€¨€¨€¨€¨€¨€¨€¨€¨€¨„| 3183/3317 [2:35:50<06:32,  2.93s/stock]D:\Projects\auto-select-stock\src\auto_select_stock\predict\data.py:76: RuntimeWarning: invalid value encountered in divide
  result["bb_position"] = np.where(bb_upper != bb_lower, (close - bb_lower) / (bb_upper - bb_lower), 0.5)
Collect signals 3184/3317:  96%|¨€¨€¨€¨€¨€¨€¨€¨€¨€¨„| 3183/3317 [2:35:53<06:32,  2.93s/stock]Collect signals 3184/3317:  96%|¨€¨€¨€¨€¨€¨€¨€¨€¨€¨„| 3184/3317 [2:35:53<06:37,  2.99s/stock]D:\Projects\auto-select-stock\src\auto_select_stock\predict\data.py:76: RuntimeWarning: invalid value encountered in divide
  result["bb_position"] = np.where(bb_upper != bb_lower, (close - bb_lower) / (bb_upper - bb_lower), 0.5)
Collect signals 3185/3317:  96%|¨€¨€¨€¨€¨€¨€¨€¨€¨€¨„| 3184/3317 [2:35:56<06:37,  2.99s/stock]Collect signals 3185/3317:  96%|¨€¨€¨€¨€¨€¨€¨€¨€¨€¨„| 3185/3317 [2:35:56<06:29,  2.95s/stock]D:\Projects\auto-select-stock\src\auto_select_stock\predict\data.py:76: RuntimeWarning: invalid value encountered in divide
  result["bb_position"] = np.where(bb_upper != bb_lower, (close - bb_lower) / (bb_upper - bb_lower), 0.5)
Collect signals 3186/3317:  96%|¨€¨€¨€¨€¨€¨€¨€¨€¨€¨„| 3185/3317 [2:35:59<06:29,  2.95s/stock]Collect signals 3186/3317:  96%|¨€¨€¨€¨€¨€¨€¨€¨€¨€¨„| 3186/3317 [2:35:59<06:31,  2.99s/stock]D:\Projects\auto-select-stock\src\auto_select_stock\predict\data.py:76: RuntimeWarning: invalid value encountered in divide
  result["bb_position"] = np.where(bb_upper != bb_lower, (close - bb_lower) / (bb_upper - bb_lower), 0.5)
Collect signals 3187/3317:  96%|¨€¨€¨€¨€¨€¨€¨€¨€¨€¨„| 3186/3317 [2:36:02<06:31,  2.99s/stock]Collect signals 3187/3317:  96%|¨€¨€¨€¨€¨€¨€¨€¨€¨€¨„| 3187/3317 [2:36:02<06:36,  3.05s/stock]D:\Projects\auto-select-stock\src\auto_select_stock\predict\data.py:76: RuntimeWarning: invalid value encountered in divide
  result["bb_position"] = np.where(bb_upper != bb_lower, (close - bb_lower) / (bb_upper - bb_lower), 0.5)
Collect signals 3188/3317:  96%|¨€¨€¨€¨€¨€¨€¨€¨€¨€¨„| 3187/3317 [2:36:05<06:36,  3.05s/stock]Collect signals 3188/3317:  96%|¨€¨€¨€¨€¨€¨€¨€¨€¨€¨„| 3188/3317 [2:36:05<06:19,  2.95s/stock]D:\Projects\auto-select-stock\src\auto_select_stock\predict\data.py:76: RuntimeWarning: invalid value encountered in divide
  result["bb_position"] = np.where(bb_upper != bb_lower, (close - bb_lower) / (bb_upper - bb_lower), 0.5)
Collect signals 3189/3317:  96%|¨€¨€¨€¨€¨€¨€¨€¨€¨€¨„| 3188/3317 [2:36:08<06:19,  2.95s/stock]Collect signals 3189/3317:  96%|¨€¨€¨€¨€¨€¨€¨€¨€¨€¨„| 3189/3317 [2:36:08<06:28,  3.04s/stock]D:\Projects\auto-select-stock\src\auto_select_stock\predict\data.py:76: RuntimeWarning: invalid value encountered in divide
  result["bb_position"] = np.where(bb_upper != bb_lower, (close - bb_lower) / (bb_upper - bb_lower), 0.5)
Collect signals 3190/3317:  96%|¨€¨€¨€¨€¨€¨€¨€¨€¨€¨„| 3189/3317 [2:36:11<06:28,  3.04s/stock]Collect signals 3190/3317:  96%|¨€¨€¨€¨€¨€¨€¨€¨€¨€¨„| 3190/3317 [2:36:11<06:12,  2.93s/stock]D:\Projects\auto-select-stock\src\auto_select_stock\predict\data.py:76: RuntimeWarning: invalid value encountered in divide
  result["bb_position"] = np.where(bb_upper != bb_lower, (close - bb_lower) / (bb_upper - bb_lower), 0.5)
Collect signals 3191/3317:  96%|¨€¨€¨€¨€¨€¨€¨€¨€¨€¨„| 3190/3317 [2:36:14<06:12,  2.93s/stock]Collect signals 3191/3317:  96%|¨€¨€¨€¨€¨€¨€¨€¨€¨€¨„| 3191/3317 [2:36:14<06:20,  3.02s/stock]D:\Projects\auto-select-stock\src\auto_select_stock\predict\data.py:76: RuntimeWarning: invalid value encountered in divide
  result["bb_position"] = np.where(bb_upper != bb_lower, (close - bb_lower) / (bb_upper - bb_lower), 0.5)
Collect signals 3192/3317:  96%|¨€¨€¨€¨€¨€¨€¨€¨€¨€¨„| 3191/3317 [2:36:16<06:20,  3.02s/stock]Collect signals 3192/3317:  96%|¨€¨€¨€¨€¨€¨€¨€¨€¨€¨„| 3192/3317 [2:36:16<06:06,  2.93s/stock]D:\Projects\auto-select-stock\src\auto_select_stock\predict\data.py:76: RuntimeWarning: invalid value encountered in divide
  result["bb_position"] = np.where(bb_upper != bb_lower, (close - bb_lower) / (bb_upper - bb_lower), 0.5)
Collect signals 3193/3317:  96%|¨€¨€¨€¨€¨€¨€¨€¨€¨€¨„| 3192/3317 [2:36:20<06:06,  2.93s/stock]Collect signals 3193/3317:  96%|¨€¨€¨€¨€¨€¨€¨€¨€¨€¨ƒ| 3193/3317 [2:36:20<06:11,  2.99s/stock]D:\Projects\auto-select-stock\src\auto_select_stock\predict\data.py:76: RuntimeWarning: invalid value encountered in divide
  result["bb_position"] = np.where(bb_upper != bb_lower, (close - bb_lower) / (bb_upper - bb_lower), 0.5)
Collect signals 3194/3317:  96%|¨€¨€¨€¨€¨€¨€¨€¨€¨€¨ƒ| 3193/3317 [2:36:22<06:11,  2.99s/stock]Collect signals 3194/3317:  96%|¨€¨€¨€¨€¨€¨€¨€¨€¨€¨ƒ| 3194/3317 [2:36:22<05:59,  2.92s/stock]D:\Projects\auto-select-stock\src\auto_select_stock\predict\data.py:76: RuntimeWarning: invalid value encountered in divide
  result["bb_position"] = np.where(bb_upper != bb_lower, (close - bb_lower) / (bb_upper - bb_lower), 0.5)
Collect signals 3195/3317:  96%|¨€¨€¨€¨€¨€¨€¨€¨€¨€¨ƒ| 3194/3317 [2:36:25<05:59,  2.92s/stock]Collect signals 3195/3317:  96%|¨€¨€¨€¨€¨€¨€¨€¨€¨€¨ƒ| 3195/3317 [2:36:25<06:04,  2.99s/stock]D:\Projects\auto-select-stock\src\auto_select_stock\predict\data.py:76: RuntimeWarning: invalid value encountered in divide
  result["bb_position"] = np.where(bb_upper != bb_lower, (close - bb_lower) / (bb_upper - bb_lower), 0.5)
Collect signals 3196/3317:  96%|¨€¨€¨€¨€¨€¨€¨€¨€¨€¨ƒ| 3195/3317 [2:36:29<06:04,  2.99s/stock]Collect signals 3196/3317:  96%|¨€¨€¨€¨€¨€¨€¨€¨€¨€¨ƒ| 3196/3317 [2:36:29<06:08,  3.05s/stock]D:\Projects\auto-select-stock\src\auto_select_stock\predict\data.py:76: RuntimeWarning: invalid value encountered in divide
  result["bb_position"] = np.where(bb_upper != bb_lower, (close - bb_lower) / (bb_upper - bb_lower), 0.5)
Collect signals 3197/3317:  96%|¨€¨€¨€¨€¨€¨€¨€¨€¨€¨ƒ| 3196/3317 [2:36:31<06:08,  3.05s/stock]Collect signals 3197/3317:  96%|¨€¨€¨€¨€¨€¨€¨€¨€¨€¨ƒ| 3197/3317 [2:36:31<05:54,  2.95s/stock]D:\Projects\auto-select-stock\src\auto_select_stock\predict\data.py:76: RuntimeWarning: invalid value encountered in divide
  result["bb_position"] = np.where(bb_upper != bb_lower, (close - bb_lower) / (bb_upper - bb_lower), 0.5)
Collect signals 3198/3317:  96%|¨€¨€¨€¨€¨€¨€¨€¨€¨€¨ƒ| 3197/3317 [2:36:35<05:54,  2.95s/stock]Collect signals 3198/3317:  96%|¨€¨€¨€¨€¨€¨€¨€¨€¨€¨ƒ| 3198/3317 [2:36:35<05:59,  3.02s/stock]D:\Projects\auto-select-stock\src\auto_select_stock\predict\data.py:76: RuntimeWarning: invalid value encountered in divide
  result["bb_position"] = np.where(bb_upper != bb_lower, (close - bb_lower) / (bb_upper - bb_lower), 0.5)
Collect signals 3199/3317:  96%|¨€¨€¨€¨€¨€¨€¨€¨€¨€¨ƒ| 3198/3317 [2:36:37<05:59,  3.02s/stock]Collect signals 3199/3317:  96%|¨€¨€¨€¨€¨€¨€¨€¨€¨€¨ƒ| 3199/3317 [2:36:37<05:45,  2.93s/stock]D:\Projects\auto-select-stock\src\auto_select_stock\predict\data.py:76: RuntimeWarning: invalid value encountered in divide
  result["bb_position"] = np.where(bb_upper != bb_lower, (close - bb_lower) / (bb_upper - bb_lower), 0.5)
Collect signals 3200/3317:  96%|¨€¨€¨€¨€¨€¨€¨€¨€¨€¨ƒ| 3199/3317 [2:36:40<05:45,  2.93s/stock]Collect signals 3200/3317:  96%|¨€¨€¨€¨€¨€¨€¨€¨€¨€¨ƒ| 3200/3317 [2:36:40<05:51,  3.01s/stock]D:\Projects\auto-select-stock\src\auto_select_stock\predict\data.py:76: RuntimeWarning: invalid value encountered in divide
  result["bb_position"] = np.where(bb_upper != bb_lower, (close - bb_lower) / (bb_upper - bb_lower), 0.5)
Collect signals 3201/3317:  96%|¨€¨€¨€¨€¨€¨€¨€¨€¨€¨ƒ| 3200/3317 [2:36:43<05:51,  3.01s/stock]Collect signals 3201/3317:  97%|¨€¨€¨€¨€¨€¨€¨€¨€¨€¨ƒ| 3201/3317 [2:36:43<05:38,  2.91s/stock]D:\Projects\auto-select-stock\src\auto_select_stock\predict\data.py:76: RuntimeWarning: invalid value encountered in divide
  result["bb_position"] = np.where(bb_upper != bb_lower, (close - bb_lower) / (bb_upper - bb_lower), 0.5)
Collect signals 3202/3317:  97%|¨€¨€¨€¨€¨€¨€¨€¨€¨€¨ƒ| 3201/3317 [2:36:46<05:38,  2.91s/stock]Collect signals 3202/3317:  97%|¨€¨€¨€¨€¨€¨€¨€¨€¨€¨ƒ| 3202/3317 [2:36:46<05:45,  3.00s/stock]D:\Projects\auto-select-stock\src\auto_select_stock\predict\data.py:76: RuntimeWarning: invalid value encountered in divide
  result["bb_position"] = np.where(bb_upper != bb_lower, (close - bb_lower) / (bb_upper - bb_lower), 0.5)
Collect signals 3203/3317:  97%|¨€¨€¨€¨€¨€¨€¨€¨€¨€¨ƒ| 3202/3317 [2:36:49<05:45,  3.00s/stock]Collect signals 3203/3317:  97%|¨€¨€¨€¨€¨€¨€¨€¨€¨€¨ƒ| 3203/3317 [2:36:49<05:37,  2.96s/stock]D:\Projects\auto-select-stock\src\auto_select_stock\predict\data.py:76: RuntimeWarning: invalid value encountered in divide
  result["bb_position"] = np.where(bb_upper != bb_lower, (close - bb_lower) / (bb_upper - bb_lower), 0.5)
Collect signals 3204/3317:  97%|¨€¨€¨€¨€¨€¨€¨€¨€¨€¨ƒ| 3203/3317 [2:36:52<05:37,  2.96s/stock]Collect signals 3204/3317:  97%|¨€¨€¨€¨€¨€¨€¨€¨€¨€¨ƒ| 3204/3317 [2:36:52<05:41,  3.02s/stock]D:\Projects\auto-select-stock\src\auto_select_stock\predict\data.py:76: RuntimeWarning: invalid value encountered in divide
  result["bb_position"] = np.where(bb_upper != bb_lower, (close - bb_lower) / (bb_upper - bb_lower), 0.5)
Collect signals 3205/3317:  97%|¨€¨€¨€¨€¨€¨€¨€¨€¨€¨ƒ| 3204/3317 [2:36:55<05:41,  3.02s/stock]Collect signals 3205/3317:  97%|¨€¨€¨€¨€¨€¨€¨€¨€¨€¨ƒ| 3205/3317 [2:36:55<05:27,  2.93s/stock]D:\Projects\auto-select-stock\src\auto_select_stock\predict\data.py:76: RuntimeWarning: invalid value encountered in divide
  result["bb_position"] = np.where(bb_upper != bb_lower, (close - bb_lower) / (bb_upper - bb_lower), 0.5)
Collect signals 3206/3317:  97%|¨€¨€¨€¨€¨€¨€¨€¨€¨€¨ƒ| 3205/3317 [2:36:58<05:27,  2.93s/stock]Collect signals 3206/3317:  97%|¨€¨€¨€¨€¨€¨€¨€¨€¨€¨ƒ| 3206/3317 [2:36:58<05:35,  3.02s/stock]D:\Projects\auto-select-stock\src\auto_select_stock\predict\data.py:76: RuntimeWarning: invalid value encountered in divide
  result["bb_position"] = np.where(bb_upper != bb_lower, (close - bb_lower) / (bb_upper - bb_lower), 0.5)
Collect signals 3207/3317:  97%|¨€¨€¨€¨€¨€¨€¨€¨€¨€¨ƒ| 3206/3317 [2:37:02<05:35,  3.02s/stock]Collect signals 3207/3317:  97%|¨€¨€¨€¨€¨€¨€¨€¨€¨€¨ƒ| 3207/3317 [2:37:02<05:40,  3.10s/stock]D:\Projects\auto-select-stock\src\auto_select_stock\predict\data.py:76: RuntimeWarning: invalid value encountered in divide
  result["bb_position"] = np.where(bb_upper != bb_lower, (close - bb_lower) / (bb_upper - bb_lower), 0.5)
Collect signals 3208/3317:  97%|¨€¨€¨€¨€¨€¨€¨€¨€¨€¨ƒ| 3207/3317 [2:37:04<05:40,  3.10s/stock]Collect signals 3208/3317:  97%|¨€¨€¨€¨€¨€¨€¨€¨€¨€¨ƒ| 3208/3317 [2:37:04<05:25,  2.99s/stock]D:\Projects\auto-select-stock\src\auto_select_stock\predict\data.py:76: RuntimeWarning: invalid value encountered in divide
  result["bb_position"] = np.where(bb_upper != bb_lower, (close - bb_lower) / (bb_upper - bb_lower), 0.5)
Collect signals 3209/3317:  97%|¨€¨€¨€¨€¨€¨€¨€¨€¨€¨ƒ| 3208/3317 [2:37:08<05:25,  2.99s/stock]Collect signals 3209/3317:  97%|¨€¨€¨€¨€¨€¨€¨€¨€¨€¨ƒ| 3209/3317 [2:37:08<05:27,  3.04s/stock]D:\Projects\auto-select-stock\src\auto_select_stock\predict\data.py:76: RuntimeWarning: invalid value encountered in divide
  result["bb_position"] = np.where(bb_upper != bb_lower, (close - bb_lower) / (bb_upper - bb_lower), 0.5)
Collect signals 3210/3317:  97%|¨€¨€¨€¨€¨€¨€¨€¨€¨€¨ƒ| 3209/3317 [2:37:10<05:27,  3.04s/stock]Collect signals 3210/3317:  97%|¨€¨€¨€¨€¨€¨€¨€¨€¨€¨ƒ| 3210/3317 [2:37:10<05:13,  2.93s/stock]D:\Projects\auto-select-stock\src\auto_select_stock\predict\data.py:76: RuntimeWarning: invalid value encountered in divide
  result["bb_position"] = np.where(bb_upper != bb_lower, (close - bb_lower) / (bb_upper - bb_lower), 0.5)
Collect signals 3211/3317:  97%|¨€¨€¨€¨€¨€¨€¨€¨€¨€¨ƒ| 3210/3317 [2:37:13<05:13,  2.93s/stock]Collect signals 3211/3317:  97%|¨€¨€¨€¨€¨€¨€¨€¨€¨€¨ƒ| 3211/3317 [2:37:13<05:14,  2.97s/stock]D:\Projects\auto-select-stock\src\auto_select_stock\predict\data.py:76: RuntimeWarning: invalid value encountered in divide
  result["bb_position"] = np.where(bb_upper != bb_lower, (close - bb_lower) / (bb_upper - bb_lower), 0.5)
Collect signals 3212/3317:  97%|¨€¨€¨€¨€¨€¨€¨€¨€¨€¨ƒ| 3211/3317 [2:37:16<05:14,  2.97s/stock]Collect signals 3212/3317:  97%|¨€¨€¨€¨€¨€¨€¨€¨€¨€¨ƒ| 3212/3317 [2:37:16<05:07,  2.93s/stock]D:\Projects\auto-select-stock\src\auto_select_stock\predict\data.py:76: RuntimeWarning: invalid value encountered in divide
  result["bb_position"] = np.where(bb_upper != bb_lower, (close - bb_lower) / (bb_upper - bb_lower), 0.5)
Collect signals 3213/3317:  97%|¨€¨€¨€¨€¨€¨€¨€¨€¨€¨ƒ| 3212/3317 [2:37:19<05:07,  2.93s/stock]Collect signals 3213/3317:  97%|¨€¨€¨€¨€¨€¨€¨€¨€¨€¨ƒ| 3213/3317 [2:37:19<05:16,  3.05s/stock]D:\Projects\auto-select-stock\src\auto_select_stock\predict\data.py:76: RuntimeWarning: invalid value encountered in divide
  result["bb_position"] = np.where(bb_upper != bb_lower, (close - bb_lower) / (bb_upper - bb_lower), 0.5)
Collect signals 3214/3317:  97%|¨€¨€¨€¨€¨€¨€¨€¨€¨€¨ƒ| 3213/3317 [2:37:22<05:16,  3.05s/stock]Collect signals 3214/3317:  97%|¨€¨€¨€¨€¨€¨€¨€¨€¨€¨ƒ| 3214/3317 [2:37:22<05:07,  2.98s/stock]D:\Projects\auto-select-stock\src\auto_select_stock\predict\data.py:76: RuntimeWarning: invalid value encountered in divide
  result["bb_position"] = np.where(bb_upper != bb_lower, (close - bb_lower) / (bb_upper - bb_lower), 0.5)
Collect signals 3215/3317:  97%|¨€¨€¨€¨€¨€¨€¨€¨€¨€¨ƒ| 3214/3317 [2:37:25<05:07,  2.98s/stock]Collect signals 3215/3317:  97%|¨€¨€¨€¨€¨€¨€¨€¨€¨€¨ƒ| 3215/3317 [2:37:25<05:07,  3.01s/stock]D:\Projects\auto-select-stock\src\auto_select_stock\predict\data.py:76: RuntimeWarning: invalid value encountered in divide
  result["bb_position"] = np.where(bb_upper != bb_lower, (close - bb_lower) / (bb_upper - bb_lower), 0.5)
Collect signals 3216/3317:  97%|¨€¨€¨€¨€¨€¨€¨€¨€¨€¨ƒ| 3215/3317 [2:37:28<05:07,  3.01s/stock]Collect signals 3216/3317:  97%|¨€¨€¨€¨€¨€¨€¨€¨€¨€¨ƒ| 3216/3317 [2:37:28<04:59,  2.96s/stock]D:\Projects\auto-select-stock\src\auto_select_stock\predict\data.py:76: RuntimeWarning: invalid value encountered in divide
  result["bb_position"] = np.where(bb_upper != bb_lower, (close - bb_lower) / (bb_upper - bb_lower), 0.5)
Collect signals 3217/3317:  97%|¨€¨€¨€¨€¨€¨€¨€¨€¨€¨ƒ| 3216/3317 [2:37:31<04:59,  2.96s/stock]Collect signals 3217/3317:  97%|¨€¨€¨€¨€¨€¨€¨€¨€¨€¨ƒ| 3217/3317 [2:37:31<04:59,  2.99s/stock]D:\Projects\auto-select-stock\src\auto_select_stock\predict\data.py:76: RuntimeWarning: invalid value encountered in divide
  result["bb_position"] = np.where(bb_upper != bb_lower, (close - bb_lower) / (bb_upper - bb_lower), 0.5)
Collect signals 3218/3317:  97%|¨€¨€¨€¨€¨€¨€¨€¨€¨€¨ƒ| 3217/3317 [2:37:34<04:59,  2.99s/stock]Collect signals 3218/3317:  97%|¨€¨€¨€¨€¨€¨€¨€¨€¨€¨ƒ| 3218/3317 [2:37:34<05:00,  3.04s/stock]D:\Projects\auto-select-stock\src\auto_select_stock\predict\data.py:76: RuntimeWarning: invalid value encountered in divide
  result["bb_position"] = np.where(bb_upper != bb_lower, (close - bb_lower) / (bb_upper - bb_lower), 0.5)
Collect signals 3219/3317:  97%|¨€¨€¨€¨€¨€¨€¨€¨€¨€¨ƒ| 3218/3317 [2:37:37<05:00,  3.04s/stock]Collect signals 3219/3317:  97%|¨€¨€¨€¨€¨€¨€¨€¨€¨€¨ƒ| 3219/3317 [2:37:37<04:51,  2.98s/stock]D:\Projects\auto-select-stock\src\auto_select_stock\predict\data.py:76: RuntimeWarning: invalid value encountered in divide
  result["bb_position"] = np.where(bb_upper != bb_lower, (close - bb_lower) / (bb_upper - bb_lower), 0.5)
Collect signals 3220/3317:  97%|¨€¨€¨€¨€¨€¨€¨€¨€¨€¨ƒ| 3219/3317 [2:37:40<04:51,  2.98s/stock]Collect signals 3220/3317:  97%|¨€¨€¨€¨€¨€¨€¨€¨€¨€¨ƒ| 3220/3317 [2:37:40<04:52,  3.02s/stock]D:\Projects\auto-select-stock\src\auto_select_stock\predict\data.py:76: RuntimeWarning: invalid value encountered in divide
  result["bb_position"] = np.where(bb_upper != bb_lower, (close - bb_lower) / (bb_upper - bb_lower), 0.5)
Collect signals 3221/3317:  97%|¨€¨€¨€¨€¨€¨€¨€¨€¨€¨ƒ| 3220/3317 [2:37:43<04:52,  3.02s/stock]Collect signals 3221/3317:  97%|¨€¨€¨€¨€¨€¨€¨€¨€¨€¨ƒ| 3221/3317 [2:37:43<04:48,  3.01s/stock]D:\Projects\auto-select-stock\src\auto_select_stock\predict\data.py:76: RuntimeWarning: invalid value encountered in divide
  result["bb_position"] = np.where(bb_upper != bb_lower, (close - bb_lower) / (bb_upper - bb_lower), 0.5)
Collect signals 3222/3317:  97%|¨€¨€¨€¨€¨€¨€¨€¨€¨€¨ƒ| 3221/3317 [2:37:46<04:48,  3.01s/stock]Collect signals 3222/3317:  97%|¨€¨€¨€¨€¨€¨€¨€¨€¨€¨ƒ| 3222/3317 [2:37:46<04:48,  3.04s/stock]D:\Projects\auto-select-stock\src\auto_select_stock\predict\data.py:76: RuntimeWarning: invalid value encountered in divide
  result["bb_position"] = np.where(bb_upper != bb_lower, (close - bb_lower) / (bb_upper - bb_lower), 0.5)
Collect signals 3223/3317:  97%|¨€¨€¨€¨€¨€¨€¨€¨€¨€¨ƒ| 3222/3317 [2:37:49<04:48,  3.04s/stock]Collect signals 3223/3317:  97%|¨€¨€¨€¨€¨€¨€¨€¨€¨€¨ƒ| 3223/3317 [2:37:49<04:42,  3.01s/stock]D:\Projects\auto-select-stock\src\auto_select_stock\predict\data.py:76: RuntimeWarning: invalid value encountered in divide
  result["bb_position"] = np.where(bb_upper != bb_lower, (close - bb_lower) / (bb_upper - bb_lower), 0.5)
Collect signals 3224/3317:  97%|¨€¨€¨€¨€¨€¨€¨€¨€¨€¨ƒ| 3223/3317 [2:37:52<04:42,  3.01s/stock]Collect signals 3224/3317:  97%|¨€¨€¨€¨€¨€¨€¨€¨€¨€¨ƒ| 3224/3317 [2:37:52<04:41,  3.02s/stock]D:\Projects\auto-select-stock\src\auto_select_stock\predict\data.py:76: RuntimeWarning: invalid value encountered in divide
  result["bb_position"] = np.where(bb_upper != bb_lower, (close - bb_lower) / (bb_upper - bb_lower), 0.5)
Collect signals 3225/3317:  97%|¨€¨€¨€¨€¨€¨€¨€¨€¨€¨ƒ| 3224/3317 [2:37:55<04:41,  3.02s/stock]Collect signals 3225/3317:  97%|¨€¨€¨€¨€¨€¨€¨€¨€¨€¨ƒ| 3225/3317 [2:37:55<04:39,  3.04s/stock]D:\Projects\auto-select-stock\src\auto_select_stock\predict\data.py:76: RuntimeWarning: invalid value encountered in divide
  result["bb_position"] = np.where(bb_upper != bb_lower, (close - bb_lower) / (bb_upper - bb_lower), 0.5)
Collect signals 3226/3317:  97%|¨€¨€¨€¨€¨€¨€¨€¨€¨€¨ƒ| 3225/3317 [2:37:58<04:39,  3.04s/stock]Collect signals 3226/3317:  97%|¨€¨€¨€¨€¨€¨€¨€¨€¨€¨ƒ| 3226/3317 [2:37:58<04:27,  2.94s/stock]D:\Projects\auto-select-stock\src\auto_select_stock\predict\data.py:76: RuntimeWarning: invalid value encountered in divide
  result["bb_position"] = np.where(bb_upper != bb_lower, (close - bb_lower) / (bb_upper - bb_lower), 0.5)
Collect signals 3227/3317:  97%|¨€¨€¨€¨€¨€¨€¨€¨€¨€¨ƒ| 3226/3317 [2:38:01<04:27,  2.94s/stock]Collect signals 3227/3317:  97%|¨€¨€¨€¨€¨€¨€¨€¨€¨€¨ƒ| 3227/3317 [2:38:01<04:30,  3.00s/stock]D:\Projects\auto-select-stock\src\auto_select_stock\predict\data.py:76: RuntimeWarning: invalid value encountered in divide
  result["bb_position"] = np.where(bb_upper != bb_lower, (close - bb_lower) / (bb_upper - bb_lower), 0.5)
Collect signals 3228/3317:  97%|¨€¨€¨€¨€¨€¨€¨€¨€¨€¨ƒ| 3227/3317 [2:38:04<04:30,  3.00s/stock]Collect signals 3228/3317:  97%|¨€¨€¨€¨€¨€¨€¨€¨€¨€¨ƒ| 3228/3317 [2:38:04<04:24,  2.97s/stock]D:\Projects\auto-select-stock\src\auto_select_stock\predict\data.py:76: RuntimeWarning: invalid value encountered in divide
  result["bb_position"] = np.where(bb_upper != bb_lower, (close - bb_lower) / (bb_upper - bb_lower), 0.5)
Collect signals 3229/3317:  97%|¨€¨€¨€¨€¨€¨€¨€¨€¨€¨ƒ| 3228/3317 [2:38:07<04:24,  2.97s/stock]Collect signals 3229/3317:  97%|¨€¨€¨€¨€¨€¨€¨€¨€¨€¨ƒ| 3229/3317 [2:38:07<04:26,  3.03s/stock]D:\Projects\auto-select-stock\src\auto_select_stock\predict\data.py:76: RuntimeWarning: invalid value encountered in divide
  result["bb_position"] = np.where(bb_upper != bb_lower, (close - bb_lower) / (bb_upper - bb_lower), 0.5)
Collect signals 3230/3317:  97%|¨€¨€¨€¨€¨€¨€¨€¨€¨€¨ƒ| 3229/3317 [2:38:10<04:26,  3.03s/stock]Collect signals 3230/3317:  97%|¨€¨€¨€¨€¨€¨€¨€¨€¨€¨ƒ| 3230/3317 [2:38:10<04:16,  2.94s/stock]D:\Projects\auto-select-stock\src\auto_select_stock\predict\data.py:76: RuntimeWarning: invalid value encountered in divide
  result["bb_position"] = np.where(bb_upper != bb_lower, (close - bb_lower) / (bb_upper - bb_lower), 0.5)
Collect signals 3231/3317:  97%|¨€¨€¨€¨€¨€¨€¨€¨€¨€¨ƒ| 3230/3317 [2:38:13<04:16,  2.94s/stock]Collect signals 3231/3317:  97%|¨€¨€¨€¨€¨€¨€¨€¨€¨€¨ƒ| 3231/3317 [2:38:13<04:21,  3.04s/stock]D:\Projects\auto-select-stock\src\auto_select_stock\predict\data.py:76: RuntimeWarning: invalid value encountered in divide
  result["bb_position"] = np.where(bb_upper != bb_lower, (close - bb_lower) / (bb_upper - bb_lower), 0.5)
Collect signals 3232/3317:  97%|¨€¨€¨€¨€¨€¨€¨€¨€¨€¨ƒ| 3231/3317 [2:38:16<04:21,  3.04s/stock]Collect signals 3232/3317:  97%|¨€¨€¨€¨€¨€¨€¨€¨€¨€¨ƒ| 3232/3317 [2:38:16<04:10,  2.95s/stock]D:\Projects\auto-select-stock\src\auto_select_stock\predict\data.py:76: RuntimeWarning: invalid value encountered in divide
  result["bb_position"] = np.where(bb_upper != bb_lower, (close - bb_lower) / (bb_upper - bb_lower), 0.5)
Collect signals 3233/3317:  97%|¨€¨€¨€¨€¨€¨€¨€¨€¨€¨ƒ| 3232/3317 [2:38:19<04:10,  2.95s/stock]Collect signals 3233/3317:  97%|¨€¨€¨€¨€¨€¨€¨€¨€¨€¨ƒ| 3233/3317 [2:38:19<04:11,  2.99s/stock]D:\Projects\auto-select-stock\src\auto_select_stock\predict\data.py:76: RuntimeWarning: invalid value encountered in divide
  result["bb_position"] = np.where(bb_upper != bb_lower, (close - bb_lower) / (bb_upper - bb_lower), 0.5)
Collect signals 3234/3317:  97%|¨€¨€¨€¨€¨€¨€¨€¨€¨€¨ƒ| 3233/3317 [2:38:22<04:11,  2.99s/stock]Collect signals 3234/3317:  97%|¨€¨€¨€¨€¨€¨€¨€¨€¨€¨ƒ| 3234/3317 [2:38:22<04:05,  2.96s/stock]D:\Projects\auto-select-stock\src\auto_select_stock\predict\data.py:76: RuntimeWarning: invalid value encountered in divide
  result["bb_position"] = np.where(bb_upper != bb_lower, (close - bb_lower) / (bb_upper - bb_lower), 0.5)
Collect signals 3235/3317:  97%|¨€¨€¨€¨€¨€¨€¨€¨€¨€¨ƒ| 3234/3317 [2:38:25<04:05,  2.96s/stock]Collect signals 3235/3317:  98%|¨€¨€¨€¨€¨€¨€¨€¨€¨€¨‚| 3235/3317 [2:38:25<04:10,  3.05s/stock]D:\Projects\auto-select-stock\src\auto_select_stock\predict\data.py:76: RuntimeWarning: invalid value encountered in divide
  result["bb_position"] = np.where(bb_upper != bb_lower, (close - bb_lower) / (bb_upper - bb_lower), 0.5)
Collect signals 3236/3317:  98%|¨€¨€¨€¨€¨€¨€¨€¨€¨€¨‚| 3235/3317 [2:38:28<04:10,  3.05s/stock]Collect signals 3236/3317:  98%|¨€¨€¨€¨€¨€¨€¨€¨€¨€¨‚| 3236/3317 [2:38:28<03:59,  2.96s/stock]D:\Projects\auto-select-stock\src\auto_select_stock\predict\data.py:76: RuntimeWarning: invalid value encountered in divide
  result["bb_position"] = np.where(bb_upper != bb_lower, (close - bb_lower) / (bb_upper - bb_lower), 0.5)
Collect signals 3237/3317:  98%|¨€¨€¨€¨€¨€¨€¨€¨€¨€¨‚| 3236/3317 [2:38:31<03:59,  2.96s/stock]Collect signals 3237/3317:  98%|¨€¨€¨€¨€¨€¨€¨€¨€¨€¨‚| 3237/3317 [2:38:31<03:58,  2.99s/stock]D:\Projects\auto-select-stock\src\auto_select_stock\predict\data.py:76: RuntimeWarning: invalid value encountered in divide
  result["bb_position"] = np.where(bb_upper != bb_lower, (close - bb_lower) / (bb_upper - bb_lower), 0.5)
Collect signals 3238/3317:  98%|¨€¨€¨€¨€¨€¨€¨€¨€¨€¨‚| 3237/3317 [2:38:34<03:58,  2.99s/stock]Collect signals 3238/3317:  98%|¨€¨€¨€¨€¨€¨€¨€¨€¨€¨‚| 3238/3317 [2:38:34<03:57,  3.01s/stock]D:\Projects\auto-select-stock\src\auto_select_stock\predict\data.py:76: RuntimeWarning: invalid value encountered in divide
  result["bb_position"] = np.where(bb_upper != bb_lower, (close - bb_lower) / (bb_upper - bb_lower), 0.5)
Collect signals 3239/3317:  98%|¨€¨€¨€¨€¨€¨€¨€¨€¨€¨‚| 3238/3317 [2:38:37<03:57,  3.01s/stock]Collect signals 3239/3317:  98%|¨€¨€¨€¨€¨€¨€¨€¨€¨€¨‚| 3239/3317 [2:38:37<03:47,  2.92s/stock]D:\Projects\auto-select-stock\src\auto_select_stock\predict\data.py:76: RuntimeWarning: invalid value encountered in divide
  result["bb_position"] = np.where(bb_upper != bb_lower, (close - bb_lower) / (bb_upper - bb_lower), 0.5)
Collect signals 3240/3317:  98%|¨€¨€¨€¨€¨€¨€¨€¨€¨€¨‚| 3239/3317 [2:38:40<03:47,  2.92s/stock]Collect signals 3240/3317:  98%|¨€¨€¨€¨€¨€¨€¨€¨€¨€¨‚| 3240/3317 [2:38:40<03:52,  3.02s/stock]D:\Projects\auto-select-stock\src\auto_select_stock\predict\data.py:76: RuntimeWarning: invalid value encountered in divide
  result["bb_position"] = np.where(bb_upper != bb_lower, (close - bb_lower) / (bb_upper - bb_lower), 0.5)
Collect signals 3241/3317:  98%|¨€¨€¨€¨€¨€¨€¨€¨€¨€¨‚| 3240/3317 [2:38:43<03:52,  3.02s/stock]Collect signals 3241/3317:  98%|¨€¨€¨€¨€¨€¨€¨€¨€¨€¨‚| 3241/3317 [2:38:43<03:42,  2.93s/stock]D:\Projects\auto-select-stock\src\auto_select_stock\predict\data.py:76: RuntimeWarning: invalid value encountered in divide
  result["bb_position"] = np.where(bb_upper != bb_lower, (close - bb_lower) / (bb_upper - bb_lower), 0.5)
Collect signals 3242/3317:  98%|¨€¨€¨€¨€¨€¨€¨€¨€¨€¨‚| 3241/3317 [2:38:46<03:42,  2.93s/stock]Collect signals 3242/3317:  98%|¨€¨€¨€¨€¨€¨€¨€¨€¨€¨‚| 3242/3317 [2:38:46<03:42,  2.96s/stock]D:\Projects\auto-select-stock\src\auto_select_stock\predict\data.py:76: RuntimeWarning: invalid value encountered in divide
  result["bb_position"] = np.where(bb_upper != bb_lower, (close - bb_lower) / (bb_upper - bb_lower), 0.5)
Collect signals 3243/3317:  98%|¨€¨€¨€¨€¨€¨€¨€¨€¨€¨‚| 3242/3317 [2:38:49<03:42,  2.96s/stock]Collect signals 3243/3317:  98%|¨€¨€¨€¨€¨€¨€¨€¨€¨€¨‚| 3243/3317 [2:38:49<03:33,  2.89s/stock]D:\Projects\auto-select-stock\src\auto_select_stock\predict\data.py:76: RuntimeWarning: invalid value encountered in divide
  result["bb_position"] = np.where(bb_upper != bb_lower, (close - bb_lower) / (bb_upper - bb_lower), 0.5)
Collect signals 3244/3317:  98%|¨€¨€¨€¨€¨€¨€¨€¨€¨€¨‚| 3243/3317 [2:38:52<03:33,  2.89s/stock]Collect signals 3244/3317:  98%|¨€¨€¨€¨€¨€¨€¨€¨€¨€¨‚| 3244/3317 [2:38:52<03:35,  2.95s/stock]D:\Projects\auto-select-stock\src\auto_select_stock\predict\data.py:76: RuntimeWarning: invalid value encountered in divide
  result["bb_position"] = np.where(bb_upper != bb_lower, (close - bb_lower) / (bb_upper - bb_lower), 0.5)
Collect signals 3245/3317:  98%|¨€¨€¨€¨€¨€¨€¨€¨€¨€¨‚| 3244/3317 [2:38:55<03:35,  2.95s/stock]Collect signals 3245/3317:  98%|¨€¨€¨€¨€¨€¨€¨€¨€¨€¨‚| 3245/3317 [2:38:55<03:29,  2.90s/stock]D:\Projects\auto-select-stock\src\auto_select_stock\predict\data.py:76: RuntimeWarning: invalid value encountered in divide
  result["bb_position"] = np.where(bb_upper != bb_lower, (close - bb_lower) / (bb_upper - bb_lower), 0.5)
Collect signals 3246/3317:  98%|¨€¨€¨€¨€¨€¨€¨€¨€¨€¨‚| 3245/3317 [2:38:58<03:29,  2.90s/stock]Collect signals 3246/3317:  98%|¨€¨€¨€¨€¨€¨€¨€¨€¨€¨‚| 3246/3317 [2:38:58<03:33,  3.01s/stock]D:\Projects\auto-select-stock\src\auto_select_stock\predict\data.py:76: RuntimeWarning: invalid value encountered in divide
  result["bb_position"] = np.where(bb_upper != bb_lower, (close - bb_lower) / (bb_upper - bb_lower), 0.5)
Collect signals 3247/3317:  98%|¨€¨€¨€¨€¨€¨€¨€¨€¨€¨‚| 3246/3317 [2:39:01<03:33,  3.01s/stock]Collect signals 3247/3317:  98%|¨€¨€¨€¨€¨€¨€¨€¨€¨€¨‚| 3247/3317 [2:39:01<03:31,  3.02s/stock]D:\Projects\auto-select-stock\src\auto_select_stock\predict\data.py:76: RuntimeWarning: invalid value encountered in divide
  result["bb_position"] = np.where(bb_upper != bb_lower, (close - bb_lower) / (bb_upper - bb_lower), 0.5)
Collect signals 3248/3317:  98%|¨€¨€¨€¨€¨€¨€¨€¨€¨€¨‚| 3247/3317 [2:39:04<03:31,  3.02s/stock]Collect signals 3248/3317:  98%|¨€¨€¨€¨€¨€¨€¨€¨€¨€¨‚| 3248/3317 [2:39:04<03:24,  2.96s/stock]D:\Projects\auto-select-stock\src\auto_select_stock\predict\data.py:76: RuntimeWarning: invalid value encountered in divide
  result["bb_position"] = np.where(bb_upper != bb_lower, (close - bb_lower) / (bb_upper - bb_lower), 0.5)
Collect signals 3249/3317:  98%|¨€¨€¨€¨€¨€¨€¨€¨€¨€¨‚| 3248/3317 [2:39:07<03:24,  2.96s/stock]Collect signals 3249/3317:  98%|¨€¨€¨€¨€¨€¨€¨€¨€¨€¨‚| 3249/3317 [2:39:07<03:27,  3.05s/stock]D:\Projects\auto-select-stock\src\auto_select_stock\predict\data.py:76: RuntimeWarning: invalid value encountered in divide
  result["bb_position"] = np.where(bb_upper != bb_lower, (close - bb_lower) / (bb_upper - bb_lower), 0.5)
Collect signals 3250/3317:  98%|¨€¨€¨€¨€¨€¨€¨€¨€¨€¨‚| 3249/3317 [2:39:10<03:27,  3.05s/stock]Collect signals 3250/3317:  98%|¨€¨€¨€¨€¨€¨€¨€¨€¨€¨‚| 3250/3317 [2:39:10<03:23,  3.03s/stock]D:\Projects\auto-select-stock\src\auto_select_stock\predict\data.py:76: RuntimeWarning: invalid value encountered in divide
  result["bb_position"] = np.where(bb_upper != bb_lower, (close - bb_lower) / (bb_upper - bb_lower), 0.5)
Collect signals 3251/3317:  98%|¨€¨€¨€¨€¨€¨€¨€¨€¨€¨‚| 3250/3317 [2:39:13<03:23,  3.03s/stock]Collect signals 3251/3317:  98%|¨€¨€¨€¨€¨€¨€¨€¨€¨€¨‚| 3251/3317 [2:39:13<03:23,  3.08s/stock]D:\Projects\auto-select-stock\src\auto_select_stock\predict\data.py:76: RuntimeWarning: invalid value encountered in divide
  result["bb_position"] = np.where(bb_upper != bb_lower, (close - bb_lower) / (bb_upper - bb_lower), 0.5)
Collect signals 3252/3317:  98%|¨€¨€¨€¨€¨€¨€¨€¨€¨€¨‚| 3251/3317 [2:39:16<03:23,  3.08s/stock]Collect signals 3252/3317:  98%|¨€¨€¨€¨€¨€¨€¨€¨€¨€¨‚| 3252/3317 [2:39:16<03:13,  2.97s/stock]D:\Projects\auto-select-stock\src\auto_select_stock\predict\data.py:76: RuntimeWarning: invalid value encountered in divide
  result["bb_position"] = np.where(bb_upper != bb_lower, (close - bb_lower) / (bb_upper - bb_lower), 0.5)
Collect signals 3253/3317:  98%|¨€¨€¨€¨€¨€¨€¨€¨€¨€¨‚| 3252/3317 [2:39:19<03:13,  2.97s/stock]Collect signals 3253/3317:  98%|¨€¨€¨€¨€¨€¨€¨€¨€¨€¨‚| 3253/3317 [2:39:19<03:14,  3.03s/stock]D:\Projects\auto-select-stock\src\auto_select_stock\predict\data.py:76: RuntimeWarning: invalid value encountered in divide
  result["bb_position"] = np.where(bb_upper != bb_lower, (close - bb_lower) / (bb_upper - bb_lower), 0.5)
Collect signals 3254/3317:  98%|¨€¨€¨€¨€¨€¨€¨€¨€¨€¨‚| 3253/3317 [2:39:22<03:14,  3.03s/stock]Collect signals 3254/3317:  98%|¨€¨€¨€¨€¨€¨€¨€¨€¨€¨‚| 3254/3317 [2:39:22<03:08,  2.99s/stock]D:\Projects\auto-select-stock\src\auto_select_stock\predict\data.py:76: RuntimeWarning: invalid value encountered in divide
  result["bb_position"] = np.where(bb_upper != bb_lower, (close - bb_lower) / (bb_upper - bb_lower), 0.5)
Collect signals 3255/3317:  98%|¨€¨€¨€¨€¨€¨€¨€¨€¨€¨‚| 3254/3317 [2:39:25<03:08,  2.99s/stock]Collect signals 3255/3317:  98%|¨€¨€¨€¨€¨€¨€¨€¨€¨€¨‚| 3255/3317 [2:39:25<03:09,  3.05s/stock]D:\Projects\auto-select-stock\src\auto_select_stock\predict\data.py:76: RuntimeWarning: invalid value encountered in divide
  result["bb_position"] = np.where(bb_upper != bb_lower, (close - bb_lower) / (bb_upper - bb_lower), 0.5)
Collect signals 3256/3317:  98%|¨€¨€¨€¨€¨€¨€¨€¨€¨€¨‚| 3255/3317 [2:39:28<03:09,  3.05s/stock]Collect signals 3256/3317:  98%|¨€¨€¨€¨€¨€¨€¨€¨€¨€¨‚| 3256/3317 [2:39:28<03:10,  3.12s/stock]D:\Projects\auto-select-stock\src\auto_select_stock\predict\data.py:76: RuntimeWarning: invalid value encountered in divide
  result["bb_position"] = np.where(bb_upper != bb_lower, (close - bb_lower) / (bb_upper - bb_lower), 0.5)
Collect signals 3257/3317:  98%|¨€¨€¨€¨€¨€¨€¨€¨€¨€¨‚| 3256/3317 [2:39:31<03:10,  3.12s/stock]Collect signals 3257/3317:  98%|¨€¨€¨€¨€¨€¨€¨€¨€¨€¨‚| 3257/3317 [2:39:31<03:01,  3.02s/stock]D:\Projects\auto-select-stock\src\auto_select_stock\predict\data.py:76: RuntimeWarning: invalid value encountered in divide
  result["bb_position"] = np.where(bb_upper != bb_lower, (close - bb_lower) / (bb_upper - bb_lower), 0.5)
Collect signals 3258/3317:  98%|¨€¨€¨€¨€¨€¨€¨€¨€¨€¨‚| 3257/3317 [2:39:34<03:01,  3.02s/stock]Collect signals 3258/3317:  98%|¨€¨€¨€¨€¨€¨€¨€¨€¨€¨‚| 3258/3317 [2:39:34<02:59,  3.04s/stock]D:\Projects\auto-select-stock\src\auto_select_stock\predict\data.py:76: RuntimeWarning: invalid value encountered in divide
  result["bb_position"] = np.where(bb_upper != bb_lower, (close - bb_lower) / (bb_upper - bb_lower), 0.5)
Collect signals 3259/3317:  98%|¨€¨€¨€¨€¨€¨€¨€¨€¨€¨‚| 3258/3317 [2:39:37<02:59,  3.04s/stock]Collect signals 3259/3317:  98%|¨€¨€¨€¨€¨€¨€¨€¨€¨€¨‚| 3259/3317 [2:39:37<02:50,  2.94s/stock]D:\Projects\auto-select-stock\src\auto_select_stock\predict\data.py:76: RuntimeWarning: invalid value encountered in divide
  result["bb_position"] = np.where(bb_upper != bb_lower, (close - bb_lower) / (bb_upper - bb_lower), 0.5)
Collect signals 3260/3317:  98%|¨€¨€¨€¨€¨€¨€¨€¨€¨€¨‚| 3259/3317 [2:39:40<02:50,  2.94s/stock]Collect signals 3260/3317:  98%|¨€¨€¨€¨€¨€¨€¨€¨€¨€¨‚| 3260/3317 [2:39:40<02:50,  2.99s/stock]D:\Projects\auto-select-stock\src\auto_select_stock\predict\data.py:76: RuntimeWarning: invalid value encountered in divide
  result["bb_position"] = np.where(bb_upper != bb_lower, (close - bb_lower) / (bb_upper - bb_lower), 0.5)
Collect signals 3261/3317:  98%|¨€¨€¨€¨€¨€¨€¨€¨€¨€¨‚| 3260/3317 [2:39:43<02:50,  2.99s/stock]Collect signals 3261/3317:  98%|¨€¨€¨€¨€¨€¨€¨€¨€¨€¨‚| 3261/3317 [2:39:43<02:42,  2.90s/stock]D:\Projects\auto-select-stock\src\auto_select_stock\predict\data.py:76: RuntimeWarning: invalid value encountered in divide
  result["bb_position"] = np.where(bb_upper != bb_lower, (close - bb_lower) / (bb_upper - bb_lower), 0.5)
Collect signals 3262/3317:  98%|¨€¨€¨€¨€¨€¨€¨€¨€¨€¨‚| 3261/3317 [2:39:46<02:42,  2.90s/stock]Collect signals 3262/3317:  98%|¨€¨€¨€¨€¨€¨€¨€¨€¨€¨‚| 3262/3317 [2:39:46<02:44,  3.00s/stock]D:\Projects\auto-select-stock\src\auto_select_stock\predict\data.py:76: RuntimeWarning: invalid value encountered in divide
  result["bb_position"] = np.where(bb_upper != bb_lower, (close - bb_lower) / (bb_upper - bb_lower), 0.5)
Collect signals 3263/3317:  98%|¨€¨€¨€¨€¨€¨€¨€¨€¨€¨‚| 3262/3317 [2:39:49<02:44,  3.00s/stock]Collect signals 3263/3317:  98%|¨€¨€¨€¨€¨€¨€¨€¨€¨€¨‚| 3263/3317 [2:39:49<02:44,  3.05s/stock]D:\Projects\auto-select-stock\src\auto_select_stock\predict\data.py:76: RuntimeWarning: invalid value encountered in divide
  result["bb_position"] = np.where(bb_upper != bb_lower, (close - bb_lower) / (bb_upper - bb_lower), 0.5)
Collect signals 3264/3317:  98%|¨€¨€¨€¨€¨€¨€¨€¨€¨€¨‚| 3263/3317 [2:39:52<02:44,  3.05s/stock]Collect signals 3264/3317:  98%|¨€¨€¨€¨€¨€¨€¨€¨€¨€¨‚| 3264/3317 [2:39:52<02:38,  2.99s/stock]D:\Projects\auto-select-stock\src\auto_select_stock\predict\data.py:76: RuntimeWarning: invalid value encountered in divide
  result["bb_position"] = np.where(bb_upper != bb_lower, (close - bb_lower) / (bb_upper - bb_lower), 0.5)
Collect signals 3265/3317:  98%|¨€¨€¨€¨€¨€¨€¨€¨€¨€¨‚| 3264/3317 [2:39:55<02:38,  2.99s/stock]Collect signals 3265/3317:  98%|¨€¨€¨€¨€¨€¨€¨€¨€¨€¨‚| 3265/3317 [2:39:55<02:38,  3.05s/stock]D:\Projects\auto-select-stock\src\auto_select_stock\predict\data.py:76: RuntimeWarning: invalid value encountered in divide
  result["bb_position"] = np.where(bb_upper != bb_lower, (close - bb_lower) / (bb_upper - bb_lower), 0.5)
Collect signals 3266/3317:  98%|¨€¨€¨€¨€¨€¨€¨€¨€¨€¨‚| 3265/3317 [2:39:58<02:38,  3.05s/stock]Collect signals 3266/3317:  98%|¨€¨€¨€¨€¨€¨€¨€¨€¨€¨‚| 3266/3317 [2:39:58<02:33,  3.00s/stock]D:\Projects\auto-select-stock\src\auto_select_stock\predict\data.py:76: RuntimeWarning: invalid value encountered in divide
  result["bb_position"] = np.where(bb_upper != bb_lower, (close - bb_lower) / (bb_upper - bb_lower), 0.5)
Collect signals 3267/3317:  98%|¨€¨€¨€¨€¨€¨€¨€¨€¨€¨‚| 3266/3317 [2:40:01<02:33,  3.00s/stock]Collect signals 3267/3317:  98%|¨€¨€¨€¨€¨€¨€¨€¨€¨€¨‚| 3267/3317 [2:40:01<02:33,  3.07s/stock]D:\Projects\auto-select-stock\src\auto_select_stock\predict\data.py:76: RuntimeWarning: invalid value encountered in divide
  result["bb_position"] = np.where(bb_upper != bb_lower, (close - bb_lower) / (bb_upper - bb_lower), 0.5)
Collect signals 3268/3317:  98%|¨€¨€¨€¨€¨€¨€¨€¨€¨€¨‚| 3267/3317 [2:40:04<02:33,  3.07s/stock]Collect signals 3268/3317:  99%|¨€¨€¨€¨€¨€¨€¨€¨€¨€¨‚| 3268/3317 [2:40:04<02:25,  2.96s/stock]D:\Projects\auto-select-stock\src\auto_select_stock\predict\data.py:76: RuntimeWarning: invalid value encountered in divide
  result["bb_position"] = np.where(bb_upper != bb_lower, (close - bb_lower) / (bb_upper - bb_lower), 0.5)
Collect signals 3269/3317:  99%|¨€¨€¨€¨€¨€¨€¨€¨€¨€¨‚| 3268/3317 [2:40:07<02:25,  2.96s/stock]Collect signals 3269/3317:  99%|¨€¨€¨€¨€¨€¨€¨€¨€¨€¨‚| 3269/3317 [2:40:07<02:24,  3.00s/stock]D:\Projects\auto-select-stock\src\auto_select_stock\predict\data.py:76: RuntimeWarning: invalid value encountered in divide
  result["bb_position"] = np.where(bb_upper != bb_lower, (close - bb_lower) / (bb_upper - bb_lower), 0.5)
Collect signals 3270/3317:  99%|¨€¨€¨€¨€¨€¨€¨€¨€¨€¨‚| 3269/3317 [2:40:10<02:24,  3.00s/stock]Collect signals 3270/3317:  99%|¨€¨€¨€¨€¨€¨€¨€¨€¨€¨‚| 3270/3317 [2:40:10<02:17,  2.93s/stock]D:\Projects\auto-select-stock\src\auto_select_stock\predict\data.py:76: RuntimeWarning: invalid value encountered in divide
  result["bb_position"] = np.where(bb_upper != bb_lower, (close - bb_lower) / (bb_upper - bb_lower), 0.5)
Collect signals 3271/3317:  99%|¨€¨€¨€¨€¨€¨€¨€¨€¨€¨‚| 3270/3317 [2:40:13<02:17,  2.93s/stock]Collect signals 3271/3317:  99%|¨€¨€¨€¨€¨€¨€¨€¨€¨€¨‚| 3271/3317 [2:40:13<02:17,  2.98s/stock]D:\Projects\auto-select-stock\src\auto_select_stock\predict\data.py:76: RuntimeWarning: invalid value encountered in divide
  result["bb_position"] = np.where(bb_upper != bb_lower, (close - bb_lower) / (bb_upper - bb_lower), 0.5)
Collect signals 3272/3317:  99%|¨€¨€¨€¨€¨€¨€¨€¨€¨€¨‚| 3271/3317 [2:40:16<02:17,  2.98s/stock]Collect signals 3272/3317:  99%|¨€¨€¨€¨€¨€¨€¨€¨€¨€¨‚| 3272/3317 [2:40:16<02:12,  2.93s/stock]D:\Projects\auto-select-stock\src\auto_select_stock\predict\data.py:76: RuntimeWarning: invalid value encountered in divide
  result["bb_position"] = np.where(bb_upper != bb_lower, (close - bb_lower) / (bb_upper - bb_lower), 0.5)
Collect signals 3273/3317:  99%|¨€¨€¨€¨€¨€¨€¨€¨€¨€¨‚| 3272/3317 [2:40:19<02:12,  2.93s/stock]Collect signals 3273/3317:  99%|¨€¨€¨€¨€¨€¨€¨€¨€¨€¨‚| 3273/3317 [2:40:19<02:13,  3.03s/stock]D:\Projects\auto-select-stock\src\auto_select_stock\predict\data.py:76: RuntimeWarning: invalid value encountered in divide
  result["bb_position"] = np.where(bb_upper != bb_lower, (close - bb_lower) / (bb_upper - bb_lower), 0.5)
Collect signals 3274/3317:  99%|¨€¨€¨€¨€¨€¨€¨€¨€¨€¨‚| 3273/3317 [2:40:22<02:13,  3.03s/stock]Collect signals 3274/3317:  99%|¨€¨€¨€¨€¨€¨€¨€¨€¨€¨‚| 3274/3317 [2:40:22<02:11,  3.05s/stock]D:\Projects\auto-select-stock\src\auto_select_stock\predict\data.py:76: RuntimeWarning: invalid value encountered in divide
  result["bb_position"] = np.where(bb_upper != bb_lower, (close - bb_lower) / (bb_upper - bb_lower), 0.5)
Collect signals 3275/3317:  99%|¨€¨€¨€¨€¨€¨€¨€¨€¨€¨‚| 3274/3317 [2:40:25<02:11,  3.05s/stock]Collect signals 3275/3317:  99%|¨€¨€¨€¨€¨€¨€¨€¨€¨€¨‚| 3275/3317 [2:40:25<02:00,  2.87s/stock]D:\Projects\auto-select-stock\src\auto_select_stock\predict\data.py:76: RuntimeWarning: invalid value encountered in divide
  result["bb_position"] = np.where(bb_upper != bb_lower, (close - bb_lower) / (bb_upper - bb_lower), 0.5)
Collect signals 3276/3317:  99%|¨€¨€¨€¨€¨€¨€¨€¨€¨€¨‚| 3275/3317 [2:40:28<02:00,  2.87s/stock]Collect signals 3276/3317:  99%|¨€¨€¨€¨€¨€¨€¨€¨€¨€¨| 3276/3317 [2:40:28<02:00,  2.95s/stock]D:\Projects\auto-select-stock\src\auto_select_stock\predict\data.py:76: RuntimeWarning: invalid value encountered in divide
  result["bb_position"] = np.where(bb_upper != bb_lower, (close - bb_lower) / (bb_upper - bb_lower), 0.5)
Collect signals 3277/3317:  99%|¨€¨€¨€¨€¨€¨€¨€¨€¨€¨| 3276/3317 [2:40:31<02:00,  2.95s/stock]Collect signals 3277/3317:  99%|¨€¨€¨€¨€¨€¨€¨€¨€¨€¨| 3277/3317 [2:40:31<02:02,  3.05s/stock]D:\Projects\auto-select-stock\src\auto_select_stock\predict\data.py:76: RuntimeWarning: invalid value encountered in divide
  result["bb_position"] = np.where(bb_upper != bb_lower, (close - bb_lower) / (bb_upper - bb_lower), 0.5)
Collect signals 3278/3317:  99%|¨€¨€¨€¨€¨€¨€¨€¨€¨€¨| 3277/3317 [2:40:34<02:02,  3.05s/stock]Collect signals 3278/3317:  99%|¨€¨€¨€¨€¨€¨€¨€¨€¨€¨| 3278/3317 [2:40:34<01:55,  2.95s/stock]D:\Projects\auto-select-stock\src\auto_select_stock\predict\data.py:76: RuntimeWarning: invalid value encountered in divide
  result["bb_position"] = np.where(bb_upper != bb_lower, (close - bb_lower) / (bb_upper - bb_lower), 0.5)
Collect signals 3279/3317:  99%|¨€¨€¨€¨€¨€¨€¨€¨€¨€¨| 3278/3317 [2:40:37<01:55,  2.95s/stock]Collect signals 3279/3317:  99%|¨€¨€¨€¨€¨€¨€¨€¨€¨€¨| 3279/3317 [2:40:37<01:54,  3.01s/stock]D:\Projects\auto-select-stock\src\auto_select_stock\predict\data.py:76: RuntimeWarning: invalid value encountered in divide
  result["bb_position"] = np.where(bb_upper != bb_lower, (close - bb_lower) / (bb_upper - bb_lower), 0.5)
Collect signals 3280/3317:  99%|¨€¨€¨€¨€¨€¨€¨€¨€¨€¨| 3279/3317 [2:40:40<01:54,  3.01s/stock]Collect signals 3280/3317:  99%|¨€¨€¨€¨€¨€¨€¨€¨€¨€¨| 3280/3317 [2:40:40<01:47,  2.92s/stock]D:\Projects\auto-select-stock\src\auto_select_stock\predict\data.py:76: RuntimeWarning: invalid value encountered in divide
  result["bb_position"] = np.where(bb_upper != bb_lower, (close - bb_lower) / (bb_upper - bb_lower), 0.5)
Collect signals 3281/3317:  99%|¨€¨€¨€¨€¨€¨€¨€¨€¨€¨| 3280/3317 [2:40:43<01:47,  2.92s/stock]Collect signals 3281/3317:  99%|¨€¨€¨€¨€¨€¨€¨€¨€¨€¨| 3281/3317 [2:40:43<01:48,  3.03s/stock]D:\Projects\auto-select-stock\src\auto_select_stock\predict\data.py:76: RuntimeWarning: invalid value encountered in divide
  result["bb_position"] = np.where(bb_upper != bb_lower, (close - bb_lower) / (bb_upper - bb_lower), 0.5)
Collect signals 3282/3317:  99%|¨€¨€¨€¨€¨€¨€¨€¨€¨€¨| 3281/3317 [2:40:46<01:48,  3.03s/stock]Collect signals 3282/3317:  99%|¨€¨€¨€¨€¨€¨€¨€¨€¨€¨| 3282/3317 [2:40:46<01:43,  2.95s/stock]D:\Projects\auto-select-stock\src\auto_select_stock\predict\data.py:76: RuntimeWarning: invalid value encountered in divide
  result["bb_position"] = np.where(bb_upper != bb_lower, (close - bb_lower) / (bb_upper - bb_lower), 0.5)
Collect signals 3283/3317:  99%|¨€¨€¨€¨€¨€¨€¨€¨€¨€¨| 3282/3317 [2:40:49<01:43,  2.95s/stock]Collect signals 3283/3317:  99%|¨€¨€¨€¨€¨€¨€¨€¨€¨€¨| 3283/3317 [2:40:49<01:43,  3.03s/stock]D:\Projects\auto-select-stock\src\auto_select_stock\predict\data.py:76: RuntimeWarning: invalid value encountered in divide
  result["bb_position"] = np.where(bb_upper != bb_lower, (close - bb_lower) / (bb_upper - bb_lower), 0.5)
Collect signals 3284/3317:  99%|¨€¨€¨€¨€¨€¨€¨€¨€¨€¨| 3283/3317 [2:40:52<01:43,  3.03s/stock]Collect signals 3284/3317:  99%|¨€¨€¨€¨€¨€¨€¨€¨€¨€¨| 3284/3317 [2:40:52<01:37,  2.96s/stock]D:\Projects\auto-select-stock\src\auto_select_stock\predict\data.py:76: RuntimeWarning: invalid value encountered in divide
  result["bb_position"] = np.where(bb_upper != bb_lower, (close - bb_lower) / (bb_upper - bb_lower), 0.5)
Collect signals 3285/3317:  99%|¨€¨€¨€¨€¨€¨€¨€¨€¨€¨| 3284/3317 [2:40:55<01:37,  2.96s/stock]Collect signals 3285/3317:  99%|¨€¨€¨€¨€¨€¨€¨€¨€¨€¨| 3285/3317 [2:40:55<01:35,  2.99s/stock]D:\Projects\auto-select-stock\src\auto_select_stock\predict\data.py:76: RuntimeWarning: invalid value encountered in divide
  result["bb_position"] = np.where(bb_upper != bb_lower, (close - bb_lower) / (bb_upper - bb_lower), 0.5)
Collect signals 3286/3317:  99%|¨€¨€¨€¨€¨€¨€¨€¨€¨€¨| 3285/3317 [2:40:58<01:35,  2.99s/stock]Collect signals 3286/3317:  99%|¨€¨€¨€¨€¨€¨€¨€¨€¨€¨| 3286/3317 [2:40:58<01:33,  3.02s/stock]D:\Projects\auto-select-stock\src\auto_select_stock\predict\data.py:76: RuntimeWarning: invalid value encountered in divide
  result["bb_position"] = np.where(bb_upper != bb_lower, (close - bb_lower) / (bb_upper - bb_lower), 0.5)
Collect signals 3287/3317:  99%|¨€¨€¨€¨€¨€¨€¨€¨€¨€¨| 3286/3317 [2:41:01<01:33,  3.02s/stock]Collect signals 3287/3317:  99%|¨€¨€¨€¨€¨€¨€¨€¨€¨€¨| 3287/3317 [2:41:01<01:29,  2.99s/stock]D:\Projects\auto-select-stock\src\auto_select_stock\predict\data.py:76: RuntimeWarning: invalid value encountered in divide
  result["bb_position"] = np.where(bb_upper != bb_lower, (close - bb_lower) / (bb_upper - bb_lower), 0.5)
Collect signals 3288/3317:  99%|¨€¨€¨€¨€¨€¨€¨€¨€¨€¨| 3287/3317 [2:41:04<01:29,  2.99s/stock]Collect signals 3288/3317:  99%|¨€¨€¨€¨€¨€¨€¨€¨€¨€¨| 3288/3317 [2:41:04<01:27,  3.03s/stock]D:\Projects\auto-select-stock\src\auto_select_stock\predict\data.py:76: RuntimeWarning: invalid value encountered in divide
  result["bb_position"] = np.where(bb_upper != bb_lower, (close - bb_lower) / (bb_upper - bb_lower), 0.5)
Collect signals 3289/3317:  99%|¨€¨€¨€¨€¨€¨€¨€¨€¨€¨| 3288/3317 [2:41:07<01:27,  3.03s/stock]Collect signals 3289/3317:  99%|¨€¨€¨€¨€¨€¨€¨€¨€¨€¨| 3289/3317 [2:41:07<01:22,  2.94s/stock]D:\Projects\auto-select-stock\src\auto_select_stock\predict\data.py:76: RuntimeWarning: invalid value encountered in divide
  result["bb_position"] = np.where(bb_upper != bb_lower, (close - bb_lower) / (bb_upper - bb_lower), 0.5)
Collect signals 3290/3317:  99%|¨€¨€¨€¨€¨€¨€¨€¨€¨€¨| 3289/3317 [2:41:10<01:22,  2.94s/stock]Collect signals 3290/3317:  99%|¨€¨€¨€¨€¨€¨€¨€¨€¨€¨| 3290/3317 [2:41:10<01:21,  3.02s/stock]D:\Projects\auto-select-stock\src\auto_select_stock\predict\data.py:76: RuntimeWarning: invalid value encountered in divide
  result["bb_position"] = np.where(bb_upper != bb_lower, (close - bb_lower) / (bb_upper - bb_lower), 0.5)
Collect signals 3291/3317:  99%|¨€¨€¨€¨€¨€¨€¨€¨€¨€¨| 3290/3317 [2:41:13<01:21,  3.02s/stock]Collect signals 3291/3317:  99%|¨€¨€¨€¨€¨€¨€¨€¨€¨€¨| 3291/3317 [2:41:13<01:16,  2.95s/stock]D:\Projects\auto-select-stock\src\auto_select_stock\predict\data.py:76: RuntimeWarning: invalid value encountered in divide
  result["bb_position"] = np.where(bb_upper != bb_lower, (close - bb_lower) / (bb_upper - bb_lower), 0.5)
Collect signals 3292/3317:  99%|¨€¨€¨€¨€¨€¨€¨€¨€¨€¨| 3291/3317 [2:41:16<01:16,  2.95s/stock]Collect signals 3292/3317:  99%|¨€¨€¨€¨€¨€¨€¨€¨€¨€¨| 3292/3317 [2:41:16<01:15,  3.03s/stock]D:\Projects\auto-select-stock\src\auto_select_stock\predict\data.py:76: RuntimeWarning: invalid value encountered in divide
  result["bb_position"] = np.where(bb_upper != bb_lower, (close - bb_lower) / (bb_upper - bb_lower), 0.5)
Collect signals 3293/3317:  99%|¨€¨€¨€¨€¨€¨€¨€¨€¨€¨| 3292/3317 [2:41:19<01:15,  3.03s/stock]Collect signals 3293/3317:  99%|¨€¨€¨€¨€¨€¨€¨€¨€¨€¨| 3293/3317 [2:41:19<01:13,  3.05s/stock]D:\Projects\auto-select-stock\src\auto_select_stock\predict\data.py:76: RuntimeWarning: invalid value encountered in divide
  result["bb_position"] = np.where(bb_upper != bb_lower, (close - bb_lower) / (bb_upper - bb_lower), 0.5)
Collect signals 3294/3317:  99%|¨€¨€¨€¨€¨€¨€¨€¨€¨€¨| 3293/3317 [2:41:22<01:13,  3.05s/stock]Collect signals 3294/3317:  99%|¨€¨€¨€¨€¨€¨€¨€¨€¨€¨| 3294/3317 [2:41:22<01:08,  2.98s/stock]D:\Projects\auto-select-stock\src\auto_select_stock\predict\data.py:76: RuntimeWarning: invalid value encountered in divide
  result["bb_position"] = np.where(bb_upper != bb_lower, (close - bb_lower) / (bb_upper - bb_lower), 0.5)
Collect signals 3295/3317:  99%|¨€¨€¨€¨€¨€¨€¨€¨€¨€¨| 3294/3317 [2:41:25<01:08,  2.98s/stock]Collect signals 3295/3317:  99%|¨€¨€¨€¨€¨€¨€¨€¨€¨€¨| 3295/3317 [2:41:25<01:07,  3.06s/stock]D:\Projects\auto-select-stock\src\auto_select_stock\predict\data.py:76: RuntimeWarning: invalid value encountered in divide
  result["bb_position"] = np.where(bb_upper != bb_lower, (close - bb_lower) / (bb_upper - bb_lower), 0.5)
Collect signals 3296/3317:  99%|¨€¨€¨€¨€¨€¨€¨€¨€¨€¨| 3295/3317 [2:41:28<01:07,  3.06s/stock]Collect signals 3296/3317:  99%|¨€¨€¨€¨€¨€¨€¨€¨€¨€¨| 3296/3317 [2:41:28<01:02,  2.96s/stock]D:\Projects\auto-select-stock\src\auto_select_stock\predict\data.py:76: RuntimeWarning: invalid value encountered in divide
  result["bb_position"] = np.where(bb_upper != bb_lower, (close - bb_lower) / (bb_upper - bb_lower), 0.5)
Collect signals 3297/3317:  99%|¨€¨€¨€¨€¨€¨€¨€¨€¨€¨| 3296/3317 [2:41:31<01:02,  2.96s/stock]Collect signals 3297/3317:  99%|¨€¨€¨€¨€¨€¨€¨€¨€¨€¨| 3297/3317 [2:41:31<01:00,  3.02s/stock]D:\Projects\auto-select-stock\src\auto_select_stock\predict\data.py:76: RuntimeWarning: invalid value encountered in divide
  result["bb_position"] = np.where(bb_upper != bb_lower, (close - bb_lower) / (bb_upper - bb_lower), 0.5)
Collect signals 3298/3317:  99%|¨€¨€¨€¨€¨€¨€¨€¨€¨€¨| 3297/3317 [2:41:34<01:00,  3.02s/stock]Collect signals 3298/3317:  99%|¨€¨€¨€¨€¨€¨€¨€¨€¨€¨| 3298/3317 [2:41:34<00:55,  2.93s/stock]D:\Projects\auto-select-stock\src\auto_select_stock\predict\data.py:76: RuntimeWarning: invalid value encountered in divide
  result["bb_position"] = np.where(bb_upper != bb_lower, (close - bb_lower) / (bb_upper - bb_lower), 0.5)
Collect signals 3299/3317:  99%|¨€¨€¨€¨€¨€¨€¨€¨€¨€¨| 3298/3317 [2:41:37<00:55,  2.93s/stock]Collect signals 3299/3317:  99%|¨€¨€¨€¨€¨€¨€¨€¨€¨€¨| 3299/3317 [2:41:37<00:53,  2.97s/stock]D:\Projects\auto-select-stock\src\auto_select_stock\predict\data.py:76: RuntimeWarning: invalid value encountered in divide
  result["bb_position"] = np.where(bb_upper != bb_lower, (close - bb_lower) / (bb_upper - bb_lower), 0.5)
Collect signals 3300/3317:  99%|¨€¨€¨€¨€¨€¨€¨€¨€¨€¨| 3299/3317 [2:41:39<00:53,  2.97s/stock]Collect signals 3300/3317:  99%|¨€¨€¨€¨€¨€¨€¨€¨€¨€¨| 3300/3317 [2:41:39<00:49,  2.91s/stock]D:\Projects\auto-select-stock\src\auto_select_stock\predict\data.py:76: RuntimeWarning: invalid value encountered in divide
  result["bb_position"] = np.where(bb_upper != bb_lower, (close - bb_lower) / (bb_upper - bb_lower), 0.5)
Collect signals 3301/3317:  99%|¨€¨€¨€¨€¨€¨€¨€¨€¨€¨| 3300/3317 [2:41:43<00:49,  2.91s/stock]Collect signals 3301/3317: 100%|¨€¨€¨€¨€¨€¨€¨€¨€¨€¨| 3301/3317 [2:41:43<00:48,  3.03s/stock]D:\Projects\auto-select-stock\src\auto_select_stock\predict\data.py:76: RuntimeWarning: invalid value encountered in divide
  result["bb_position"] = np.where(bb_upper != bb_lower, (close - bb_lower) / (bb_upper - bb_lower), 0.5)
Collect signals 3302/3317: 100%|¨€¨€¨€¨€¨€¨€¨€¨€¨€¨| 3301/3317 [2:41:46<00:48,  3.03s/stock]Collect signals 3302/3317: 100%|¨€¨€¨€¨€¨€¨€¨€¨€¨€¨| 3302/3317 [2:41:46<00:45,  3.04s/stock]D:\Projects\auto-select-stock\src\auto_select_stock\predict\data.py:76: RuntimeWarning: invalid value encountered in divide
  result["bb_position"] = np.where(bb_upper != bb_lower, (close - bb_lower) / (bb_upper - bb_lower), 0.5)
Collect signals 3303/3317: 100%|¨€¨€¨€¨€¨€¨€¨€¨€¨€¨| 3302/3317 [2:41:49<00:45,  3.04s/stock]Collect signals 3303/3317: 100%|¨€¨€¨€¨€¨€¨€¨€¨€¨€¨| 3303/3317 [2:41:49<00:42,  3.01s/stock]D:\Projects\auto-select-stock\src\auto_select_stock\predict\data.py:76: RuntimeWarning: invalid value encountered in divide
  result["bb_position"] = np.where(bb_upper != bb_lower, (close - bb_lower) / (bb_upper - bb_lower), 0.5)
Collect signals 3304/3317: 100%|¨€¨€¨€¨€¨€¨€¨€¨€¨€¨| 3303/3317 [2:41:52<00:42,  3.01s/stock]Collect signals 3304/3317: 100%|¨€¨€¨€¨€¨€¨€¨€¨€¨€¨| 3304/3317 [2:41:52<00:39,  3.02s/stock]D:\Projects\auto-select-stock\src\auto_select_stock\predict\data.py:76: RuntimeWarning: invalid value encountered in divide
  result["bb_position"] = np.where(bb_upper != bb_lower, (close - bb_lower) / (bb_upper - bb_lower), 0.5)
Collect signals 3305/3317: 100%|¨€¨€¨€¨€¨€¨€¨€¨€¨€¨| 3304/3317 [2:41:52<00:39,  3.02s/stock]D:\Projects\auto-select-stock\src\auto_select_stock\predict\data.py:76: RuntimeWarning: invalid value encountered in divide
  result["bb_position"] = np.where(bb_upper != bb_lower, (close - bb_lower) / (bb_upper - bb_lower), 0.5)
Collect signals 3306/3317: 100%|¨€¨€¨€¨€¨€¨€¨€¨€¨€¨| 3305/3317 [2:41:52<00:36,  3.02s/stock]D:\Projects\auto-select-stock\src\auto_select_stock\predict\data.py:76: RuntimeWarning: invalid value encountered in divide
  result["bb_position"] = np.where(bb_upper != bb_lower, (close - bb_lower) / (bb_upper - bb_lower), 0.5)
Collect signals 3307/3317: 100%|¨€¨€¨€¨€¨€¨€¨€¨€¨€¨| 3306/3317 [2:41:52<00:33,  3.02s/stock]D:\Projects\auto-select-stock\src\auto_select_stock\predict\data.py:76: RuntimeWarning: invalid value encountered in divide
  result["bb_position"] = np.where(bb_upper != bb_lower, (close - bb_lower) / (bb_upper - bb_lower), 0.5)
Collect signals 3308/3317: 100%|¨€¨€¨€¨€¨€¨€¨€¨€¨€¨| 3307/3317 [2:41:52<00:30,  3.02s/stock]D:\Projects\auto-select-stock\src\auto_select_stock\predict\data.py:76: RuntimeWarning: invalid value encountered in divide
  result["bb_position"] = np.where(bb_upper != bb_lower, (close - bb_lower) / (bb_upper - bb_lower), 0.5)
Collect signals 3309/3317: 100%|¨€¨€¨€¨€¨€¨€¨€¨€¨€¨| 3308/3317 [2:41:52<00:27,  3.02s/stock]D:\Projects\auto-select-stock\src\auto_select_stock\predict\data.py:76: RuntimeWarning: invalid value encountered in divide
  result["bb_position"] = np.where(bb_upper != bb_lower, (close - bb_lower) / (bb_upper - bb_lower), 0.5)
Collect signals 3310/3317: 100%|¨€¨€¨€¨€¨€¨€¨€¨€¨€¨| 3309/3317 [2:41:52<00:24,  3.02s/stock]D:\Projects\auto-select-stock\src\auto_select_stock\predict\data.py:76: RuntimeWarning: invalid value encountered in divide
  result["bb_position"] = np.where(bb_upper != bb_lower, (close - bb_lower) / (bb_upper - bb_lower), 0.5)
Collect signals 3311/3317: 100%|¨€¨€¨€¨€¨€¨€¨€¨€¨€¨| 3310/3317 [2:41:52<00:21,  3.02s/stock]D:\Projects\auto-select-stock\src\auto_select_stock\predict\data.py:76: RuntimeWarning: invalid value encountered in divide
  result["bb_position"] = np.where(bb_upper != bb_lower, (close - bb_lower) / (bb_upper - bb_lower), 0.5)
Collect signals 3312/3317: 100%|¨€¨€¨€¨€¨€¨€¨€¨€¨€¨| 3311/3317 [2:41:52<00:18,  3.02s/stock]D:\Projects\auto-select-stock\src\auto_select_stock\predict\data.py:76: RuntimeWarning: invalid value encountered in divide
  result["bb_position"] = np.where(bb_upper != bb_lower, (close - bb_lower) / (bb_upper - bb_lower), 0.5)
Collect signals 3313/3317: 100%|¨€¨€¨€¨€¨€¨€¨€¨€¨€¨| 3312/3317 [2:41:52<00:15,  3.02s/stock]D:\Projects\auto-select-stock\src\auto_select_stock\predict\data.py:76: RuntimeWarning: invalid value encountered in divide
  result["bb_position"] = np.where(bb_upper != bb_lower, (close - bb_lower) / (bb_upper - bb_lower), 0.5)
Collect signals 3314/3317: 100%|¨€¨€¨€¨€¨€¨€¨€¨€¨€¨| 3313/3317 [2:41:52<00:12,  3.02s/stock]D:\Projects\auto-select-stock\src\auto_select_stock\predict\data.py:76: RuntimeWarning: invalid value encountered in divide
  result["bb_position"] = np.where(bb_upper != bb_lower, (close - bb_lower) / (bb_upper - bb_lower), 0.5)
Collect signals 3315/3317: 100%|¨€¨€¨€¨€¨€¨€¨€¨€¨€¨| 3314/3317 [2:41:52<00:09,  3.02s/stock]D:\Projects\auto-select-stock\src\auto_select_stock\predict\data.py:76: RuntimeWarning: invalid value encountered in divide
  result["bb_position"] = np.where(bb_upper != bb_lower, (close - bb_lower) / (bb_upper - bb_lower), 0.5)
Collect signals 3316/3317: 100%|¨€¨€¨€¨€¨€¨€¨€¨€¨€¨| 3315/3317 [2:41:52<00:06,  3.02s/stock]Collect signals 3316/3317: 100%|¨€¨€¨€¨€¨€¨€¨€¨€¨€¨| 3316/3317 [2:41:52<00:00,  2.00stock/s]D:\Projects\auto-select-stock\src\auto_select_stock\predict\data.py:76: RuntimeWarning: invalid value encountered in divide
  result["bb_position"] = np.where(bb_upper != bb_lower, (close - bb_lower) / (bb_upper - bb_lower), 0.5)
Collect signals 3317/3317: 100%|¨€¨€¨€¨€¨€¨€¨€¨€¨€¨| 3316/3317 [2:41:52<00:00,  2.00stock/s]D:\Projects\auto-select-stock\src\auto_select_stock\predict\data.py:76: RuntimeWarning: invalid value encountered in divide
  result["bb_position"] = np.where(bb_upper != bb_lower, (close - bb_lower) / (bb_upper - bb_lower), 0.5)
                                                                                   Backtesting (shared signals):   0%|          | 0/484 [00:00<?, ?day/s]Backtesting (shared signals):   0%|          | 2/484 [00:00<00:33, 14.33day/s]Backtesting (shared signals):   1%|          | 4/484 [00:00<00:35, 13.56day/s]Backtesting (shared signals):   1%|          | 6/484 [00:00<00:33, 14.22day/s]Backtesting (shared signals):   2%|¨‡         | 8/484 [00:00<00:33, 14.25day/s]Backtesting (shared signals):   2%|¨‡         | 10/484 [00:00<00:32, 14.60day/s]Backtesting (shared signals):   2%|¨‡         | 12/484 [00:00<00:31, 14.97day/s]Backtesting (shared signals):   3%|¨†         | 14/484 [00:00<00:31, 15.00day/s]Backtesting (shared signals):   3%|¨†         | 16/484 [00:01<00:32, 14.34day/s]Backtesting (shared signals):   4%|¨†         | 18/484 [00:01<00:33, 14.01day/s]Backtesting (shared signals):   4%|¨…         | 20/484 [00:01<00:33, 13.89day/s]Backtesting (shared signals):   5%|¨…         | 22/484 [00:01<00:34, 13.43day/s]Backtesting (shared signals):   5%|¨…         | 24/484 [00:01<00:35, 13.13day/s]Backtesting (shared signals):   5%|¨„         | 26/484 [00:01<00:35, 12.77day/s]Backtesting (shared signals):   6%|¨„         | 28/484 [00:02<00:35, 13.00day/s]Backtesting (shared signals):   6%|¨„         | 30/484 [00:02<00:35, 12.82day/s]Backtesting (shared signals):   7%|¨ƒ         | 32/484 [00:02<00:33, 13.29day/s]Backtesting (shared signals):   7%|¨ƒ         | 34/484 [00:02<00:33, 13.31day/s]Backtesting (shared signals):   7%|¨ƒ         | 36/484 [00:02<00:34, 13.02day/s]Backtesting (shared signals):   8%|¨‚         | 38/484 [00:02<00:35, 12.71day/s]Backtesting (shared signals):   8%|¨‚         | 40/484 [00:02<00:35, 12.67day/s]Backtesting (shared signals):   9%|¨‚         | 42/484 [00:03<00:35, 12.49day/s]Backtesting (shared signals):   9%|¨         | 44/484 [00:03<00:35, 12.31day/s]Backtesting (shared signals):  10%|¨         | 46/484 [00:03<00:35, 12.31day/s]Backtesting (shared signals):  10%|¨         | 48/484 [00:03<00:36, 12.08day/s]Backtesting (shared signals):  10%|¨€         | 50/484 [00:03<00:34, 12.68day/s]Backtesting (shared signals):  11%|¨€         | 52/484 [00:03<00:33, 12.76day/s]Backtesting (shared signals):  11%|¨€         | 54/484 [00:04<00:35, 12.18day/s]Backtesting (shared signals):  12%|¨€¨‡        | 56/484 [00:04<00:35, 12.11day/s]Backtesting (shared signals):  12%|¨€¨‡        | 58/484 [00:04<00:34, 12.24day/s]Backtesting (shared signals):  12%|¨€¨‡        | 60/484 [00:04<00:34, 12.32day/s]Backtesting (shared signals):  13%|¨€¨†        | 62/484 [00:04<00:36, 11.58day/s]Backtesting (shared signals):  13%|¨€¨†        | 64/484 [00:04<00:35, 11.71day/s]Backtesting (shared signals):  14%|¨€¨†        | 66/484 [00:05<00:34, 12.06day/s]Backtesting (shared signals):  14%|¨€¨…        | 68/484 [00:05<00:35, 11.76day/s]Backtesting (shared signals):  14%|¨€¨…        | 70/484 [00:05<00:34, 11.84day/s]Backtesting (shared signals):  15%|¨€¨…        | 72/484 [00:05<00:34, 12.01day/s]Backtesting (shared signals):  15%|¨€¨„        | 74/484 [00:05<00:34, 11.94day/s]Backtesting (shared signals):  16%|¨€¨„        | 76/484 [00:05<00:33, 12.16day/s]Backtesting (shared signals):  16%|¨€¨„        | 78/484 [00:06<00:34, 11.83day/s]Backtesting (shared signals):  17%|¨€¨ƒ        | 80/484 [00:06<00:34, 11.67day/s]Backtesting (shared signals):  17%|¨€¨ƒ        | 82/484 [00:06<00:34, 11.49day/s]Backtesting (shared signals):  17%|¨€¨ƒ        | 84/484 [00:06<00:34, 11.55day/s]Backtesting (shared signals):  18%|¨€¨‚        | 86/484 [00:06<00:34, 11.39day/s]Backtesting (shared signals):  18%|¨€¨‚        | 88/484 [00:07<00:34, 11.39day/s]Backtesting (shared signals):  19%|¨€¨‚        | 90/484 [00:07<00:34, 11.48day/s]Backtesting (shared signals):  19%|¨€¨        | 92/484 [00:07<00:33, 11.81day/s]Backtesting (shared signals):  19%|¨€¨        | 94/484 [00:07<00:32, 11.89day/s]Backtesting (shared signals):  20%|¨€¨        | 96/484 [00:07<00:33, 11.69day/s]Backtesting (shared signals):  20%|¨€¨€        | 98/484 [00:07<00:33, 11.51day/s]Backtesting (shared signals):  21%|¨€¨€        | 100/484 [00:08<00:33, 11.32day/s]Backtesting (shared signals):  21%|¨€¨€        | 102/484 [00:08<00:33, 11.24day/s]Backtesting (shared signals):  21%|¨€¨€¨‡       | 104/484 [00:08<00:34, 11.14day/s]Backtesting (shared signals):  22%|¨€¨€¨‡       | 106/484 [00:08<00:33, 11.15day/s]Backtesting (shared signals):  22%|¨€¨€¨‡       | 108/484 [00:08<00:33, 11.28day/s]Backtesting (shared signals):  23%|¨€¨€¨†       | 110/484 [00:08<00:33, 11.01day/s]Backtesting (shared signals):  23%|¨€¨€¨†       | 112/484 [00:09<00:33, 11.06day/s]Backtesting (shared signals):  24%|¨€¨€¨†       | 114/484 [00:09<00:34, 10.76day/s]Backtesting (shared signals):  24%|¨€¨€¨…       | 116/484 [00:09<00:33, 11.06day/s]Backtesting (shared signals):  24%|¨€¨€¨…       | 118/484 [00:09<00:33, 11.00day/s]Backtesting (shared signals):  25%|¨€¨€¨…       | 120/484 [00:09<00:34, 10.64day/s]Backtesting (shared signals):  25%|¨€¨€¨„       | 122/484 [00:10<00:34, 10.42day/s]Backtesting (shared signals):  26%|¨€¨€¨„       | 124/484 [00:10<00:33, 10.68day/s]Backtesting (shared signals):  26%|¨€¨€¨„       | 126/484 [00:10<00:33, 10.75day/s]Backtesting (shared signals):  26%|¨€¨€¨ƒ       | 128/484 [00:10<00:33, 10.47day/s]Backtesting (shared signals):  27%|¨€¨€¨ƒ       | 130/484 [00:10<00:33, 10.59day/s]Backtesting (shared signals):  27%|¨€¨€¨ƒ       | 132/484 [00:11<00:31, 11.02day/s]Backtesting (shared signals):  28%|¨€¨€¨‚       | 134/484 [00:11<00:31, 11.28day/s]Backtesting (shared signals):  28%|¨€¨€¨‚       | 136/484 [00:11<00:31, 11.22day/s]Backtesting (shared signals):  29%|¨€¨€¨‚       | 138/484 [00:11<00:30, 11.17day/s]Backtesting (shared signals):  29%|¨€¨€¨       | 140/484 [00:11<00:29, 11.62day/s]Backtesting (shared signals):  29%|¨€¨€¨       | 142/484 [00:11<00:29, 11.43day/s]Backtesting (shared signals):  30%|¨€¨€¨       | 144/484 [00:12<00:29, 11.54day/s]Backtesting (shared signals):  30%|¨€¨€¨€       | 146/484 [00:12<00:29, 11.62day/s]Backtesting (shared signals):  31%|¨€¨€¨€       | 148/484 [00:12<00:28, 11.87day/s]Backtesting (shared signals):  31%|¨€¨€¨€       | 150/484 [00:12<00:28, 11.86day/s]Backtesting (shared signals):  31%|¨€¨€¨€¨‡      | 152/484 [00:12<00:27, 12.23day/s]Backtesting (shared signals):  32%|¨€¨€¨€¨‡      | 154/484 [00:12<00:26, 12.22day/s]Backtesting (shared signals):  32%|¨€¨€¨€¨‡      | 156/484 [00:13<00:27, 12.03day/s]Backtesting (shared signals):  33%|¨€¨€¨€¨†      | 158/484 [00:13<00:27, 12.03day/s]Backtesting (shared signals):  33%|¨€¨€¨€¨†      | 160/484 [00:13<00:27, 11.84day/s]Backtesting (shared signals):  33%|¨€¨€¨€¨†      | 162/484 [00:13<00:26, 12.06day/s]Backtesting (shared signals):  34%|¨€¨€¨€¨…      | 164/484 [00:13<00:26, 12.26day/s]Backtesting (shared signals):  34%|¨€¨€¨€¨…      | 166/484 [00:13<00:25, 12.46day/s]Backtesting (shared signals):  35%|¨€¨€¨€¨…      | 168/484 [00:14<00:25, 12.27day/s]Backtesting (shared signals):  35%|¨€¨€¨€¨„      | 170/484 [00:14<00:26, 12.01day/s]Backtesting (shared signals):  36%|¨€¨€¨€¨„      | 172/484 [00:14<00:26, 11.91day/s]Backtesting (shared signals):  36%|¨€¨€¨€¨„      | 174/484 [00:14<00:25, 12.26day/s]Backtesting (shared signals):  36%|¨€¨€¨€¨ƒ      | 176/484 [00:14<00:24, 12.34day/s]Backtesting (shared signals):  37%|¨€¨€¨€¨ƒ      | 178/484 [00:14<00:25, 11.90day/s]Backtesting (shared signals):  37%|¨€¨€¨€¨ƒ      | 180/484 [00:15<00:26, 11.54day/s]Backtesting (shared signals):  38%|¨€¨€¨€¨‚      | 182/484 [00:15<00:26, 11.28day/s]Backtesting (shared signals):  38%|¨€¨€¨€¨‚      | 184/484 [00:15<00:26, 11.42day/s]Backtesting (shared signals):  38%|¨€¨€¨€¨‚      | 186/484 [00:15<00:25, 11.50day/s]Backtesting (shared signals):  39%|¨€¨€¨€¨      | 188/484 [00:15<00:25, 11.78day/s]Backtesting (shared signals):  39%|¨€¨€¨€¨      | 190/484 [00:15<00:25, 11.65day/s]Backtesting (shared signals):  40%|¨€¨€¨€¨      | 192/484 [00:16<00:24, 11.78day/s]Backtesting (shared signals):  40%|¨€¨€¨€¨€      | 194/484 [00:16<00:25, 11.44day/s]Backtesting (shared signals):  40%|¨€¨€¨€¨€      | 196/484 [00:16<00:25, 11.12day/s]Backtesting (shared signals):  41%|¨€¨€¨€¨€      | 198/484 [00:16<00:25, 11.09day/s]Backtesting (shared signals):  41%|¨€¨€¨€¨€¨‡     | 200/484 [00:16<00:26, 10.80day/s]Backtesting (shared signals):  42%|¨€¨€¨€¨€¨‡     | 202/484 [00:17<00:26, 10.61day/s]Backtesting (shared signals):  42%|¨€¨€¨€¨€¨‡     | 204/484 [00:17<00:26, 10.65day/s]Backtesting (shared signals):  43%|¨€¨€¨€¨€¨†     | 206/484 [00:17<00:27, 10.17day/s]Backtesting (shared signals):  43%|¨€¨€¨€¨€¨†     | 208/484 [00:17<00:27, 10.20day/s]Backtesting (shared signals):  43%|¨€¨€¨€¨€¨†     | 210/484 [00:17<00:27,  9.95day/s]Backtesting (shared signals):  44%|¨€¨€¨€¨€¨†     | 211/484 [00:17<00:28,  9.72day/s]Backtesting (shared signals):  44%|¨€¨€¨€¨€¨…     | 212/484 [00:18<00:28,  9.66day/s]Backtesting (shared signals):  44%|¨€¨€¨€¨€¨…     | 214/484 [00:18<00:27,  9.91day/s]Backtesting (shared signals):  44%|¨€¨€¨€¨€¨…     | 215/484 [00:18<00:27,  9.70day/s]Backtesting (shared signals):  45%|¨€¨€¨€¨€¨…     | 217/484 [00:18<00:48,  5.55day/s]Backtesting (shared signals):  45%|¨€¨€¨€¨€¨„     | 218/484 [00:19<00:43,  6.06day/s]Backtesting (shared signals):  45%|¨€¨€¨€¨€¨„     | 219/484 [00:19<00:40,  6.53day/s]Backtesting (shared signals):  46%|¨€¨€¨€¨€¨„     | 221/484 [00:19<00:34,  7.69day/s]Backtesting (shared signals):  46%|¨€¨€¨€¨€¨„     | 223/484 [00:19<00:29,  8.92day/s]Backtesting (shared signals):  46%|¨€¨€¨€¨€¨ƒ     | 225/484 [00:19<00:28,  9.24day/s]Backtesting (shared signals):  47%|¨€¨€¨€¨€¨ƒ     | 227/484 [00:19<00:26,  9.63day/s]Backtesting (shared signals):  47%|¨€¨€¨€¨€¨ƒ     | 229/484 [00:20<00:26,  9.74day/s]Backtesting (shared signals):  48%|¨€¨€¨€¨€¨‚     | 231/484 [00:20<00:26,  9.60day/s]Backtesting (shared signals):  48%|¨€¨€¨€¨€¨‚     | 233/484 [00:20<00:26,  9.55day/s]Backtesting (shared signals):  49%|¨€¨€¨€¨€¨‚     | 235/484 [00:20<00:25,  9.82day/s]Backtesting (shared signals):  49%|¨€¨€¨€¨€¨     | 237/484 [00:20<00:24, 10.16day/s]Backtesting (shared signals):  49%|¨€¨€¨€¨€¨     | 239/484 [00:21<00:23, 10.26day/s]Backtesting (shared signals):  50%|¨€¨€¨€¨€¨     | 241/484 [00:21<00:23, 10.31day/s]Backtesting (shared signals):  50%|¨€¨€¨€¨€¨€     | 243/484 [00:21<00:23, 10.08day/s]Backtesting (shared signals):  51%|¨€¨€¨€¨€¨€     | 245/484 [00:21<00:23, 10.01day/s]Backtesting (shared signals):  51%|¨€¨€¨€¨€¨€     | 247/484 [00:21<00:23,  9.88day/s]Backtesting (shared signals):  51%|¨€¨€¨€¨€¨€¨‡    | 249/484 [00:22<00:23,  9.83day/s]Backtesting (shared signals):  52%|¨€¨€¨€¨€¨€¨‡    | 251/484 [00:22<00:23, 10.00day/s]Backtesting (shared signals):  52%|¨€¨€¨€¨€¨€¨‡    | 253/484 [00:22<00:22, 10.19day/s]Backtesting (shared signals):  53%|¨€¨€¨€¨€¨€¨†    | 255/484 [00:22<00:21, 10.44day/s]Backtesting (shared signals):  53%|¨€¨€¨€¨€¨€¨†    | 257/484 [00:22<00:20, 10.91day/s]Backtesting (shared signals):  54%|¨€¨€¨€¨€¨€¨†    | 259/484 [00:23<00:20, 11.01day/s]Backtesting (shared signals):  54%|¨€¨€¨€¨€¨€¨…    | 261/484 [00:23<00:20, 11.10day/s]Backtesting (shared signals):  54%|¨€¨€¨€¨€¨€¨…    | 263/484 [00:23<00:20, 10.96day/s]Backtesting (shared signals):  55%|¨€¨€¨€¨€¨€¨…    | 265/484 [00:23<00:20, 10.67day/s]Backtesting (shared signals):  55%|¨€¨€¨€¨€¨€¨„    | 267/484 [00:23<00:19, 11.14day/s]Backtesting (shared signals):  56%|¨€¨€¨€¨€¨€¨„    | 269/484 [00:23<00:18, 11.34day/s]Backtesting (shared signals):  56%|¨€¨€¨€¨€¨€¨„    | 271/484 [00:24<00:18, 11.55day/s]Backtesting (shared signals):  56%|¨€¨€¨€¨€¨€¨ƒ    | 273/484 [00:24<00:17, 11.78day/s]Backtesting (shared signals):  57%|¨€¨€¨€¨€¨€¨ƒ    | 275/484 [00:24<00:18, 11.59day/s]Backtesting (shared signals):  57%|¨€¨€¨€¨€¨€¨ƒ    | 277/484 [00:24<00:17, 11.60day/s]Backtesting (shared signals):  58%|¨€¨€¨€¨€¨€¨‚    | 279/484 [00:24<00:17, 11.45day/s]Backtesting (shared signals):  58%|¨€¨€¨€¨€¨€¨‚    | 281/484 [00:24<00:17, 11.46day/s]Backtesting (shared signals):  58%|¨€¨€¨€¨€¨€¨‚    | 283/484 [00:25<00:17, 11.47day/s]Backtesting (shared signals):  59%|¨€¨€¨€¨€¨€¨    | 285/484 [00:25<00:17, 11.64day/s]Backtesting (shared signals):  59%|¨€¨€¨€¨€¨€¨    | 287/484 [00:25<00:17, 11.44day/s]Backtesting (shared signals):  60%|¨€¨€¨€¨€¨€¨    | 289/484 [00:25<00:17, 11.32day/s]Backtesting (shared signals):  60%|¨€¨€¨€¨€¨€¨€    | 291/484 [00:25<00:16, 11.72day/s]Backtesting (shared signals):  61%|¨€¨€¨€¨€¨€¨€    | 293/484 [00:26<00:16, 11.69day/s]Backtesting (shared signals):  61%|¨€¨€¨€¨€¨€¨€    | 295/484 [00:26<00:16, 11.46day/s]Backtesting (shared signals):  61%|¨€¨€¨€¨€¨€¨€¨‡   | 297/484 [00:26<00:16, 11.20day/s]Backtesting (shared signals):  62%|¨€¨€¨€¨€¨€¨€¨‡   | 299/484 [00:26<00:16, 11.55day/s]Backtesting (shared signals):  62%|¨€¨€¨€¨€¨€¨€¨‡   | 301/484 [00:26<00:15, 11.53day/s]Backtesting (shared signals):  63%|¨€¨€¨€¨€¨€¨€¨†   | 303/484 [00:26<00:16, 11.12day/s]Backtesting (shared signals):  63%|¨€¨€¨€¨€¨€¨€¨†   | 305/484 [00:27<00:16, 10.86day/s]Backtesting (shared signals):  63%|¨€¨€¨€¨€¨€¨€¨†   | 307/484 [00:27<00:16, 10.83day/s]Backtesting (shared signals):  64%|¨€¨€¨€¨€¨€¨€¨…   | 309/484 [00:27<00:16, 10.69day/s]Backtesting (shared signals):  64%|¨€¨€¨€¨€¨€¨€¨…   | 311/484 [00:27<00:15, 11.18day/s]Backtesting (shared signals):  65%|¨€¨€¨€¨€¨€¨€¨…   | 313/484 [00:27<00:15, 11.35day/s]Backtesting (shared signals):  65%|¨€¨€¨€¨€¨€¨€¨„   | 315/484 [00:27<00:14, 11.54day/s]Backtesting (shared signals):  65%|¨€¨€¨€¨€¨€¨€¨„   | 317/484 [00:28<00:14, 11.37day/s]Backtesting (shared signals):  66%|¨€¨€¨€¨€¨€¨€¨„   | 319/484 [00:28<00:14, 11.55day/s]Backtesting (shared signals):  66%|¨€¨€¨€¨€¨€¨€¨ƒ   | 321/484 [00:28<00:14, 10.97day/s]Backtesting (shared signals):  67%|¨€¨€¨€¨€¨€¨€¨ƒ   | 323/484 [00:28<00:14, 10.93day/s]Backtesting (shared signals):  67%|¨€¨€¨€¨€¨€¨€¨ƒ   | 325/484 [00:28<00:14, 10.80day/s]Backtesting (shared signals):  68%|¨€¨€¨€¨€¨€¨€¨‚   | 327/484 [00:29<00:14, 10.73day/s]Backtesting (shared signals):  68%|¨€¨€¨€¨€¨€¨€¨‚   | 329/484 [00:29<00:15, 10.29day/s]Backtesting (shared signals):  68%|¨€¨€¨€¨€¨€¨€¨‚   | 331/484 [00:29<00:14, 10.52day/s]Backtesting (shared signals):  69%|¨€¨€¨€¨€¨€¨€¨   | 333/484 [00:29<00:14, 10.34day/s]Backtesting (shared signals):  69%|¨€¨€¨€¨€¨€¨€¨   | 335/484 [00:29<00:14, 10.57day/s]Backtesting (shared signals):  70%|¨€¨€¨€¨€¨€¨€¨   | 337/484 [00:30<00:13, 10.53day/s]Backtesting (shared signals):  70%|¨€¨€¨€¨€¨€¨€¨€   | 339/484 [00:30<00:13, 10.68day/s]Backtesting (shared signals):  70%|¨€¨€¨€¨€¨€¨€¨€   | 341/484 [00:30<00:13, 10.38day/s]Backtesting (shared signals):  71%|¨€¨€¨€¨€¨€¨€¨€   | 343/484 [00:30<00:13, 10.50day/s]Backtesting (shared signals):  71%|¨€¨€¨€¨€¨€¨€¨€¨‡  | 345/484 [00:30<00:13, 10.60day/s]Backtesting (shared signals):  72%|¨€¨€¨€¨€¨€¨€¨€¨‡  | 347/484 [00:30<00:12, 10.63day/s]Backtesting (shared signals):  72%|¨€¨€¨€¨€¨€¨€¨€¨‡  | 349/484 [00:31<00:12, 10.91day/s]Backtesting (shared signals):  73%|¨€¨€¨€¨€¨€¨€¨€¨†  | 351/484 [00:31<00:12, 10.43day/s]Backtesting (shared signals):  73%|¨€¨€¨€¨€¨€¨€¨€¨†  | 353/484 [00:31<00:12, 10.28day/s]Backtesting (shared signals):  73%|¨€¨€¨€¨€¨€¨€¨€¨†  | 355/484 [00:31<00:12, 10.55day/s]Backtesting (shared signals):  74%|¨€¨€¨€¨€¨€¨€¨€¨…  | 357/484 [00:31<00:12, 10.50day/s]Backtesting (shared signals):  74%|¨€¨€¨€¨€¨€¨€¨€¨…  | 359/484 [00:32<00:12, 10.25day/s]Backtesting (shared signals):  75%|¨€¨€¨€¨€¨€¨€¨€¨…  | 361/484 [00:32<00:11, 10.37day/s]Backtesting (shared signals):  75%|¨€¨€¨€¨€¨€¨€¨€¨„  | 363/484 [00:32<00:11, 10.28day/s]Backtesting (shared signals):  75%|¨€¨€¨€¨€¨€¨€¨€¨„  | 365/484 [00:32<00:11, 10.19day/s]Backtesting (shared signals):  76%|¨€¨€¨€¨€¨€¨€¨€¨„  | 367/484 [00:32<00:11, 10.19day/s]Backtesting (shared signals):  76%|¨€¨€¨€¨€¨€¨€¨€¨„  | 369/484 [00:33<00:11, 10.11day/s]Backtesting (shared signals):  77%|¨€¨€¨€¨€¨€¨€¨€¨ƒ  | 371/484 [00:33<00:11, 10.08day/s]Backtesting (shared signals):  77%|¨€¨€¨€¨€¨€¨€¨€¨ƒ  | 373/484 [00:33<00:10, 10.10day/s]Backtesting (shared signals):  77%|¨€¨€¨€¨€¨€¨€¨€¨ƒ  | 375/484 [00:33<00:10, 10.06day/s]Backtesting (shared signals):  78%|¨€¨€¨€¨€¨€¨€¨€¨‚  | 377/484 [00:33<00:10,  9.91day/s]Backtesting (shared signals):  78%|¨€¨€¨€¨€¨€¨€¨€¨‚  | 379/484 [00:34<00:10, 10.06day/s]Backtesting (shared signals):  79%|¨€¨€¨€¨€¨€¨€¨€¨‚  | 381/484 [00:34<00:10, 10.18day/s]Backtesting (shared signals):  79%|¨€¨€¨€¨€¨€¨€¨€¨  | 383/484 [00:34<00:09, 10.29day/s]Backtesting (shared signals):  80%|¨€¨€¨€¨€¨€¨€¨€¨  | 385/484 [00:34<00:09, 10.26day/s]Backtesting (shared signals):  80%|¨€¨€¨€¨€¨€¨€¨€¨  | 387/484 [00:34<00:09, 10.41day/s]Backtesting (shared signals):  80%|¨€¨€¨€¨€¨€¨€¨€¨€  | 389/484 [00:35<00:09, 10.52day/s]Backtesting (shared signals):  81%|¨€¨€¨€¨€¨€¨€¨€¨€  | 391/484 [00:35<00:08, 10.75day/s]Backtesting (shared signals):  81%|¨€¨€¨€¨€¨€¨€¨€¨€  | 393/484 [00:35<00:08, 11.05day/s]Backtesting (shared signals):  82%|¨€¨€¨€¨€¨€¨€¨€¨€¨‡ | 395/484 [00:35<00:08, 10.87day/s]Backtesting (shared signals):  82%|¨€¨€¨€¨€¨€¨€¨€¨€¨‡ | 397/484 [00:35<00:07, 10.94day/s]Backtesting (shared signals):  82%|¨€¨€¨€¨€¨€¨€¨€¨€¨‡ | 399/484 [00:36<00:07, 10.69day/s]Backtesting (shared signals):  83%|¨€¨€¨€¨€¨€¨€¨€¨€¨† | 401/484 [00:36<00:07, 10.86day/s]Backtesting (shared signals):  83%|¨€¨€¨€¨€¨€¨€¨€¨€¨† | 403/484 [00:36<00:07, 10.66day/s]Backtesting (shared signals):  84%|¨€¨€¨€¨€¨€¨€¨€¨€¨† | 405/484 [00:36<00:07, 10.98day/s]Backtesting (shared signals):  84%|¨€¨€¨€¨€¨€¨€¨€¨€¨… | 407/484 [00:36<00:06, 11.02day/s]Backtesting (shared signals):  85%|¨€¨€¨€¨€¨€¨€¨€¨€¨… | 409/484 [00:36<00:06, 10.96day/s]Backtesting (shared signals):  85%|¨€¨€¨€¨€¨€¨€¨€¨€¨… | 411/484 [00:37<00:06, 11.19day/s]Backtesting (shared signals):  85%|¨€¨€¨€¨€¨€¨€¨€¨€¨„ | 413/484 [00:37<00:06, 11.14day/s]Backtesting (shared signals):  86%|¨€¨€¨€¨€¨€¨€¨€¨€¨„ | 415/484 [00:37<00:06, 10.83day/s]Backtesting (shared signals):  86%|¨€¨€¨€¨€¨€¨€¨€¨€¨„ | 417/484 [00:37<00:06, 10.70day/s]Backtesting (shared signals):  87%|¨€¨€¨€¨€¨€¨€¨€¨€¨ƒ | 419/484 [00:37<00:05, 10.90day/s]Backtesting (shared signals):  87%|¨€¨€¨€¨€¨€¨€¨€¨€¨ƒ | 421/484 [00:38<00:05, 10.88day/s]Backtesting (shared signals):  87%|¨€¨€¨€¨€¨€¨€¨€¨€¨ƒ | 423/484 [00:38<00:05, 11.05day/s]Backtesting (shared signals):  88%|¨€¨€¨€¨€¨€¨€¨€¨€¨‚ | 425/484 [00:38<00:05, 11.44day/s]Backtesting (shared signals):  88%|¨€¨€¨€¨€¨€¨€¨€¨€¨‚ | 427/484 [00:38<00:05, 11.21day/s]Backtesting (shared signals):  89%|¨€¨€¨€¨€¨€¨€¨€¨€¨‚ | 429/484 [00:38<00:05, 10.85day/s]Backtesting (shared signals):  89%|¨€¨€¨€¨€¨€¨€¨€¨€¨ | 431/484 [00:38<00:04, 10.86day/s]Backtesting (shared signals):  89%|¨€¨€¨€¨€¨€¨€¨€¨€¨ | 433/484 [00:39<00:04, 10.80day/s]Backtesting (shared signals):  90%|¨€¨€¨€¨€¨€¨€¨€¨€¨ | 435/484 [00:39<00:04, 10.53day/s]Backtesting (shared signals):  90%|¨€¨€¨€¨€¨€¨€¨€¨€¨€ | 437/484 [00:39<00:04, 10.52day/s]Backtesting (shared signals):  91%|¨€¨€¨€¨€¨€¨€¨€¨€¨€ | 439/484 [00:39<00:04, 10.30day/s]Backtesting (shared signals):  91%|¨€¨€¨€¨€¨€¨€¨€¨€¨€ | 441/484 [00:39<00:04, 10.27day/s]Backtesting (shared signals):  92%|¨€¨€¨€¨€¨€¨€¨€¨€¨€¨‡| 443/484 [00:40<00:03, 10.67day/s]Backtesting (shared signals):  92%|¨€¨€¨€¨€¨€¨€¨€¨€¨€¨‡| 445/484 [00:40<00:03, 10.90day/s]Backtesting (shared signals):  92%|¨€¨€¨€¨€¨€¨€¨€¨€¨€¨‡| 447/484 [00:40<00:03, 10.59day/s]Backtesting (shared signals):  93%|¨€¨€¨€¨€¨€¨€¨€¨€¨€¨†| 449/484 [00:40<00:03, 10.61day/s]Backtesting (shared signals):  93%|¨€¨€¨€¨€¨€¨€¨€¨€¨€¨†| 451/484 [00:40<00:03, 10.30day/s]Backtesting (shared signals):  94%|¨€¨€¨€¨€¨€¨€¨€¨€¨€¨†| 453/484 [00:41<00:03, 10.30day/s]Backtesting (shared signals):  94%|¨€¨€¨€¨€¨€¨€¨€¨€¨€¨…| 455/484 [00:41<00:02, 10.35day/s]Backtesting (shared signals):  94%|¨€¨€¨€¨€¨€¨€¨€¨€¨€¨…| 457/484 [00:41<00:02, 10.28day/s]Backtesting (shared signals):  95%|¨€¨€¨€¨€¨€¨€¨€¨€¨€¨…| 459/484 [00:41<00:02, 10.65day/s]Backtesting (shared signals):  95%|¨€¨€¨€¨€¨€¨€¨€¨€¨€¨„| 461/484 [00:41<00:02, 10.36day/s]Backtesting (shared signals):  96%|¨€¨€¨€¨€¨€¨€¨€¨€¨€¨„| 463/484 [00:41<00:02, 10.30day/s]Backtesting (shared signals):  96%|¨€¨€¨€¨€¨€¨€¨€¨€¨€¨„| 465/484 [00:42<00:01, 10.10day/s]Backtesting (shared signals):  96%|¨€¨€¨€¨€¨€¨€¨€¨€¨€¨ƒ| 467/484 [00:42<00:01, 10.15day/s]Backtesting (shared signals):  97%|¨€¨€¨€¨€¨€¨€¨€¨€¨€¨ƒ| 469/484 [00:42<00:01, 10.09day/s]Backtesting (shared signals):  97%|¨€¨€¨€¨€¨€¨€¨€¨€¨€¨ƒ| 471/484 [00:42<00:01, 10.16day/s]Backtesting (shared signals):  98%|¨€¨€¨€¨€¨€¨€¨€¨€¨€¨‚| 473/484 [00:42<00:01, 10.07day/s]Backtesting (shared signals):  98%|¨€¨€¨€¨€¨€¨€¨€¨€¨€¨‚| 475/484 [00:43<00:00, 10.40day/s]Backtesting (shared signals):  99%|¨€¨€¨€¨€¨€¨€¨€¨€¨€¨‚| 477/484 [00:43<00:00, 10.35day/s]Backtesting (shared signals):  99%|¨€¨€¨€¨€¨€¨€¨€¨€¨€¨| 479/484 [00:43<00:00, 10.33day/s]Backtesting (shared signals):  99%|¨€¨€¨€¨€¨€¨€¨€¨€¨€¨| 481/484 [00:43<00:00, 10.21day/s]Backtesting (shared signals): 100%|¨€¨€¨€¨€¨€¨€¨€¨€¨€¨| 483/484 [00:43<00:00, 10.06day/s]Backtesting (shared signals): 100%|¨€¨€¨€¨€¨€¨€¨€¨€¨€¨€| 484/484 [00:44<00:00, 10.98day/s]
D:\Projects\auto-select-stock\src\auto_select_stock\predict\strategies\runner.py:85: RuntimeWarning: invalid value encountered in scalar power
  return total_return ** (_TRADING_DAYS / periods) - 1
D:\Projects\auto-select-stock\src\auto_select_stock\predict\strategies\runner.py:85: RuntimeWarning: invalid value encountered in scalar power
  return total_return ** (_TRADING_DAYS / periods) - 1
  [DEBUG] date=2023-01-03 cash=47437 frozen=0 holdings_val=52563 portfolio_val=100000 prev=100000 buy_cash=52563 sell_cash=0 positions=2
  [DEBUG] date=2023-01-04 cash=15569 frozen=0 holdings_val=31868 portfolio_val=47437 prev=100000 buy_cash=31868 sell_cash=50729 positions=2
  [DEBUG] date=2023-01-05 cash=28986 frozen=50729 holdings_val=37312 portfolio_val=117027 prev=47437 buy_cash=37312 sell_cash=29922 positions=2
  [DEBUG] date=2023-01-06 cash=17904 frozen=29922 holdings_val=41004 portfolio_val=88830 prev=117027 buy_cash=41004 sell_cash=37370 positions=3
  [DEBUG] date=2023-01-09 cash=16080 frozen=37370 holdings_val=39194 portfolio_val=92644 prev=88830 buy_cash=39194 sell_cash=36985 positions=2

=== Backtest Results ===
  StopLoss-3pct-14d             : ret=  +454.1% ann= +143.9% sharpe=  0.56 mdd=  -57.7% trades=10181
  StopLoss-8pct-14d             : ret=  +335.9% ann=   +nan% sharpe=   nan mdd= -892.5% trades=54911
  StopLoss-3pct-5d              : ret=  +328.7% ann= +113.4% sharpe=  0.35 mdd=  -57.3% trades=11620
  Threshold-2pct-14d            : ret=  +237.3% ann=  +88.3% sharpe=  0.25 mdd=  -61.4% trades=4456
  Momentum-LB20-14d             : ret=  +228.9% ann=  +85.9% sharpe=  0.24 mdd=  -59.7% trades=4423
  Confidence-MC20bp-14d         : ret=  +228.9% ann=  +85.9% sharpe=  0.24 mdd=  -59.8% trades=4427
  TopK-K3-14d                   : ret=  +205.2% ann=  +78.8% sharpe=  0.16 mdd=  -66.4% trades=2669
  StopLoss-8pct-5d              : ret=  +205.0% ann=   +nan% sharpe=   nan mdd= -200.5% trades=70405
  RiskParity-VL30-14d           : ret=  +196.6% ann=  +76.1% sharpe=  0.21 mdd=  -63.1% trades=4392
  TopK-K10-14d                  : ret=  +162.9% ann=  +65.4% sharpe=  0.22 mdd=  -61.9% trades=8396
  TopK-K3-5d                    : ret=  +154.8% ann=  +62.7% sharpe=  0.09 mdd=  -78.6% trades=2661
  RiskParity-VL20-5d            : ret=  +148.4% ann=  +60.6% sharpe=  0.16 mdd=  -66.8% trades=4432
  TopK-K3-1d                    : ret=  +144.3% ann=  +59.2% sharpe=  0.09 mdd=  -72.8% trades=2553
  Confidence-MC10bp-5d          : ret=  +134.2% ann=  +55.7% sharpe=  0.14 mdd=  -63.4% trades=4457
  TopK-K3-3d                    : ret=  +130.7% ann=  +54.5% sharpe=  0.09 mdd=  -70.5% trades=2603
  Threshold-1pct-5d             : ret=  +128.1% ann=  +53.6% sharpe=  0.15 mdd=  -62.2% trades=4480
  Momentum-LB10-5d              : ret=  +125.1% ann=  +52.6% sharpe=  0.14 mdd=  -63.5% trades=4457
  StopLoss-3pct-1d              : ret=  +121.1% ann=  +51.2% sharpe=  0.14 mdd=  -57.7% trades=12342
  Momentum-LB5-1d               : ret=  +109.0% ann=  +46.8% sharpe=  0.10 mdd=  -70.3% trades=4166
  Confidence-MC5bp-1d           : ret=  +107.8% ann=  +46.3% sharpe=  0.10 mdd=  -70.1% trades=4160
  TopK-K10-20d                  : ret=   +95.7% ann=  +41.9% sharpe=  0.12 mdd=  -63.3% trades=8154
  TopK-K10-3d                   : ret=   +90.1% ann=  +39.7% sharpe=  0.12 mdd=  -55.3% trades=8308
  TopK-K10-5d                   : ret=   +84.4% ann=  +37.5% sharpe=  0.12 mdd=  -64.8% trades=8669
  TopK-K10-1d                   : ret=   +84.3% ann=  +37.5% sharpe=  0.11 mdd=  -57.6% trades=7773
  Threshold-0pct-1d             : ret=   +83.3% ann=  +37.1% sharpe=  0.09 mdd=  -70.4% trades=4312
  RiskParity-VL10-1d            : ret=   +70.8% ann=  +32.1% sharpe=  0.05 mdd=  -71.7% trades=4211
  TopK-K10-7d                   : ret=   +66.1% ann=  +30.2% sharpe=  0.08 mdd=  -70.7% trades=8474
  TopK-K3-7d                    : ret=   +64.5% ann=  +29.6% sharpe=  0.04 mdd=  -80.3% trades=2728
  TopK-K3-20d                   : ret=   +51.0% ann=  +23.9% sharpe=  0.04 mdd=  -72.7% trades=2687
  StopLoss-8pct-1d              : ret=    -1.3% ann=  -73.8% sharpe= -0.03 mdd= -391.4% trades=63399
